total_shapes=217 (from 217 pool, start=0 limit=all)
[  1/217] b1_c1_h4_w4_oc6_wic1_k1x1_g1 (b=1 c=1 h=4x4 oc=6 k=1x1 g=1 path=NONE est~1) ...
plan shape=b1_c1_h4_w4_oc6_wic1_k1x1_g1 split=NONE rows=1 y_step=4 k_step=6 out=4x4 groups=1
shape=b1_c1_h4_w4_oc6_wic1_k1x1_g1 kind=NONE tasks=1 PASS max_diff=0.0008
           PASS running={'PASS': 1} elapsed=   0.1s  NONE tasks=1 max_diff=0.0008 elapsed=0.1s
[  2/217] b1_c3_h4_w4_oc3_wic3_k1x1_g1 (b=1 c=3 h=4x4 oc=3 k=1x1 g=1 path=NONE est~1) ...
plan shape=b1_c3_h4_w4_oc3_wic3_k1x1_g1 split=NONE rows=1 y_step=4 k_step=3 out=4x4 groups=1
shape=b1_c3_h4_w4_oc3_wic3_k1x1_g1 kind=NONE tasks=1 PASS max_diff=0.0018
           PASS running={'PASS': 2} elapsed=   0.2s  NONE tasks=1 max_diff=0.0018 elapsed=0.1s
[  3/217] b1_c4_h4_w4_oc2_wic4_k1x1_g1 (b=1 c=4 h=4x4 oc=2 k=1x1 g=1 path=NONE est~1) ...
plan shape=b1_c4_h4_w4_oc2_wic4_k1x1_g1 split=NONE rows=1 y_step=4 k_step=2 out=4x4 groups=1
shape=b1_c4_h4_w4_oc2_wic4_k1x1_g1 kind=NONE tasks=1 PASS max_diff=0.0010
           PASS running={'PASS': 3} elapsed=   0.4s  NONE tasks=1 max_diff=0.0010 elapsed=0.1s
[  4/217] conv2d_b1_c4_h9_w9_oc4_wic4_k1x1_g1 (b=1 c=4 h=9x9 oc=4 k=1x1 g=1 path=NONE est~1) ...
plan shape=conv2d_b1_c4_h9_w9_oc4_wic4_k1x1_g1 split=NONE rows=1 y_step=9 k_step=4 out=9x9 groups=1
shape=conv2d_b1_c4_h9_w9_oc4_wic4_k1x1_g1 kind=NONE tasks=1 PASS max_diff=0.0039
           PASS running={'PASS': 4} elapsed=   0.5s  NONE tasks=1 max_diff=0.0039 elapsed=0.1s
[  5/217] conv2d_b1_c3_h52_w52_oc6_wic3_k1x1_g1 (b=1 c=3 h=52x52 oc=6 k=1x1 g=1 path=BY_Y est~3) ...
plan shape=conv2d_b1_c3_h52_w52_oc6_wic3_k1x1_g1 split=BY_Y rows=3 y_step=19 k_step=6 out=52x52 groups=1
shape=conv2d_b1_c3_h52_w52_oc6_wic3_k1x1_g1 kind=BY_Y tasks=3 PASS max_diff=0.0037
           PASS running={'PASS': 5} elapsed=   0.8s  BY_Y tasks=3 max_diff=0.0037 elapsed=0.3s
[  6/217] conv2d_b1_c96_h56_w56_oc24_wic96_k1x1_g1 (b=1 c=96 h=56x56 oc=24 k=1x1 g=1 path=BY_Y est~2) ...
plan shape=conv2d_b1_c96_h56_w56_oc24_wic96_k1x1_g1 split=BY_Y rows=2 y_step=32 k_step=24 out=56x56 groups=1
shape=conv2d_b1_c96_h56_w56_oc24_wic96_k1x1_g1 kind=BY_Y tasks=2 PASS max_diff=0.0156
           PASS running={'PASS': 6} elapsed=   1.1s  BY_Y tasks=2 max_diff=0.0156 elapsed=0.3s
[  7/217] conv2d_b1_c144_h56_w56_oc24_wic144_k1x1_g1 (b=1 c=144 h=56x56 oc=24 k=1x1 g=1 path=BY_Y est~3) ...
plan shape=conv2d_b1_c144_h56_w56_oc24_wic144_k1x1_g1 split=BY_Y rows=3 y_step=22 k_step=24 out=56x56 groups=1
shape=conv2d_b1_c144_h56_w56_oc24_wic144_k1x1_g1 kind=BY_Y tasks=3 PASS max_diff=0.0263
           PASS running={'PASS': 7} elapsed=   1.4s  BY_Y tasks=3 max_diff=0.0263 elapsed=0.4s
[  8/217] conv2d_b1_c144_h28_w28_oc32_wic144_k1x1_g1 (b=1 c=144 h=28x28 oc=32 k=1x1 g=1 path=NONE est~1) ...
plan shape=conv2d_b1_c144_h28_w28_oc32_wic144_k1x1_g1 split=NONE rows=1 y_step=28 k_step=32 out=28x28 groups=1
shape=conv2d_b1_c144_h28_w28_oc32_wic144_k1x1_g1 kind=NONE tasks=1 FAIL max_diff=95.4020
           FAIL running={'PASS': 7, 'FAIL': 1} elapsed=   1.6s  NONE tasks=1 max_diff=95.4020 elapsed=0.1s
[  9/217] conv2d_b1_c192_h28_w28_oc32_wic192_k1x1_g1 (b=1 c=192 h=28x28 oc=32 k=1x1 g=1 path=NONE est~1) ...
plan shape=conv2d_b1_c192_h28_w28_oc32_wic192_k1x1_g1 split=NONE rows=1 y_step=28 k_step=32 out=28x28 groups=1
shape=conv2d_b1_c192_h28_w28_oc32_wic192_k1x1_g1 kind=NONE tasks=1 FAIL max_diff=116.0390
           FAIL running={'PASS': 7, 'FAIL': 2} elapsed=   1.7s  NONE tasks=1 max_diff=116.0390 elapsed=0.1s
[ 10/217] conv2d_b1_c192_h28_w28_oc16_wic192_k1x1_g1 (b=1 c=192 h=28x28 oc=16 k=1x1 g=1 path=NONE est~1) ...
plan shape=conv2d_b1_c192_h28_w28_oc16_wic192_k1x1_g1 split=NONE rows=1 y_step=28 k_step=16 out=28x28 groups=1
shape=conv2d_b1_c192_h28_w28_oc16_wic192_k1x1_g1 kind=NONE tasks=1 FAIL max_diff=116.0390
           FAIL running={'PASS': 7, 'FAIL': 3} elapsed=   1.8s  NONE tasks=1 max_diff=116.0390 elapsed=0.1s
[ 11/217] conv2d_b1_c256_h28_w28_oc32_wic256_k1x1_g1 (b=1 c=256 h=28x28 oc=32 k=1x1 g=1 path=BY_Y est~2) ...
plan shape=conv2d_b1_c256_h28_w28_oc32_wic256_k1x1_g1 split=BY_Y rows=2 y_step=22 k_step=32 out=28x28 groups=1
shape=conv2d_b1_c256_h28_w28_oc32_wic256_k1x1_g1 kind=BY_Y tasks=2 PASS max_diff=0.0307
           PASS running={'PASS': 8, 'FAIL': 3} elapsed=   2.1s  BY_Y tasks=2 max_diff=0.0307 elapsed=0.2s
[ 12/217] b1_c16_h8_w8_oc16_wic16_k1x1_g1 (b=1 c=16 h=8x8 oc=16 k=1x1 g=1 path=NONE est~1) ...
plan shape=b1_c16_h8_w8_oc16_wic16_k1x1_g1 split=NONE rows=1 y_step=8 k_step=16 out=8x8 groups=1
shape=b1_c16_h8_w8_oc16_wic16_k1x1_g1 kind=NONE tasks=1 PASS max_diff=0.0041
           PASS running={'PASS': 9, 'FAIL': 3} elapsed=   2.2s  NONE tasks=1 max_diff=0.0041 elapsed=0.1s
[ 13/217] conv2d_b1_c16_h32_w32_oc16_wic16_k1x1_g1 (b=1 c=16 h=32x32 oc=16 k=1x1 g=1 path=NONE est~1) ...
plan shape=conv2d_b1_c16_h32_w32_oc16_wic16_k1x1_g1 split=NONE rows=1 y_step=32 k_step=16 out=32x32 groups=1
shape=conv2d_b1_c16_h32_w32_oc16_wic16_k1x1_g1 kind=NONE tasks=1 PASS max_diff=0.0077
           PASS running={'PASS': 10, 'FAIL': 3} elapsed=   2.3s  NONE tasks=1 max_diff=0.0077 elapsed=0.1s
[ 14/217] conv2d_b1_c4_h9_w9_oc4_wic4_k3x3_g1 (b=1 c=4 h=9x9 oc=4 k=3x3 g=1 path=NONE est~1) ...
plan shape=conv2d_b1_c4_h9_w9_oc4_wic4_k3x3_g1 split=NONE rows=1 y_step=7 k_step=4 out=7x7 groups=1
shape=conv2d_b1_c4_h9_w9_oc4_wic4_k3x3_g1 kind=NONE tasks=1 PASS max_diff=0.0074
           PASS running={'PASS': 11, 'FAIL': 3} elapsed=   2.4s  NONE tasks=1 max_diff=0.0074 elapsed=0.1s
[ 15/217] conv2d_b1_c16_h18_w18_oc16_wic16_k3x3_g1 (b=1 c=16 h=18x18 oc=16 k=3x3 g=1 path=NONE est~1) ...
plan shape=conv2d_b1_c16_h18_w18_oc16_wic16_k3x3_g1 split=NONE rows=1 y_step=16 k_step=16 out=16x16 groups=1
shape=conv2d_b1_c16_h18_w18_oc16_wic16_k3x3_g1 kind=NONE tasks=1 PASS max_diff=0.0154
           PASS running={'PASS': 12, 'FAIL': 3} elapsed=   2.6s  NONE tasks=1 max_diff=0.0154 elapsed=0.1s
[ 16/217] conv2d_b2_c4_h9_w9_oc4_wic4_k3x3_g1 (b=2 c=4 h=9x9 oc=4 k=3x3 g=1 path=NONE est~2) ...
plan shape=conv2d_b2_c4_h9_w9_oc4_wic4_k3x3_g1 split=NONE rows=1 y_step=7 k_step=4 out=7x7 groups=1
shape=conv2d_b2_c4_h9_w9_oc4_wic4_k3x3_g1 kind=NONE tasks=2 PASS max_diff=0.0077
           PASS running={'PASS': 13, 'FAIL': 3} elapsed=   2.8s  NONE tasks=2 max_diff=0.0077 elapsed=0.2s
[ 17/217] conv2d_b1_c1_h5_w7_oc6_wic1_k3x3_g1 (b=1 c=1 h=5x7 oc=6 k=3x3 g=1 path=NONE est~1) ...
plan shape=conv2d_b1_c1_h5_w7_oc6_wic1_k3x3_g1 split=NONE rows=1 y_step=3 k_step=6 out=3x5 groups=1
shape=conv2d_b1_c1_h5_w7_oc6_wic1_k3x3_g1 kind=NONE tasks=1 PASS max_diff=0.0030
           PASS running={'PASS': 14, 'FAIL': 3} elapsed=   2.9s  NONE tasks=1 max_diff=0.0030 elapsed=0.1s
[ 18/217] conv2d_b1_c3_h11_w28_oc3_wic1_k3x3_g3 (b=1 c=3 h=11x28 oc=3 k=3x3 g=3 path=depthwise_serial est~3) ...
plan shape=conv2d_b1_c3_h11_w28_oc3_wic1_k3x3_g3 split=NONE rows=1 y_step=9 k_step=3 out=9x26 groups=3
shape=conv2d_b1_c3_h11_w28_oc3_wic1_k3x3_g3 kind=depthwise_serial tasks=3 PASS max_diff=0.0038
           PASS running={'PASS': 15, 'FAIL': 3} elapsed=   3.2s  depthwise_serial tasks=3 max_diff=0.0038 elapsed=0.3s
[ 19/217] b1_c3_h5_w5_oc6_wic3_k1x3_g1 (b=1 c=3 h=5x5 oc=6 k=1x3 g=1 path=NONE est~1) ...
plan shape=b1_c3_h5_w5_oc6_wic3_k1x3_g1 split=NONE rows=1 y_step=5 k_step=6 out=5x3 groups=1
shape=b1_c3_h5_w5_oc6_wic3_k1x3_g1 kind=NONE tasks=1 PASS max_diff=0.0039
           PASS running={'PASS': 16, 'FAIL': 3} elapsed=   3.3s  NONE tasks=1 max_diff=0.0039 elapsed=0.1s
[ 20/217] conv2d_b1_c3_h5_w7_oc6_wic1_k3x3_g3 (b=1 c=3 h=5x7 oc=6 k=3x3 g=3 path=grouped_serial est~3) ...
plan shape=conv2d_b1_c3_h5_w7_oc6_wic1_k3x3_g3 split=NONE rows=1 y_step=3 k_step=6 out=3x5 groups=3
shape=conv2d_b1_c3_h5_w7_oc6_wic1_k3x3_g3 kind=grouped_serial tasks=3 PASS max_diff=0.0023
           PASS running={'PASS': 17, 'FAIL': 3} elapsed=   3.7s  grouped_serial tasks=3 max_diff=0.0023 elapsed=0.3s
[ 21/217] conv2d_b1_c3_h5_w7_oc6_wic3_k2x1_g1 (b=1 c=3 h=5x7 oc=6 k=2x1 g=1 path=NONE est~1) ...
plan shape=conv2d_b1_c3_h5_w7_oc6_wic3_k2x1_g1 split=NONE rows=1 y_step=4 k_step=6 out=4x7 groups=1
shape=conv2d_b1_c3_h5_w7_oc6_wic3_k2x1_g1 kind=NONE tasks=1 PASS max_diff=0.0036
           PASS running={'PASS': 18, 'FAIL': 3} elapsed=   3.8s  NONE tasks=1 max_diff=0.0036 elapsed=0.1s
[ 22/217] conv2d_b1_c3_h5_w7_oc6_wic3_k2x3_g1 (b=1 c=3 h=5x7 oc=6 k=2x3 g=1 path=NONE est~1) ...
plan shape=conv2d_b1_c3_h5_w7_oc6_wic3_k2x3_g1 split=NONE rows=1 y_step=4 k_step=6 out=4x5 groups=1
shape=conv2d_b1_c3_h5_w7_oc6_wic3_k2x3_g1 kind=NONE tasks=1 PASS max_diff=0.0038
           PASS running={'PASS': 19, 'FAIL': 3} elapsed=   3.9s  NONE tasks=1 max_diff=0.0038 elapsed=0.1s
[ 23/217] conv2d_b1_c3_h5_w7_oc6_wic3_k2x5_g1 (b=1 c=3 h=5x7 oc=6 k=2x5 g=1 path=NONE est~1) ...
plan shape=conv2d_b1_c3_h5_w7_oc6_wic3_k2x5_g1 split=NONE rows=1 y_step=4 k_step=6 out=4x3 groups=1
shape=conv2d_b1_c3_h5_w7_oc6_wic3_k2x5_g1 kind=NONE tasks=1 PASS max_diff=0.0053
           PASS running={'PASS': 20, 'FAIL': 3} elapsed=   4.0s  NONE tasks=1 max_diff=0.0053 elapsed=0.1s
[ 24/217] conv2d_b1_c3_h5_w7_oc6_wic3_k3x1_g1 (b=1 c=3 h=5x7 oc=6 k=3x1 g=1 path=NONE est~1) ...
plan shape=conv2d_b1_c3_h5_w7_oc6_wic3_k3x1_g1 split=NONE rows=1 y_step=3 k_step=6 out=3x7 groups=1
shape=conv2d_b1_c3_h5_w7_oc6_wic3_k3x1_g1 kind=NONE tasks=1 PASS max_diff=0.0025
           PASS running={'PASS': 21, 'FAIL': 3} elapsed=   4.1s  NONE tasks=1 max_diff=0.0025 elapsed=0.1s
[ 25/217] conv2d_b1_c3_h5_w7_oc6_wic3_k3x3_g1 (b=1 c=3 h=5x7 oc=6 k=3x3 g=1 path=NONE est~1) ...
plan shape=conv2d_b1_c3_h5_w7_oc6_wic3_k3x3_g1 split=NONE rows=1 y_step=3 k_step=6 out=3x5 groups=1
shape=conv2d_b1_c3_h5_w7_oc6_wic3_k3x3_g1 kind=NONE tasks=1 PASS max_diff=0.0057
           PASS running={'PASS': 22, 'FAIL': 3} elapsed=   4.3s  NONE tasks=1 max_diff=0.0057 elapsed=0.1s
[ 26/217] conv2d_b1_c3_h5_w7_oc6_wic3_k3x5_g1 (b=1 c=3 h=5x7 oc=6 k=3x5 g=1 path=NONE est~1) ...
plan shape=conv2d_b1_c3_h5_w7_oc6_wic3_k3x5_g1 split=NONE rows=1 y_step=3 k_step=6 out=3x3 groups=1
shape=conv2d_b1_c3_h5_w7_oc6_wic3_k3x5_g1 kind=NONE tasks=1 PASS max_diff=0.0045
           PASS running={'PASS': 23, 'FAIL': 3} elapsed=   4.4s  NONE tasks=1 max_diff=0.0045 elapsed=0.1s
[ 27/217] b1_c1_h5_w7_oc6_wic1_k2x1_g1 (b=1 c=1 h=5x7 oc=6 k=2x1 g=1 path=NONE est~1) ...
plan shape=b1_c1_h5_w7_oc6_wic1_k2x1_g1 split=NONE rows=1 y_step=4 k_step=6 out=4x7 groups=1
shape=b1_c1_h5_w7_oc6_wic1_k2x1_g1 kind=NONE tasks=1 PASS max_diff=0.0009
           PASS running={'PASS': 24, 'FAIL': 3} elapsed=   4.5s  NONE tasks=1 max_diff=0.0009 elapsed=0.1s
[ 28/217] b1_c1_h5_w7_oc6_wic1_k2x3_g1 (b=1 c=1 h=5x7 oc=6 k=2x3 g=1 path=NONE est~1) ...
plan shape=b1_c1_h5_w7_oc6_wic1_k2x3_g1 split=NONE rows=1 y_step=4 k_step=6 out=4x5 groups=1
shape=b1_c1_h5_w7_oc6_wic1_k2x3_g1 kind=NONE tasks=1 PASS max_diff=0.0038
           PASS running={'PASS': 25, 'FAIL': 3} elapsed=   4.6s  NONE tasks=1 max_diff=0.0038 elapsed=0.1s
[ 29/217] b1_c1_h5_w7_oc6_wic1_k3x1_g1 (b=1 c=1 h=5x7 oc=6 k=3x1 g=1 path=NONE est~1) ...
plan shape=b1_c1_h5_w7_oc6_wic1_k3x1_g1 split=NONE rows=1 y_step=3 k_step=6 out=3x7 groups=1
shape=b1_c1_h5_w7_oc6_wic1_k3x1_g1 kind=NONE tasks=1 PASS max_diff=0.0017
           PASS running={'PASS': 26, 'FAIL': 3} elapsed=   4.8s  NONE tasks=1 max_diff=0.0017 elapsed=0.1s
[ 30/217] b1_c1_h5_w7_oc6_wic1_k3x5_g1 (b=1 c=1 h=5x7 oc=6 k=3x5 g=1 path=NONE est~1) ...
plan shape=b1_c1_h5_w7_oc6_wic1_k3x5_g1 split=NONE rows=1 y_step=3 k_step=6 out=3x3 groups=1
shape=b1_c1_h5_w7_oc6_wic1_k3x5_g1 kind=NONE tasks=1 PASS max_diff=0.0036
           PASS running={'PASS': 27, 'FAIL': 3} elapsed=   4.9s  NONE tasks=1 max_diff=0.0036 elapsed=0.1s
[ 31/217] conv2d_b1_c4_h1_w1_oc2_wic2_k1x1_g2 (b=1 c=4 h=1x1 oc=2 k=1x1 g=2 path=grouped_serial est~2) ...
plan shape=conv2d_b1_c4_h1_w1_oc2_wic2_k1x1_g2 split=NONE rows=1 y_step=1 k_step=2 out=1x1 groups=2
shape=conv2d_b1_c4_h1_w1_oc2_wic2_k1x1_g2 kind=grouped_serial tasks=2 PASS max_diff=0.0004
           PASS running={'PASS': 28, 'FAIL': 3} elapsed=   5.1s  grouped_serial tasks=2 max_diff=0.0004 elapsed=0.2s
[ 32/217] b1_c4_h1_w1_oc4_wic2_k1x1_g2 (b=1 c=4 h=1x1 oc=4 k=1x1 g=2 path=grouped_serial est~2) ...
plan shape=b1_c4_h1_w1_oc4_wic2_k1x1_g2 split=NONE rows=1 y_step=1 k_step=4 out=1x1 groups=2
shape=b1_c4_h1_w1_oc4_wic2_k1x1_g2 kind=grouped_serial tasks=2 PASS max_diff=0.0006
           PASS running={'PASS': 29, 'FAIL': 3} elapsed=   5.4s  grouped_serial tasks=2 max_diff=0.0006 elapsed=0.2s
[ 33/217] conv2d_b1_c32_h32_w32_oc32_wic1_k1x1_g32 (b=1 c=32 h=32x32 oc=32 k=1x1 g=32 path=depthwise_serial est~64) ...
plan shape=conv2d_b1_c32_h32_w32_oc32_wic1_k1x1_g32 split=NONE rows=1 y_step=32 k_step=32 out=32x32 groups=32
shape=conv2d_b1_c32_h32_w32_oc32_wic1_k1x1_g32 kind=depthwise_serial tasks=64 PASS max_diff=0.0010
           PASS running={'PASS': 30, 'FAIL': 3} elapsed=  12.2s  depthwise_serial tasks=64 max_diff=0.0010 elapsed=6.9s
[ 34/217] conv2d_b1_c15_h5_w5_oc35_wic3_k3x3_g5 (b=1 c=15 h=5x5 oc=35 k=3x3 g=5 path=grouped_serial est~5) ...
plan shape=conv2d_b1_c15_h5_w5_oc35_wic3_k3x3_g5 split=NONE rows=1 y_step=3 k_step=35 out=3x3 groups=5
shape=conv2d_b1_c15_h5_w5_oc35_wic3_k3x3_g5 kind=grouped_serial tasks=5 PASS max_diff=0.0072
           PASS running={'PASS': 31, 'FAIL': 3} elapsed=  12.8s  grouped_serial tasks=5 max_diff=0.0072 elapsed=0.6s
[ 35/217] conv2d_b2_c3_h11_w28_oc3_wic1_k3x3_g3 (b=2 c=3 h=11x28 oc=3 k=3x3 g=3 path=depthwise_serial est~6) ...
plan shape=conv2d_b2_c3_h11_w28_oc3_wic1_k3x3_g3 split=NONE rows=1 y_step=9 k_step=3 out=9x26 groups=3
shape=conv2d_b2_c3_h11_w28_oc3_wic1_k3x3_g3 kind=depthwise_serial tasks=6 PASS max_diff=0.0038
           PASS running={'PASS': 32, 'FAIL': 3} elapsed=  13.5s  depthwise_serial tasks=6 max_diff=0.0038 elapsed=0.7s
[ 36/217] conv2d_b4_c15_h5_w5_oc35_wic3_k3x3_g5 (b=4 c=15 h=5x5 oc=35 k=3x3 g=5 path=grouped_serial est~20) ...
plan shape=conv2d_b4_c15_h5_w5_oc35_wic3_k3x3_g5 split=NONE rows=1 y_step=3 k_step=35 out=3x3 groups=5
shape=conv2d_b4_c15_h5_w5_oc35_wic3_k3x3_g5 kind=grouped_serial tasks=20 PASS max_diff=0.0075
           PASS running={'PASS': 33, 'FAIL': 3} elapsed=  15.8s  grouped_serial tasks=20 max_diff=0.0075 elapsed=2.3s
[ 37/217] conv2d_b1_c4_h5_w5_oc4_wic2_k3x3_g2 (b=1 c=4 h=5x5 oc=4 k=3x3 g=2 path=grouped_serial est~2) ...
plan shape=conv2d_b1_c4_h5_w5_oc4_wic2_k3x3_g2 split=NONE rows=1 y_step=3 k_step=4 out=3x3 groups=2
shape=conv2d_b1_c4_h5_w5_oc4_wic2_k3x3_g2 kind=grouped_serial tasks=2 PASS max_diff=0.0032
           PASS running={'PASS': 34, 'FAIL': 3} elapsed=  16.0s  grouped_serial tasks=2 max_diff=0.0032 elapsed=0.2s
[ 38/217] conv2d_b1_c4_h5_w5_oc8_wic2_k3x3_g2 (b=1 c=4 h=5x5 oc=8 k=3x3 g=2 path=grouped_serial est~2) ...
plan shape=conv2d_b1_c4_h5_w5_oc8_wic2_k3x3_g2 split=NONE rows=1 y_step=3 k_step=8 out=3x3 groups=2
shape=conv2d_b1_c4_h5_w5_oc8_wic2_k3x3_g2 kind=grouped_serial tasks=2 PASS max_diff=0.0066
           PASS running={'PASS': 35, 'FAIL': 3} elapsed=  16.3s  grouped_serial tasks=2 max_diff=0.0066 elapsed=0.2s
[ 39/217] conv2d_b1_c4_h5_w5_oc12_wic2_k3x3_g2 (b=1 c=4 h=5x5 oc=12 k=3x3 g=2 path=grouped_serial est~2) ...
plan shape=conv2d_b1_c4_h5_w5_oc12_wic2_k3x3_g2 split=NONE rows=1 y_step=3 k_step=12 out=3x3 groups=2
shape=conv2d_b1_c4_h5_w5_oc12_wic2_k3x3_g2 kind=grouped_serial tasks=2 PASS max_diff=0.0066
           PASS running={'PASS': 36, 'FAIL': 3} elapsed=  16.5s  grouped_serial tasks=2 max_diff=0.0066 elapsed=0.2s
[ 40/217] conv2d_b1_c6_h5_w5_oc6_wic2_k3x3_g3 (b=1 c=6 h=5x5 oc=6 k=3x3 g=3 path=grouped_serial est~3) ...
plan shape=conv2d_b1_c6_h5_w5_oc6_wic2_k3x3_g3 split=NONE rows=1 y_step=3 k_step=6 out=3x3 groups=3
shape=conv2d_b1_c6_h5_w5_oc6_wic2_k3x3_g3 kind=grouped_serial tasks=3 PASS max_diff=0.0038
           PASS running={'PASS': 37, 'FAIL': 3} elapsed=  16.9s  grouped_serial tasks=3 max_diff=0.0038 elapsed=0.4s
[ 41/217] conv2d_b1_c6_h5_w5_oc12_wic2_k3x3_g3 (b=1 c=6 h=5x5 oc=12 k=3x3 g=3 path=grouped_serial est~3) ...
plan shape=conv2d_b1_c6_h5_w5_oc12_wic2_k3x3_g3 split=NONE rows=1 y_step=3 k_step=12 out=3x3 groups=3
shape=conv2d_b1_c6_h5_w5_oc12_wic2_k3x3_g3 kind=grouped_serial tasks=3 PASS max_diff=0.0039
           PASS running={'PASS': 38, 'FAIL': 3} elapsed=  17.3s  grouped_serial tasks=3 max_diff=0.0039 elapsed=0.4s
[ 42/217] conv2d_b1_c6_h5_w5_oc18_wic2_k3x3_g3 (b=1 c=6 h=5x5 oc=18 k=3x3 g=3 path=grouped_serial est~3) ...
plan shape=conv2d_b1_c6_h5_w5_oc18_wic2_k3x3_g3 split=NONE rows=1 y_step=3 k_step=18 out=3x3 groups=3
shape=conv2d_b1_c6_h5_w5_oc18_wic2_k3x3_g3 kind=grouped_serial tasks=3 PASS max_diff=0.0039
           PASS running={'PASS': 39, 'FAIL': 3} elapsed=  17.7s  grouped_serial tasks=3 max_diff=0.0039 elapsed=0.4s
[ 43/217] conv2d_b1_c15_h5_w5_oc20_wic3_k3x3_g5 (b=1 c=15 h=5x5 oc=20 k=3x3 g=5 path=grouped_serial est~5) ...
plan shape=conv2d_b1_c15_h5_w5_oc20_wic3_k3x3_g5 split=NONE rows=1 y_step=3 k_step=20 out=3x3 groups=5
shape=conv2d_b1_c15_h5_w5_oc20_wic3_k3x3_g5 kind=grouped_serial tasks=5 PASS max_diff=0.0055
           PASS running={'PASS': 40, 'FAIL': 3} elapsed=  18.3s  grouped_serial tasks=5 max_diff=0.0055 elapsed=0.6s
[ 44/217] conv2d_b1_c15_h5_w5_oc25_wic3_k3x3_g5 (b=1 c=15 h=5x5 oc=25 k=3x3 g=5 path=grouped_serial est~5) ...
plan shape=conv2d_b1_c15_h5_w5_oc25_wic3_k3x3_g5 split=NONE rows=1 y_step=3 k_step=25 out=3x3 groups=5
shape=conv2d_b1_c15_h5_w5_oc25_wic3_k3x3_g5 kind=grouped_serial tasks=5 PASS max_diff=0.0043
           PASS running={'PASS': 41, 'FAIL': 3} elapsed=  18.9s  grouped_serial tasks=5 max_diff=0.0043 elapsed=0.6s
[ 45/217] conv2d_b1_c15_h5_w5_oc30_wic3_k3x3_g5 (b=1 c=15 h=5x5 oc=30 k=3x3 g=5 path=grouped_serial est~5) ...
plan shape=conv2d_b1_c15_h5_w5_oc30_wic3_k3x3_g5 split=NONE rows=1 y_step=3 k_step=30 out=3x3 groups=5
shape=conv2d_b1_c15_h5_w5_oc30_wic3_k3x3_g5 kind=grouped_serial tasks=5 PASS max_diff=0.0066
           PASS running={'PASS': 42, 'FAIL': 3} elapsed=  19.6s  grouped_serial tasks=5 max_diff=0.0066 elapsed=0.6s
[ 46/217] conv2d_b1_c15_h5_w5_oc40_wic3_k3x3_g5 (b=1 c=15 h=5x5 oc=40 k=3x3 g=5 path=grouped_serial est~5) ...
plan shape=conv2d_b1_c15_h5_w5_oc40_wic3_k3x3_g5 split=NONE rows=1 y_step=3 k_step=40 out=3x3 groups=5
shape=conv2d_b1_c15_h5_w5_oc40_wic3_k3x3_g5 kind=grouped_serial tasks=5 PASS max_diff=0.0072
           PASS running={'PASS': 43, 'FAIL': 3} elapsed=  20.2s  grouped_serial tasks=5 max_diff=0.0072 elapsed=0.6s
[ 47/217] b1_c2_h4_w4_oc2_wic2_k1x1_g1 (b=1 c=2 h=4x4 oc=2 k=1x1 g=1 path=NONE est~1) ...
plan shape=b1_c2_h4_w4_oc2_wic2_k1x1_g1 split=NONE rows=1 y_step=4 k_step=2 out=4x4 groups=1
shape=b1_c2_h4_w4_oc2_wic2_k1x1_g1 kind=NONE tasks=1 PASS max_diff=0.0017
           PASS running={'PASS': 44, 'FAIL': 3} elapsed=  20.3s  NONE tasks=1 max_diff=0.0017 elapsed=0.1s
[ 48/217] b1_c8_h5_w5_oc8_wic8_k1x1_g1 (b=1 c=8 h=5x5 oc=8 k=1x1 g=1 path=NONE est~1) ...
plan shape=b1_c8_h5_w5_oc8_wic8_k1x1_g1 split=NONE rows=1 y_step=5 k_step=8 out=5x5 groups=1
shape=b1_c8_h5_w5_oc8_wic8_k1x1_g1 kind=NONE tasks=1 PASS max_diff=0.0035
           PASS running={'PASS': 45, 'FAIL': 3} elapsed=  20.5s  NONE tasks=1 max_diff=0.0035 elapsed=0.1s
[ 49/217] b1_c10_h9_w9_oc20_wic10_k3x3_g1 (b=1 c=10 h=9x9 oc=20 k=3x3 g=1 path=NONE est~1) ...
plan shape=b1_c10_h9_w9_oc20_wic10_k3x3_g1 split=NONE rows=1 y_step=7 k_step=20 out=7x7 groups=1
shape=b1_c10_h9_w9_oc20_wic10_k3x3_g1 kind=NONE tasks=1 PASS max_diff=0.0091
           PASS running={'PASS': 46, 'FAIL': 3} elapsed=  20.6s  NONE tasks=1 max_diff=0.0091 elapsed=0.1s
[ 50/217] b1_c16_h9_w9_oc16_wic16_k3x3_g1 (b=1 c=16 h=9x9 oc=16 k=3x3 g=1 path=NONE est~1) ...
plan shape=b1_c16_h9_w9_oc16_wic16_k3x3_g1 split=NONE rows=1 y_step=7 k_step=16 out=7x7 groups=1
shape=b1_c16_h9_w9_oc16_wic16_k3x3_g1 kind=NONE tasks=1 PASS max_diff=0.0155
           PASS running={'PASS': 47, 'FAIL': 3} elapsed=  20.7s  NONE tasks=1 max_diff=0.0155 elapsed=0.1s
[ 51/217] b1_c2_h6_w6_oc4_wic2_k3x3_g1 (b=1 c=2 h=6x6 oc=4 k=3x3 g=1 path=NONE est~1) ...
plan shape=b1_c2_h6_w6_oc4_wic2_k3x3_g1 split=NONE rows=1 y_step=4 k_step=4 out=4x4 groups=1
shape=b1_c2_h6_w6_oc4_wic2_k3x3_g1 kind=NONE tasks=1 PASS max_diff=0.0035
           PASS running={'PASS': 48, 'FAIL': 3} elapsed=  20.8s  NONE tasks=1 max_diff=0.0035 elapsed=0.1s
[ 52/217] b1_c2_h5_w5_oc4_wic2_k2x2_g1 (b=1 c=2 h=5x5 oc=4 k=2x2 g=1 path=NONE est~1) ...
plan shape=b1_c2_h5_w5_oc4_wic2_k2x2_g1 split=NONE rows=1 y_step=4 k_step=4 out=4x4 groups=1
shape=b1_c2_h5_w5_oc4_wic2_k2x2_g1 kind=NONE tasks=1 PASS max_diff=0.0028
           PASS running={'PASS': 49, 'FAIL': 3} elapsed=  20.9s  NONE tasks=1 max_diff=0.0028 elapsed=0.1s
[ 53/217] b1_c1_h10_w10_oc32_wic1_k5x5_g1 (b=1 c=1 h=10x10 oc=32 k=5x5 g=1 path=NONE est~1) ...
plan shape=b1_c1_h10_w10_oc32_wic1_k5x5_g1 split=NONE rows=1 y_step=6 k_step=32 out=6x6 groups=1
shape=b1_c1_h10_w10_oc32_wic1_k5x5_g1 kind=NONE tasks=1 PASS max_diff=0.0075
           PASS running={'PASS': 50, 'FAIL': 3} elapsed=  21.1s  NONE tasks=1 max_diff=0.0075 elapsed=0.1s
[ 54/217] b1_c8_h10_w10_oc4_wic8_k4x4_g1 (b=1 c=8 h=10x10 oc=4 k=4x4 g=1 path=NONE est~1) ...
plan shape=b1_c8_h10_w10_oc4_wic8_k4x4_g1 split=NONE rows=1 y_step=7 k_step=4 out=7x7 groups=1
shape=b1_c8_h10_w10_oc4_wic8_k4x4_g1 kind=NONE tasks=1 PASS max_diff=0.0132
           PASS running={'PASS': 51, 'FAIL': 3} elapsed=  21.2s  NONE tasks=1 max_diff=0.0132 elapsed=0.1s
[ 55/217] b1_c3_h224_w224_oc32_wic3_k3x3_g1 (b=1 c=3 h=224x224 oc=32 k=3x3 g=1 path=BY_Y est~3) ...
plan shape=b1_c3_h224_w224_oc32_wic3_k3x3_g1 split=BY_Y rows=3 y_step=95 k_step=32 out=222x222 groups=1
shape=b1_c3_h224_w224_oc32_wic3_k3x3_g1 kind=BY_Y tasks=3 FAIL max_diff=48.4240
           FAIL running={'PASS': 51, 'FAIL': 4} elapsed=  21.9s  BY_Y tasks=3 max_diff=48.4240 elapsed=0.7s
[ 56/217] b1_c32_h112_w112_oc32_wic1_k3x3_g32 (b=1 c=32 h=112x112 oc=32 k=3x3 g=32 path=depthwise_serial est~32) ...
plan shape=b1_c32_h112_w112_oc32_wic1_k3x3_g32 split=BY_Y rows=10 y_step=12 k_step=32 out=110x110 groups=32
shape=b1_c32_h112_w112_oc32_wic1_k3x3_g32 kind=depthwise_serial tasks=32 PASS max_diff=0.0075
           PASS running={'PASS': 52, 'FAIL': 4} elapsed=  25.6s  depthwise_serial tasks=32 max_diff=0.0075 elapsed=3.7s
[ 57/217] b1_c32_h112_w112_oc64_wic32_k1x1_g1 (b=1 c=32 h=112x112 oc=64 k=1x1 g=1 path=BY_YK est~8) ...
plan shape=b1_c32_h112_w112_oc64_wic32_k1x1_g1 split=BY_YK rows=8 y_step=32 k_step=32 out=112x112 groups=1
shape=b1_c32_h112_w112_oc64_wic32_k1x1_g1 kind=BY_YK tasks=8 PASS max_diff=0.0146
           PASS running={'PASS': 53, 'FAIL': 4} elapsed=  26.6s  BY_YK tasks=8 max_diff=0.0146 elapsed=1.0s
[ 58/217] b1_c64_h112_w112_oc64_wic1_k3x3_g64 (b=1 c=64 h=112x112 oc=64 k=3x3 g=64 path=depthwise_serial est~64) ...
plan shape=b1_c64_h112_w112_oc64_wic1_k3x3_g64 split=BY_YK rows=20 y_step=12 k_step=32 out=110x110 groups=64
shape=b1_c64_h112_w112_oc64_wic1_k3x3_g64 kind=depthwise_serial tasks=64 PASS max_diff=0.0075
           PASS running={'PASS': 54, 'FAIL': 4} elapsed=  33.7s  depthwise_serial tasks=64 max_diff=0.0075 elapsed=7.1s
[ 59/217] b1_c64_h56_w56_oc128_wic64_k1x1_g1 (b=1 c=64 h=56x56 oc=128 k=1x1 g=1 path=BY_YK est~8) ...
plan shape=b1_c64_h56_w56_oc128_wic64_k1x1_g1 split=BY_YK rows=8 y_step=32 k_step=32 out=56x56 groups=1
shape=b1_c64_h56_w56_oc128_wic64_k1x1_g1 kind=BY_YK tasks=8 PASS max_diff=0.0156
           PASS running={'PASS': 55, 'FAIL': 4} elapsed=  34.6s  BY_YK tasks=8 max_diff=0.0156 elapsed=0.9s
[ 60/217] b1_c128_h56_w56_oc128_wic1_k3x3_g128 (b=1 c=128 h=56x56 oc=128 k=3x3 g=128 path=depthwise_serial est~128) ...
plan shape=b1_c128_h56_w56_oc128_wic1_k3x3_g128 split=BY_YK rows=20 y_step=12 k_step=32 out=54x54 groups=128
shape=b1_c128_h56_w56_oc128_wic1_k3x3_g128 kind=depthwise_serial tasks=128 PASS max_diff=0.0078
           PASS running={'PASS': 56, 'FAIL': 4} elapsed=  48.3s  depthwise_serial tasks=128 max_diff=0.0078 elapsed=13.7s
[ 61/217] b1_c128_h56_w56_oc128_wic128_k1x1_g1 (b=1 c=128 h=56x56 oc=128 k=1x1 g=1 path=BY_YK est~12) ...
plan shape=b1_c128_h56_w56_oc128_wic128_k1x1_g1 split=BY_YK rows=12 y_step=25 k_step=32 out=56x56 groups=1
shape=b1_c128_h56_w56_oc128_wic128_k1x1_g1 kind=BY_YK tasks=12 PASS max_diff=0.0312
           PASS running={'PASS': 57, 'FAIL': 4} elapsed=  49.6s  BY_YK tasks=12 max_diff=0.0312 elapsed=1.4s
[ 62/217] b1_c128_h28_w28_oc256_wic128_k1x1_g1 (b=1 c=128 h=28x28 oc=256 k=1x1 g=1 path=BY_K est~8) ...
plan shape=b1_c128_h28_w28_oc256_wic128_k1x1_g1 split=BY_K rows=8 y_step=28 k_step=32 out=28x28 groups=1
shape=b1_c128_h28_w28_oc256_wic128_k1x1_g1 kind=BY_K tasks=8 FAIL max_diff=109.2934
           FAIL running={'PASS': 57, 'FAIL': 5} elapsed=  50.5s  BY_K tasks=8 max_diff=109.2934 elapsed=0.9s
[ 63/217] b1_c256_h28_w28_oc256_wic1_k3x3_g256 (b=1 c=256 h=28x28 oc=256 k=3x3 g=256 path=depthwise_serial est~256) ...
plan shape=b1_c256_h28_w28_oc256_wic1_k3x3_g256 split=BY_YK rows=24 y_step=12 k_step=32 out=26x26 groups=256
shape=b1_c256_h28_w28_oc256_wic1_k3x3_g256 kind=depthwise_serial tasks=256 PASS max_diff=0.0075
           PASS running={'PASS': 58, 'FAIL': 5} elapsed=  78.0s  depthwise_serial tasks=256 max_diff=0.0075 elapsed=27.4s
[ 64/217] b1_c256_h28_w28_oc256_wic256_k1x1_g1 (b=1 c=256 h=28x28 oc=256 k=1x1 g=1 path=BY_YK est~16) ...
plan shape=b1_c256_h28_w28_oc256_wic256_k1x1_g1 split=BY_YK rows=16 y_step=22 k_step=32 out=28x28 groups=1
shape=b1_c256_h28_w28_oc256_wic256_k1x1_g1 kind=BY_YK tasks=16 PASS max_diff=0.0312
           PASS running={'PASS': 59, 'FAIL': 5} elapsed=  79.7s  BY_YK tasks=16 max_diff=0.0312 elapsed=1.8s
[ 65/217] b1_c256_h14_w14_oc512_wic256_k1x1_g1 (b=1 c=256 h=14x14 oc=512 k=1x1 g=1 path=BY_K est~16) ...
plan shape=b1_c256_h14_w14_oc512_wic256_k1x1_g1 split=BY_K rows=16 y_step=14 k_step=32 out=14x14 groups=1
shape=b1_c256_h14_w14_oc512_wic256_k1x1_g1 kind=BY_K tasks=16 FAIL max_diff=83.8131
           FAIL running={'PASS': 59, 'FAIL': 6} elapsed=  81.5s  BY_K tasks=16 max_diff=83.8131 elapsed=1.8s
[ 66/217] b1_c512_h14_w14_oc512_wic1_k3x3_g512 (b=1 c=512 h=14x14 oc=512 k=3x3 g=512 path=depthwise_serial est~512 SLOW_DW est_tasks=512) ...
plan shape=b1_c512_h14_w14_oc512_wic1_k3x3_g512 split=BY_K rows=16 y_step=12 k_step=32 out=12x12 groups=512
shape=b1_c512_h14_w14_oc512_wic1_k3x3_g512 kind=depthwise_serial tasks=512 PASS max_diff=0.0076
           PASS running={'PASS': 60, 'FAIL': 6} elapsed= 136.5s  depthwise_serial tasks=512 max_diff=0.0076 elapsed=55.0s SLOW_DW est_tasks=512
[ 67/217] b1_c512_h14_w14_oc512_wic512_k1x1_g1 (b=1 c=512 h=14x14 oc=512 k=1x1 g=1 path=BY_K est~16) ...
plan shape=b1_c512_h14_w14_oc512_wic512_k1x1_g1 split=BY_K rows=16 y_step=14 k_step=32 out=14x14 groups=1
shape=b1_c512_h14_w14_oc512_wic512_k1x1_g1 kind=BY_K tasks=16 FAIL max_diff=181.3539
           FAIL running={'PASS': 60, 'FAIL': 7} elapsed= 138.3s  BY_K tasks=16 max_diff=181.3539 elapsed=1.8s
[ 68/217] b1_c512_h7_w7_oc1024_wic512_k1x1_g1 (b=1 c=512 h=7x7 oc=1024 k=1x1 g=1 path=BY_K est~32) ...
plan shape=b1_c512_h7_w7_oc1024_wic512_k1x1_g1 split=BY_K rows=32 y_step=7 k_step=32 out=7x7 groups=1
shape=b1_c512_h7_w7_oc1024_wic512_k1x1_g1 kind=BY_K tasks=32 PASS max_diff=0.0312
           PASS running={'PASS': 61, 'FAIL': 7} elapsed= 141.9s  BY_K tasks=32 max_diff=0.0312 elapsed=3.6s
[ 69/217] b1_c1024_h7_w7_oc1024_wic1_k3x3_g1024 (b=1 c=1024 h=7x7 oc=1024 k=3x3 g=1024 path=depthwise_serial est~1024 SLOW_DW est_tasks=1024) ...
plan shape=b1_c1024_h7_w7_oc1024_wic1_k3x3_g1024 split=BY_K rows=32 y_step=5 k_step=32 out=5x5 groups=1024
shape=b1_c1024_h7_w7_oc1024_wic1_k3x3_g1024 kind=depthwise_serial tasks=1024 PASS max_diff=0.0064
           PASS running={'PASS': 62, 'FAIL': 7} elapsed= 251.7s  depthwise_serial tasks=1024 max_diff=0.0064 elapsed=109.9s SLOW_DW est_tasks=1024
[ 70/217] b1_c1024_h7_w7_oc1024_wic1024_k1x1_g1 (b=1 c=1024 h=7x7 oc=1024 k=1x1 g=1 path=BY_K est~32) ...
plan shape=b1_c1024_h7_w7_oc1024_wic1024_k1x1_g1 split=BY_K rows=32 y_step=7 k_step=32 out=7x7 groups=1
shape=b1_c1024_h7_w7_oc1024_wic1024_k1x1_g1 kind=BY_K tasks=32 FAIL max_diff=88.7722
           FAIL running={'PASS': 62, 'FAIL': 8} elapsed= 255.3s  BY_K tasks=32 max_diff=88.7722 elapsed=3.5s
[ 71/217] b1_c1024_h7_w7_oc1024_wic1_k7x7_g1024 (b=1 c=1024 h=7x7 oc=1024 k=7x7 g=1024 path=depthwise_serial est~1024 SLOW_DW est_tasks=1024) ...
plan shape=b1_c1024_h7_w7_oc1024_wic1_k7x7_g1024 split=BY_K rows=32 y_step=1 k_step=32 out=1x1 groups=1024
shape=b1_c1024_h7_w7_oc1024_wic1_k7x7_g1024 kind=depthwise_serial tasks=1024 PASS max_diff=0.0078
           PASS running={'PASS': 63, 'FAIL': 8} elapsed= 365.7s  depthwise_serial tasks=1024 max_diff=0.0078 elapsed=110.4s SLOW_DW est_tasks=1024
[ 72/217] b1_c1024_h1_w1_oc1001_wic1024_k1x1_g1 (b=1 c=1024 h=1x1 oc=1001 k=1x1 g=1 path=BY_K est~32) ...
plan shape=b1_c1024_h1_w1_oc1001_wic1024_k1x1_g1 split=BY_K rows=32 y_step=1 k_step=32 out=1x1 groups=1
shape=b1_c1024_h1_w1_oc1001_wic1024_k1x1_g1 kind=BY_K tasks=32 FAIL max_diff=145.2342
           FAIL running={'PASS': 63, 'FAIL': 9} elapsed= 369.3s  BY_K tasks=32 max_diff=145.2342 elapsed=3.6s
[ 73/217] b1_c1_h1_w11_oc6_wic1_k1x1_g1 (b=1 c=1 h=1x11 oc=6 k=1x1 g=1 path=NONE est~1) ...
plan shape=b1_c1_h1_w11_oc6_wic1_k1x1_g1 split=NONE rows=1 y_step=1 k_step=6 out=1x11 groups=1
shape=b1_c1_h1_w11_oc6_wic1_k1x1_g1 kind=NONE tasks=1 PASS max_diff=0.0009
           PASS running={'PASS': 64, 'FAIL': 9} elapsed= 369.4s  NONE tasks=1 max_diff=0.0009 elapsed=0.1s
[ 74/217] b8_c1_h1_w11_oc6_wic1_k1x1_g1 (b=8 c=1 h=1x11 oc=6 k=1x1 g=1 path=NONE est~8) ...
plan shape=b8_c1_h1_w11_oc6_wic1_k1x1_g1 split=NONE rows=1 y_step=1 k_step=6 out=1x11 groups=1
shape=b8_c1_h1_w11_oc6_wic1_k1x1_g1 kind=NONE tasks=8 PASS max_diff=0.0010
           PASS running={'PASS': 65, 'FAIL': 9} elapsed= 370.3s  NONE tasks=8 max_diff=0.0010 elapsed=0.9s
[ 75/217] b1_c1_h1_w11_oc6_wic1_k1x2_g1 (b=1 c=1 h=1x11 oc=6 k=1x2 g=1 path=NONE est~1) ...
plan shape=b1_c1_h1_w11_oc6_wic1_k1x2_g1 split=NONE rows=1 y_step=1 k_step=6 out=1x10 groups=1
shape=b1_c1_h1_w11_oc6_wic1_k1x2_g1 kind=NONE tasks=1 PASS max_diff=0.0018
           PASS running={'PASS': 66, 'FAIL': 9} elapsed= 370.4s  NONE tasks=1 max_diff=0.0018 elapsed=0.1s
[ 76/217] b1_c1_h1_w11_oc6_wic1_k1x5_g1 (b=1 c=1 h=1x11 oc=6 k=1x5 g=1 path=NONE est~1) ...
plan shape=b1_c1_h1_w11_oc6_wic1_k1x5_g1 split=NONE rows=1 y_step=1 k_step=6 out=1x7 groups=1
shape=b1_c1_h1_w11_oc6_wic1_k1x5_g1 kind=NONE tasks=1 PASS max_diff=0.0037
           PASS running={'PASS': 67, 'FAIL': 9} elapsed= 370.5s  NONE tasks=1 max_diff=0.0037 elapsed=0.1s
[ 77/217] b1_c3_h1_w11_oc6_wic3_k1x1_g1 (b=1 c=3 h=1x11 oc=6 k=1x1 g=1 path=NONE est~1) ...
plan shape=b1_c3_h1_w11_oc6_wic3_k1x1_g1 split=NONE rows=1 y_step=1 k_step=6 out=1x11 groups=1
shape=b1_c3_h1_w11_oc6_wic3_k1x1_g1 kind=NONE tasks=1 PASS max_diff=0.0036
           PASS running={'PASS': 68, 'FAIL': 9} elapsed= 370.6s  NONE tasks=1 max_diff=0.0036 elapsed=0.1s
[ 78/217] b1_c3_h1_w11_oc6_wic3_k1x2_g1 (b=1 c=3 h=1x11 oc=6 k=1x2 g=1 path=NONE est~1) ...
plan shape=b1_c3_h1_w11_oc6_wic3_k1x2_g1 split=NONE rows=1 y_step=1 k_step=6 out=1x10 groups=1
shape=b1_c3_h1_w11_oc6_wic3_k1x2_g1 kind=NONE tasks=1 PASS max_diff=0.0019
           PASS running={'PASS': 69, 'FAIL': 9} elapsed= 370.8s  NONE tasks=1 max_diff=0.0019 elapsed=0.1s
[ 79/217] b1_c3_h1_w11_oc6_wic3_k1x5_g1 (b=1 c=3 h=1x11 oc=6 k=1x5 g=1 path=NONE est~1) ...
plan shape=b1_c3_h1_w11_oc6_wic3_k1x5_g1 split=NONE rows=1 y_step=1 k_step=6 out=1x7 groups=1
shape=b1_c3_h1_w11_oc6_wic3_k1x5_g1 kind=NONE tasks=1 PASS max_diff=0.0037
           PASS running={'PASS': 70, 'FAIL': 9} elapsed= 370.9s  NONE tasks=1 max_diff=0.0037 elapsed=0.1s
[ 80/217] b1_c3_h1_w11_oc6_wic1_k1x5_g3 (b=1 c=3 h=1x11 oc=6 k=1x5 g=3 path=grouped_serial est~3) ...
plan shape=b1_c3_h1_w11_oc6_wic1_k1x5_g3 split=NONE rows=1 y_step=1 k_step=6 out=1x7 groups=3
shape=b1_c3_h1_w11_oc6_wic1_k1x5_g3 kind=grouped_serial tasks=3 PASS max_diff=0.0021
           PASS running={'PASS': 71, 'FAIL': 9} elapsed= 371.2s  grouped_serial tasks=3 max_diff=0.0021 elapsed=0.4s
[ 81/217] b8_c1_h1_w11_oc6_wic1_k1x1_g1 (b=8 c=1 h=1x11 oc=6 k=1x1 g=1 path=NONE est~8) ...
plan shape=b8_c1_h1_w11_oc6_wic1_k1x1_g1 split=NONE rows=1 y_step=1 k_step=6 out=1x11 groups=1
shape=b8_c1_h1_w11_oc6_wic1_k1x1_g1 kind=NONE tasks=8 PASS max_diff=0.0010
           PASS running={'PASS': 72, 'FAIL': 9} elapsed= 372.1s  NONE tasks=8 max_diff=0.0010 elapsed=0.9s
[ 82/217] b8_c1_h1_w11_oc6_wic1_k1x2_g1 (b=8 c=1 h=1x11 oc=6 k=1x2 g=1 path=NONE est~8) ...
plan shape=b8_c1_h1_w11_oc6_wic1_k1x2_g1 split=NONE rows=1 y_step=1 k_step=6 out=1x10 groups=1
shape=b8_c1_h1_w11_oc6_wic1_k1x2_g1 kind=NONE tasks=8 PASS max_diff=0.0019
           PASS running={'PASS': 73, 'FAIL': 9} elapsed= 373.0s  NONE tasks=8 max_diff=0.0019 elapsed=0.9s
[ 83/217] b8_c1_h1_w11_oc6_wic1_k1x2_g1 (b=8 c=1 h=1x11 oc=6 k=1x2 g=1 path=NONE est~8) ...
plan shape=b8_c1_h1_w11_oc6_wic1_k1x2_g1 split=NONE rows=1 y_step=1 k_step=6 out=1x10 groups=1
shape=b8_c1_h1_w11_oc6_wic1_k1x2_g1 kind=NONE tasks=8 PASS max_diff=0.0019
           PASS running={'PASS': 74, 'FAIL': 9} elapsed= 373.9s  NONE tasks=8 max_diff=0.0019 elapsed=0.9s
[ 84/217] b8_c1_h1_w11_oc6_wic1_k1x5_g1 (b=8 c=1 h=1x11 oc=6 k=1x5 g=1 path=NONE est~8) ...
plan shape=b8_c1_h1_w11_oc6_wic1_k1x5_g1 split=NONE rows=1 y_step=1 k_step=6 out=1x7 groups=1
shape=b8_c1_h1_w11_oc6_wic1_k1x5_g1 kind=NONE tasks=8 PASS max_diff=0.0031
           PASS running={'PASS': 75, 'FAIL': 9} elapsed= 374.7s  NONE tasks=8 max_diff=0.0031 elapsed=0.9s
[ 85/217] b8_c3_h1_w11_oc6_wic3_k1x1_g1 (b=8 c=3 h=1x11 oc=6 k=1x1 g=1 path=NONE est~8) ...
plan shape=b8_c3_h1_w11_oc6_wic3_k1x1_g1 split=NONE rows=1 y_step=1 k_step=6 out=1x11 groups=1
shape=b8_c3_h1_w11_oc6_wic3_k1x1_g1 kind=NONE tasks=8 PASS max_diff=0.0019
           PASS running={'PASS': 76, 'FAIL': 9} elapsed= 375.6s  NONE tasks=8 max_diff=0.0019 elapsed=0.9s
[ 86/217] b8_c3_h1_w11_oc6_wic3_k1x2_g1 (b=8 c=3 h=1x11 oc=6 k=1x2 g=1 path=NONE est~8) ...
plan shape=b8_c3_h1_w11_oc6_wic3_k1x2_g1 split=NONE rows=1 y_step=1 k_step=6 out=1x10 groups=1
shape=b8_c3_h1_w11_oc6_wic3_k1x2_g1 kind=NONE tasks=8 PASS max_diff=0.0029
           PASS running={'PASS': 77, 'FAIL': 9} elapsed= 376.5s  NONE tasks=8 max_diff=0.0029 elapsed=0.9s
[ 87/217] b8_c3_h1_w11_oc6_wic3_k1x5_g1 (b=8 c=3 h=1x11 oc=6 k=1x5 g=1 path=NONE est~8) ...
plan shape=b8_c3_h1_w11_oc6_wic3_k1x5_g1 split=NONE rows=1 y_step=1 k_step=6 out=1x7 groups=1
shape=b8_c3_h1_w11_oc6_wic3_k1x5_g1 kind=NONE tasks=8 PASS max_diff=0.0039
           PASS running={'PASS': 78, 'FAIL': 9} elapsed= 377.3s  NONE tasks=8 max_diff=0.0039 elapsed=0.9s
[ 88/217] b8_c3_h1_w11_oc6_wic1_k1x5_g3 (b=8 c=3 h=1x11 oc=6 k=1x5 g=3 path=grouped_serial est~24) ...
plan shape=b8_c3_h1_w11_oc6_wic1_k1x5_g3 split=NONE rows=1 y_step=1 k_step=6 out=1x7 groups=3
shape=b8_c3_h1_w11_oc6_wic1_k1x5_g3 kind=grouped_serial tasks=24 PASS max_diff=0.0020
           PASS running={'PASS': 79, 'FAIL': 9} elapsed= 380.2s  grouped_serial tasks=24 max_diff=0.0020 elapsed=2.8s
[ 89/217] b1_c3_h54_w54_oc6_wic3_k1x1_g1 (b=1 c=3 h=54x54 oc=6 k=1x1 g=1 path=BY_Y est~3) ...
plan shape=b1_c3_h54_w54_oc6_wic3_k1x1_g1 split=BY_Y rows=3 y_step=18 k_step=6 out=54x54 groups=1
shape=b1_c3_h54_w54_oc6_wic3_k1x1_g1 kind=BY_Y tasks=3 PASS max_diff=0.0038
           PASS running={'PASS': 80, 'FAIL': 9} elapsed= 380.5s  BY_Y tasks=3 max_diff=0.0038 elapsed=0.3s
[ 90/217] b1_c3_h56_w56_oc6_wic3_k1x1_g1 (b=1 c=3 h=56x56 oc=6 k=1x1 g=1 path=BY_Y est~4) ...
plan shape=b1_c3_h56_w56_oc6_wic3_k1x1_g1 split=BY_Y rows=4 y_step=17 k_step=6 out=56x56 groups=1
shape=b1_c3_h56_w56_oc6_wic3_k1x1_g1 kind=BY_Y tasks=4 PASS max_diff=0.0020
           PASS running={'PASS': 81, 'FAIL': 9} elapsed= 380.9s  BY_Y tasks=4 max_diff=0.0020 elapsed=0.4s
[ 91/217] b1_c3_h58_w58_oc6_wic3_k1x1_g1 (b=1 c=3 h=58x58 oc=6 k=1x1 g=1 path=BY_Y est~4) ...
plan shape=b1_c3_h58_w58_oc6_wic3_k1x1_g1 split=BY_Y rows=4 y_step=17 k_step=6 out=58x58 groups=1
shape=b1_c3_h58_w58_oc6_wic3_k1x1_g1 kind=BY_Y tasks=4 PASS max_diff=0.0023
           PASS running={'PASS': 82, 'FAIL': 9} elapsed= 381.4s  BY_Y tasks=4 max_diff=0.0023 elapsed=0.4s
[ 92/217] b1_c3_h60_w60_oc6_wic3_k1x1_g1 (b=1 c=3 h=60x60 oc=6 k=1x1 g=1 path=BY_Y est~4) ...
plan shape=b1_c3_h60_w60_oc6_wic3_k1x1_g1 split=BY_Y rows=4 y_step=16 k_step=6 out=60x60 groups=1
shape=b1_c3_h60_w60_oc6_wic3_k1x1_g1 kind=BY_Y tasks=4 PASS max_diff=0.0038
           PASS running={'PASS': 83, 'FAIL': 9} elapsed= 381.8s  BY_Y tasks=4 max_diff=0.0038 elapsed=0.4s
[ 93/217] b1_c3_h62_w62_oc6_wic3_k1x1_g1 (b=1 c=3 h=62x62 oc=6 k=1x1 g=1 path=BY_Y est~4) ...
plan shape=b1_c3_h62_w62_oc6_wic3_k1x1_g1 split=BY_Y rows=4 y_step=16 k_step=6 out=62x62 groups=1
shape=b1_c3_h62_w62_oc6_wic3_k1x1_g1 kind=BY_Y tasks=4 PASS max_diff=0.0020
           PASS running={'PASS': 84, 'FAIL': 9} elapsed= 382.3s  BY_Y tasks=4 max_diff=0.0020 elapsed=0.4s
[ 94/217] b1_c3_h64_w64_oc6_wic3_k1x1_g1 (b=1 c=3 h=64x64 oc=6 k=1x1 g=1 path=BY_Y est~5) ...
plan shape=b1_c3_h64_w64_oc6_wic3_k1x1_g1 split=BY_Y rows=5 y_step=15 k_step=6 out=64x64 groups=1
shape=b1_c3_h64_w64_oc6_wic3_k1x1_g1 kind=BY_Y tasks=5 PASS max_diff=0.0020
           PASS running={'PASS': 85, 'FAIL': 9} elapsed= 382.8s  BY_Y tasks=5 max_diff=0.0020 elapsed=0.6s
[ 95/217] b1_c3_h66_w66_oc6_wic3_k1x1_g1 (b=1 c=3 h=66x66 oc=6 k=1x1 g=1 path=BY_Y est~5) ...
plan shape=b1_c3_h66_w66_oc6_wic3_k1x1_g1 split=BY_Y rows=5 y_step=15 k_step=6 out=66x66 groups=1
shape=b1_c3_h66_w66_oc6_wic3_k1x1_g1 kind=BY_Y tasks=5 PASS max_diff=0.0020
           PASS running={'PASS': 86, 'FAIL': 9} elapsed= 383.4s  BY_Y tasks=5 max_diff=0.0020 elapsed=0.6s
[ 96/217] b1_c3_h68_w68_oc6_wic3_k1x1_g1 (b=1 c=3 h=68x68 oc=6 k=1x1 g=1 path=BY_Y est~5) ...
plan shape=b1_c3_h68_w68_oc6_wic3_k1x1_g1 split=BY_Y rows=5 y_step=14 k_step=6 out=68x68 groups=1
shape=b1_c3_h68_w68_oc6_wic3_k1x1_g1 kind=BY_Y tasks=5 PASS max_diff=0.0020
           PASS running={'PASS': 87, 'FAIL': 9} elapsed= 383.9s  BY_Y tasks=5 max_diff=0.0020 elapsed=0.6s
[ 97/217] b1_c3_h70_w70_oc6_wic3_k1x1_g1 (b=1 c=3 h=70x70 oc=6 k=1x1 g=1 path=BY_Y est~5) ...
plan shape=b1_c3_h70_w70_oc6_wic3_k1x1_g1 split=BY_Y rows=5 y_step=14 k_step=6 out=70x70 groups=1
shape=b1_c3_h70_w70_oc6_wic3_k1x1_g1 kind=BY_Y tasks=5 PASS max_diff=0.0037
           PASS running={'PASS': 88, 'FAIL': 9} elapsed= 384.5s  BY_Y tasks=5 max_diff=0.0037 elapsed=0.6s
[ 98/217] b1_c3_h72_w72_oc6_wic3_k1x1_g1 (b=1 c=3 h=72x72 oc=6 k=1x1 g=1 path=BY_Y est~6) ...
plan shape=b1_c3_h72_w72_oc6_wic3_k1x1_g1 split=BY_Y rows=6 y_step=13 k_step=6 out=72x72 groups=1
shape=b1_c3_h72_w72_oc6_wic3_k1x1_g1 kind=BY_Y tasks=6 PASS max_diff=0.0031
           PASS running={'PASS': 89, 'FAIL': 9} elapsed= 385.1s  BY_Y tasks=6 max_diff=0.0031 elapsed=0.7s
[ 99/217] b1_c256_h14_w14_oc512_wic256_k1x1_g1 (b=1 c=256 h=14x14 oc=512 k=1x1 g=1 path=BY_K est~16) ...
plan shape=b1_c256_h14_w14_oc512_wic256_k1x1_g1 split=BY_K rows=16 y_step=14 k_step=32 out=14x14 groups=1
shape=b1_c256_h14_w14_oc512_wic256_k1x1_g1 kind=BY_K tasks=16 FAIL max_diff=83.8131
           FAIL running={'PASS': 89, 'FAIL': 10} elapsed= 386.9s  BY_K tasks=16 max_diff=83.8131 elapsed=1.7s
[100/217] b1_c384_h14_w14_oc96_wic384_k1x1_g1 (b=1 c=384 h=14x14 oc=96 k=1x1 g=1 path=BY_K est~3) ...
plan shape=b1_c384_h14_w14_oc96_wic384_k1x1_g1 split=BY_K rows=3 y_step=14 k_step=32 out=14x14 groups=1
shape=b1_c384_h14_w14_oc96_wic384_k1x1_g1 kind=BY_K tasks=3 FAIL max_diff=129.0658
           FAIL running={'PASS': 89, 'FAIL': 11} elapsed= 387.2s  BY_K tasks=3 max_diff=129.0658 elapsed=0.3s
[101/217] b1_c480_h14_w14_oc96_wic480_k1x1_g1 (b=1 c=480 h=14x14 oc=96 k=1x1 g=1 path=BY_K est~3) ...
plan shape=b1_c480_h14_w14_oc96_wic480_k1x1_g1 split=BY_K rows=3 y_step=14 k_step=32 out=14x14 groups=1
shape=b1_c480_h14_w14_oc96_wic480_k1x1_g1 kind=BY_K tasks=3 FAIL max_diff=170.9862
           FAIL running={'PASS': 89, 'FAIL': 12} elapsed= 387.6s  BY_K tasks=3 max_diff=170.9862 elapsed=0.3s
[102/217] b1_c480_h14_w14_oc16_wic480_k1x1_g1 (b=1 c=480 h=14x14 oc=16 k=1x1 g=1 path=NONE est~1) ...
plan shape=b1_c480_h14_w14_oc16_wic480_k1x1_g1 split=NONE rows=1 y_step=14 k_step=16 out=14x14 groups=1
shape=b1_c480_h14_w14_oc16_wic480_k1x1_g1 kind=NONE tasks=1 FAIL max_diff=123.3574
           FAIL running={'PASS': 89, 'FAIL': 13} elapsed= 387.7s  NONE tasks=1 max_diff=123.3574 elapsed=0.1s
[103/217] b1_c512_h14_w14_oc112_wic512_k1x1_g1 (b=1 c=512 h=14x14 oc=112 k=1x1 g=1 path=BY_K est~4) ...
plan shape=b1_c512_h14_w14_oc112_wic512_k1x1_g1 split=BY_K rows=4 y_step=14 k_step=32 out=14x14 groups=1
shape=b1_c512_h14_w14_oc112_wic512_k1x1_g1 kind=BY_K tasks=4 FAIL max_diff=160.8520
           FAIL running={'PASS': 89, 'FAIL': 14} elapsed= 388.1s  BY_K tasks=4 max_diff=160.8520 elapsed=0.4s
[104/217] b1_c512_h14_w14_oc24_wic512_k1x1_g1 (b=1 c=512 h=14x14 oc=24 k=1x1 g=1 path=NONE est~1) ...
plan shape=b1_c512_h14_w14_oc24_wic512_k1x1_g1 split=NONE rows=1 y_step=14 k_step=24 out=14x14 groups=1
shape=b1_c512_h14_w14_oc24_wic512_k1x1_g1 kind=NONE tasks=1 FAIL max_diff=135.6888
           FAIL running={'PASS': 89, 'FAIL': 15} elapsed= 388.2s  NONE tasks=1 max_diff=135.6888 elapsed=0.1s
[105/217] b1_c512_h14_w14_oc32_wic512_k1x1_g1 (b=1 c=512 h=14x14 oc=32 k=1x1 g=1 path=NONE est~1) ...
plan shape=b1_c512_h14_w14_oc32_wic512_k1x1_g1 split=NONE rows=1 y_step=14 k_step=32 out=14x14 groups=1
shape=b1_c512_h14_w14_oc32_wic512_k1x1_g1 kind=NONE tasks=1 FAIL max_diff=135.6888
           FAIL running={'PASS': 89, 'FAIL': 16} elapsed= 388.4s  NONE tasks=1 max_diff=135.6888 elapsed=0.1s
[106/217] b1_c512_h14_w14_oc512_wic512_k1x1_g1 (b=1 c=512 h=14x14 oc=512 k=1x1 g=1 path=BY_K est~16) ...
plan shape=b1_c512_h14_w14_oc512_wic512_k1x1_g1 split=BY_K rows=16 y_step=14 k_step=32 out=14x14 groups=1
shape=b1_c512_h14_w14_oc512_wic512_k1x1_g1 kind=BY_K tasks=16 FAIL max_diff=166.6461
           FAIL running={'PASS': 89, 'FAIL': 17} elapsed= 390.1s  BY_K tasks=16 max_diff=166.6461 elapsed=1.8s
[107/217] b1_c512_h7_w7_oc1024_wic512_k1x1_g1 (b=1 c=512 h=7x7 oc=1024 k=1x1 g=1 path=BY_K est~32) ...
plan shape=b1_c512_h7_w7_oc1024_wic512_k1x1_g1 split=BY_K rows=32 y_step=7 k_step=32 out=7x7 groups=1
shape=b1_c512_h7_w7_oc1024_wic512_k1x1_g1 kind=BY_K tasks=32 PASS max_diff=0.0312
           PASS running={'PASS': 90, 'FAIL': 17} elapsed= 393.6s  BY_K tasks=32 max_diff=0.0312 elapsed=3.5s
[108/217] b1_c528_h14_w14_oc256_wic528_k1x1_g1 (b=1 c=528 h=14x14 oc=256 k=1x1 g=1 path=BY_K est~8) ...
plan shape=b1_c528_h14_w14_oc256_wic528_k1x1_g1 split=BY_K rows=8 y_step=14 k_step=32 out=14x14 groups=1
shape=b1_c528_h14_w14_oc256_wic528_k1x1_g1 kind=BY_K tasks=8 FAIL max_diff=182.6647
           FAIL running={'PASS': 90, 'FAIL': 18} elapsed= 394.6s  BY_K tasks=8 max_diff=182.6647 elapsed=1.0s
[109/217] b1_c528_h14_w14_oc160_wic528_k1x1_g1 (b=1 c=528 h=14x14 oc=160 k=1x1 g=1 path=BY_K est~5) ...
plan shape=b1_c528_h14_w14_oc160_wic528_k1x1_g1 split=BY_K rows=5 y_step=14 k_step=32 out=14x14 groups=1
shape=b1_c528_h14_w14_oc160_wic528_k1x1_g1 kind=BY_K tasks=5 FAIL max_diff=168.3636
           FAIL running={'PASS': 90, 'FAIL': 19} elapsed= 395.2s  BY_K tasks=5 max_diff=168.3636 elapsed=0.6s
[110/217] b1_c528_h14_w14_oc32_wic528_k1x1_g1 (b=1 c=528 h=14x14 oc=32 k=1x1 g=1 path=BY_K est~2) ...
plan shape=b1_c528_h14_w14_oc32_wic528_k1x1_g1 split=BY_K rows=2 y_step=14 k_step=16 out=14x14 groups=1
shape=b1_c528_h14_w14_oc32_wic528_k1x1_g1 kind=BY_K tasks=2 FAIL max_diff=148.4294
           FAIL running={'PASS': 90, 'FAIL': 20} elapsed= 395.5s  BY_K tasks=2 max_diff=148.4294 elapsed=0.2s
[111/217] b1_c528_h14_w14_oc128_wic528_k1x1_g1 (b=1 c=528 h=14x14 oc=128 k=1x1 g=1 path=BY_K est~4) ...
plan shape=b1_c528_h14_w14_oc128_wic528_k1x1_g1 split=BY_K rows=4 y_step=14 k_step=32 out=14x14 groups=1
shape=b1_c528_h14_w14_oc128_wic528_k1x1_g1 kind=BY_K tasks=4 FAIL max_diff=166.3944
           FAIL running={'PASS': 90, 'FAIL': 21} elapsed= 395.9s  BY_K tasks=4 max_diff=166.3944 elapsed=0.5s
[112/217] b1_c576_h14_w14_oc96_wic576_k1x1_g1 (b=1 c=576 h=14x14 oc=96 k=1x1 g=1 path=BY_K est~3) ...
plan shape=b1_c576_h14_w14_oc96_wic576_k1x1_g1 split=BY_K rows=3 y_step=14 k_step=32 out=14x14 groups=1
shape=b1_c576_h14_w14_oc96_wic576_k1x1_g1 kind=BY_K tasks=3 FAIL max_diff=188.3107
           FAIL running={'PASS': 90, 'FAIL': 22} elapsed= 396.3s  BY_K tasks=3 max_diff=188.3107 elapsed=0.4s
[113/217] b1_c832_h7_w7_oc48_wic832_k1x1_g1 (b=1 c=832 h=7x7 oc=48 k=1x1 g=1 path=BY_K est~3) ...
plan shape=b1_c832_h7_w7_oc48_wic832_k1x1_g1 split=BY_K rows=3 y_step=7 k_step=16 out=7x7 groups=1
shape=b1_c832_h7_w7_oc48_wic832_k1x1_g1 kind=BY_K tasks=3 PASS max_diff=0.0382
           PASS running={'PASS': 91, 'FAIL': 22} elapsed= 396.6s  BY_K tasks=3 max_diff=0.0382 elapsed=0.3s
[114/217] b1_c1024_h7_w7_oc1024_wic1024_k1x1_g1 (b=1 c=1024 h=7x7 oc=1024 k=1x1 g=1 path=BY_K est~32) ...
plan shape=b1_c1024_h7_w7_oc1024_wic1024_k1x1_g1 split=BY_K rows=32 y_step=7 k_step=32 out=7x7 groups=1
shape=b1_c1024_h7_w7_oc1024_wic1024_k1x1_g1 kind=BY_K tasks=32 FAIL max_diff=88.7722
           FAIL running={'PASS': 91, 'FAIL': 23} elapsed= 400.2s  BY_K tasks=32 max_diff=88.7722 elapsed=3.5s
[115/217] b1_c1024_h1_w1_oc1001_wic1024_k1x1_g1 (b=1 c=1024 h=1x1 oc=1001 k=1x1 g=1 path=BY_K est~32) ...
plan shape=b1_c1024_h1_w1_oc1001_wic1024_k1x1_g1 split=BY_K rows=32 y_step=1 k_step=32 out=1x1 groups=1
shape=b1_c1024_h1_w1_oc1001_wic1024_k1x1_g1 kind=BY_K tasks=32 FAIL max_diff=145.2342
           FAIL running={'PASS': 91, 'FAIL': 24} elapsed= 403.8s  BY_K tasks=32 max_diff=145.2342 elapsed=3.6s
[116/217] b1_c1280_h10_w10_oc24_wic1280_k1x1_g1 (b=1 c=1280 h=10x10 oc=24 k=1x1 g=1 path=BY_K est~3) ...
plan shape=b1_c1280_h10_w10_oc24_wic1280_k1x1_g1 split=BY_K rows=3 y_step=10 k_step=8 out=10x10 groups=1
shape=b1_c1280_h10_w10_oc24_wic1280_k1x1_g1 kind=BY_K tasks=3 FAIL max_diff=197.7800
           FAIL running={'PASS': 91, 'FAIL': 25} elapsed= 404.1s  BY_K tasks=3 max_diff=197.7800 elapsed=0.4s
[117/217] b1_c1280_h10_w10_oc546_wic1280_k1x1_g1 (b=1 c=1280 h=10x10 oc=546 k=1x1 g=1 path=BY_K est~18) ...
plan shape=b1_c1280_h10_w10_oc546_wic1280_k1x1_g1 split=BY_K rows=18 y_step=10 k_step=32 out=10x10 groups=1
shape=b1_c1280_h10_w10_oc546_wic1280_k1x1_g1 kind=BY_K tasks=18 FAIL max_diff=299.4319
           FAIL running={'PASS': 91, 'FAIL': 26} elapsed= 406.2s  BY_K tasks=18 max_diff=299.4319 elapsed=2.0s
[118/217] b1_c32_h112_w112_oc32_wic1_k3x3_g32 (b=1 c=32 h=112x112 oc=32 k=3x3 g=32 path=depthwise_serial est~32) ...
plan shape=b1_c32_h112_w112_oc32_wic1_k3x3_g32 split=BY_Y rows=10 y_step=12 k_step=32 out=110x110 groups=32
shape=b1_c32_h112_w112_oc32_wic1_k3x3_g32 kind=depthwise_serial tasks=32 PASS max_diff=0.0075
           PASS running={'PASS': 92, 'FAIL': 26} elapsed= 409.6s  depthwise_serial tasks=32 max_diff=0.0075 elapsed=3.5s
[119/217] b1_c64_h112_w112_oc64_wic1_k3x3_g64 (b=1 c=64 h=112x112 oc=64 k=3x3 g=64 path=depthwise_serial est~64) ...
plan shape=b1_c64_h112_w112_oc64_wic1_k3x3_g64 split=BY_YK rows=20 y_step=12 k_step=32 out=110x110 groups=64
shape=b1_c64_h112_w112_oc64_wic1_k3x3_g64 kind=depthwise_serial tasks=64 PASS max_diff=0.0075
           PASS running={'PASS': 93, 'FAIL': 26} elapsed= 416.6s  depthwise_serial tasks=64 max_diff=0.0075 elapsed=7.0s
[120/217] b1_c128_h56_w56_oc128_wic1_k3x3_g128 (b=1 c=128 h=56x56 oc=128 k=3x3 g=128 path=depthwise_serial est~128) ...
plan shape=b1_c128_h56_w56_oc128_wic1_k3x3_g128 split=BY_YK rows=20 y_step=12 k_step=32 out=54x54 groups=128
shape=b1_c128_h56_w56_oc128_wic1_k3x3_g128 kind=depthwise_serial tasks=128 PASS max_diff=0.0078
           PASS running={'PASS': 94, 'FAIL': 26} elapsed= 430.3s  depthwise_serial tasks=128 max_diff=0.0078 elapsed=13.7s
[121/217] b1_c256_h28_w28_oc256_wic1_k3x3_g256 (b=1 c=256 h=28x28 oc=256 k=3x3 g=256 path=depthwise_serial est~256) ...
plan shape=b1_c256_h28_w28_oc256_wic1_k3x3_g256 split=BY_YK rows=24 y_step=12 k_step=32 out=26x26 groups=256
shape=b1_c256_h28_w28_oc256_wic1_k3x3_g256 kind=depthwise_serial tasks=256 PASS max_diff=0.0075
           PASS running={'PASS': 95, 'FAIL': 26} elapsed= 457.9s  depthwise_serial tasks=256 max_diff=0.0075 elapsed=27.6s
[122/217] b1_c512_h14_w14_oc512_wic1_k3x3_g512 (b=1 c=512 h=14x14 oc=512 k=3x3 g=512 path=depthwise_serial est~512 SLOW_DW est_tasks=512) ...
plan shape=b1_c512_h14_w14_oc512_wic1_k3x3_g512 split=BY_K rows=16 y_step=12 k_step=32 out=12x12 groups=512
shape=b1_c512_h14_w14_oc512_wic1_k3x3_g512 kind=depthwise_serial tasks=512 PASS max_diff=0.0076
           PASS running={'PASS': 96, 'FAIL': 26} elapsed= 512.7s  depthwise_serial tasks=512 max_diff=0.0076 elapsed=54.8s SLOW_DW est_tasks=512
[123/217] b1_c1024_h7_w7_oc1024_wic1_k3x3_g1024 (b=1 c=1024 h=7x7 oc=1024 k=3x3 g=1024 path=depthwise_serial est~1024 SLOW_DW est_tasks=1024) ...
plan shape=b1_c1024_h7_w7_oc1024_wic1_k3x3_g1024 split=BY_K rows=32 y_step=5 k_step=32 out=5x5 groups=1024
shape=b1_c1024_h7_w7_oc1024_wic1_k3x3_g1024 kind=depthwise_serial tasks=1024 PASS max_diff=0.0064
           PASS running={'PASS': 97, 'FAIL': 26} elapsed= 623.2s  depthwise_serial tasks=1024 max_diff=0.0064 elapsed=110.5s SLOW_DW est_tasks=1024
[124/217] b1_c1024_h7_w7_oc1024_wic1_k7x7_g1024 (b=1 c=1024 h=7x7 oc=1024 k=7x7 g=1024 path=depthwise_serial est~1024 SLOW_DW est_tasks=1024) ...
plan shape=b1_c1024_h7_w7_oc1024_wic1_k7x7_g1024 split=BY_K rows=32 y_step=1 k_step=32 out=1x1 groups=1024
shape=b1_c1024_h7_w7_oc1024_wic1_k7x7_g1024 kind=depthwise_serial tasks=1024 PASS max_diff=0.0078
           PASS running={'PASS': 98, 'FAIL': 26} elapsed= 734.6s  depthwise_serial tasks=1024 max_diff=0.0078 elapsed=111.4s SLOW_DW est_tasks=1024
[125/217] b1_c32_h112_w112_oc16_wic32_k1x1_g1 (b=1 c=32 h=112x112 oc=16 k=1x1 g=1 path=BY_Y est~4) ...
plan shape=b1_c32_h112_w112_oc16_wic32_k1x1_g1 split=BY_Y rows=4 y_step=32 k_step=16 out=112x112 groups=1
shape=b1_c32_h112_w112_oc16_wic32_k1x1_g1 kind=BY_Y tasks=4 PASS max_diff=0.0146
           PASS running={'PASS': 99, 'FAIL': 26} elapsed= 735.1s  BY_Y tasks=4 max_diff=0.0146 elapsed=0.5s
[126/217] b1_c32_h112_w112_oc64_wic32_k1x1_g1 (b=1 c=32 h=112x112 oc=64 k=1x1 g=1 path=BY_YK est~8) ...
plan shape=b1_c32_h112_w112_oc64_wic32_k1x1_g1 split=BY_YK rows=8 y_step=32 k_step=32 out=112x112 groups=1
shape=b1_c32_h112_w112_oc64_wic32_k1x1_g1 kind=BY_YK tasks=8 PASS max_diff=0.0146
           PASS running={'PASS': 100, 'FAIL': 26} elapsed= 736.1s  BY_YK tasks=8 max_diff=0.0146 elapsed=1.0s
[127/217] b1_c64_h56_w56_oc128_wic64_k1x1_g1 (b=1 c=64 h=56x56 oc=128 k=1x1 g=1 path=BY_YK est~8) ...
plan shape=b1_c64_h56_w56_oc128_wic64_k1x1_g1 split=BY_YK rows=8 y_step=32 k_step=32 out=56x56 groups=1
shape=b1_c64_h56_w56_oc128_wic64_k1x1_g1 kind=BY_YK tasks=8 PASS max_diff=0.0156
           PASS running={'PASS': 101, 'FAIL': 26} elapsed= 737.0s  BY_YK tasks=8 max_diff=0.0156 elapsed=0.9s
[128/217] b1_c128_h56_w56_oc128_wic128_k1x1_g1 (b=1 c=128 h=56x56 oc=128 k=1x1 g=1 path=BY_YK est~12) ...
plan shape=b1_c128_h56_w56_oc128_wic128_k1x1_g1 split=BY_YK rows=12 y_step=25 k_step=32 out=56x56 groups=1
shape=b1_c128_h56_w56_oc128_wic128_k1x1_g1 kind=BY_YK tasks=12 PASS max_diff=0.0312
           PASS running={'PASS': 102, 'FAIL': 26} elapsed= 738.4s  BY_YK tasks=12 max_diff=0.0312 elapsed=1.3s
[129/217] b1_c128_h28_w28_oc256_wic128_k1x1_g1 (b=1 c=128 h=28x28 oc=256 k=1x1 g=1 path=BY_K est~8) ...
plan shape=b1_c128_h28_w28_oc256_wic128_k1x1_g1 split=BY_K rows=8 y_step=28 k_step=32 out=28x28 groups=1
shape=b1_c128_h28_w28_oc256_wic128_k1x1_g1 kind=BY_K tasks=8 FAIL max_diff=109.2934
           FAIL running={'PASS': 102, 'FAIL': 27} elapsed= 739.3s  BY_K tasks=8 max_diff=109.2934 elapsed=0.9s
[130/217] b1_c256_h28_w28_oc256_wic256_k1x1_g1 (b=1 c=256 h=28x28 oc=256 k=1x1 g=1 path=BY_YK est~16) ...
plan shape=b1_c256_h28_w28_oc256_wic256_k1x1_g1 split=BY_YK rows=16 y_step=22 k_step=32 out=28x28 groups=1
shape=b1_c256_h28_w28_oc256_wic256_k1x1_g1 kind=BY_YK tasks=16 PASS max_diff=0.0312
           PASS running={'PASS': 103, 'FAIL': 27} elapsed= 741.1s  BY_YK tasks=16 max_diff=0.0312 elapsed=1.8s
[131/217] b1_c3_h224_w224_oc32_wic3_k3x3_g1 (b=1 c=3 h=224x224 oc=32 k=3x3 g=1 path=BY_Y est~3) ...
plan shape=b1_c3_h224_w224_oc32_wic3_k3x3_g1 split=BY_Y rows=3 y_step=95 k_step=32 out=222x222 groups=1
shape=b1_c3_h224_w224_oc32_wic3_k3x3_g1 kind=BY_Y tasks=3 FAIL max_diff=48.4240
           FAIL running={'PASS': 103, 'FAIL': 28} elapsed= 741.7s  BY_Y tasks=3 max_diff=48.4240 elapsed=0.6s
[132/217] b1_c96_h112_w112_oc96_wic1_k3x3_g96_s1_pvalid (b=1 c=96 h=112x112 oc=96 k=3x3 g=96 path=depthwise_serial est~96) ...
plan shape=b1_c96_h112_w112_oc96_wic1_k3x3_g96_s1_pvalid split=BY_YK rows=30 y_step=12 k_step=32 out=110x110 groups=96
shape=b1_c96_h112_w112_oc96_wic1_k3x3_g96_s1_pvalid kind=depthwise_serial tasks=96 PASS max_diff=0.0077
           PASS running={'PASS': 104, 'FAIL': 28} elapsed= 752.3s  depthwise_serial tasks=96 max_diff=0.0077 elapsed=10.6s
[133/217] b1_c144_h56_w56_oc144_wic1_k3x3_g144_s1_pvalid (b=1 c=144 h=56x56 oc=144 k=3x3 g=144 path=depthwise_serial est~144) ...
plan shape=b1_c144_h56_w56_oc144_wic1_k3x3_g144_s1_pvalid split=BY_YK rows=25 y_step=12 k_step=32 out=54x54 groups=144
shape=b1_c144_h56_w56_oc144_wic1_k3x3_g144_s1_pvalid kind=depthwise_serial tasks=144 PASS max_diff=0.0077
           PASS running={'PASS': 105, 'FAIL': 28} elapsed= 768.1s  depthwise_serial tasks=144 max_diff=0.0077 elapsed=15.8s
[134/217] b1_c192_h28_w28_oc96_wic192_k1x1_g1_s1_pvalid (b=1 c=192 h=28x28 oc=96 k=1x1 g=1 path=BY_K est~3) ...
plan shape=b1_c192_h28_w28_oc96_wic192_k1x1_g1_s1_pvalid split=BY_K rows=3 y_step=28 k_step=32 out=28x28 groups=1
shape=b1_c192_h28_w28_oc96_wic192_k1x1_g1_s1_pvalid kind=BY_K tasks=3 FAIL max_diff=116.0390
           FAIL running={'PASS': 105, 'FAIL': 29} elapsed= 768.5s  BY_K tasks=3 max_diff=116.0390 elapsed=0.4s
[135/217] b1_c32_h14_w14_oc64_wic32_k3x3_g1_s1_pvalid (b=1 c=32 h=14x14 oc=64 k=3x3 g=1 path=NONE est~1) ...
plan shape=b1_c32_h14_w14_oc64_wic32_k3x3_g1_s1_pvalid split=NONE rows=1 y_step=12 k_step=64 out=12x12 groups=1
shape=b1_c32_h14_w14_oc64_wic32_k3x3_g1_s1_pvalid kind=NONE tasks=1 PASS max_diff=0.0304
           PASS running={'PASS': 106, 'FAIL': 29} elapsed= 768.6s  NONE tasks=1 max_diff=0.0304 elapsed=0.1s
[136/217] b1_c528_h14_w14_oc256_wic528_k1x1_g1_s1_pvalid (b=1 c=528 h=14x14 oc=256 k=1x1 g=1 path=BY_K est~8) ...
plan shape=b1_c528_h14_w14_oc256_wic528_k1x1_g1_s1_pvalid split=BY_K rows=8 y_step=14 k_step=32 out=14x14 groups=1
shape=b1_c528_h14_w14_oc256_wic528_k1x1_g1_s1_pvalid kind=BY_K tasks=8 FAIL max_diff=182.6647
           FAIL running={'PASS': 106, 'FAIL': 30} elapsed= 769.5s  BY_K tasks=8 max_diff=182.6647 elapsed=0.9s
[137/217] b1_c528_h14_w14_oc160_wic528_k1x1_g1_s1_pvalid (b=1 c=528 h=14x14 oc=160 k=1x1 g=1 path=BY_K est~5) ...
plan shape=b1_c528_h14_w14_oc160_wic528_k1x1_g1_s1_pvalid split=BY_K rows=5 y_step=14 k_step=32 out=14x14 groups=1
shape=b1_c528_h14_w14_oc160_wic528_k1x1_g1_s1_pvalid kind=BY_K tasks=5 FAIL max_diff=168.3636
           FAIL running={'PASS': 106, 'FAIL': 31} elapsed= 770.1s  BY_K tasks=5 max_diff=168.3636 elapsed=0.5s
[138/217] b1_c160_h14_w14_oc320_wic160_k3x3_g1_s1_pvalid (b=1 c=160 h=14x14 oc=320 k=3x3 g=1 path=BY_K est~10) ...
plan shape=b1_c160_h14_w14_oc320_wic160_k3x3_g1_s1_pvalid split=BY_K rows=10 y_step=12 k_step=32 out=12x12 groups=1
shape=b1_c160_h14_w14_oc320_wic160_k3x3_g1_s1_pvalid kind=BY_K tasks=10 PASS max_diff=0.0625
           PASS running={'PASS': 107, 'FAIL': 31} elapsed= 771.4s  BY_K tasks=10 max_diff=0.0625 elapsed=1.3s
[139/217] b1_c528_h14_w14_oc32_wic528_k1x1_g1_s1_pvalid (b=1 c=528 h=14x14 oc=32 k=1x1 g=1 path=BY_K est~2) ...
plan shape=b1_c528_h14_w14_oc32_wic528_k1x1_g1_s1_pvalid split=BY_K rows=2 y_step=14 k_step=16 out=14x14 groups=1
shape=b1_c528_h14_w14_oc32_wic528_k1x1_g1_s1_pvalid kind=BY_K tasks=2 FAIL max_diff=148.4294
           FAIL running={'PASS': 107, 'FAIL': 32} elapsed= 771.6s  BY_K tasks=2 max_diff=148.4294 elapsed=0.2s
[140/217] b1_c32_h14_w14_oc128_wic32_k3x3_g1_s1_pvalid (b=1 c=32 h=14x14 oc=128 k=3x3 g=1 path=NONE est~1) ...
plan shape=b1_c32_h14_w14_oc128_wic32_k3x3_g1_s1_pvalid split=NONE rows=1 y_step=12 k_step=128 out=12x12 groups=1
shape=b1_c32_h14_w14_oc128_wic32_k3x3_g1_s1_pvalid kind=NONE tasks=1 PASS max_diff=0.0304
           PASS running={'PASS': 108, 'FAIL': 32} elapsed= 771.8s  NONE tasks=1 max_diff=0.0304 elapsed=0.2s
[141/217] b1_c528_h14_w14_oc128_wic528_k1x1_g1_s1_pvalid (b=1 c=528 h=14x14 oc=128 k=1x1 g=1 path=BY_K est~4) ...
plan shape=b1_c528_h14_w14_oc128_wic528_k1x1_g1_s1_pvalid split=BY_K rows=4 y_step=14 k_step=32 out=14x14 groups=1
shape=b1_c528_h14_w14_oc128_wic528_k1x1_g1_s1_pvalid kind=BY_K tasks=4 FAIL max_diff=166.3944
           FAIL running={'PASS': 108, 'FAIL': 33} elapsed= 772.2s  BY_K tasks=4 max_diff=166.3944 elapsed=0.4s
[142/217] b1_c160_h7_w7_oc320_wic160_k3x3_g1_s1_pvalid (b=1 c=160 h=7x7 oc=320 k=3x3 g=1 path=BY_K est~10) ...
plan shape=b1_c160_h7_w7_oc320_wic160_k3x3_g1_s1_pvalid split=BY_K rows=10 y_step=5 k_step=32 out=5x5 groups=1
shape=b1_c160_h7_w7_oc320_wic160_k3x3_g1_s1_pvalid kind=BY_K tasks=10 PASS max_diff=0.0621
           PASS running={'PASS': 109, 'FAIL': 33} elapsed= 773.3s  BY_K tasks=10 max_diff=0.0621 elapsed=1.1s
[143/217] b1_c32_h7_w7_oc128_wic32_k3x3_g1_s1_pvalid (b=1 c=32 h=7x7 oc=128 k=3x3 g=1 path=NONE est~1) ...
plan shape=b1_c32_h7_w7_oc128_wic32_k3x3_g1_s1_pvalid split=NONE rows=1 y_step=5 k_step=128 out=5x5 groups=1
shape=b1_c32_h7_w7_oc128_wic32_k3x3_g1_s1_pvalid kind=NONE tasks=1 PASS max_diff=0.0265
           PASS running={'PASS': 110, 'FAIL': 33} elapsed= 773.5s  NONE tasks=1 max_diff=0.0265 elapsed=0.1s
[144/217] b1_c192_h7_w7_oc384_wic192_k3x3_g1_s1_pvalid (b=1 c=192 h=7x7 oc=384 k=3x3 g=1 path=BY_K est~12) ...
plan shape=b1_c192_h7_w7_oc384_wic192_k3x3_g1_s1_pvalid split=BY_K rows=12 y_step=5 k_step=32 out=5x5 groups=1
shape=b1_c192_h7_w7_oc384_wic192_k3x3_g1_s1_pvalid kind=BY_K tasks=12 PASS max_diff=0.0624
           PASS running={'PASS': 111, 'FAIL': 33} elapsed= 774.8s  BY_K tasks=12 max_diff=0.0624 elapsed=1.4s
[145/217] b1_c832_h7_w7_oc48_wic832_k1x1_g1_s1_pvalid (b=1 c=832 h=7x7 oc=48 k=1x1 g=1 path=BY_K est~3) ...
plan shape=b1_c832_h7_w7_oc48_wic832_k1x1_g1_s1_pvalid split=BY_K rows=3 y_step=7 k_step=16 out=7x7 groups=1
shape=b1_c832_h7_w7_oc48_wic832_k1x1_g1_s1_pvalid kind=BY_K tasks=3 PASS max_diff=0.0382
           PASS running={'PASS': 112, 'FAIL': 33} elapsed= 775.2s  BY_K tasks=3 max_diff=0.0382 elapsed=0.3s
[146/217] b1_c32_h150_w150_oc32_wic1_k3x3_g32_s1_pvalid (b=1 c=32 h=150x150 oc=32 k=3x3 g=32 path=depthwise_serial est~64) ...
plan shape=b1_c32_h150_w150_oc32_wic1_k3x3_g32_s1_pvalid split=BY_Y rows=13 y_step=12 k_step=32 out=148x148 groups=32
shape=b1_c32_h150_w150_oc32_wic1_k3x3_g32_s1_pvalid kind=depthwise_serial tasks=64 PASS max_diff=0.0077
           PASS running={'PASS': 113, 'FAIL': 33} elapsed= 782.2s  depthwise_serial tasks=64 max_diff=0.0077 elapsed=7.1s
[147/217] b1_c32_h150_w150_oc16_wic32_k1x1_g1_s1_pvalid (b=1 c=32 h=150x150 oc=16 k=1x1 g=1 path=BY_Y est~5) ...
plan shape=b1_c32_h150_w150_oc16_wic32_k1x1_g1_s1_pvalid split=BY_Y rows=5 y_step=32 k_step=16 out=150x150 groups=1
shape=b1_c32_h150_w150_oc16_wic32_k1x1_g1_s1_pvalid kind=BY_Y tasks=5 PASS max_diff=0.0156
           PASS running={'PASS': 114, 'FAIL': 33} elapsed= 782.9s  BY_Y tasks=5 max_diff=0.0156 elapsed=0.6s
[148/217] b1_c16_h150_w150_oc96_wic16_k1x1_g1_s1_pvalid (b=1 c=16 h=150x150 oc=96 k=1x1 g=1 path=BY_YK est~15) ...
plan shape=b1_c16_h150_w150_oc96_wic16_k1x1_g1_s1_pvalid split=BY_YK rows=15 y_step=32 k_step=32 out=150x150 groups=1
shape=b1_c16_h150_w150_oc96_wic16_k1x1_g1_s1_pvalid kind=BY_YK tasks=15 PASS max_diff=0.0078
           PASS running={'PASS': 115, 'FAIL': 33} elapsed= 784.6s  BY_YK tasks=15 max_diff=0.0078 elapsed=1.8s
[149/217] b1_c96_h150_w150_oc96_wic1_k3x3_g96_s1_pvalid (b=1 c=96 h=150x150 oc=96 k=3x3 g=96 path=depthwise_serial est~192) ...
plan shape=b1_c96_h150_w150_oc96_wic1_k3x3_g96_s1_pvalid split=BY_YK rows=45 y_step=10 k_step=32 out=148x148 groups=96
shape=b1_c96_h150_w150_oc96_wic1_k3x3_g96_s1_pvalid kind=depthwise_serial tasks=192 PASS max_diff=0.0077
           PASS running={'PASS': 116, 'FAIL': 33} elapsed= 806.2s  depthwise_serial tasks=192 max_diff=0.0077 elapsed=21.6s
[150/217] b1_c96_h75_w75_oc24_wic96_k1x1_g1_s1_pvalid (b=1 c=96 h=75x75 oc=24 k=1x1 g=1 path=BY_Y est~4) ...
plan shape=b1_c96_h75_w75_oc24_wic96_k1x1_g1_s1_pvalid split=BY_Y rows=4 y_step=21 k_step=24 out=75x75 groups=1
shape=b1_c96_h75_w75_oc24_wic96_k1x1_g1_s1_pvalid kind=BY_Y tasks=4 PASS max_diff=0.0156
           PASS running={'PASS': 117, 'FAIL': 33} elapsed= 806.7s  BY_Y tasks=4 max_diff=0.0156 elapsed=0.5s
[151/217] b1_c144_h75_w75_oc144_wic1_k3x3_g144_s1_pvalid (b=1 c=144 h=75x75 oc=144 k=3x3 g=144 path=depthwise_serial est~144) ...
plan shape=b1_c144_h75_w75_oc144_wic1_k3x3_g144_s1_pvalid split=BY_YK rows=35 y_step=12 k_step=32 out=73x73 groups=144
shape=b1_c144_h75_w75_oc144_wic1_k3x3_g144_s1_pvalid kind=depthwise_serial tasks=144 PASS max_diff=0.0076
           PASS running={'PASS': 118, 'FAIL': 33} elapsed= 822.5s  depthwise_serial tasks=144 max_diff=0.0076 elapsed=15.8s
[152/217] b1_c144_h75_w75_oc24_wic144_k1x1_g1_s1_pvalid (b=1 c=144 h=75x75 oc=24 k=1x1 g=1 path=BY_Y est~5) ...
plan shape=b1_c144_h75_w75_oc24_wic144_k1x1_g1_s1_pvalid split=BY_Y rows=5 y_step=16 k_step=24 out=75x75 groups=1
shape=b1_c144_h75_w75_oc24_wic144_k1x1_g1_s1_pvalid kind=BY_Y tasks=5 PASS max_diff=0.0238
           PASS running={'PASS': 119, 'FAIL': 33} elapsed= 823.1s  BY_Y tasks=5 max_diff=0.0238 elapsed=0.7s
[153/217] b1_c144_h38_w38_oc32_wic144_k1x1_g1_s1_pvalid (b=1 c=144 h=38x38 oc=32 k=1x1 g=1 path=BY_Y est~2) ...
plan shape=b1_c144_h38_w38_oc32_wic144_k1x1_g1_s1_pvalid split=BY_Y rows=2 y_step=32 k_step=32 out=38x38 groups=1
shape=b1_c144_h38_w38_oc32_wic144_k1x1_g1_s1_pvalid kind=BY_Y tasks=2 PASS max_diff=0.0156
           PASS running={'PASS': 120, 'FAIL': 33} elapsed= 823.4s  BY_Y tasks=2 max_diff=0.0156 elapsed=0.2s
[154/217] b1_c192_h38_w38_oc192_wic1_k3x3_g192_s1_pvalid (b=1 c=192 h=38x38 oc=192 k=3x3 g=192 path=depthwise_serial est~192) ...
plan shape=b1_c192_h38_w38_oc192_wic1_k3x3_g192_s1_pvalid split=BY_YK rows=18 y_step=12 k_step=32 out=36x36 groups=192
shape=b1_c192_h38_w38_oc192_wic1_k3x3_g192_s1_pvalid kind=depthwise_serial tasks=192 PASS max_diff=0.0073
           PASS running={'PASS': 121, 'FAIL': 33} elapsed= 844.2s  depthwise_serial tasks=192 max_diff=0.0073 elapsed=20.8s
[155/217] b1_c192_h38_w38_oc32_wic192_k1x1_g1_s1_pvalid (b=1 c=192 h=38x38 oc=32 k=1x1 g=1 path=BY_Y est~2) ...
plan shape=b1_c192_h38_w38_oc32_wic192_k1x1_g1_s1_pvalid split=BY_Y rows=2 y_step=24 k_step=32 out=38x38 groups=1
shape=b1_c192_h38_w38_oc32_wic192_k1x1_g1_s1_pvalid kind=BY_Y tasks=2 PASS max_diff=0.0300
           PASS running={'PASS': 122, 'FAIL': 33} elapsed= 844.5s  BY_Y tasks=2 max_diff=0.0300 elapsed=0.3s
[156/217] b1_c384_h19_w19_oc384_wic1_k3x3_g384_s1_pvalid (b=1 c=384 h=19x19 oc=384 k=3x3 g=384 path=depthwise_serial est~384) ...
plan shape=b1_c384_h19_w19_oc384_wic1_k3x3_g384_s1_pvalid split=BY_YK rows=24 y_step=12 k_step=32 out=17x17 groups=384
shape=b1_c384_h19_w19_oc384_wic1_k3x3_g384_s1_pvalid kind=depthwise_serial tasks=384 PASS max_diff=0.0063
           PASS running={'PASS': 123, 'FAIL': 33} elapsed= 885.9s  depthwise_serial tasks=384 max_diff=0.0063 elapsed=41.4s
[157/217] b1_c384_h19_w19_oc64_wic384_k1x1_g1_s1_pvalid (b=1 c=384 h=19x19 oc=64 k=1x1 g=1 path=BY_K est~2) ...
plan shape=b1_c384_h19_w19_oc64_wic384_k1x1_g1_s1_pvalid split=BY_K rows=2 y_step=19 k_step=32 out=19x19 groups=1
shape=b1_c384_h19_w19_oc64_wic384_k1x1_g1_s1_pvalid kind=BY_K tasks=2 FAIL max_diff=151.9434
           FAIL running={'PASS': 123, 'FAIL': 34} elapsed= 886.1s  BY_K tasks=2 max_diff=151.9434 elapsed=0.2s
[158/217] b1_c384_h19_w19_oc96_wic384_k1x1_g1_s1_pvalid (b=1 c=384 h=19x19 oc=96 k=1x1 g=1 path=BY_K est~3) ...
plan shape=b1_c384_h19_w19_oc96_wic384_k1x1_g1_s1_pvalid split=BY_K rows=3 y_step=19 k_step=32 out=19x19 groups=1
shape=b1_c384_h19_w19_oc96_wic384_k1x1_g1_s1_pvalid kind=BY_K tasks=3 FAIL max_diff=151.9434
           FAIL running={'PASS': 123, 'FAIL': 35} elapsed= 886.5s  BY_K tasks=3 max_diff=151.9434 elapsed=0.4s
[159/217] b1_c576_h19_w19_oc576_wic1_k3x3_g576_s1_pvalid (b=1 c=576 h=19x19 oc=576 k=3x3 g=576 path=depthwise_serial est~576 SLOW_DW est_tasks=576) ...
plan shape=b1_c576_h19_w19_oc576_wic1_k3x3_g576_s1_pvalid split=BY_YK rows=36 y_step=12 k_step=32 out=17x17 groups=576
shape=b1_c576_h19_w19_oc576_wic1_k3x3_g576_s1_pvalid kind=depthwise_serial tasks=576 PASS max_diff=0.0071
           PASS running={'PASS': 124, 'FAIL': 35} elapsed= 948.1s  depthwise_serial tasks=576 max_diff=0.0071 elapsed=61.6s SLOW_DW est_tasks=576
[160/217] b1_c576_h19_w19_oc96_wic576_k1x1_g1_s1_pvalid (b=1 c=576 h=19x19 oc=96 k=1x1 g=1 path=BY_YK est~6) ...
plan shape=b1_c576_h19_w19_oc96_wic576_k1x1_g1_s1_pvalid split=BY_YK rows=6 y_step=13 k_step=32 out=19x19 groups=1
           ERROR running={'PASS': 124, 'FAIL': 35, 'ERROR': 1} elapsed= 954.5s  TimeoutError: [Errno 110] Connection timed out elapsed=6.4s
[161/217] b1_c576_h19_w19_oc12_wic576_k1x1_g1_s1_pvalid (b=1 c=576 h=19x19 oc=12 k=1x1 g=1 path=BY_Y est~2) ...
plan shape=b1_c576_h19_w19_oc12_wic576_k1x1_g1_s1_pvalid split=BY_Y rows=2 y_step=13 k_step=12 out=19x19 groups=1
           ERROR running={'PASS': 124, 'FAIL': 35, 'ERROR': 2} elapsed= 960.9s  TimeoutError: [Errno 110] Connection timed out elapsed=6.4s
[162/217] b1_c576_h19_w19_oc273_wic576_k1x1_g1_s1_pvalid (b=1 c=576 h=19x19 oc=273 k=1x1 g=1 path=BY_YK est~18) ...
plan shape=b1_c576_h19_w19_oc273_wic576_k1x1_g1_s1_pvalid split=BY_YK rows=18 y_step=13 k_step=32 out=19x19 groups=1
           ERROR running={'PASS': 124, 'FAIL': 35, 'ERROR': 3} elapsed= 967.3s  TimeoutError: [Errno 110] Connection timed out elapsed=6.4s
[163/217] b1_c960_h10_w10_oc960_wic1_k3x3_g960_s1_pvalid (b=1 c=960 h=10x10 oc=960 k=3x3 g=960 path=depthwise_serial est~960 SLOW_DW est_tasks=960) ...
plan shape=b1_c960_h10_w10_oc960_wic1_k3x3_g960_s1_pvalid split=BY_K rows=30 y_step=8 k_step=32 out=8x8 groups=960
shape=b1_c960_h10_w10_oc960_wic1_k3x3_g960_s1_pvalid kind=depthwise_serial tasks=960 PASS max_diff=0.0052
           PASS running={'PASS': 125, 'FAIL': 35, 'ERROR': 3} elapsed=1070.7s  depthwise_serial tasks=960 max_diff=0.0052 elapsed=103.3s SLOW_DW est_tasks=960
[164/217] b1_c1280_h10_w10_oc24_wic1280_k1x1_g1_s1_pvalid (b=1 c=1280 h=10x10 oc=24 k=1x1 g=1 path=BY_K est~3) ...
plan shape=b1_c1280_h10_w10_oc24_wic1280_k1x1_g1_s1_pvalid split=BY_K rows=3 y_step=10 k_step=8 out=10x10 groups=1
shape=b1_c1280_h10_w10_oc24_wic1280_k1x1_g1_s1_pvalid kind=BY_K tasks=3 FAIL max_diff=197.7800
           FAIL running={'PASS': 125, 'FAIL': 36, 'ERROR': 3} elapsed=1071.1s  BY_K tasks=3 max_diff=197.7800 elapsed=0.4s
[165/217] b1_c1280_h10_w10_oc546_wic1280_k1x1_g1_s1_pvalid (b=1 c=1280 h=10x10 oc=546 k=1x1 g=1 path=BY_K est~18) ...
plan shape=b1_c1280_h10_w10_oc546_wic1280_k1x1_g1_s1_pvalid split=BY_K rows=18 y_step=10 k_step=32 out=10x10 groups=1
shape=b1_c1280_h10_w10_oc546_wic1280_k1x1_g1_s1_pvalid kind=BY_K tasks=18 FAIL max_diff=299.4319
           FAIL running={'PASS': 125, 'FAIL': 37, 'ERROR': 3} elapsed=1073.2s  BY_K tasks=18 max_diff=299.4319 elapsed=2.1s
[166/217] b1_c256_h10_w10_oc512_wic256_k3x3_g1_s1_pvalid (b=1 c=256 h=10x10 oc=512 k=3x3 g=1 path=BY_K est~16) ...
plan shape=b1_c256_h10_w10_oc512_wic256_k3x3_g1_s1_pvalid split=BY_K rows=16 y_step=8 k_step=32 out=8x8 groups=1
shape=b1_c256_h10_w10_oc512_wic256_k3x3_g1_s1_pvalid kind=BY_K tasks=16 PASS max_diff=0.1121
           PASS running={'PASS': 126, 'FAIL': 37, 'ERROR': 3} elapsed=1075.3s  BY_K tasks=16 max_diff=0.1121 elapsed=2.2s
[167/217] b1_c128_h5_w5_oc256_wic128_k3x3_g1_s1_pvalid (b=1 c=128 h=5x5 oc=256 k=3x3 g=1 path=BY_K est~8) ...
plan shape=b1_c128_h5_w5_oc256_wic128_k3x3_g1_s1_pvalid split=BY_K rows=8 y_step=3 k_step=32 out=3x3 groups=1
shape=b1_c128_h5_w5_oc256_wic128_k3x3_g1_s1_pvalid kind=BY_K tasks=8 PASS max_diff=0.0587
           PASS running={'PASS': 127, 'FAIL': 37, 'ERROR': 3} elapsed=1076.2s  BY_K tasks=8 max_diff=0.0587 elapsed=0.9s
[168/217] b1_c256_h3_w3_oc24_wic256_k1x1_g1_s1_pvalid (b=1 c=256 h=3x3 oc=24 k=1x1 g=1 path=NONE est~1) ...
plan shape=b1_c256_h3_w3_oc24_wic256_k1x1_g1_s1_pvalid split=NONE rows=1 y_step=3 k_step=24 out=3x3 groups=1
shape=b1_c256_h3_w3_oc24_wic256_k1x1_g1_s1_pvalid kind=NONE tasks=1 FAIL max_diff=75.3440
           FAIL running={'PASS': 127, 'FAIL': 38, 'ERROR': 3} elapsed=1076.3s  NONE tasks=1 max_diff=75.3440 elapsed=0.1s
[169/217] b1_c256_h3_w3_oc546_wic256_k1x1_g1_s1_pvalid (b=1 c=256 h=3x3 oc=546 k=1x1 g=1 path=BY_K est~18) ...
plan shape=b1_c256_h3_w3_oc546_wic256_k1x1_g1_s1_pvalid split=BY_K rows=18 y_step=3 k_step=32 out=3x3 groups=1
shape=b1_c256_h3_w3_oc546_wic256_k1x1_g1_s1_pvalid kind=BY_K tasks=18 FAIL max_diff=97.8859
           FAIL running={'PASS': 127, 'FAIL': 39, 'ERROR': 3} elapsed=1078.3s  BY_K tasks=18 max_diff=97.8859 elapsed=2.0s
[170/217] b1_c256_h3_w3_oc128_wic256_k1x1_g1_s1_pvalid (b=1 c=256 h=3x3 oc=128 k=1x1 g=1 path=BY_K est~4) ...
plan shape=b1_c256_h3_w3_oc128_wic256_k1x1_g1_s1_pvalid split=BY_K rows=4 y_step=3 k_step=32 out=3x3 groups=1
shape=b1_c256_h3_w3_oc128_wic256_k1x1_g1_s1_pvalid kind=BY_K tasks=4 FAIL max_diff=94.9573
           FAIL running={'PASS': 127, 'FAIL': 40, 'ERROR': 3} elapsed=1078.7s  BY_K tasks=4 max_diff=94.9573 elapsed=0.4s
[171/217] b1_c128_h3_w3_oc256_wic128_k3x3_g1_s1_pvalid (b=1 c=128 h=3x3 oc=256 k=3x3 g=1 path=BY_K est~8) ...
plan shape=b1_c128_h3_w3_oc256_wic128_k3x3_g1_s1_pvalid split=BY_K rows=8 y_step=1 k_step=32 out=1x1 groups=1
shape=b1_c128_h3_w3_oc256_wic128_k3x3_g1_s1_pvalid kind=BY_K tasks=8 FAIL max_diff=155.1641
           FAIL running={'PASS': 127, 'FAIL': 41, 'ERROR': 3} elapsed=1079.6s  BY_K tasks=8 max_diff=155.1641 elapsed=0.9s
[172/217] b1_c256_h2_w2_oc24_wic256_k1x1_g1_s1_pvalid (b=1 c=256 h=2x2 oc=24 k=1x1 g=1 path=NONE est~1) ...
plan shape=b1_c256_h2_w2_oc24_wic256_k1x1_g1_s1_pvalid split=NONE rows=1 y_step=2 k_step=24 out=2x2 groups=1
shape=b1_c256_h2_w2_oc24_wic256_k1x1_g1_s1_pvalid kind=NONE tasks=1 FAIL max_diff=69.0113
           FAIL running={'PASS': 127, 'FAIL': 42, 'ERROR': 3} elapsed=1079.7s  NONE tasks=1 max_diff=69.0113 elapsed=0.1s
[173/217] b1_c256_h2_w2_oc546_wic256_k1x1_g1_s1_pvalid (b=1 c=256 h=2x2 oc=546 k=1x1 g=1 path=BY_K est~18) ...
plan shape=b1_c256_h2_w2_oc546_wic256_k1x1_g1_s1_pvalid split=BY_K rows=18 y_step=2 k_step=32 out=2x2 groups=1
shape=b1_c256_h2_w2_oc546_wic256_k1x1_g1_s1_pvalid kind=BY_K tasks=18 FAIL max_diff=87.7182
           FAIL running={'PASS': 127, 'FAIL': 43, 'ERROR': 3} elapsed=1081.6s  BY_K tasks=18 max_diff=87.7182 elapsed=1.9s
[174/217] b1_c256_h2_w2_oc64_wic256_k1x1_g1_s1_pvalid (b=1 c=256 h=2x2 oc=64 k=1x1 g=1 path=BY_K est~2) ...
plan shape=b1_c256_h2_w2_oc64_wic256_k1x1_g1_s1_pvalid split=BY_K rows=2 y_step=2 k_step=32 out=2x2 groups=1
shape=b1_c256_h2_w2_oc64_wic256_k1x1_g1_s1_pvalid kind=BY_K tasks=2 FAIL max_diff=70.2150
           FAIL running={'PASS': 127, 'FAIL': 44, 'ERROR': 3} elapsed=1081.9s  BY_K tasks=2 max_diff=70.2150 elapsed=0.2s
[175/217] b1_c128_h1_w1_oc24_wic128_k1x1_g1_s1_pvalid (b=1 c=128 h=1x1 oc=24 k=1x1 g=1 path=NONE est~1) ...
plan shape=b1_c128_h1_w1_oc24_wic128_k1x1_g1_s1_pvalid split=NONE rows=1 y_step=1 k_step=24 out=1x1 groups=1
shape=b1_c128_h1_w1_oc24_wic128_k1x1_g1_s1_pvalid kind=NONE tasks=1 FAIL max_diff=64.3627
           FAIL running={'PASS': 127, 'FAIL': 45, 'ERROR': 3} elapsed=1082.0s  NONE tasks=1 max_diff=64.3627 elapsed=0.1s
[176/217] b1_c3_h320_w320_oc32_wic3_k3x3_g1_s1_pvalid (b=1 c=3 h=320x320 oc=32 k=3x3 g=1 path=BY_Y est~5) ...
plan shape=b1_c3_h320_w320_oc32_wic3_k3x3_g1_s1_pvalid split=BY_Y rows=5 y_step=65 k_step=32 out=318x318 groups=1
shape=b1_c3_h320_w320_oc32_wic3_k3x3_g1_s1_pvalid kind=BY_Y tasks=5 FAIL max_diff=49.4238
           FAIL running={'PASS': 127, 'FAIL': 46, 'ERROR': 3} elapsed=1083.2s  BY_Y tasks=5 max_diff=49.4238 elapsed=1.2s
[177/217] b1_c32_h160_w160_oc8_wic32_k1x1_g1_s1_pvalid (b=1 c=32 h=160x160 oc=8 k=1x1 g=1 path=BY_Y est~5) ...
plan shape=b1_c32_h160_w160_oc8_wic32_k1x1_g1_s1_pvalid split=BY_Y rows=5 y_step=32 k_step=8 out=160x160 groups=1
shape=b1_c32_h160_w160_oc8_wic32_k1x1_g1_s1_pvalid kind=BY_Y tasks=5 PASS max_diff=0.0131
           PASS running={'PASS': 128, 'FAIL': 46, 'ERROR': 3} elapsed=1083.7s  BY_Y tasks=5 max_diff=0.0131 elapsed=0.6s
[178/217] b1_c8_h160_w160_oc16_wic8_k3x3_g1_s1_pvalid (b=1 c=8 h=160x160 oc=16 k=3x3 g=1 path=BY_Y est~3) ...
plan shape=b1_c8_h160_w160_oc16_wic8_k3x3_g1_s1_pvalid split=BY_Y rows=3 y_step=68 k_step=16 out=158x158 groups=1
shape=b1_c8_h160_w160_oc16_wic8_k3x3_g1_s1_pvalid kind=BY_Y tasks=3 PASS max_diff=0.0156
           PASS running={'PASS': 129, 'FAIL': 46, 'ERROR': 3} elapsed=1084.2s  BY_Y tasks=3 max_diff=0.0156 elapsed=0.4s
[179/217] b1_c16_h160_w160_oc128_wic16_k3x3_g1_s1_pvalid (b=1 c=16 h=160x160 oc=128 k=3x3 g=1 path=BY_YK est~12) ...
plan shape=b1_c16_h160_w160_oc128_wic16_k3x3_g1_s1_pvalid split=BY_YK rows=12 y_step=68 k_step=32 out=158x158 groups=1
shape=b1_c16_h160_w160_oc128_wic16_k3x3_g1_s1_pvalid kind=BY_YK tasks=12 PASS max_diff=0.0310
           PASS running={'PASS': 130, 'FAIL': 46, 'ERROR': 3} elapsed=1087.3s  BY_YK tasks=12 max_diff=0.0310 elapsed=3.1s
[180/217] b1_c128_h80_w80_oc16_wic128_k1x1_g1_s1_pvalid (b=1 c=128 h=80x80 oc=16 k=1x1 g=1 path=BY_Y est~5) ...
plan shape=b1_c128_h80_w80_oc16_wic128_k1x1_g1_s1_pvalid split=BY_Y rows=5 y_step=17 k_step=16 out=80x80 groups=1
shape=b1_c128_h80_w80_oc16_wic128_k1x1_g1_s1_pvalid kind=BY_Y tasks=5 PASS max_diff=0.0245
           PASS running={'PASS': 131, 'FAIL': 46, 'ERROR': 3} elapsed=1087.8s  BY_Y tasks=5 max_diff=0.0245 elapsed=0.6s
[181/217] b1_c16_h80_w80_oc64_wic16_k3x3_g1_s1_pvalid (b=1 c=16 h=80x80 oc=64 k=3x3 g=1 path=BY_K est~2) ...
plan shape=b1_c16_h80_w80_oc64_wic16_k3x3_g1_s1_pvalid split=BY_K rows=2 y_step=78 k_step=32 out=78x78 groups=1
shape=b1_c16_h80_w80_oc64_wic16_k3x3_g1_s1_pvalid kind=BY_K tasks=2 FAIL max_diff=102.4525
           FAIL running={'PASS': 131, 'FAIL': 47, 'ERROR': 3} elapsed=1088.2s  BY_K tasks=2 max_diff=102.4525 elapsed=0.4s
[182/217] b1_c64_h80_w80_oc16_wic64_k1x1_g1_s1_pvalid (b=1 c=64 h=80x80 oc=16 k=1x1 g=1 path=BY_Y est~3) ...
plan shape=b1_c64_h80_w80_oc16_wic64_k1x1_g1_s1_pvalid split=BY_Y rows=3 y_step=32 k_step=16 out=80x80 groups=1
shape=b1_c64_h80_w80_oc16_wic64_k1x1_g1_s1_pvalid kind=BY_Y tasks=3 PASS max_diff=0.0156
           PASS running={'PASS': 132, 'FAIL': 47, 'ERROR': 3} elapsed=1088.6s  BY_Y tasks=3 max_diff=0.0156 elapsed=0.3s
[183/217] b1_c16_h80_w80_oc128_wic16_k3x3_g1_s1_pvalid (b=1 c=16 h=80x80 oc=128 k=3x3 g=1 path=BY_K est~4) ...
plan shape=b1_c16_h80_w80_oc128_wic16_k3x3_g1_s1_pvalid split=BY_K rows=4 y_step=78 k_step=32 out=78x78 groups=1
shape=b1_c16_h80_w80_oc128_wic16_k3x3_g1_s1_pvalid kind=BY_K tasks=4 FAIL max_diff=105.9459
           FAIL running={'PASS': 132, 'FAIL': 48, 'ERROR': 3} elapsed=1089.4s  BY_K tasks=4 max_diff=105.9459 elapsed=0.8s
[184/217] b1_c16_h80_w80_oc128_wic16_k5x5_g1_s1_pvalid (b=1 c=16 h=80x80 oc=128 k=5x5 g=1 path=BY_K est~4) ...
plan shape=b1_c16_h80_w80_oc128_wic16_k5x5_g1_s1_pvalid split=BY_K rows=4 y_step=76 k_step=32 out=76x76 groups=1
shape=b1_c16_h80_w80_oc128_wic16_k5x5_g1_s1_pvalid kind=BY_K tasks=4 FAIL max_diff=168.2211
           FAIL running={'PASS': 132, 'FAIL': 49, 'ERROR': 3} elapsed=1090.8s  BY_K tasks=4 max_diff=168.2211 elapsed=1.4s
[185/217] b1_c128_h40_w40_oc40_wic128_k1x1_g1_s1_pvalid (b=1 c=128 h=40x40 oc=40 k=1x1 g=1 path=BY_YK est~4) ...
plan shape=b1_c128_h40_w40_oc40_wic128_k1x1_g1_s1_pvalid split=BY_YK rows=4 y_step=34 k_step=32 out=40x40 groups=1
shape=b1_c128_h40_w40_oc40_wic128_k1x1_g1_s1_pvalid kind=BY_YK tasks=4 PASS max_diff=0.0156
           PASS running={'PASS': 133, 'FAIL': 49, 'ERROR': 3} elapsed=1091.3s  BY_YK tasks=4 max_diff=0.0156 elapsed=0.4s
[186/217] b1_c40_h40_w40_oc160_wic40_k3x3_g1_s1_pvalid (b=1 c=40 h=40x40 oc=160 k=3x3 g=1 path=BY_K est~5) ...
plan shape=b1_c40_h40_w40_oc160_wic40_k3x3_g1_s1_pvalid split=BY_K rows=5 y_step=38 k_step=32 out=38x38 groups=1
shape=b1_c40_h40_w40_oc160_wic40_k3x3_g1_s1_pvalid kind=BY_K tasks=5 FAIL max_diff=145.2133
           FAIL running={'PASS': 133, 'FAIL': 50, 'ERROR': 3} elapsed=1092.0s  BY_K tasks=5 max_diff=145.2133 elapsed=0.7s
[187/217] b1_c160_h40_w40_oc40_wic160_k1x1_g1_s1_pvalid (b=1 c=160 h=40x40 oc=40 k=1x1 g=1 path=BY_YK est~4) ...
plan shape=b1_c160_h40_w40_oc40_wic160_k1x1_g1_s1_pvalid split=BY_YK rows=4 y_step=28 k_step=32 out=40x40 groups=1
shape=b1_c160_h40_w40_oc40_wic160_k1x1_g1_s1_pvalid kind=BY_YK tasks=4 PASS max_diff=0.0253
           PASS running={'PASS': 134, 'FAIL': 50, 'ERROR': 3} elapsed=1092.4s  BY_YK tasks=4 max_diff=0.0253 elapsed=0.4s
[188/217] b1_c40_h40_w40_oc320_wic40_k1x1_g1_s1_pvalid (b=1 c=40 h=40x40 oc=320 k=1x1 g=1 path=BY_K est~10) ...
plan shape=b1_c40_h40_w40_oc320_wic40_k1x1_g1_s1_pvalid split=BY_K rows=10 y_step=40 k_step=32 out=40x40 groups=1
shape=b1_c40_h40_w40_oc320_wic40_k1x1_g1_s1_pvalid kind=BY_K tasks=10 FAIL max_diff=83.9700
           FAIL running={'PASS': 134, 'FAIL': 51, 'ERROR': 3} elapsed=1093.5s  BY_K tasks=10 max_diff=83.9700 elapsed=1.1s
[189/217] b1_c320_h40_w40_oc320_wic1_k3x3_g320_s1_pvalid (b=1 c=320 h=40x40 oc=320 k=3x3 g=320 path=depthwise_serial est~320) ...
plan shape=b1_c320_h40_w40_oc320_wic1_k3x3_g320_s1_pvalid split=BY_YK rows=40 y_step=10 k_step=32 out=38x38 groups=320
shape=b1_c320_h40_w40_oc320_wic1_k3x3_g320_s1_pvalid kind=depthwise_serial tasks=320 PASS max_diff=0.0078
           PASS running={'PASS': 135, 'FAIL': 51, 'ERROR': 3} elapsed=1128.3s  depthwise_serial tasks=320 max_diff=0.0078 elapsed=34.7s
[190/217] b1_c320_h20_w20_oc72_wic320_k1x1_g1_s1_pvalid (b=1 c=320 h=20x20 oc=72 k=1x1 g=1 path=BY_K est~3) ...
plan shape=b1_c320_h20_w20_oc72_wic320_k1x1_g1_s1_pvalid split=BY_K rows=3 y_step=20 k_step=32 out=20x20 groups=1
shape=b1_c320_h20_w20_oc72_wic320_k1x1_g1_s1_pvalid kind=BY_K tasks=3 FAIL max_diff=111.0993
           FAIL running={'PASS': 135, 'FAIL': 52, 'ERROR': 3} elapsed=1128.6s  BY_K tasks=3 max_diff=111.0993 elapsed=0.4s
[191/217] b1_c72_h20_w20_oc576_wic72_k1x1_g1_s1_pvalid (b=1 c=72 h=20x20 oc=576 k=1x1 g=1 path=BY_K est~18) ...
plan shape=b1_c72_h20_w20_oc576_wic72_k1x1_g1_s1_pvalid split=BY_K rows=18 y_step=20 k_step=32 out=20x20 groups=1
shape=b1_c72_h20_w20_oc576_wic72_k1x1_g1_s1_pvalid kind=BY_K tasks=18 FAIL max_diff=75.1277
           FAIL running={'PASS': 135, 'FAIL': 53, 'ERROR': 3} elapsed=1130.6s  BY_K tasks=18 max_diff=75.1277 elapsed=2.0s
[192/217] b1_c576_h20_w20_oc576_wic1_k3x3_g576_s1_pvalid (b=1 c=576 h=20x20 oc=576 k=3x3 g=576 path=depthwise_serial est~576 SLOW_DW est_tasks=576) ...
plan shape=b1_c576_h20_w20_oc576_wic1_k3x3_g576_s1_pvalid split=BY_YK rows=36 y_step=12 k_step=32 out=18x18 groups=576
shape=b1_c576_h20_w20_oc576_wic1_k3x3_g576_s1_pvalid kind=depthwise_serial tasks=576 PASS max_diff=0.0073
           PASS running={'PASS': 136, 'FAIL': 53, 'ERROR': 3} elapsed=1192.6s  depthwise_serial tasks=576 max_diff=0.0073 elapsed=62.0s SLOW_DW est_tasks=576
[193/217] b1_c576_h20_w20_oc72_wic576_k1x1_g1_s1_pvalid (b=1 c=576 h=20x20 oc=72 k=1x1 g=1 path=BY_YK est~10) ...
plan shape=b1_c576_h20_w20_oc72_wic576_k1x1_g1_s1_pvalid split=BY_YK rows=10 y_step=14 k_step=16 out=20x20 groups=1
           ERROR running={'PASS': 136, 'FAIL': 53, 'ERROR': 4} elapsed=1199.0s  TimeoutError: [Errno 110] Connection timed out elapsed=6.4s
[194/217] b1_c72_h20_w20_oc288_wic72_k3x3_g1_s1_pvalid (b=1 c=72 h=20x20 oc=288 k=3x3 g=1 path=BY_K est~9) ...
plan shape=b1_c72_h20_w20_oc288_wic72_k3x3_g1_s1_pvalid split=BY_K rows=9 y_step=18 k_step=32 out=18x18 groups=1
shape=b1_c72_h20_w20_oc288_wic72_k3x3_g1_s1_pvalid kind=BY_K tasks=9 PASS max_diff=0.0624
           PASS running={'PASS': 137, 'FAIL': 53, 'ERROR': 4} elapsed=1200.3s  BY_K tasks=9 max_diff=0.0624 elapsed=1.3s
[195/217] b1_c288_h20_w20_oc72_wic288_k1x1_g1_s1_pvalid (b=1 c=288 h=20x20 oc=72 k=1x1 g=1 path=BY_K est~3) ...
plan shape=b1_c288_h20_w20_oc72_wic288_k1x1_g1_s1_pvalid split=BY_K rows=3 y_step=20 k_step=32 out=20x20 groups=1
shape=b1_c288_h20_w20_oc72_wic288_k1x1_g1_s1_pvalid kind=BY_K tasks=3 FAIL max_diff=130.7226
           FAIL running={'PASS': 137, 'FAIL': 54, 'ERROR': 4} elapsed=1200.6s  BY_K tasks=3 max_diff=130.7226 elapsed=0.3s
[196/217] b1_c576_h20_w20_oc576_wic1_k5x5_g576_s1_pvalid (b=1 c=576 h=20x20 oc=576 k=5x5 g=576 path=depthwise_serial est~576 SLOW_DW est_tasks=576) ...
plan shape=b1_c576_h20_w20_oc576_wic1_k5x5_g576_s1_pvalid split=BY_YK rows=36 y_step=10 k_step=32 out=16x16 groups=576
shape=b1_c576_h20_w20_oc576_wic1_k5x5_g576_s1_pvalid kind=depthwise_serial tasks=576 PASS max_diff=0.0078
           PASS running={'PASS': 138, 'FAIL': 54, 'ERROR': 4} elapsed=1262.8s  depthwise_serial tasks=576 max_diff=0.0078 elapsed=62.2s SLOW_DW est_tasks=576
[197/217] b1_c576_h20_w20_oc96_wic576_k1x1_g1_s1_pvalid (b=1 c=576 h=20x20 oc=96 k=1x1 g=1 path=BY_YK est~6) ...
plan shape=b1_c576_h20_w20_oc96_wic576_k1x1_g1_s1_pvalid split=BY_YK rows=6 y_step=14 k_step=32 out=20x20 groups=1
           ERROR running={'PASS': 138, 'FAIL': 54, 'ERROR': 5} elapsed=1269.2s  TimeoutError: [Errno 110] Connection timed out elapsed=6.4s
[198/217] b1_c768_h20_w20_oc768_wic1_k5x5_g768_s1_pvalid (b=1 c=768 h=20x20 oc=768 k=5x5 g=768 path=depthwise_serial est~768 SLOW_DW est_tasks=768) ...
plan shape=b1_c768_h20_w20_oc768_wic1_k5x5_g768_s1_pvalid split=BY_YK rows=48 y_step=10 k_step=32 out=16x16 groups=768
shape=b1_c768_h20_w20_oc768_wic1_k5x5_g768_s1_pvalid kind=depthwise_serial tasks=768 PASS max_diff=0.0078
           PASS running={'PASS': 139, 'FAIL': 54, 'ERROR': 5} elapsed=1351.5s  depthwise_serial tasks=768 max_diff=0.0078 elapsed=82.3s SLOW_DW est_tasks=768
[199/217] b1_c768_h20_w20_oc96_wic768_k1x1_g1_s1_pvalid (b=1 c=768 h=20x20 oc=96 k=1x1 g=1 path=BY_YK est~6) ...
plan shape=b1_c768_h20_w20_oc96_wic768_k1x1_g1_s1_pvalid split=BY_YK rows=6 y_step=10 k_step=32 out=20x20 groups=1
           ERROR running={'PASS': 139, 'FAIL': 54, 'ERROR': 6} elapsed=1358.0s  TimeoutError: [Errno 110] Connection timed out elapsed=6.4s
[200/217] b1_c768_h20_w20_oc768_wic1_k3x3_g768_s1_pvalid (b=1 c=768 h=20x20 oc=768 k=3x3 g=768 path=depthwise_serial est~768 SLOW_DW est_tasks=768) ...
plan shape=b1_c768_h20_w20_oc768_wic1_k3x3_g768_s1_pvalid split=BY_YK rows=48 y_step=10 k_step=32 out=18x18 groups=768
shape=b1_c768_h20_w20_oc768_wic1_k3x3_g768_s1_pvalid kind=depthwise_serial tasks=768 PASS max_diff=0.0074
           PASS running={'PASS': 140, 'FAIL': 54, 'ERROR': 6} elapsed=1440.8s  depthwise_serial tasks=768 max_diff=0.0074 elapsed=82.8s SLOW_DW est_tasks=768
[201/217] b1_c768_h10_w10_oc120_wic768_k1x1_g1_s1_pvalid (b=1 c=768 h=10x10 oc=120 k=1x1 g=1 path=BY_K est~4) ...
plan shape=b1_c768_h10_w10_oc120_wic768_k1x1_g1_s1_pvalid split=BY_K rows=4 y_step=10 k_step=32 out=10x10 groups=1
shape=b1_c768_h10_w10_oc120_wic768_k1x1_g1_s1_pvalid kind=BY_K tasks=4 FAIL max_diff=213.2800
           FAIL running={'PASS': 140, 'FAIL': 55, 'ERROR': 6} elapsed=1441.3s  BY_K tasks=4 max_diff=213.2800 elapsed=0.6s
[202/217] b1_c960_h10_w10_oc120_wic960_k1x1_g1_s1_pvalid (b=1 c=960 h=10x10 oc=120 k=1x1 g=1 path=BY_K est~4) ...
plan shape=b1_c960_h10_w10_oc120_wic960_k1x1_g1_s1_pvalid split=BY_K rows=4 y_step=10 k_step=32 out=10x10 groups=1
shape=b1_c960_h10_w10_oc120_wic960_k1x1_g1_s1_pvalid kind=BY_K tasks=4 FAIL max_diff=216.0451
           FAIL running={'PASS': 140, 'FAIL': 56, 'ERROR': 6} elapsed=1441.8s  BY_K tasks=4 max_diff=216.0451 elapsed=0.5s
[203/217] b1_c480_h10_w10_oc480_wic1_k5x5_g480_s1_pvalid (b=1 c=480 h=10x10 oc=480 k=5x5 g=480 path=depthwise_serial est~480) ...
plan shape=b1_c480_h10_w10_oc480_wic1_k5x5_g480_s1_pvalid split=BY_K rows=15 y_step=6 k_step=32 out=6x6 groups=480
shape=b1_c480_h10_w10_oc480_wic1_k5x5_g480_s1_pvalid kind=depthwise_serial tasks=480 PASS max_diff=0.0078
           PASS running={'PASS': 141, 'FAIL': 56, 'ERROR': 6} elapsed=1493.6s  depthwise_serial tasks=480 max_diff=0.0078 elapsed=51.8s
[204/217] b1_c480_h10_w10_oc120_wic480_k1x1_g1_s1_pvalid (b=1 c=480 h=10x10 oc=120 k=1x1 g=1 path=BY_K est~4) ...
plan shape=b1_c480_h10_w10_oc120_wic480_k1x1_g1_s1_pvalid split=BY_K rows=4 y_step=10 k_step=32 out=10x10 groups=1
shape=b1_c480_h10_w10_oc120_wic480_k1x1_g1_s1_pvalid kind=BY_K tasks=4 PASS max_diff=0.0483
           PASS running={'PASS': 142, 'FAIL': 56, 'ERROR': 6} elapsed=1494.1s  BY_K tasks=4 max_diff=0.0483 elapsed=0.5s
[205/217] b1_c960_h10_w10_oc960_wic1_k5x5_g960_s1_pvalid (b=1 c=960 h=10x10 oc=960 k=5x5 g=960 path=depthwise_serial est~960 SLOW_DW est_tasks=960) ...
plan shape=b1_c960_h10_w10_oc960_wic1_k5x5_g960_s1_pvalid split=BY_K rows=30 y_step=6 k_step=32 out=6x6 groups=960
shape=b1_c960_h10_w10_oc960_wic1_k5x5_g960_s1_pvalid kind=depthwise_serial tasks=960 PASS max_diff=0.0078
           PASS running={'PASS': 143, 'FAIL': 56, 'ERROR': 6} elapsed=1597.4s  depthwise_serial tasks=960 max_diff=0.0078 elapsed=103.3s SLOW_DW est_tasks=960
[206/217] b1_c256_h10_w10_oc256_wic1_k3x3_g256_s1_pvalid (b=1 c=256 h=10x10 oc=256 k=3x3 g=256 path=depthwise_serial est~256) ...
plan shape=b1_c256_h10_w10_oc256_wic1_k3x3_g256_s1_pvalid split=BY_K rows=8 y_step=8 k_step=32 out=8x8 groups=256
shape=b1_c256_h10_w10_oc256_wic1_k3x3_g256_s1_pvalid kind=depthwise_serial tasks=256 PASS max_diff=0.0039
           PASS running={'PASS': 144, 'FAIL': 56, 'ERROR': 6} elapsed=1624.7s  depthwise_serial tasks=256 max_diff=0.0039 elapsed=27.4s
[207/217] b1_c128_h3_w3_oc256_wic128_k1x1_g1_s1_pvalid (b=1 c=128 h=3x3 oc=256 k=1x1 g=1 path=BY_K est~8) ...
plan shape=b1_c128_h3_w3_oc256_wic128_k1x1_g1_s1_pvalid split=BY_K rows=8 y_step=3 k_step=32 out=3x3 groups=1
shape=b1_c128_h3_w3_oc256_wic128_k1x1_g1_s1_pvalid kind=BY_K tasks=8 FAIL max_diff=66.9665
           FAIL running={'PASS': 144, 'FAIL': 57, 'ERROR': 6} elapsed=1625.6s  BY_K tasks=8 max_diff=66.9665 elapsed=0.9s
[208/217] b1_c128_h3_w3_oc128_wic1_k3x3_g128_s1_pvalid (b=1 c=128 h=3x3 oc=128 k=3x3 g=128 path=depthwise_serial est~128) ...
plan shape=b1_c128_h3_w3_oc128_wic1_k3x3_g128_s1_pvalid split=BY_K rows=4 y_step=1 k_step=32 out=1x1 groups=128
shape=b1_c128_h3_w3_oc128_wic1_k3x3_g128_s1_pvalid kind=depthwise_serial tasks=128 PASS max_diff=0.0019
           PASS running={'PASS': 145, 'FAIL': 57, 'ERROR': 6} elapsed=1639.4s  depthwise_serial tasks=128 max_diff=0.0019 elapsed=13.8s
[209/217] b1_c128_h2_w2_oc256_wic128_k1x1_g1_s1_pvalid (b=1 c=128 h=2x2 oc=256 k=1x1 g=1 path=BY_K est~8) ...
plan shape=b1_c128_h2_w2_oc256_wic128_k1x1_g1_s1_pvalid split=BY_K rows=8 y_step=2 k_step=32 out=2x2 groups=1
shape=b1_c128_h2_w2_oc256_wic128_k1x1_g1_s1_pvalid kind=BY_K tasks=8 FAIL max_diff=56.1218
           FAIL running={'PASS': 145, 'FAIL': 58, 'ERROR': 6} elapsed=1640.3s  BY_K tasks=8 max_diff=56.1218 elapsed=0.9s
[210/217] b1_c64_h1_w1_oc128_wic64_k1x1_g1_s1_pvalid (b=1 c=64 h=1x1 oc=128 k=1x1 g=1 path=BY_K est~4) ...
plan shape=b1_c64_h1_w1_oc128_wic64_k1x1_g1_s1_pvalid split=BY_K rows=4 y_step=1 k_step=32 out=1x1 groups=1
shape=b1_c64_h1_w1_oc128_wic64_k1x1_g1_s1_pvalid kind=BY_K tasks=4 FAIL max_diff=26.3767
           FAIL running={'PASS': 145, 'FAIL': 59, 'ERROR': 6} elapsed=1640.7s  BY_K tasks=4 max_diff=26.3767 elapsed=0.4s
[211/217] b1_c96_h20_w20_oc96_wic1_k3x3_g96_s1_pvalid (b=1 c=96 h=20x20 oc=96 k=3x3 g=96 path=depthwise_serial est~96) ...
plan shape=b1_c96_h20_w20_oc96_wic1_k3x3_g96_s1_pvalid split=BY_YK rows=6 y_step=12 k_step=32 out=18x18 groups=96
shape=b1_c96_h20_w20_oc96_wic1_k3x3_g96_s1_pvalid kind=depthwise_serial tasks=96 PASS max_diff=0.0060
           PASS running={'PASS': 146, 'FAIL': 59, 'ERROR': 6} elapsed=1651.1s  depthwise_serial tasks=96 max_diff=0.0060 elapsed=10.3s
[212/217] b1_c384_h10_w10_oc384_wic1_k3x3_g384_s1_pvalid (b=1 c=384 h=10x10 oc=384 k=3x3 g=384 path=depthwise_serial est~384) ...
plan shape=b1_c384_h10_w10_oc384_wic1_k3x3_g384_s1_pvalid split=BY_K rows=12 y_step=8 k_step=32 out=8x8 groups=384
shape=b1_c384_h10_w10_oc384_wic1_k3x3_g384_s1_pvalid kind=depthwise_serial tasks=384 PASS max_diff=0.0039
           PASS running={'PASS': 147, 'FAIL': 59, 'ERROR': 6} elapsed=1692.1s  depthwise_serial tasks=384 max_diff=0.0039 elapsed=41.0s
[213/217] b1_c512_h5_w5_oc512_wic1_k3x3_g512_s1_pvalid (b=1 c=512 h=5x5 oc=512 k=3x3 g=512 path=depthwise_serial est~512 SLOW_DW est_tasks=512) ...
plan shape=b1_c512_h5_w5_oc512_wic1_k3x3_g512_s1_pvalid split=BY_K rows=16 y_step=3 k_step=32 out=3x3 groups=512
shape=b1_c512_h5_w5_oc512_wic1_k3x3_g512_s1_pvalid kind=depthwise_serial tasks=512 PASS max_diff=0.0039
           PASS running={'PASS': 148, 'FAIL': 59, 'ERROR': 6} elapsed=1747.4s  depthwise_serial tasks=512 max_diff=0.0039 elapsed=55.3s SLOW_DW est_tasks=512
[214/217] b1_c256_h3_w3_oc256_wic1_k3x3_g256_s1_pvalid (b=1 c=256 h=3x3 oc=256 k=3x3 g=256 path=depthwise_serial est~256) ...
plan shape=b1_c256_h3_w3_oc256_wic1_k3x3_g256_s1_pvalid split=BY_K rows=8 y_step=1 k_step=32 out=1x1 groups=256
shape=b1_c256_h3_w3_oc256_wic1_k3x3_g256_s1_pvalid kind=depthwise_serial tasks=256 PASS max_diff=0.0030
           PASS running={'PASS': 149, 'FAIL': 59, 'ERROR': 6} elapsed=1775.0s  depthwise_serial tasks=256 max_diff=0.0030 elapsed=27.6s
[215/217] b1_c96_h20_w20_oc12_wic96_k1x1_g1_s1_pvalid (b=1 c=96 h=20x20 oc=12 k=1x1 g=1 path=NONE est~1) ...
plan shape=b1_c96_h20_w20_oc12_wic96_k1x1_g1_s1_pvalid split=NONE rows=1 y_step=20 k_step=12 out=20x20 groups=1
shape=b1_c96_h20_w20_oc12_wic96_k1x1_g1_s1_pvalid kind=NONE tasks=1 PASS max_diff=0.0156
           PASS running={'PASS': 150, 'FAIL': 59, 'ERROR': 6} elapsed=1775.1s  NONE tasks=1 max_diff=0.0156 elapsed=0.2s
[216/217] b1_c96_h20_w20_oc273_wic96_k1x1_g1_s1_pvalid (b=1 c=96 h=20x20 oc=273 k=1x1 g=1 path=BY_K est~9) ...
plan shape=b1_c96_h20_w20_oc273_wic96_k1x1_g1_s1_pvalid split=BY_K rows=9 y_step=20 k_step=32 out=20x20 groups=1
shape=b1_c96_h20_w20_oc273_wic96_k1x1_g1_s1_pvalid kind=BY_K tasks=9 PASS max_diff=0.0156
           PASS running={'PASS': 151, 'FAIL': 59, 'ERROR': 6} elapsed=1776.1s  BY_K tasks=9 max_diff=0.0156 elapsed=1.0s
[217/217] b1_c384_h10_w10_oc546_wic384_k1x1_g1_s1_pvalid (b=1 c=384 h=10x10 oc=546 k=1x1 g=1 path=BY_K est~18) ...
plan shape=b1_c384_h10_w10_oc546_wic384_k1x1_g1_s1_pvalid split=BY_K rows=18 y_step=10 k_step=32 out=10x10 groups=1
shape=b1_c384_h10_w10_oc546_wic384_k1x1_g1_s1_pvalid kind=BY_K tasks=18 PASS max_diff=0.0312
           PASS running={'PASS': 152, 'FAIL': 59, 'ERROR': 6} elapsed=1778.1s  BY_K tasks=18 max_diff=0.0312 elapsed=2.0s

summary=/home/orangepi/rk3588/sweep_results/conv_grok_217_sweep_20260710_104525_summary.txt
pre_health_rc=-1 post_health_rc=-1 total=217 counts={'PASS': 152, 'FAIL': 59, 'ERROR': 6}
detail_log=/home/orangepi/rk3588/sweep_results/conv_grok_217_sweep_20260710_104525_detail.log
