total_shapes=217 (from 217 pool, start=0 limit=all)
running pre_health examples/simple_add.py ...
pre_health_rc=0
[  1/217] b1_c1_h4_w4_oc6_wic1_k1x1_g1 (b=1 c=1 h=4x4 oc=6 k=1x1 g=1 path=NONE est~1) ...
plan shape=b1_c1_h4_w4_oc6_wic1_k1x1_g1 split=NONE rows=1 y_step=4 k_step=6 out=4x4 groups=1
shape=b1_c1_h4_w4_oc6_wic1_k1x1_g1 kind=NONE tasks=1 PASS max_diff=0.0008
           PASS running={'PASS': 1} elapsed=   0.1s  NONE tasks=1 max_diff=0.0008 elapsed=0.1s
[  2/217] b1_c3_h4_w4_oc3_wic3_k1x1_g1 (b=1 c=3 h=4x4 oc=3 k=1x1 g=1 path=NONE est~1) ...
plan shape=b1_c3_h4_w4_oc3_wic3_k1x1_g1 split=NONE rows=1 y_step=4 k_step=3 out=4x4 groups=1
shape=b1_c3_h4_w4_oc3_wic3_k1x1_g1 kind=NONE tasks=1 PASS max_diff=0.0018
           PASS running={'PASS': 2} elapsed=   0.2s  NONE tasks=1 max_diff=0.0018 elapsed=0.1s
[  3/217] b1_c4_h4_w4_oc2_wic4_k1x1_g1 (b=1 c=4 h=4x4 oc=2 k=1x1 g=1 path=NONE est~1) ...
plan shape=b1_c4_h4_w4_oc2_wic4_k1x1_g1 split=NONE rows=1 y_step=4 k_step=2 out=4x4 groups=1
shape=b1_c4_h4_w4_oc2_wic4_k1x1_g1 kind=NONE tasks=1 PASS max_diff=0.0010
           PASS running={'PASS': 3} elapsed=   0.4s  NONE tasks=1 max_diff=0.0010 elapsed=0.1s
[  4/217] conv2d_b1_c4_h9_w9_oc4_wic4_k1x1_g1 (b=1 c=4 h=9x9 oc=4 k=1x1 g=1 path=NONE est~1) ...
plan shape=conv2d_b1_c4_h9_w9_oc4_wic4_k1x1_g1 split=NONE rows=1 y_step=9 k_step=4 out=9x9 groups=1
shape=conv2d_b1_c4_h9_w9_oc4_wic4_k1x1_g1 kind=NONE tasks=1 PASS max_diff=0.0039
           PASS running={'PASS': 4} elapsed=   0.5s  NONE tasks=1 max_diff=0.0039 elapsed=0.1s
[  5/217] conv2d_b1_c3_h52_w52_oc6_wic3_k1x1_g1 (b=1 c=3 h=52x52 oc=6 k=1x1 g=1 path=BY_Y est~3) ...
plan shape=conv2d_b1_c3_h52_w52_oc6_wic3_k1x1_g1 split=BY_Y rows=3 y_step=19 k_step=6 out=52x52 groups=1
shape=conv2d_b1_c3_h52_w52_oc6_wic3_k1x1_g1 kind=BY_Y tasks=3 PASS max_diff=0.0037
           PASS running={'PASS': 5} elapsed=   0.8s  BY_Y tasks=3 max_diff=0.0037 elapsed=0.3s
[  6/217] conv2d_b1_c96_h56_w56_oc24_wic96_k1x1_g1 (b=1 c=96 h=56x56 oc=24 k=1x1 g=1 path=BY_Y est~2) ...
plan shape=conv2d_b1_c96_h56_w56_oc24_wic96_k1x1_g1 split=BY_Y rows=2 y_step=32 k_step=24 out=56x56 groups=1
shape=conv2d_b1_c96_h56_w56_oc24_wic96_k1x1_g1 kind=pointwise_gemm tasks=2 PASS max_diff=0.0156
           PASS running={'PASS': 6} elapsed=   0.9s  pointwise_gemm tasks=2 max_diff=0.0156 elapsed=0.1s
[  7/217] conv2d_b1_c144_h56_w56_oc24_wic144_k1x1_g1 (b=1 c=144 h=56x56 oc=24 k=1x1 g=1 path=BY_Y est~3) ...
plan shape=conv2d_b1_c144_h56_w56_oc24_wic144_k1x1_g1 split=BY_Y rows=3 y_step=22 k_step=24 out=56x56 groups=1
shape=conv2d_b1_c144_h56_w56_oc24_wic144_k1x1_g1 kind=pointwise_gemm tasks=4 PASS max_diff=0.0263
           PASS running={'PASS': 7} elapsed=   1.1s  pointwise_gemm tasks=4 max_diff=0.0263 elapsed=0.1s
[  8/217] conv2d_b1_c144_h28_w28_oc32_wic144_k1x1_g1 (b=1 c=144 h=28x28 oc=32 k=1x1 g=1 path=BY_Y est~2) ...
plan shape=conv2d_b1_c144_h28_w28_oc32_wic144_k1x1_g1 split=BY_Y rows=2 y_step=22 k_step=32 out=28x28 groups=1
shape=conv2d_b1_c144_h28_w28_oc32_wic144_k1x1_g1 kind=pointwise_gemm tasks=1 PASS max_diff=0.0283
           PASS running={'PASS': 8} elapsed=   1.2s  pointwise_gemm tasks=1 max_diff=0.0283 elapsed=0.1s
[  9/217] conv2d_b1_c192_h28_w28_oc32_wic192_k1x1_g1 (b=1 c=192 h=28x28 oc=32 k=1x1 g=1 path=BY_Y est~2) ...
plan shape=conv2d_b1_c192_h28_w28_oc32_wic192_k1x1_g1 split=BY_Y rows=2 y_step=22 k_step=32 out=28x28 groups=1
shape=conv2d_b1_c192_h28_w28_oc32_wic192_k1x1_g1 kind=pointwise_gemm tasks=1 PASS max_diff=0.0286
           PASS running={'PASS': 9} elapsed=   1.3s  pointwise_gemm tasks=1 max_diff=0.0286 elapsed=0.1s
[ 10/217] conv2d_b1_c192_h28_w28_oc16_wic192_k1x1_g1 (b=1 c=192 h=28x28 oc=16 k=1x1 g=1 path=BY_Y est~2) ...
plan shape=conv2d_b1_c192_h28_w28_oc16_wic192_k1x1_g1 split=BY_Y rows=2 y_step=22 k_step=16 out=28x28 groups=1
shape=conv2d_b1_c192_h28_w28_oc16_wic192_k1x1_g1 kind=pointwise_gemm tasks=1 PASS max_diff=0.0286
           PASS running={'PASS': 10} elapsed=   1.4s  pointwise_gemm tasks=1 max_diff=0.0286 elapsed=0.1s
[ 11/217] conv2d_b1_c256_h28_w28_oc32_wic256_k1x1_g1 (b=1 c=256 h=28x28 oc=32 k=1x1 g=1 path=BY_Y est~2) ...
plan shape=conv2d_b1_c256_h28_w28_oc32_wic256_k1x1_g1 split=BY_Y rows=2 y_step=22 k_step=32 out=28x28 groups=1
shape=conv2d_b1_c256_h28_w28_oc32_wic256_k1x1_g1 kind=pointwise_gemm tasks=2 PASS max_diff=0.0307
           PASS running={'PASS': 11} elapsed=   1.5s  pointwise_gemm tasks=2 max_diff=0.0307 elapsed=0.1s
[ 12/217] b1_c16_h8_w8_oc16_wic16_k1x1_g1 (b=1 c=16 h=8x8 oc=16 k=1x1 g=1 path=NONE est~1) ...
plan shape=b1_c16_h8_w8_oc16_wic16_k1x1_g1 split=NONE rows=1 y_step=8 k_step=16 out=8x8 groups=1
shape=b1_c16_h8_w8_oc16_wic16_k1x1_g1 kind=NONE tasks=1 PASS max_diff=0.0041
           PASS running={'PASS': 12} elapsed=   1.6s  NONE tasks=1 max_diff=0.0041 elapsed=0.1s
[ 13/217] conv2d_b1_c16_h32_w32_oc16_wic16_k1x1_g1 (b=1 c=16 h=32x32 oc=16 k=1x1 g=1 path=NONE est~1) ...
plan shape=conv2d_b1_c16_h32_w32_oc16_wic16_k1x1_g1 split=NONE rows=1 y_step=32 k_step=16 out=32x32 groups=1
shape=conv2d_b1_c16_h32_w32_oc16_wic16_k1x1_g1 kind=NONE tasks=1 PASS max_diff=0.0077
           PASS running={'PASS': 13} elapsed=   1.7s  NONE tasks=1 max_diff=0.0077 elapsed=0.1s
[ 14/217] conv2d_b1_c4_h9_w9_oc4_wic4_k3x3_g1 (b=1 c=4 h=9x9 oc=4 k=3x3 g=1 path=NONE est~1) ...
plan shape=conv2d_b1_c4_h9_w9_oc4_wic4_k3x3_g1 split=NONE rows=1 y_step=7 k_step=4 out=7x7 groups=1
shape=conv2d_b1_c4_h9_w9_oc4_wic4_k3x3_g1 kind=NONE tasks=1 PASS max_diff=0.0074
           PASS running={'PASS': 14} elapsed=   1.9s  NONE tasks=1 max_diff=0.0074 elapsed=0.1s
[ 15/217] conv2d_b1_c16_h18_w18_oc16_wic16_k3x3_g1 (b=1 c=16 h=18x18 oc=16 k=3x3 g=1 path=NONE est~1) ...
plan shape=conv2d_b1_c16_h18_w18_oc16_wic16_k3x3_g1 split=NONE rows=1 y_step=16 k_step=16 out=16x16 groups=1
shape=conv2d_b1_c16_h18_w18_oc16_wic16_k3x3_g1 kind=NONE tasks=1 PASS max_diff=0.0154
           PASS running={'PASS': 15} elapsed=   2.0s  NONE tasks=1 max_diff=0.0154 elapsed=0.1s
[ 16/217] conv2d_b2_c4_h9_w9_oc4_wic4_k3x3_g1 (b=2 c=4 h=9x9 oc=4 k=3x3 g=1 path=NONE est~2) ...
plan shape=conv2d_b2_c4_h9_w9_oc4_wic4_k3x3_g1 split=NONE rows=1 y_step=7 k_step=4 out=7x7 groups=1
shape=conv2d_b2_c4_h9_w9_oc4_wic4_k3x3_g1 kind=NONE tasks=2 PASS max_diff=0.0077
           PASS running={'PASS': 16} elapsed=   2.2s  NONE tasks=2 max_diff=0.0077 elapsed=0.2s
[ 17/217] conv2d_b1_c1_h5_w7_oc6_wic1_k3x3_g1 (b=1 c=1 h=5x7 oc=6 k=3x3 g=1 path=NONE est~1) ...
plan shape=conv2d_b1_c1_h5_w7_oc6_wic1_k3x3_g1 split=NONE rows=1 y_step=3 k_step=6 out=3x5 groups=1
shape=conv2d_b1_c1_h5_w7_oc6_wic1_k3x3_g1 kind=NONE tasks=1 PASS max_diff=0.0030
           PASS running={'PASS': 17} elapsed=   2.3s  NONE tasks=1 max_diff=0.0030 elapsed=0.1s
[ 18/217] conv2d_b1_c3_h11_w28_oc3_wic1_k3x3_g3 (b=1 c=3 h=11x28 oc=3 k=3x3 g=3 path=depthwise_serial est~3) ...
plan shape=conv2d_b1_c3_h11_w28_oc3_wic1_k3x3_g3 split=NONE rows=1 y_step=9 k_step=3 out=9x26 groups=3
shape=conv2d_b1_c3_h11_w28_oc3_wic1_k3x3_g3 kind=depthwise_serial tasks=3 PASS max_diff=0.0038
           PASS running={'PASS': 18} elapsed=   2.6s  depthwise_serial tasks=3 max_diff=0.0038 elapsed=0.3s
[ 19/217] b1_c3_h5_w5_oc6_wic3_k1x3_g1 (b=1 c=3 h=5x5 oc=6 k=1x3 g=1 path=NONE est~1) ...
plan shape=b1_c3_h5_w5_oc6_wic3_k1x3_g1 split=NONE rows=1 y_step=5 k_step=6 out=5x3 groups=1
shape=b1_c3_h5_w5_oc6_wic3_k1x3_g1 kind=NONE tasks=1 PASS max_diff=0.0039
           PASS running={'PASS': 19} elapsed=   2.7s  NONE tasks=1 max_diff=0.0039 elapsed=0.1s
[ 20/217] conv2d_b1_c3_h5_w7_oc6_wic1_k3x3_g3 (b=1 c=3 h=5x7 oc=6 k=3x3 g=3 path=grouped_serial est~3) ...
plan shape=conv2d_b1_c3_h5_w7_oc6_wic1_k3x3_g3 split=NONE rows=1 y_step=3 k_step=6 out=3x5 groups=3
shape=conv2d_b1_c3_h5_w7_oc6_wic1_k3x3_g3 kind=grouped_serial tasks=3 PASS max_diff=0.0023
           PASS running={'PASS': 20} elapsed=   3.1s  grouped_serial tasks=3 max_diff=0.0023 elapsed=0.4s
[ 21/217] conv2d_b1_c3_h5_w7_oc6_wic3_k2x1_g1 (b=1 c=3 h=5x7 oc=6 k=2x1 g=1 path=NONE est~1) ...
plan shape=conv2d_b1_c3_h5_w7_oc6_wic3_k2x1_g1 split=NONE rows=1 y_step=4 k_step=6 out=4x7 groups=1
shape=conv2d_b1_c3_h5_w7_oc6_wic3_k2x1_g1 kind=NONE tasks=1 PASS max_diff=0.0036
           PASS running={'PASS': 21} elapsed=   3.2s  NONE tasks=1 max_diff=0.0036 elapsed=0.1s
[ 22/217] conv2d_b1_c3_h5_w7_oc6_wic3_k2x3_g1 (b=1 c=3 h=5x7 oc=6 k=2x3 g=1 path=NONE est~1) ...
plan shape=conv2d_b1_c3_h5_w7_oc6_wic3_k2x3_g1 split=NONE rows=1 y_step=4 k_step=6 out=4x5 groups=1
shape=conv2d_b1_c3_h5_w7_oc6_wic3_k2x3_g1 kind=NONE tasks=1 PASS max_diff=0.0038
           PASS running={'PASS': 22} elapsed=   3.3s  NONE tasks=1 max_diff=0.0038 elapsed=0.1s
[ 23/217] conv2d_b1_c3_h5_w7_oc6_wic3_k2x5_g1 (b=1 c=3 h=5x7 oc=6 k=2x5 g=1 path=NONE est~1) ...
plan shape=conv2d_b1_c3_h5_w7_oc6_wic3_k2x5_g1 split=NONE rows=1 y_step=4 k_step=6 out=4x3 groups=1
shape=conv2d_b1_c3_h5_w7_oc6_wic3_k2x5_g1 kind=NONE tasks=1 PASS max_diff=0.0053
           PASS running={'PASS': 23} elapsed=   3.5s  NONE tasks=1 max_diff=0.0053 elapsed=0.1s
[ 24/217] conv2d_b1_c3_h5_w7_oc6_wic3_k3x1_g1 (b=1 c=3 h=5x7 oc=6 k=3x1 g=1 path=NONE est~1) ...
plan shape=conv2d_b1_c3_h5_w7_oc6_wic3_k3x1_g1 split=NONE rows=1 y_step=3 k_step=6 out=3x7 groups=1
shape=conv2d_b1_c3_h5_w7_oc6_wic3_k3x1_g1 kind=NONE tasks=1 PASS max_diff=0.0025
           PASS running={'PASS': 24} elapsed=   3.6s  NONE tasks=1 max_diff=0.0025 elapsed=0.1s
[ 25/217] conv2d_b1_c3_h5_w7_oc6_wic3_k3x3_g1 (b=1 c=3 h=5x7 oc=6 k=3x3 g=1 path=NONE est~1) ...
plan shape=conv2d_b1_c3_h5_w7_oc6_wic3_k3x3_g1 split=NONE rows=1 y_step=3 k_step=6 out=3x5 groups=1
shape=conv2d_b1_c3_h5_w7_oc6_wic3_k3x3_g1 kind=NONE tasks=1 PASS max_diff=0.0057
           PASS running={'PASS': 25} elapsed=   3.7s  NONE tasks=1 max_diff=0.0057 elapsed=0.1s
[ 26/217] conv2d_b1_c3_h5_w7_oc6_wic3_k3x5_g1 (b=1 c=3 h=5x7 oc=6 k=3x5 g=1 path=NONE est~1) ...
plan shape=conv2d_b1_c3_h5_w7_oc6_wic3_k3x5_g1 split=NONE rows=1 y_step=3 k_step=6 out=3x3 groups=1
shape=conv2d_b1_c3_h5_w7_oc6_wic3_k3x5_g1 kind=NONE tasks=1 PASS max_diff=0.0045
           PASS running={'PASS': 26} elapsed=   3.8s  NONE tasks=1 max_diff=0.0045 elapsed=0.1s
[ 27/217] b1_c1_h5_w7_oc6_wic1_k2x1_g1 (b=1 c=1 h=5x7 oc=6 k=2x1 g=1 path=NONE est~1) ...
plan shape=b1_c1_h5_w7_oc6_wic1_k2x1_g1 split=NONE rows=1 y_step=4 k_step=6 out=4x7 groups=1
shape=b1_c1_h5_w7_oc6_wic1_k2x1_g1 kind=NONE tasks=1 PASS max_diff=0.0009
           PASS running={'PASS': 27} elapsed=   3.9s  NONE tasks=1 max_diff=0.0009 elapsed=0.1s
[ 28/217] b1_c1_h5_w7_oc6_wic1_k2x3_g1 (b=1 c=1 h=5x7 oc=6 k=2x3 g=1 path=NONE est~1) ...
plan shape=b1_c1_h5_w7_oc6_wic1_k2x3_g1 split=NONE rows=1 y_step=4 k_step=6 out=4x5 groups=1
shape=b1_c1_h5_w7_oc6_wic1_k2x3_g1 kind=NONE tasks=1 PASS max_diff=0.0038
           PASS running={'PASS': 28} elapsed=   4.0s  NONE tasks=1 max_diff=0.0038 elapsed=0.1s
[ 29/217] b1_c1_h5_w7_oc6_wic1_k3x1_g1 (b=1 c=1 h=5x7 oc=6 k=3x1 g=1 path=NONE est~1) ...
plan shape=b1_c1_h5_w7_oc6_wic1_k3x1_g1 split=NONE rows=1 y_step=3 k_step=6 out=3x7 groups=1
shape=b1_c1_h5_w7_oc6_wic1_k3x1_g1 kind=NONE tasks=1 PASS max_diff=0.0017
           PASS running={'PASS': 29} elapsed=   4.1s  NONE tasks=1 max_diff=0.0017 elapsed=0.1s
[ 30/217] b1_c1_h5_w7_oc6_wic1_k3x5_g1 (b=1 c=1 h=5x7 oc=6 k=3x5 g=1 path=NONE est~1) ...
plan shape=b1_c1_h5_w7_oc6_wic1_k3x5_g1 split=NONE rows=1 y_step=3 k_step=6 out=3x3 groups=1
shape=b1_c1_h5_w7_oc6_wic1_k3x5_g1 kind=NONE tasks=1 PASS max_diff=0.0036
           PASS running={'PASS': 30} elapsed=   4.3s  NONE tasks=1 max_diff=0.0036 elapsed=0.1s
[ 31/217] conv2d_b1_c4_h1_w1_oc2_wic2_k1x1_g2 (b=1 c=4 h=1x1 oc=2 k=1x1 g=2 path=grouped_serial est~2) ...
plan shape=conv2d_b1_c4_h1_w1_oc2_wic2_k1x1_g2 split=NONE rows=1 y_step=1 k_step=2 out=1x1 groups=2
shape=conv2d_b1_c4_h1_w1_oc2_wic2_k1x1_g2 kind=grouped_serial tasks=2 PASS max_diff=0.0004
           PASS running={'PASS': 31} elapsed=   4.5s  grouped_serial tasks=2 max_diff=0.0004 elapsed=0.2s
[ 32/217] b1_c4_h1_w1_oc4_wic2_k1x1_g2 (b=1 c=4 h=1x1 oc=4 k=1x1 g=2 path=grouped_serial est~2) ...
plan shape=b1_c4_h1_w1_oc4_wic2_k1x1_g2 split=NONE rows=1 y_step=1 k_step=4 out=1x1 groups=2
shape=b1_c4_h1_w1_oc4_wic2_k1x1_g2 kind=grouped_serial tasks=2 PASS max_diff=0.0006
           PASS running={'PASS': 32} elapsed=   4.7s  grouped_serial tasks=2 max_diff=0.0006 elapsed=0.2s
[ 33/217] conv2d_b1_c32_h32_w32_oc32_wic1_k1x1_g32 (b=1 c=32 h=32x32 oc=32 k=1x1 g=32 path=depthwise_serial est~64) ...
plan shape=conv2d_b1_c32_h32_w32_oc32_wic1_k1x1_g32 split=NONE rows=1 y_step=32 k_step=32 out=32x32 groups=32
shape=conv2d_b1_c32_h32_w32_oc32_wic1_k1x1_g32 kind=depthwise_serial tasks=64 PASS max_diff=0.0010
           PASS running={'PASS': 33} elapsed=  11.6s  depthwise_serial tasks=64 max_diff=0.0010 elapsed=6.9s
[ 34/217] conv2d_b1_c15_h5_w5_oc35_wic3_k3x3_g5 (b=1 c=15 h=5x5 oc=35 k=3x3 g=5 path=grouped_serial est~5) ...
plan shape=conv2d_b1_c15_h5_w5_oc35_wic3_k3x3_g5 split=NONE rows=1 y_step=3 k_step=35 out=3x3 groups=5
shape=conv2d_b1_c15_h5_w5_oc35_wic3_k3x3_g5 kind=grouped_serial tasks=5 PASS max_diff=0.0072
           PASS running={'PASS': 34} elapsed=  12.2s  grouped_serial tasks=5 max_diff=0.0072 elapsed=0.6s
[ 35/217] conv2d_b2_c3_h11_w28_oc3_wic1_k3x3_g3 (b=2 c=3 h=11x28 oc=3 k=3x3 g=3 path=depthwise_serial est~6) ...
plan shape=conv2d_b2_c3_h11_w28_oc3_wic1_k3x3_g3 split=NONE rows=1 y_step=9 k_step=3 out=9x26 groups=3
shape=conv2d_b2_c3_h11_w28_oc3_wic1_k3x3_g3 kind=depthwise_serial tasks=6 PASS max_diff=0.0038
           PASS running={'PASS': 35} elapsed=  12.8s  depthwise_serial tasks=6 max_diff=0.0038 elapsed=0.7s
[ 36/217] conv2d_b4_c15_h5_w5_oc35_wic3_k3x3_g5 (b=4 c=15 h=5x5 oc=35 k=3x3 g=5 path=grouped_serial est~20) ...
plan shape=conv2d_b4_c15_h5_w5_oc35_wic3_k3x3_g5 split=NONE rows=1 y_step=3 k_step=35 out=3x3 groups=5
shape=conv2d_b4_c15_h5_w5_oc35_wic3_k3x3_g5 kind=grouped_serial tasks=20 PASS max_diff=0.0075
           PASS running={'PASS': 36} elapsed=  15.2s  grouped_serial tasks=20 max_diff=0.0075 elapsed=2.4s
[ 37/217] conv2d_b1_c4_h5_w5_oc4_wic2_k3x3_g2 (b=1 c=4 h=5x5 oc=4 k=3x3 g=2 path=grouped_serial est~2) ...
plan shape=conv2d_b1_c4_h5_w5_oc4_wic2_k3x3_g2 split=NONE rows=1 y_step=3 k_step=4 out=3x3 groups=2
shape=conv2d_b1_c4_h5_w5_oc4_wic2_k3x3_g2 kind=grouped_serial tasks=2 PASS max_diff=0.0032
           PASS running={'PASS': 37} elapsed=  15.5s  grouped_serial tasks=2 max_diff=0.0032 elapsed=0.2s
[ 38/217] conv2d_b1_c4_h5_w5_oc8_wic2_k3x3_g2 (b=1 c=4 h=5x5 oc=8 k=3x3 g=2 path=grouped_serial est~2) ...
plan shape=conv2d_b1_c4_h5_w5_oc8_wic2_k3x3_g2 split=NONE rows=1 y_step=3 k_step=8 out=3x3 groups=2
shape=conv2d_b1_c4_h5_w5_oc8_wic2_k3x3_g2 kind=grouped_serial tasks=2 PASS max_diff=0.0066
           PASS running={'PASS': 38} elapsed=  15.7s  grouped_serial tasks=2 max_diff=0.0066 elapsed=0.2s
[ 39/217] conv2d_b1_c4_h5_w5_oc12_wic2_k3x3_g2 (b=1 c=4 h=5x5 oc=12 k=3x3 g=2 path=grouped_serial est~2) ...
plan shape=conv2d_b1_c4_h5_w5_oc12_wic2_k3x3_g2 split=NONE rows=1 y_step=3 k_step=12 out=3x3 groups=2
shape=conv2d_b1_c4_h5_w5_oc12_wic2_k3x3_g2 kind=grouped_serial tasks=2 PASS max_diff=0.0066
           PASS running={'PASS': 39} elapsed=  15.9s  grouped_serial tasks=2 max_diff=0.0066 elapsed=0.2s
[ 40/217] conv2d_b1_c6_h5_w5_oc6_wic2_k3x3_g3 (b=1 c=6 h=5x5 oc=6 k=3x3 g=3 path=grouped_serial est~3) ...
plan shape=conv2d_b1_c6_h5_w5_oc6_wic2_k3x3_g3 split=NONE rows=1 y_step=3 k_step=6 out=3x3 groups=3
shape=conv2d_b1_c6_h5_w5_oc6_wic2_k3x3_g3 kind=grouped_serial tasks=3 PASS max_diff=0.0038
           PASS running={'PASS': 40} elapsed=  16.3s  grouped_serial tasks=3 max_diff=0.0038 elapsed=0.4s
[ 41/217] conv2d_b1_c6_h5_w5_oc12_wic2_k3x3_g3 (b=1 c=6 h=5x5 oc=12 k=3x3 g=3 path=grouped_serial est~3) ...
plan shape=conv2d_b1_c6_h5_w5_oc12_wic2_k3x3_g3 split=NONE rows=1 y_step=3 k_step=12 out=3x3 groups=3
shape=conv2d_b1_c6_h5_w5_oc12_wic2_k3x3_g3 kind=grouped_serial tasks=3 PASS max_diff=0.0039
           PASS running={'PASS': 41} elapsed=  16.7s  grouped_serial tasks=3 max_diff=0.0039 elapsed=0.4s
[ 42/217] conv2d_b1_c6_h5_w5_oc18_wic2_k3x3_g3 (b=1 c=6 h=5x5 oc=18 k=3x3 g=3 path=grouped_serial est~3) ...
plan shape=conv2d_b1_c6_h5_w5_oc18_wic2_k3x3_g3 split=NONE rows=1 y_step=3 k_step=18 out=3x3 groups=3
shape=conv2d_b1_c6_h5_w5_oc18_wic2_k3x3_g3 kind=grouped_serial tasks=3 PASS max_diff=0.0039
           PASS running={'PASS': 42} elapsed=  17.0s  grouped_serial tasks=3 max_diff=0.0039 elapsed=0.4s
[ 43/217] conv2d_b1_c15_h5_w5_oc20_wic3_k3x3_g5 (b=1 c=15 h=5x5 oc=20 k=3x3 g=5 path=grouped_serial est~5) ...
plan shape=conv2d_b1_c15_h5_w5_oc20_wic3_k3x3_g5 split=NONE rows=1 y_step=3 k_step=20 out=3x3 groups=5
shape=conv2d_b1_c15_h5_w5_oc20_wic3_k3x3_g5 kind=grouped_serial tasks=5 PASS max_diff=0.0055
           PASS running={'PASS': 43} elapsed=  17.6s  grouped_serial tasks=5 max_diff=0.0055 elapsed=0.6s
[ 44/217] conv2d_b1_c15_h5_w5_oc25_wic3_k3x3_g5 (b=1 c=15 h=5x5 oc=25 k=3x3 g=5 path=grouped_serial est~5) ...
plan shape=conv2d_b1_c15_h5_w5_oc25_wic3_k3x3_g5 split=NONE rows=1 y_step=3 k_step=25 out=3x3 groups=5
shape=conv2d_b1_c15_h5_w5_oc25_wic3_k3x3_g5 kind=grouped_serial tasks=5 PASS max_diff=0.0043
           PASS running={'PASS': 44} elapsed=  18.2s  grouped_serial tasks=5 max_diff=0.0043 elapsed=0.6s
[ 45/217] conv2d_b1_c15_h5_w5_oc30_wic3_k3x3_g5 (b=1 c=15 h=5x5 oc=30 k=3x3 g=5 path=grouped_serial est~5) ...
plan shape=conv2d_b1_c15_h5_w5_oc30_wic3_k3x3_g5 split=NONE rows=1 y_step=3 k_step=30 out=3x3 groups=5
shape=conv2d_b1_c15_h5_w5_oc30_wic3_k3x3_g5 kind=grouped_serial tasks=5 PASS max_diff=0.0066
           PASS running={'PASS': 45} elapsed=  18.8s  grouped_serial tasks=5 max_diff=0.0066 elapsed=0.6s
[ 46/217] conv2d_b1_c15_h5_w5_oc40_wic3_k3x3_g5 (b=1 c=15 h=5x5 oc=40 k=3x3 g=5 path=grouped_serial est~5) ...
plan shape=conv2d_b1_c15_h5_w5_oc40_wic3_k3x3_g5 split=NONE rows=1 y_step=3 k_step=40 out=3x3 groups=5
shape=conv2d_b1_c15_h5_w5_oc40_wic3_k3x3_g5 kind=grouped_serial tasks=5 PASS max_diff=0.0072
           PASS running={'PASS': 46} elapsed=  19.4s  grouped_serial tasks=5 max_diff=0.0072 elapsed=0.6s
[ 47/217] b1_c2_h4_w4_oc2_wic2_k1x1_g1 (b=1 c=2 h=4x4 oc=2 k=1x1 g=1 path=NONE est~1) ...
plan shape=b1_c2_h4_w4_oc2_wic2_k1x1_g1 split=NONE rows=1 y_step=4 k_step=2 out=4x4 groups=1
shape=b1_c2_h4_w4_oc2_wic2_k1x1_g1 kind=NONE tasks=1 PASS max_diff=0.0017
           PASS running={'PASS': 47} elapsed=  19.5s  NONE tasks=1 max_diff=0.0017 elapsed=0.1s
[ 48/217] b1_c8_h5_w5_oc8_wic8_k1x1_g1 (b=1 c=8 h=5x5 oc=8 k=1x1 g=1 path=NONE est~1) ...
plan shape=b1_c8_h5_w5_oc8_wic8_k1x1_g1 split=NONE rows=1 y_step=5 k_step=8 out=5x5 groups=1
shape=b1_c8_h5_w5_oc8_wic8_k1x1_g1 kind=NONE tasks=1 PASS max_diff=0.0035
           PASS running={'PASS': 48} elapsed=  19.6s  NONE tasks=1 max_diff=0.0035 elapsed=0.1s
[ 49/217] b1_c10_h9_w9_oc20_wic10_k3x3_g1 (b=1 c=10 h=9x9 oc=20 k=3x3 g=1 path=NONE est~1) ...
plan shape=b1_c10_h9_w9_oc20_wic10_k3x3_g1 split=NONE rows=1 y_step=7 k_step=20 out=7x7 groups=1
shape=b1_c10_h9_w9_oc20_wic10_k3x3_g1 kind=NONE tasks=1 PASS max_diff=0.0091
           PASS running={'PASS': 49} elapsed=  19.7s  NONE tasks=1 max_diff=0.0091 elapsed=0.1s
[ 50/217] b1_c16_h9_w9_oc16_wic16_k3x3_g1 (b=1 c=16 h=9x9 oc=16 k=3x3 g=1 path=NONE est~1) ...
plan shape=b1_c16_h9_w9_oc16_wic16_k3x3_g1 split=NONE rows=1 y_step=7 k_step=16 out=7x7 groups=1
shape=b1_c16_h9_w9_oc16_wic16_k3x3_g1 kind=NONE tasks=1 PASS max_diff=0.0155
           PASS running={'PASS': 50} elapsed=  19.8s  NONE tasks=1 max_diff=0.0155 elapsed=0.1s
[ 51/217] b1_c2_h6_w6_oc4_wic2_k3x3_g1 (b=1 c=2 h=6x6 oc=4 k=3x3 g=1 path=NONE est~1) ...
plan shape=b1_c2_h6_w6_oc4_wic2_k3x3_g1 split=NONE rows=1 y_step=4 k_step=4 out=4x4 groups=1
shape=b1_c2_h6_w6_oc4_wic2_k3x3_g1 kind=NONE tasks=1 PASS max_diff=0.0035
           PASS running={'PASS': 51} elapsed=  20.0s  NONE tasks=1 max_diff=0.0035 elapsed=0.1s
[ 52/217] b1_c2_h5_w5_oc4_wic2_k2x2_g1 (b=1 c=2 h=5x5 oc=4 k=2x2 g=1 path=NONE est~1) ...
plan shape=b1_c2_h5_w5_oc4_wic2_k2x2_g1 split=NONE rows=1 y_step=4 k_step=4 out=4x4 groups=1
shape=b1_c2_h5_w5_oc4_wic2_k2x2_g1 kind=NONE tasks=1 PASS max_diff=0.0028
           PASS running={'PASS': 52} elapsed=  20.1s  NONE tasks=1 max_diff=0.0028 elapsed=0.1s
[ 53/217] b1_c1_h10_w10_oc32_wic1_k5x5_g1 (b=1 c=1 h=10x10 oc=32 k=5x5 g=1 path=NONE est~1) ...
plan shape=b1_c1_h10_w10_oc32_wic1_k5x5_g1 split=NONE rows=1 y_step=6 k_step=32 out=6x6 groups=1
shape=b1_c1_h10_w10_oc32_wic1_k5x5_g1 kind=NONE tasks=1 PASS max_diff=0.0075
           PASS running={'PASS': 53} elapsed=  20.2s  NONE tasks=1 max_diff=0.0075 elapsed=0.1s
[ 54/217] b1_c8_h10_w10_oc4_wic8_k4x4_g1 (b=1 c=8 h=10x10 oc=4 k=4x4 g=1 path=NONE est~1) ...
plan shape=b1_c8_h10_w10_oc4_wic8_k4x4_g1 split=NONE rows=1 y_step=7 k_step=4 out=7x7 groups=1
shape=b1_c8_h10_w10_oc4_wic8_k4x4_g1 kind=NONE tasks=1 PASS max_diff=0.0132
           PASS running={'PASS': 54} elapsed=  20.3s  NONE tasks=1 max_diff=0.0132 elapsed=0.1s
[ 55/217] b1_c3_h224_w224_oc32_wic3_k3x3_g1 (b=1 c=3 h=224x224 oc=32 k=3x3 g=1 path=BY_Y est~5) ...
plan shape=b1_c3_h224_w224_oc32_wic3_k3x3_g1 split=BY_Y rows=5 y_step=48 k_step=32 out=222x222 groups=1
shape=b1_c3_h224_w224_oc32_wic3_k3x3_g1 kind=BY_Y tasks=5 PASS max_diff=0.0151
           PASS running={'PASS': 55} elapsed=  21.1s  BY_Y tasks=5 max_diff=0.0151 elapsed=0.8s
[ 56/217] b1_c32_h112_w112_oc32_wic1_k3x3_g32 (b=1 c=32 h=112x112 oc=32 k=3x3 g=32 path=depthwise_serial est~32) ...
plan shape=b1_c32_h112_w112_oc32_wic1_k3x3_g32 split=BY_Y rows=10 y_step=12 k_step=32 out=110x110 groups=32
shape=b1_c32_h112_w112_oc32_wic1_k3x3_g32 kind=depthwise_serial tasks=32 PASS max_diff=0.0075
           PASS running={'PASS': 56} elapsed=  24.6s  depthwise_serial tasks=32 max_diff=0.0075 elapsed=3.5s
[ 57/217] b1_c32_h112_w112_oc64_wic32_k1x1_g1 (b=1 c=32 h=112x112 oc=64 k=1x1 g=1 path=BY_YK est~8) ...
plan shape=b1_c32_h112_w112_oc64_wic32_k1x1_g1 split=BY_YK rows=8 y_step=32 k_step=32 out=112x112 groups=1
shape=b1_c32_h112_w112_oc64_wic32_k1x1_g1 kind=pointwise_gemm tasks=5 PASS max_diff=0.0146
           PASS running={'PASS': 57} elapsed=  24.8s  pointwise_gemm tasks=5 max_diff=0.0146 elapsed=0.2s
[ 58/217] b1_c64_h112_w112_oc64_wic1_k3x3_g64 (b=1 c=64 h=112x112 oc=64 k=3x3 g=64 path=depthwise_serial est~64) ...
plan shape=b1_c64_h112_w112_oc64_wic1_k3x3_g64 split=BY_YK rows=20 y_step=12 k_step=32 out=110x110 groups=64
shape=b1_c64_h112_w112_oc64_wic1_k3x3_g64 kind=depthwise_serial tasks=64 PASS max_diff=0.0075
           PASS running={'PASS': 58} elapsed=  31.8s  depthwise_serial tasks=64 max_diff=0.0075 elapsed=7.0s
[ 59/217] b1_c64_h56_w56_oc128_wic64_k1x1_g1 (b=1 c=64 h=56x56 oc=128 k=1x1 g=1 path=BY_YK est~8) ...
plan shape=b1_c64_h56_w56_oc128_wic64_k1x1_g1 split=BY_YK rows=8 y_step=32 k_step=32 out=56x56 groups=1
shape=b1_c64_h56_w56_oc128_wic64_k1x1_g1 kind=pointwise_gemm tasks=3 PASS max_diff=0.0156
           PASS running={'PASS': 59} elapsed=  32.0s  pointwise_gemm tasks=3 max_diff=0.0156 elapsed=0.2s
[ 60/217] b1_c128_h56_w56_oc128_wic1_k3x3_g128 (b=1 c=128 h=56x56 oc=128 k=3x3 g=128 path=depthwise_serial est~128) ...
plan shape=b1_c128_h56_w56_oc128_wic1_k3x3_g128 split=BY_YK rows=20 y_step=12 k_step=32 out=54x54 groups=128
shape=b1_c128_h56_w56_oc128_wic1_k3x3_g128 kind=depthwise_serial tasks=128 PASS max_diff=0.0078
           PASS running={'PASS': 60} elapsed=  45.9s  depthwise_serial tasks=128 max_diff=0.0078 elapsed=13.9s
[ 61/217] b1_c128_h56_w56_oc128_wic128_k1x1_g1 (b=1 c=128 h=56x56 oc=128 k=1x1 g=1 path=BY_YK est~12) ...
plan shape=b1_c128_h56_w56_oc128_wic128_k1x1_g1 split=BY_YK rows=12 y_step=25 k_step=32 out=56x56 groups=1
shape=b1_c128_h56_w56_oc128_wic128_k1x1_g1 kind=pointwise_gemm tasks=3 PASS max_diff=0.0312
           PASS running={'PASS': 61} elapsed=  46.0s  pointwise_gemm tasks=3 max_diff=0.0312 elapsed=0.2s
[ 62/217] b1_c128_h28_w28_oc256_wic128_k1x1_g1 (b=1 c=128 h=28x28 oc=256 k=1x1 g=1 path=BY_K est~8) ...
plan shape=b1_c128_h28_w28_oc256_wic128_k1x1_g1 split=BY_K rows=8 y_step=28 k_step=32 out=28x28 groups=1
shape=b1_c128_h28_w28_oc256_wic128_k1x1_g1 kind=pointwise_gemm tasks=2 PASS max_diff=0.0156
           PASS running={'PASS': 62} elapsed=  46.2s  pointwise_gemm tasks=2 max_diff=0.0156 elapsed=0.1s
[ 63/217] b1_c256_h28_w28_oc256_wic1_k3x3_g256 (b=1 c=256 h=28x28 oc=256 k=3x3 g=256 path=depthwise_serial est~256) ...
plan shape=b1_c256_h28_w28_oc256_wic1_k3x3_g256 split=BY_YK rows=24 y_step=12 k_step=32 out=26x26 groups=256
shape=b1_c256_h28_w28_oc256_wic1_k3x3_g256 kind=depthwise_serial tasks=256 PASS max_diff=0.0075
           PASS running={'PASS': 63} elapsed=  73.6s  depthwise_serial tasks=256 max_diff=0.0075 elapsed=27.4s
[ 64/217] b1_c256_h28_w28_oc256_wic256_k1x1_g1 (b=1 c=256 h=28x28 oc=256 k=1x1 g=1 path=BY_YK est~16) ...
plan shape=b1_c256_h28_w28_oc256_wic256_k1x1_g1 split=BY_YK rows=16 y_step=22 k_step=32 out=28x28 groups=1
shape=b1_c256_h28_w28_oc256_wic256_k1x1_g1 kind=pointwise_gemm tasks=2 PASS max_diff=0.0312
           PASS running={'PASS': 64} elapsed=  73.7s  pointwise_gemm tasks=2 max_diff=0.0312 elapsed=0.1s
[ 65/217] b1_c256_h14_w14_oc512_wic256_k1x1_g1 (b=1 c=256 h=14x14 oc=512 k=1x1 g=1 path=BY_K est~16) ...
plan shape=b1_c256_h14_w14_oc512_wic256_k1x1_g1 split=BY_K rows=16 y_step=14 k_step=32 out=14x14 groups=1
shape=b1_c256_h14_w14_oc512_wic256_k1x1_g1 kind=pointwise_gemm tasks=196 PASS max_diff=0.0311
           PASS running={'PASS': 65} elapsed=  73.8s  pointwise_gemm tasks=196 max_diff=0.0311 elapsed=0.2s
[ 66/217] b1_c512_h14_w14_oc512_wic1_k3x3_g512 (b=1 c=512 h=14x14 oc=512 k=3x3 g=512 path=depthwise_serial est~512 SLOW_DW est_tasks=512) ...
plan shape=b1_c512_h14_w14_oc512_wic1_k3x3_g512 split=BY_K rows=16 y_step=12 k_step=32 out=12x12 groups=512
shape=b1_c512_h14_w14_oc512_wic1_k3x3_g512 kind=depthwise_serial tasks=512 PASS max_diff=0.0076
           PASS running={'PASS': 66} elapsed= 128.6s  depthwise_serial tasks=512 max_diff=0.0076 elapsed=54.7s SLOW_DW est_tasks=512
[ 67/217] b1_c512_h14_w14_oc512_wic512_k1x1_g1 (b=1 c=512 h=14x14 oc=512 k=1x1 g=1 path=BY_K est~16) ...
plan shape=b1_c512_h14_w14_oc512_wic512_k1x1_g1 split=BY_K rows=16 y_step=14 k_step=32 out=14x14 groups=1
shape=b1_c512_h14_w14_oc512_wic512_k1x1_g1 kind=pointwise_gemm tasks=196 PASS max_diff=0.0312
           PASS running={'PASS': 67} elapsed= 128.8s  pointwise_gemm tasks=196 max_diff=0.0312 elapsed=0.2s
[ 68/217] b1_c512_h7_w7_oc1024_wic512_k1x1_g1 (b=1 c=512 h=7x7 oc=1024 k=1x1 g=1 path=BY_K est~32) ...
plan shape=b1_c512_h7_w7_oc1024_wic512_k1x1_g1 split=BY_K rows=32 y_step=7 k_step=32 out=7x7 groups=1
shape=b1_c512_h7_w7_oc1024_wic512_k1x1_g1 kind=pointwise_gemm tasks=49 PASS max_diff=0.0312
           PASS running={'PASS': 68} elapsed= 128.9s  pointwise_gemm tasks=49 max_diff=0.0312 elapsed=0.2s
[ 69/217] b1_c1024_h7_w7_oc1024_wic1_k3x3_g1024 (b=1 c=1024 h=7x7 oc=1024 k=3x3 g=1024 path=depthwise_serial est~1024 SLOW_DW est_tasks=1024) ...
plan shape=b1_c1024_h7_w7_oc1024_wic1_k3x3_g1024 split=BY_K rows=32 y_step=5 k_step=32 out=5x5 groups=1024
shape=b1_c1024_h7_w7_oc1024_wic1_k3x3_g1024 kind=depthwise_serial tasks=1024 PASS max_diff=0.0064
           PASS running={'PASS': 69} elapsed= 238.3s  depthwise_serial tasks=1024 max_diff=0.0064 elapsed=109.4s SLOW_DW est_tasks=1024
[ 70/217] b1_c1024_h7_w7_oc1024_wic1024_k1x1_g1 (b=1 c=1024 h=7x7 oc=1024 k=1x1 g=1 path=BY_K est~32) ...
plan shape=b1_c1024_h7_w7_oc1024_wic1024_k1x1_g1 split=BY_K rows=32 y_step=7 k_step=32 out=7x7 groups=1
shape=b1_c1024_h7_w7_oc1024_wic1024_k1x1_g1 kind=pointwise_gemm tasks=49 PASS max_diff=0.0606
           PASS running={'PASS': 70} elapsed= 238.5s  pointwise_gemm tasks=49 max_diff=0.0606 elapsed=0.2s
[ 71/217] b1_c1024_h7_w7_oc1024_wic1_k7x7_g1024 (b=1 c=1024 h=7x7 oc=1024 k=7x7 g=1024 path=depthwise_serial est~1024 SLOW_DW est_tasks=1024) ...
plan shape=b1_c1024_h7_w7_oc1024_wic1_k7x7_g1024 split=BY_K rows=32 y_step=1 k_step=32 out=1x1 groups=1024
shape=b1_c1024_h7_w7_oc1024_wic1_k7x7_g1024 kind=depthwise_serial tasks=1024 PASS max_diff=0.0078
           PASS running={'PASS': 71} elapsed= 348.3s  depthwise_serial tasks=1024 max_diff=0.0078 elapsed=109.8s SLOW_DW est_tasks=1024
[ 72/217] b1_c1024_h1_w1_oc1001_wic1024_k1x1_g1 (b=1 c=1024 h=1x1 oc=1001 k=1x1 g=1 path=BY_K est~32) ...
plan shape=b1_c1024_h1_w1_oc1001_wic1024_k1x1_g1 split=BY_K rows=32 y_step=1 k_step=32 out=1x1 groups=1
shape=b1_c1024_h1_w1_oc1001_wic1024_k1x1_g1 kind=pointwise_gemm tasks=1 PASS max_diff=0.0314
           PASS running={'PASS': 72} elapsed= 348.5s  pointwise_gemm tasks=1 max_diff=0.0314 elapsed=0.2s
[ 73/217] b1_c1_h1_w11_oc6_wic1_k1x1_g1 (b=1 c=1 h=1x11 oc=6 k=1x1 g=1 path=NONE est~1) ...
plan shape=b1_c1_h1_w11_oc6_wic1_k1x1_g1 split=NONE rows=1 y_step=1 k_step=6 out=1x11 groups=1
shape=b1_c1_h1_w11_oc6_wic1_k1x1_g1 kind=NONE tasks=1 PASS max_diff=0.0009
           PASS running={'PASS': 73} elapsed= 348.6s  NONE tasks=1 max_diff=0.0009 elapsed=0.1s
[ 74/217] b8_c1_h1_w11_oc6_wic1_k1x1_g1 (b=8 c=1 h=1x11 oc=6 k=1x1 g=1 path=NONE est~8) ...
plan shape=b8_c1_h1_w11_oc6_wic1_k1x1_g1 split=NONE rows=1 y_step=1 k_step=6 out=1x11 groups=1
shape=b8_c1_h1_w11_oc6_wic1_k1x1_g1 kind=NONE tasks=8 PASS max_diff=0.0010
           PASS running={'PASS': 74} elapsed= 349.5s  NONE tasks=8 max_diff=0.0010 elapsed=0.9s
[ 75/217] b1_c1_h1_w11_oc6_wic1_k1x2_g1 (b=1 c=1 h=1x11 oc=6 k=1x2 g=1 path=NONE est~1) ...
plan shape=b1_c1_h1_w11_oc6_wic1_k1x2_g1 split=NONE rows=1 y_step=1 k_step=6 out=1x10 groups=1
shape=b1_c1_h1_w11_oc6_wic1_k1x2_g1 kind=NONE tasks=1 PASS max_diff=0.0018
           PASS running={'PASS': 75} elapsed= 349.6s  NONE tasks=1 max_diff=0.0018 elapsed=0.1s
[ 76/217] b1_c1_h1_w11_oc6_wic1_k1x5_g1 (b=1 c=1 h=1x11 oc=6 k=1x5 g=1 path=NONE est~1) ...
plan shape=b1_c1_h1_w11_oc6_wic1_k1x5_g1 split=NONE rows=1 y_step=1 k_step=6 out=1x7 groups=1
shape=b1_c1_h1_w11_oc6_wic1_k1x5_g1 kind=NONE tasks=1 PASS max_diff=0.0037
           PASS running={'PASS': 76} elapsed= 349.7s  NONE tasks=1 max_diff=0.0037 elapsed=0.1s
[ 77/217] b1_c3_h1_w11_oc6_wic3_k1x1_g1 (b=1 c=3 h=1x11 oc=6 k=1x1 g=1 path=NONE est~1) ...
plan shape=b1_c3_h1_w11_oc6_wic3_k1x1_g1 split=NONE rows=1 y_step=1 k_step=6 out=1x11 groups=1
shape=b1_c3_h1_w11_oc6_wic3_k1x1_g1 kind=NONE tasks=1 PASS max_diff=0.0036
           PASS running={'PASS': 77} elapsed= 349.8s  NONE tasks=1 max_diff=0.0036 elapsed=0.1s
[ 78/217] b1_c3_h1_w11_oc6_wic3_k1x2_g1 (b=1 c=3 h=1x11 oc=6 k=1x2 g=1 path=NONE est~1) ...
plan shape=b1_c3_h1_w11_oc6_wic3_k1x2_g1 split=NONE rows=1 y_step=1 k_step=6 out=1x10 groups=1
shape=b1_c3_h1_w11_oc6_wic3_k1x2_g1 kind=NONE tasks=1 PASS max_diff=0.0019
           PASS running={'PASS': 78} elapsed= 349.9s  NONE tasks=1 max_diff=0.0019 elapsed=0.1s
[ 79/217] b1_c3_h1_w11_oc6_wic3_k1x5_g1 (b=1 c=3 h=1x11 oc=6 k=1x5 g=1 path=NONE est~1) ...
plan shape=b1_c3_h1_w11_oc6_wic3_k1x5_g1 split=NONE rows=1 y_step=1 k_step=6 out=1x7 groups=1
shape=b1_c3_h1_w11_oc6_wic3_k1x5_g1 kind=NONE tasks=1 PASS max_diff=0.0037
           PASS running={'PASS': 79} elapsed= 350.0s  NONE tasks=1 max_diff=0.0037 elapsed=0.1s
[ 80/217] b1_c3_h1_w11_oc6_wic1_k1x5_g3 (b=1 c=3 h=1x11 oc=6 k=1x5 g=3 path=grouped_serial est~3) ...
plan shape=b1_c3_h1_w11_oc6_wic1_k1x5_g3 split=NONE rows=1 y_step=1 k_step=6 out=1x7 groups=3
shape=b1_c3_h1_w11_oc6_wic1_k1x5_g3 kind=grouped_serial tasks=3 PASS max_diff=0.0021
           PASS running={'PASS': 80} elapsed= 350.4s  grouped_serial tasks=3 max_diff=0.0021 elapsed=0.4s
[ 81/217] b8_c1_h1_w11_oc6_wic1_k1x1_g1 (b=8 c=1 h=1x11 oc=6 k=1x1 g=1 path=NONE est~8) ...
plan shape=b8_c1_h1_w11_oc6_wic1_k1x1_g1 split=NONE rows=1 y_step=1 k_step=6 out=1x11 groups=1
shape=b8_c1_h1_w11_oc6_wic1_k1x1_g1 kind=NONE tasks=8 PASS max_diff=0.0010
           PASS running={'PASS': 81} elapsed= 351.3s  NONE tasks=8 max_diff=0.0010 elapsed=0.9s
[ 82/217] b8_c1_h1_w11_oc6_wic1_k1x2_g1 (b=8 c=1 h=1x11 oc=6 k=1x2 g=1 path=NONE est~8) ...
plan shape=b8_c1_h1_w11_oc6_wic1_k1x2_g1 split=NONE rows=1 y_step=1 k_step=6 out=1x10 groups=1
shape=b8_c1_h1_w11_oc6_wic1_k1x2_g1 kind=NONE tasks=8 PASS max_diff=0.0019
           PASS running={'PASS': 82} elapsed= 352.1s  NONE tasks=8 max_diff=0.0019 elapsed=0.9s
[ 83/217] b8_c1_h1_w11_oc6_wic1_k1x2_g1 (b=8 c=1 h=1x11 oc=6 k=1x2 g=1 path=NONE est~8) ...
plan shape=b8_c1_h1_w11_oc6_wic1_k1x2_g1 split=NONE rows=1 y_step=1 k_step=6 out=1x10 groups=1
shape=b8_c1_h1_w11_oc6_wic1_k1x2_g1 kind=NONE tasks=8 PASS max_diff=0.0019
           PASS running={'PASS': 83} elapsed= 353.0s  NONE tasks=8 max_diff=0.0019 elapsed=0.9s
[ 84/217] b8_c1_h1_w11_oc6_wic1_k1x5_g1 (b=8 c=1 h=1x11 oc=6 k=1x5 g=1 path=NONE est~8) ...
plan shape=b8_c1_h1_w11_oc6_wic1_k1x5_g1 split=NONE rows=1 y_step=1 k_step=6 out=1x7 groups=1
shape=b8_c1_h1_w11_oc6_wic1_k1x5_g1 kind=NONE tasks=8 PASS max_diff=0.0031
           PASS running={'PASS': 84} elapsed= 353.9s  NONE tasks=8 max_diff=0.0031 elapsed=0.9s
[ 85/217] b8_c3_h1_w11_oc6_wic3_k1x1_g1 (b=8 c=3 h=1x11 oc=6 k=1x1 g=1 path=NONE est~8) ...
plan shape=b8_c3_h1_w11_oc6_wic3_k1x1_g1 split=NONE rows=1 y_step=1 k_step=6 out=1x11 groups=1
shape=b8_c3_h1_w11_oc6_wic3_k1x1_g1 kind=NONE tasks=8 PASS max_diff=0.0019
           PASS running={'PASS': 85} elapsed= 354.7s  NONE tasks=8 max_diff=0.0019 elapsed=0.9s
[ 86/217] b8_c3_h1_w11_oc6_wic3_k1x2_g1 (b=8 c=3 h=1x11 oc=6 k=1x2 g=1 path=NONE est~8) ...
plan shape=b8_c3_h1_w11_oc6_wic3_k1x2_g1 split=NONE rows=1 y_step=1 k_step=6 out=1x10 groups=1
shape=b8_c3_h1_w11_oc6_wic3_k1x2_g1 kind=NONE tasks=8 PASS max_diff=0.0029
           PASS running={'PASS': 86} elapsed= 355.6s  NONE tasks=8 max_diff=0.0029 elapsed=0.9s
[ 87/217] b8_c3_h1_w11_oc6_wic3_k1x5_g1 (b=8 c=3 h=1x11 oc=6 k=1x5 g=1 path=NONE est~8) ...
plan shape=b8_c3_h1_w11_oc6_wic3_k1x5_g1 split=NONE rows=1 y_step=1 k_step=6 out=1x7 groups=1
shape=b8_c3_h1_w11_oc6_wic3_k1x5_g1 kind=NONE tasks=8 PASS max_diff=0.0039
           PASS running={'PASS': 87} elapsed= 356.5s  NONE tasks=8 max_diff=0.0039 elapsed=0.9s
[ 88/217] b8_c3_h1_w11_oc6_wic1_k1x5_g3 (b=8 c=3 h=1x11 oc=6 k=1x5 g=3 path=grouped_serial est~24) ...
plan shape=b8_c3_h1_w11_oc6_wic1_k1x5_g3 split=NONE rows=1 y_step=1 k_step=6 out=1x7 groups=3
shape=b8_c3_h1_w11_oc6_wic1_k1x5_g3 kind=grouped_serial tasks=24 PASS max_diff=0.0020
           PASS running={'PASS': 88} elapsed= 359.3s  grouped_serial tasks=24 max_diff=0.0020 elapsed=2.8s
[ 89/217] b1_c3_h54_w54_oc6_wic3_k1x1_g1 (b=1 c=3 h=54x54 oc=6 k=1x1 g=1 path=BY_Y est~3) ...
plan shape=b1_c3_h54_w54_oc6_wic3_k1x1_g1 split=BY_Y rows=3 y_step=18 k_step=6 out=54x54 groups=1
shape=b1_c3_h54_w54_oc6_wic3_k1x1_g1 kind=BY_Y tasks=3 PASS max_diff=0.0038
           PASS running={'PASS': 89} elapsed= 359.6s  BY_Y tasks=3 max_diff=0.0038 elapsed=0.3s
[ 90/217] b1_c3_h56_w56_oc6_wic3_k1x1_g1 (b=1 c=3 h=56x56 oc=6 k=1x1 g=1 path=BY_Y est~4) ...
plan shape=b1_c3_h56_w56_oc6_wic3_k1x1_g1 split=BY_Y rows=4 y_step=17 k_step=6 out=56x56 groups=1
shape=b1_c3_h56_w56_oc6_wic3_k1x1_g1 kind=BY_Y tasks=4 PASS max_diff=0.0020
           PASS running={'PASS': 90} elapsed= 360.1s  BY_Y tasks=4 max_diff=0.0020 elapsed=0.4s
[ 91/217] b1_c3_h58_w58_oc6_wic3_k1x1_g1 (b=1 c=3 h=58x58 oc=6 k=1x1 g=1 path=BY_Y est~4) ...
plan shape=b1_c3_h58_w58_oc6_wic3_k1x1_g1 split=BY_Y rows=4 y_step=17 k_step=6 out=58x58 groups=1
shape=b1_c3_h58_w58_oc6_wic3_k1x1_g1 kind=BY_Y tasks=4 PASS max_diff=0.0023
           PASS running={'PASS': 91} elapsed= 360.5s  BY_Y tasks=4 max_diff=0.0023 elapsed=0.4s
[ 92/217] b1_c3_h60_w60_oc6_wic3_k1x1_g1 (b=1 c=3 h=60x60 oc=6 k=1x1 g=1 path=BY_Y est~4) ...
plan shape=b1_c3_h60_w60_oc6_wic3_k1x1_g1 split=BY_Y rows=4 y_step=16 k_step=6 out=60x60 groups=1
shape=b1_c3_h60_w60_oc6_wic3_k1x1_g1 kind=BY_Y tasks=4 PASS max_diff=0.0038
           PASS running={'PASS': 92} elapsed= 361.0s  BY_Y tasks=4 max_diff=0.0038 elapsed=0.4s
[ 93/217] b1_c3_h62_w62_oc6_wic3_k1x1_g1 (b=1 c=3 h=62x62 oc=6 k=1x1 g=1 path=BY_Y est~4) ...
plan shape=b1_c3_h62_w62_oc6_wic3_k1x1_g1 split=BY_Y rows=4 y_step=16 k_step=6 out=62x62 groups=1
shape=b1_c3_h62_w62_oc6_wic3_k1x1_g1 kind=BY_Y tasks=4 PASS max_diff=0.0020
           PASS running={'PASS': 93} elapsed= 361.4s  BY_Y tasks=4 max_diff=0.0020 elapsed=0.4s
[ 94/217] b1_c3_h64_w64_oc6_wic3_k1x1_g1 (b=1 c=3 h=64x64 oc=6 k=1x1 g=1 path=BY_Y est~5) ...
plan shape=b1_c3_h64_w64_oc6_wic3_k1x1_g1 split=BY_Y rows=5 y_step=15 k_step=6 out=64x64 groups=1
shape=b1_c3_h64_w64_oc6_wic3_k1x1_g1 kind=BY_Y tasks=5 PASS max_diff=0.0020
           PASS running={'PASS': 94} elapsed= 362.0s  BY_Y tasks=5 max_diff=0.0020 elapsed=0.5s
[ 95/217] b1_c3_h66_w66_oc6_wic3_k1x1_g1 (b=1 c=3 h=66x66 oc=6 k=1x1 g=1 path=BY_Y est~5) ...
plan shape=b1_c3_h66_w66_oc6_wic3_k1x1_g1 split=BY_Y rows=5 y_step=15 k_step=6 out=66x66 groups=1
shape=b1_c3_h66_w66_oc6_wic3_k1x1_g1 kind=BY_Y tasks=5 PASS max_diff=0.0020
           PASS running={'PASS': 95} elapsed= 362.5s  BY_Y tasks=5 max_diff=0.0020 elapsed=0.6s
[ 96/217] b1_c3_h68_w68_oc6_wic3_k1x1_g1 (b=1 c=3 h=68x68 oc=6 k=1x1 g=1 path=BY_Y est~5) ...
plan shape=b1_c3_h68_w68_oc6_wic3_k1x1_g1 split=BY_Y rows=5 y_step=14 k_step=6 out=68x68 groups=1
shape=b1_c3_h68_w68_oc6_wic3_k1x1_g1 kind=BY_Y tasks=5 PASS max_diff=0.0020
           PASS running={'PASS': 96} elapsed= 363.1s  BY_Y tasks=5 max_diff=0.0020 elapsed=0.5s
[ 97/217] b1_c3_h70_w70_oc6_wic3_k1x1_g1 (b=1 c=3 h=70x70 oc=6 k=1x1 g=1 path=BY_Y est~5) ...
plan shape=b1_c3_h70_w70_oc6_wic3_k1x1_g1 split=BY_Y rows=5 y_step=14 k_step=6 out=70x70 groups=1
shape=b1_c3_h70_w70_oc6_wic3_k1x1_g1 kind=BY_Y tasks=5 PASS max_diff=0.0037
           PASS running={'PASS': 97} elapsed= 363.6s  BY_Y tasks=5 max_diff=0.0037 elapsed=0.5s
[ 98/217] b1_c3_h72_w72_oc6_wic3_k1x1_g1 (b=1 c=3 h=72x72 oc=6 k=1x1 g=1 path=BY_Y est~6) ...
plan shape=b1_c3_h72_w72_oc6_wic3_k1x1_g1 split=BY_Y rows=6 y_step=13 k_step=6 out=72x72 groups=1
shape=b1_c3_h72_w72_oc6_wic3_k1x1_g1 kind=BY_Y tasks=6 PASS max_diff=0.0031
           PASS running={'PASS': 98} elapsed= 364.3s  BY_Y tasks=6 max_diff=0.0031 elapsed=0.7s
[ 99/217] b1_c256_h14_w14_oc512_wic256_k1x1_g1 (b=1 c=256 h=14x14 oc=512 k=1x1 g=1 path=BY_K est~16) ...
plan shape=b1_c256_h14_w14_oc512_wic256_k1x1_g1 split=BY_K rows=16 y_step=14 k_step=32 out=14x14 groups=1
shape=b1_c256_h14_w14_oc512_wic256_k1x1_g1 kind=pointwise_gemm tasks=196 PASS max_diff=0.0311
           PASS running={'PASS': 99} elapsed= 364.4s  pointwise_gemm tasks=196 max_diff=0.0311 elapsed=0.2s
[100/217] b1_c384_h14_w14_oc96_wic384_k1x1_g1 (b=1 c=384 h=14x14 oc=96 k=1x1 g=1 path=BY_K est~3) ...
plan shape=b1_c384_h14_w14_oc96_wic384_k1x1_g1 split=BY_K rows=3 y_step=14 k_step=32 out=14x14 groups=1
shape=b1_c384_h14_w14_oc96_wic384_k1x1_g1 kind=pointwise_gemm tasks=1 PASS max_diff=0.0312
           PASS running={'PASS': 100} elapsed= 364.6s  pointwise_gemm tasks=1 max_diff=0.0312 elapsed=0.1s
[101/217] b1_c480_h14_w14_oc96_wic480_k1x1_g1 (b=1 c=480 h=14x14 oc=96 k=1x1 g=1 path=BY_K est~3) ...
plan shape=b1_c480_h14_w14_oc96_wic480_k1x1_g1 split=BY_K rows=3 y_step=14 k_step=32 out=14x14 groups=1
shape=b1_c480_h14_w14_oc96_wic480_k1x1_g1 kind=pointwise_gemm tasks=196 PASS max_diff=0.0312
           PASS running={'PASS': 101} elapsed= 364.7s  pointwise_gemm tasks=196 max_diff=0.0312 elapsed=0.1s
[102/217] b1_c480_h14_w14_oc16_wic480_k1x1_g1 (b=1 c=480 h=14x14 oc=16 k=1x1 g=1 path=NONE est~1) ...
plan shape=b1_c480_h14_w14_oc16_wic480_k1x1_g1 split=NONE rows=1 y_step=14 k_step=16 out=14x14 groups=1
shape=b1_c480_h14_w14_oc16_wic480_k1x1_g1 kind=pointwise_gemm tasks=196 PASS max_diff=0.0312
           PASS running={'PASS': 102} elapsed= 364.8s  pointwise_gemm tasks=196 max_diff=0.0312 elapsed=0.1s
[103/217] b1_c512_h14_w14_oc112_wic512_k1x1_g1 (b=1 c=512 h=14x14 oc=112 k=1x1 g=1 path=BY_K est~4) ...
plan shape=b1_c512_h14_w14_oc112_wic512_k1x1_g1 split=BY_K rows=4 y_step=14 k_step=32 out=14x14 groups=1
shape=b1_c512_h14_w14_oc112_wic512_k1x1_g1 kind=pointwise_gemm tasks=196 PASS max_diff=0.0312
           PASS running={'PASS': 103} elapsed= 365.0s  pointwise_gemm tasks=196 max_diff=0.0312 elapsed=0.1s
[104/217] b1_c512_h14_w14_oc24_wic512_k1x1_g1 (b=1 c=512 h=14x14 oc=24 k=1x1 g=1 path=NONE est~1) ...
plan shape=b1_c512_h14_w14_oc24_wic512_k1x1_g1 split=NONE rows=1 y_step=14 k_step=24 out=14x14 groups=1
shape=b1_c512_h14_w14_oc24_wic512_k1x1_g1 kind=pointwise_gemm tasks=196 PASS max_diff=0.0308
           PASS running={'PASS': 104} elapsed= 365.1s  pointwise_gemm tasks=196 max_diff=0.0308 elapsed=0.1s
[105/217] b1_c512_h14_w14_oc32_wic512_k1x1_g1 (b=1 c=512 h=14x14 oc=32 k=1x1 g=1 path=NONE est~1) ...
plan shape=b1_c512_h14_w14_oc32_wic512_k1x1_g1 split=NONE rows=1 y_step=14 k_step=32 out=14x14 groups=1
shape=b1_c512_h14_w14_oc32_wic512_k1x1_g1 kind=pointwise_gemm tasks=196 PASS max_diff=0.0312
           PASS running={'PASS': 105} elapsed= 365.2s  pointwise_gemm tasks=196 max_diff=0.0312 elapsed=0.1s
[106/217] b1_c512_h14_w14_oc512_wic512_k1x1_g1 (b=1 c=512 h=14x14 oc=512 k=1x1 g=1 path=BY_K est~16) ...
plan shape=b1_c512_h14_w14_oc512_wic512_k1x1_g1 split=BY_K rows=16 y_step=14 k_step=32 out=14x14 groups=1
shape=b1_c512_h14_w14_oc512_wic512_k1x1_g1 kind=pointwise_gemm tasks=196 PASS max_diff=0.0312
           PASS running={'PASS': 106} elapsed= 365.4s  pointwise_gemm tasks=196 max_diff=0.0312 elapsed=0.2s
[107/217] b1_c512_h7_w7_oc1024_wic512_k1x1_g1 (b=1 c=512 h=7x7 oc=1024 k=1x1 g=1 path=BY_K est~32) ...
plan shape=b1_c512_h7_w7_oc1024_wic512_k1x1_g1 split=BY_K rows=32 y_step=7 k_step=32 out=7x7 groups=1
shape=b1_c512_h7_w7_oc1024_wic512_k1x1_g1 kind=pointwise_gemm tasks=49 PASS max_diff=0.0312
           PASS running={'PASS': 107} elapsed= 365.6s  pointwise_gemm tasks=49 max_diff=0.0312 elapsed=0.2s
[108/217] b1_c528_h14_w14_oc256_wic528_k1x1_g1 (b=1 c=528 h=14x14 oc=256 k=1x1 g=1 path=BY_K est~8) ...
plan shape=b1_c528_h14_w14_oc256_wic528_k1x1_g1 split=BY_K rows=8 y_step=14 k_step=32 out=14x14 groups=1
shape=b1_c528_h14_w14_oc256_wic528_k1x1_g1 kind=pointwise_gemm tasks=196 PASS max_diff=0.0312
           PASS running={'PASS': 108} elapsed= 365.7s  pointwise_gemm tasks=196 max_diff=0.0312 elapsed=0.2s
[109/217] b1_c528_h14_w14_oc160_wic528_k1x1_g1 (b=1 c=528 h=14x14 oc=160 k=1x1 g=1 path=BY_K est~5) ...
plan shape=b1_c528_h14_w14_oc160_wic528_k1x1_g1 split=BY_K rows=5 y_step=14 k_step=32 out=14x14 groups=1
shape=b1_c528_h14_w14_oc160_wic528_k1x1_g1 kind=pointwise_gemm tasks=196 PASS max_diff=0.0311
           PASS running={'PASS': 109} elapsed= 365.9s  pointwise_gemm tasks=196 max_diff=0.0311 elapsed=0.1s
[110/217] b1_c528_h14_w14_oc32_wic528_k1x1_g1 (b=1 c=528 h=14x14 oc=32 k=1x1 g=1 path=BY_K est~2) ...
plan shape=b1_c528_h14_w14_oc32_wic528_k1x1_g1 split=BY_K rows=2 y_step=14 k_step=16 out=14x14 groups=1
shape=b1_c528_h14_w14_oc32_wic528_k1x1_g1 kind=pointwise_gemm tasks=196 PASS max_diff=0.0311
           PASS running={'PASS': 110} elapsed= 366.0s  pointwise_gemm tasks=196 max_diff=0.0311 elapsed=0.1s
[111/217] b1_c528_h14_w14_oc128_wic528_k1x1_g1 (b=1 c=528 h=14x14 oc=128 k=1x1 g=1 path=BY_K est~4) ...
plan shape=b1_c528_h14_w14_oc128_wic528_k1x1_g1 split=BY_K rows=4 y_step=14 k_step=32 out=14x14 groups=1
shape=b1_c528_h14_w14_oc128_wic528_k1x1_g1 kind=pointwise_gemm tasks=196 PASS max_diff=0.0311
           PASS running={'PASS': 111} elapsed= 366.2s  pointwise_gemm tasks=196 max_diff=0.0311 elapsed=0.2s
[112/217] b1_c576_h14_w14_oc96_wic576_k1x1_g1 (b=1 c=576 h=14x14 oc=96 k=1x1 g=1 path=BY_K est~3) ...
plan shape=b1_c576_h14_w14_oc96_wic576_k1x1_g1 split=BY_K rows=3 y_step=14 k_step=32 out=14x14 groups=1
shape=b1_c576_h14_w14_oc96_wic576_k1x1_g1 kind=pointwise_gemm tasks=196 PASS max_diff=0.0312
           PASS running={'PASS': 112} elapsed= 366.3s  pointwise_gemm tasks=196 max_diff=0.0312 elapsed=0.1s
[113/217] b1_c832_h7_w7_oc48_wic832_k1x1_g1 (b=1 c=832 h=7x7 oc=48 k=1x1 g=1 path=BY_K est~3) ...
plan shape=b1_c832_h7_w7_oc48_wic832_k1x1_g1 split=BY_K rows=3 y_step=7 k_step=16 out=7x7 groups=1
shape=b1_c832_h7_w7_oc48_wic832_k1x1_g1 kind=pointwise_gemm tasks=49 PASS max_diff=0.0382
           PASS running={'PASS': 113} elapsed= 366.4s  pointwise_gemm tasks=49 max_diff=0.0382 elapsed=0.1s
[114/217] b1_c1024_h7_w7_oc1024_wic1024_k1x1_g1 (b=1 c=1024 h=7x7 oc=1024 k=1x1 g=1 path=BY_K est~32) ...
plan shape=b1_c1024_h7_w7_oc1024_wic1024_k1x1_g1 split=BY_K rows=32 y_step=7 k_step=32 out=7x7 groups=1
shape=b1_c1024_h7_w7_oc1024_wic1024_k1x1_g1 kind=pointwise_gemm tasks=49 PASS max_diff=0.0606
           PASS running={'PASS': 114} elapsed= 366.7s  pointwise_gemm tasks=49 max_diff=0.0606 elapsed=0.2s
[115/217] b1_c1024_h1_w1_oc1001_wic1024_k1x1_g1 (b=1 c=1024 h=1x1 oc=1001 k=1x1 g=1 path=BY_K est~32) ...
plan shape=b1_c1024_h1_w1_oc1001_wic1024_k1x1_g1 split=BY_K rows=32 y_step=1 k_step=32 out=1x1 groups=1
shape=b1_c1024_h1_w1_oc1001_wic1024_k1x1_g1 kind=pointwise_gemm tasks=1 PASS max_diff=0.0314
           PASS running={'PASS': 115} elapsed= 366.8s  pointwise_gemm tasks=1 max_diff=0.0314 elapsed=0.1s
[116/217] b1_c1280_h10_w10_oc24_wic1280_k1x1_g1 (b=1 c=1280 h=10x10 oc=24 k=1x1 g=1 path=BY_K est~3) ...
plan shape=b1_c1280_h10_w10_oc24_wic1280_k1x1_g1 split=BY_K rows=3 y_step=10 k_step=8 out=10x10 groups=1
shape=b1_c1280_h10_w10_oc24_wic1280_k1x1_g1 kind=pointwise_gemm tasks=100 PASS max_diff=0.0594
           PASS running={'PASS': 116} elapsed= 366.9s  pointwise_gemm tasks=100 max_diff=0.0594 elapsed=0.1s
[117/217] b1_c1280_h10_w10_oc546_wic1280_k1x1_g1 (b=1 c=1280 h=10x10 oc=546 k=1x1 g=1 path=BY_K est~18) ...
plan shape=b1_c1280_h10_w10_oc546_wic1280_k1x1_g1 split=BY_K rows=18 y_step=10 k_step=32 out=10x10 groups=1
shape=b1_c1280_h10_w10_oc546_wic1280_k1x1_g1 kind=pointwise_gemm tasks=100 PASS max_diff=0.0622
           PASS running={'PASS': 117} elapsed= 367.1s  pointwise_gemm tasks=100 max_diff=0.0622 elapsed=0.2s
[118/217] b1_c32_h112_w112_oc32_wic1_k3x3_g32 (b=1 c=32 h=112x112 oc=32 k=3x3 g=32 path=depthwise_serial est~32) ...
plan shape=b1_c32_h112_w112_oc32_wic1_k3x3_g32 split=BY_Y rows=10 y_step=12 k_step=32 out=110x110 groups=32
shape=b1_c32_h112_w112_oc32_wic1_k3x3_g32 kind=depthwise_serial tasks=32 PASS max_diff=0.0075
           PASS running={'PASS': 118} elapsed= 370.7s  depthwise_serial tasks=32 max_diff=0.0075 elapsed=3.6s
[119/217] b1_c64_h112_w112_oc64_wic1_k3x3_g64 (b=1 c=64 h=112x112 oc=64 k=3x3 g=64 path=depthwise_serial est~64) ...
plan shape=b1_c64_h112_w112_oc64_wic1_k3x3_g64 split=BY_YK rows=20 y_step=12 k_step=32 out=110x110 groups=64
shape=b1_c64_h112_w112_oc64_wic1_k3x3_g64 kind=depthwise_serial tasks=64 PASS max_diff=0.0075
           PASS running={'PASS': 119} elapsed= 378.0s  depthwise_serial tasks=64 max_diff=0.0075 elapsed=7.3s
[120/217] b1_c128_h56_w56_oc128_wic1_k3x3_g128 (b=1 c=128 h=56x56 oc=128 k=3x3 g=128 path=depthwise_serial est~128) ...
plan shape=b1_c128_h56_w56_oc128_wic1_k3x3_g128 split=BY_YK rows=20 y_step=12 k_step=32 out=54x54 groups=128
shape=b1_c128_h56_w56_oc128_wic1_k3x3_g128 kind=depthwise_serial tasks=128 PASS max_diff=0.0078
           PASS running={'PASS': 120} elapsed= 392.1s  depthwise_serial tasks=128 max_diff=0.0078 elapsed=14.0s
[121/217] b1_c256_h28_w28_oc256_wic1_k3x3_g256 (b=1 c=256 h=28x28 oc=256 k=3x3 g=256 path=depthwise_serial est~256) ...
plan shape=b1_c256_h28_w28_oc256_wic1_k3x3_g256 split=BY_YK rows=24 y_step=12 k_step=32 out=26x26 groups=256
shape=b1_c256_h28_w28_oc256_wic1_k3x3_g256 kind=depthwise_serial tasks=256 PASS max_diff=0.0075
           PASS running={'PASS': 121} elapsed= 419.5s  depthwise_serial tasks=256 max_diff=0.0075 elapsed=27.4s
[122/217] b1_c512_h14_w14_oc512_wic1_k3x3_g512 (b=1 c=512 h=14x14 oc=512 k=3x3 g=512 path=depthwise_serial est~512 SLOW_DW est_tasks=512) ...
plan shape=b1_c512_h14_w14_oc512_wic1_k3x3_g512 split=BY_K rows=16 y_step=12 k_step=32 out=12x12 groups=512
shape=b1_c512_h14_w14_oc512_wic1_k3x3_g512 kind=depthwise_serial tasks=512 PASS max_diff=0.0076
           PASS running={'PASS': 122} elapsed= 474.3s  depthwise_serial tasks=512 max_diff=0.0076 elapsed=54.8s SLOW_DW est_tasks=512
[123/217] b1_c1024_h7_w7_oc1024_wic1_k3x3_g1024 (b=1 c=1024 h=7x7 oc=1024 k=3x3 g=1024 path=depthwise_serial est~1024 SLOW_DW est_tasks=1024) ...
plan shape=b1_c1024_h7_w7_oc1024_wic1_k3x3_g1024 split=BY_K rows=32 y_step=5 k_step=32 out=5x5 groups=1024
shape=b1_c1024_h7_w7_oc1024_wic1_k3x3_g1024 kind=depthwise_serial tasks=1024 PASS max_diff=0.0064
           PASS running={'PASS': 123} elapsed= 583.7s  depthwise_serial tasks=1024 max_diff=0.0064 elapsed=109.4s SLOW_DW est_tasks=1024
[124/217] b1_c1024_h7_w7_oc1024_wic1_k7x7_g1024 (b=1 c=1024 h=7x7 oc=1024 k=7x7 g=1024 path=depthwise_serial est~1024 SLOW_DW est_tasks=1024) ...
plan shape=b1_c1024_h7_w7_oc1024_wic1_k7x7_g1024 split=BY_K rows=32 y_step=1 k_step=32 out=1x1 groups=1024
shape=b1_c1024_h7_w7_oc1024_wic1_k7x7_g1024 kind=depthwise_serial tasks=1024 PASS max_diff=0.0078
           PASS running={'PASS': 124} elapsed= 693.5s  depthwise_serial tasks=1024 max_diff=0.0078 elapsed=109.8s SLOW_DW est_tasks=1024
[125/217] b1_c32_h112_w112_oc16_wic32_k1x1_g1 (b=1 c=32 h=112x112 oc=16 k=1x1 g=1 path=BY_Y est~4) ...
plan shape=b1_c32_h112_w112_oc16_wic32_k1x1_g1 split=BY_Y rows=4 y_step=32 k_step=16 out=112x112 groups=1
shape=b1_c32_h112_w112_oc16_wic32_k1x1_g1 kind=BY_Y tasks=4 PASS max_diff=0.0146
           PASS running={'PASS': 125} elapsed= 694.0s  BY_Y tasks=4 max_diff=0.0146 elapsed=0.5s
[126/217] b1_c32_h112_w112_oc64_wic32_k1x1_g1 (b=1 c=32 h=112x112 oc=64 k=1x1 g=1 path=BY_YK est~8) ...
plan shape=b1_c32_h112_w112_oc64_wic32_k1x1_g1 split=BY_YK rows=8 y_step=32 k_step=32 out=112x112 groups=1
shape=b1_c32_h112_w112_oc64_wic32_k1x1_g1 kind=pointwise_gemm tasks=5 PASS max_diff=0.0146
           PASS running={'PASS': 126} elapsed= 694.2s  pointwise_gemm tasks=5 max_diff=0.0146 elapsed=0.2s
[127/217] b1_c64_h56_w56_oc128_wic64_k1x1_g1 (b=1 c=64 h=56x56 oc=128 k=1x1 g=1 path=BY_YK est~8) ...
plan shape=b1_c64_h56_w56_oc128_wic64_k1x1_g1 split=BY_YK rows=8 y_step=32 k_step=32 out=56x56 groups=1
shape=b1_c64_h56_w56_oc128_wic64_k1x1_g1 kind=pointwise_gemm tasks=3 PASS max_diff=0.0156
           PASS running={'PASS': 127} elapsed= 694.4s  pointwise_gemm tasks=3 max_diff=0.0156 elapsed=0.1s
[128/217] b1_c128_h56_w56_oc128_wic128_k1x1_g1 (b=1 c=128 h=56x56 oc=128 k=1x1 g=1 path=BY_YK est~12) ...
plan shape=b1_c128_h56_w56_oc128_wic128_k1x1_g1 split=BY_YK rows=12 y_step=25 k_step=32 out=56x56 groups=1
shape=b1_c128_h56_w56_oc128_wic128_k1x1_g1 kind=pointwise_gemm tasks=3 PASS max_diff=0.0312
           PASS running={'PASS': 128} elapsed= 694.5s  pointwise_gemm tasks=3 max_diff=0.0312 elapsed=0.2s
[129/217] b1_c128_h28_w28_oc256_wic128_k1x1_g1 (b=1 c=128 h=28x28 oc=256 k=1x1 g=1 path=BY_K est~8) ...
plan shape=b1_c128_h28_w28_oc256_wic128_k1x1_g1 split=BY_K rows=8 y_step=28 k_step=32 out=28x28 groups=1
shape=b1_c128_h28_w28_oc256_wic128_k1x1_g1 kind=pointwise_gemm tasks=2 PASS max_diff=0.0156
           PASS running={'PASS': 129} elapsed= 694.6s  pointwise_gemm tasks=2 max_diff=0.0156 elapsed=0.1s
[130/217] b1_c256_h28_w28_oc256_wic256_k1x1_g1 (b=1 c=256 h=28x28 oc=256 k=1x1 g=1 path=BY_YK est~16) ...
plan shape=b1_c256_h28_w28_oc256_wic256_k1x1_g1 split=BY_YK rows=16 y_step=22 k_step=32 out=28x28 groups=1
shape=b1_c256_h28_w28_oc256_wic256_k1x1_g1 kind=pointwise_gemm tasks=2 PASS max_diff=0.0312
           PASS running={'PASS': 130} elapsed= 694.8s  pointwise_gemm tasks=2 max_diff=0.0312 elapsed=0.1s
[131/217] b1_c3_h224_w224_oc32_wic3_k3x3_g1 (b=1 c=3 h=224x224 oc=32 k=3x3 g=1 path=BY_Y est~5) ...
plan shape=b1_c3_h224_w224_oc32_wic3_k3x3_g1 split=BY_Y rows=5 y_step=48 k_step=32 out=222x222 groups=1
shape=b1_c3_h224_w224_oc32_wic3_k3x3_g1 kind=BY_Y tasks=5 PASS max_diff=0.0151
           PASS running={'PASS': 131} elapsed= 695.6s  BY_Y tasks=5 max_diff=0.0151 elapsed=0.8s
[132/217] b1_c96_h112_w112_oc96_wic1_k3x3_g96_s1_pvalid (b=1 c=96 h=112x112 oc=96 k=3x3 g=96 path=depthwise_serial est~96) ...
plan shape=b1_c96_h112_w112_oc96_wic1_k3x3_g96_s1_pvalid split=BY_YK rows=30 y_step=12 k_step=32 out=110x110 groups=96
shape=b1_c96_h112_w112_oc96_wic1_k3x3_g96_s1_pvalid kind=depthwise_serial tasks=96 PASS max_diff=0.0077
           PASS running={'PASS': 132} elapsed= 706.6s  depthwise_serial tasks=96 max_diff=0.0077 elapsed=11.0s
[133/217] b1_c144_h56_w56_oc144_wic1_k3x3_g144_s1_pvalid (b=1 c=144 h=56x56 oc=144 k=3x3 g=144 path=depthwise_serial est~144) ...
plan shape=b1_c144_h56_w56_oc144_wic1_k3x3_g144_s1_pvalid split=BY_YK rows=25 y_step=12 k_step=32 out=54x54 groups=144
shape=b1_c144_h56_w56_oc144_wic1_k3x3_g144_s1_pvalid kind=depthwise_serial tasks=144 PASS max_diff=0.0077
           PASS running={'PASS': 133} elapsed= 722.1s  depthwise_serial tasks=144 max_diff=0.0077 elapsed=15.6s
[134/217] b1_c192_h28_w28_oc96_wic192_k1x1_g1_s1_pvalid (b=1 c=192 h=28x28 oc=96 k=1x1 g=1 path=BY_K est~3) ...
plan shape=b1_c192_h28_w28_oc96_wic192_k1x1_g1_s1_pvalid split=BY_K rows=3 y_step=28 k_step=32 out=28x28 groups=1
shape=b1_c192_h28_w28_oc96_wic192_k1x1_g1_s1_pvalid kind=pointwise_gemm tasks=1 PASS max_diff=0.0306
           PASS running={'PASS': 134} elapsed= 722.3s  pointwise_gemm tasks=1 max_diff=0.0306 elapsed=0.1s
[135/217] b1_c32_h14_w14_oc64_wic32_k3x3_g1_s1_pvalid (b=1 c=32 h=14x14 oc=64 k=3x3 g=1 path=NONE est~1) ...
plan shape=b1_c32_h14_w14_oc64_wic32_k3x3_g1_s1_pvalid split=NONE rows=1 y_step=12 k_step=64 out=12x12 groups=1
shape=b1_c32_h14_w14_oc64_wic32_k3x3_g1_s1_pvalid kind=NONE tasks=1 PASS max_diff=0.0304
           PASS running={'PASS': 135} elapsed= 722.4s  NONE tasks=1 max_diff=0.0304 elapsed=0.1s
[136/217] b1_c528_h14_w14_oc256_wic528_k1x1_g1_s1_pvalid (b=1 c=528 h=14x14 oc=256 k=1x1 g=1 path=BY_K est~8) ...
plan shape=b1_c528_h14_w14_oc256_wic528_k1x1_g1_s1_pvalid split=BY_K rows=8 y_step=14 k_step=32 out=14x14 groups=1
shape=b1_c528_h14_w14_oc256_wic528_k1x1_g1_s1_pvalid kind=pointwise_gemm tasks=196 PASS max_diff=0.0312
           PASS running={'PASS': 136} elapsed= 722.6s  pointwise_gemm tasks=196 max_diff=0.0312 elapsed=0.1s
[137/217] b1_c528_h14_w14_oc160_wic528_k1x1_g1_s1_pvalid (b=1 c=528 h=14x14 oc=160 k=1x1 g=1 path=BY_K est~5) ...
plan shape=b1_c528_h14_w14_oc160_wic528_k1x1_g1_s1_pvalid split=BY_K rows=5 y_step=14 k_step=32 out=14x14 groups=1
shape=b1_c528_h14_w14_oc160_wic528_k1x1_g1_s1_pvalid kind=pointwise_gemm tasks=196 PASS max_diff=0.0311
           PASS running={'PASS': 137} elapsed= 722.7s  pointwise_gemm tasks=196 max_diff=0.0311 elapsed=0.1s
[138/217] b1_c160_h14_w14_oc320_wic160_k3x3_g1_s1_pvalid (b=1 c=160 h=14x14 oc=320 k=3x3 g=1 path=BY_K est~10) ...
plan shape=b1_c160_h14_w14_oc320_wic160_k3x3_g1_s1_pvalid split=BY_K rows=10 y_step=12 k_step=32 out=12x12 groups=1
shape=b1_c160_h14_w14_oc320_wic160_k3x3_g1_s1_pvalid kind=BY_K tasks=10 PASS max_diff=0.0625
           PASS running={'PASS': 138} elapsed= 724.0s  BY_K tasks=10 max_diff=0.0625 elapsed=1.3s
[139/217] b1_c528_h14_w14_oc32_wic528_k1x1_g1_s1_pvalid (b=1 c=528 h=14x14 oc=32 k=1x1 g=1 path=BY_K est~2) ...
plan shape=b1_c528_h14_w14_oc32_wic528_k1x1_g1_s1_pvalid split=BY_K rows=2 y_step=14 k_step=16 out=14x14 groups=1
shape=b1_c528_h14_w14_oc32_wic528_k1x1_g1_s1_pvalid kind=pointwise_gemm tasks=196 PASS max_diff=0.0311
           PASS running={'PASS': 139} elapsed= 724.2s  pointwise_gemm tasks=196 max_diff=0.0311 elapsed=0.2s
[140/217] b1_c32_h14_w14_oc128_wic32_k3x3_g1_s1_pvalid (b=1 c=32 h=14x14 oc=128 k=3x3 g=1 path=NONE est~1) ...
plan shape=b1_c32_h14_w14_oc128_wic32_k3x3_g1_s1_pvalid split=NONE rows=1 y_step=12 k_step=128 out=12x12 groups=1
shape=b1_c32_h14_w14_oc128_wic32_k3x3_g1_s1_pvalid kind=NONE tasks=1 PASS max_diff=0.0304
           PASS running={'PASS': 140} elapsed= 724.3s  NONE tasks=1 max_diff=0.0304 elapsed=0.1s
[141/217] b1_c528_h14_w14_oc128_wic528_k1x1_g1_s1_pvalid (b=1 c=528 h=14x14 oc=128 k=1x1 g=1 path=BY_K est~4) ...
plan shape=b1_c528_h14_w14_oc128_wic528_k1x1_g1_s1_pvalid split=BY_K rows=4 y_step=14 k_step=32 out=14x14 groups=1
shape=b1_c528_h14_w14_oc128_wic528_k1x1_g1_s1_pvalid kind=pointwise_gemm tasks=196 PASS max_diff=0.0311
           PASS running={'PASS': 141} elapsed= 724.4s  pointwise_gemm tasks=196 max_diff=0.0311 elapsed=0.1s
[142/217] b1_c160_h7_w7_oc320_wic160_k3x3_g1_s1_pvalid (b=1 c=160 h=7x7 oc=320 k=3x3 g=1 path=BY_K est~10) ...
plan shape=b1_c160_h7_w7_oc320_wic160_k3x3_g1_s1_pvalid split=BY_K rows=10 y_step=5 k_step=32 out=5x5 groups=1
shape=b1_c160_h7_w7_oc320_wic160_k3x3_g1_s1_pvalid kind=BY_K tasks=10 PASS max_diff=0.0621
           PASS running={'PASS': 142} elapsed= 725.6s  BY_K tasks=10 max_diff=0.0621 elapsed=1.1s
[143/217] b1_c32_h7_w7_oc128_wic32_k3x3_g1_s1_pvalid (b=1 c=32 h=7x7 oc=128 k=3x3 g=1 path=NONE est~1) ...
plan shape=b1_c32_h7_w7_oc128_wic32_k3x3_g1_s1_pvalid split=NONE rows=1 y_step=5 k_step=128 out=5x5 groups=1
shape=b1_c32_h7_w7_oc128_wic32_k3x3_g1_s1_pvalid kind=NONE tasks=1 PASS max_diff=0.0265
           PASS running={'PASS': 143} elapsed= 725.7s  NONE tasks=1 max_diff=0.0265 elapsed=0.1s
[144/217] b1_c192_h7_w7_oc384_wic192_k3x3_g1_s1_pvalid (b=1 c=192 h=7x7 oc=384 k=3x3 g=1 path=BY_K est~12) ...
plan shape=b1_c192_h7_w7_oc384_wic192_k3x3_g1_s1_pvalid split=BY_K rows=12 y_step=5 k_step=32 out=5x5 groups=1
shape=b1_c192_h7_w7_oc384_wic192_k3x3_g1_s1_pvalid kind=BY_K tasks=12 PASS max_diff=0.0624
           PASS running={'PASS': 144} elapsed= 727.0s  BY_K tasks=12 max_diff=0.0624 elapsed=1.4s
[145/217] b1_c832_h7_w7_oc48_wic832_k1x1_g1_s1_pvalid (b=1 c=832 h=7x7 oc=48 k=1x1 g=1 path=BY_K est~3) ...
plan shape=b1_c832_h7_w7_oc48_wic832_k1x1_g1_s1_pvalid split=BY_K rows=3 y_step=7 k_step=16 out=7x7 groups=1
shape=b1_c832_h7_w7_oc48_wic832_k1x1_g1_s1_pvalid kind=pointwise_gemm tasks=49 PASS max_diff=0.0382
           PASS running={'PASS': 145} elapsed= 727.1s  pointwise_gemm tasks=49 max_diff=0.0382 elapsed=0.1s
[146/217] b1_c32_h150_w150_oc32_wic1_k3x3_g32_s1_pvalid (b=1 c=32 h=150x150 oc=32 k=3x3 g=32 path=depthwise_serial est~64) ...
plan shape=b1_c32_h150_w150_oc32_wic1_k3x3_g32_s1_pvalid split=BY_Y rows=13 y_step=12 k_step=32 out=148x148 groups=32
shape=b1_c32_h150_w150_oc32_wic1_k3x3_g32_s1_pvalid kind=depthwise_serial tasks=64 PASS max_diff=0.0077
           PASS running={'PASS': 146} elapsed= 734.1s  depthwise_serial tasks=64 max_diff=0.0077 elapsed=7.0s
[147/217] b1_c32_h150_w150_oc16_wic32_k1x1_g1_s1_pvalid (b=1 c=32 h=150x150 oc=16 k=1x1 g=1 path=BY_Y est~5) ...
plan shape=b1_c32_h150_w150_oc16_wic32_k1x1_g1_s1_pvalid split=BY_Y rows=5 y_step=32 k_step=16 out=150x150 groups=1
shape=b1_c32_h150_w150_oc16_wic32_k1x1_g1_s1_pvalid kind=BY_Y tasks=5 PASS max_diff=0.0156
           PASS running={'PASS': 147} elapsed= 734.7s  BY_Y tasks=5 max_diff=0.0156 elapsed=0.6s
[148/217] b1_c16_h150_w150_oc96_wic16_k1x1_g1_s1_pvalid (b=1 c=16 h=150x150 oc=96 k=1x1 g=1 path=BY_YK est~15) ...
plan shape=b1_c16_h150_w150_oc96_wic16_k1x1_g1_s1_pvalid split=BY_YK rows=15 y_step=32 k_step=32 out=150x150 groups=1
shape=b1_c16_h150_w150_oc96_wic16_k1x1_g1_s1_pvalid kind=pointwise_gemm tasks=15 PASS max_diff=0.0078
           PASS running={'PASS': 148} elapsed= 735.2s  pointwise_gemm tasks=15 max_diff=0.0078 elapsed=0.5s
[149/217] b1_c96_h150_w150_oc96_wic1_k3x3_g96_s1_pvalid (b=1 c=96 h=150x150 oc=96 k=3x3 g=96 path=depthwise_serial est~192) ...
plan shape=b1_c96_h150_w150_oc96_wic1_k3x3_g96_s1_pvalid split=BY_YK rows=45 y_step=10 k_step=32 out=148x148 groups=96
shape=b1_c96_h150_w150_oc96_wic1_k3x3_g96_s1_pvalid kind=depthwise_serial tasks=192 PASS max_diff=0.0077
           PASS running={'PASS': 149} elapsed= 756.8s  depthwise_serial tasks=192 max_diff=0.0077 elapsed=21.6s
[150/217] b1_c96_h75_w75_oc24_wic96_k1x1_g1_s1_pvalid (b=1 c=96 h=75x75 oc=24 k=1x1 g=1 path=BY_Y est~4) ...
plan shape=b1_c96_h75_w75_oc24_wic96_k1x1_g1_s1_pvalid split=BY_Y rows=4 y_step=21 k_step=24 out=75x75 groups=1
shape=b1_c96_h75_w75_oc24_wic96_k1x1_g1_s1_pvalid kind=pointwise_gemm tasks=4 PASS max_diff=0.0156
           PASS running={'PASS': 150} elapsed= 756.9s  pointwise_gemm tasks=4 max_diff=0.0156 elapsed=0.1s
[151/217] b1_c144_h75_w75_oc144_wic1_k3x3_g144_s1_pvalid (b=1 c=144 h=75x75 oc=144 k=3x3 g=144 path=depthwise_serial est~144) ...
plan shape=b1_c144_h75_w75_oc144_wic1_k3x3_g144_s1_pvalid split=BY_YK rows=35 y_step=12 k_step=32 out=73x73 groups=144
shape=b1_c144_h75_w75_oc144_wic1_k3x3_g144_s1_pvalid kind=depthwise_serial tasks=144 PASS max_diff=0.0076
           PASS running={'PASS': 151} elapsed= 772.4s  depthwise_serial tasks=144 max_diff=0.0076 elapsed=15.5s
[152/217] b1_c144_h75_w75_oc24_wic144_k1x1_g1_s1_pvalid (b=1 c=144 h=75x75 oc=24 k=1x1 g=1 path=BY_Y est~5) ...
plan shape=b1_c144_h75_w75_oc24_wic144_k1x1_g1_s1_pvalid split=BY_Y rows=5 y_step=16 k_step=24 out=75x75 groups=1
shape=b1_c144_h75_w75_oc24_wic144_k1x1_g1_s1_pvalid kind=pointwise_gemm tasks=6 PASS max_diff=0.0238
           PASS running={'PASS': 152} elapsed= 772.5s  pointwise_gemm tasks=6 max_diff=0.0238 elapsed=0.2s
[153/217] b1_c144_h38_w38_oc32_wic144_k1x1_g1_s1_pvalid (b=1 c=144 h=38x38 oc=32 k=1x1 g=1 path=BY_Y est~2) ...
plan shape=b1_c144_h38_w38_oc32_wic144_k1x1_g1_s1_pvalid split=BY_Y rows=2 y_step=32 k_step=32 out=38x38 groups=1
shape=b1_c144_h38_w38_oc32_wic144_k1x1_g1_s1_pvalid kind=pointwise_gemm tasks=2 PASS max_diff=0.0156
           PASS running={'PASS': 153} elapsed= 772.7s  pointwise_gemm tasks=2 max_diff=0.0156 elapsed=0.1s
[154/217] b1_c192_h38_w38_oc192_wic1_k3x3_g192_s1_pvalid (b=1 c=192 h=38x38 oc=192 k=3x3 g=192 path=depthwise_serial est~192) ...
plan shape=b1_c192_h38_w38_oc192_wic1_k3x3_g192_s1_pvalid split=BY_YK rows=18 y_step=12 k_step=32 out=36x36 groups=192
shape=b1_c192_h38_w38_oc192_wic1_k3x3_g192_s1_pvalid kind=depthwise_serial tasks=192 PASS max_diff=0.0073
           PASS running={'PASS': 154} elapsed= 793.2s  depthwise_serial tasks=192 max_diff=0.0073 elapsed=20.6s
[155/217] b1_c192_h38_w38_oc32_wic192_k1x1_g1_s1_pvalid (b=1 c=192 h=38x38 oc=32 k=1x1 g=1 path=BY_Y est~2) ...
plan shape=b1_c192_h38_w38_oc32_wic192_k1x1_g1_s1_pvalid split=BY_Y rows=2 y_step=24 k_step=32 out=38x38 groups=1
shape=b1_c192_h38_w38_oc32_wic192_k1x1_g1_s1_pvalid kind=pointwise_gemm tasks=2 PASS max_diff=0.0300
           PASS running={'PASS': 155} elapsed= 793.4s  pointwise_gemm tasks=2 max_diff=0.0300 elapsed=0.1s
[156/217] b1_c384_h19_w19_oc384_wic1_k3x3_g384_s1_pvalid (b=1 c=384 h=19x19 oc=384 k=3x3 g=384 path=depthwise_serial est~384) ...
plan shape=b1_c384_h19_w19_oc384_wic1_k3x3_g384_s1_pvalid split=BY_YK rows=24 y_step=12 k_step=32 out=17x17 groups=384
shape=b1_c384_h19_w19_oc384_wic1_k3x3_g384_s1_pvalid kind=depthwise_serial tasks=384 PASS max_diff=0.0063
           PASS running={'PASS': 156} elapsed= 834.4s  depthwise_serial tasks=384 max_diff=0.0063 elapsed=41.0s
[157/217] b1_c384_h19_w19_oc64_wic384_k1x1_g1_s1_pvalid (b=1 c=384 h=19x19 oc=64 k=1x1 g=1 path=BY_K est~2) ...
plan shape=b1_c384_h19_w19_oc64_wic384_k1x1_g1_s1_pvalid split=BY_K rows=2 y_step=19 k_step=32 out=19x19 groups=1
shape=b1_c384_h19_w19_oc64_wic384_k1x1_g1_s1_pvalid kind=pointwise_gemm tasks=1 PASS max_diff=0.0310
           PASS running={'PASS': 157} elapsed= 834.5s  pointwise_gemm tasks=1 max_diff=0.0310 elapsed=0.1s
[158/217] b1_c384_h19_w19_oc96_wic384_k1x1_g1_s1_pvalid (b=1 c=384 h=19x19 oc=96 k=1x1 g=1 path=BY_K est~3) ...
plan shape=b1_c384_h19_w19_oc96_wic384_k1x1_g1_s1_pvalid split=BY_K rows=3 y_step=19 k_step=32 out=19x19 groups=1
shape=b1_c384_h19_w19_oc96_wic384_k1x1_g1_s1_pvalid kind=pointwise_gemm tasks=1 PASS max_diff=0.0312
           PASS running={'PASS': 158} elapsed= 834.7s  pointwise_gemm tasks=1 max_diff=0.0312 elapsed=0.2s
[159/217] b1_c576_h19_w19_oc576_wic1_k3x3_g576_s1_pvalid (b=1 c=576 h=19x19 oc=576 k=3x3 g=576 path=depthwise_serial est~576 SLOW_DW est_tasks=576) ...
plan shape=b1_c576_h19_w19_oc576_wic1_k3x3_g576_s1_pvalid split=BY_YK rows=36 y_step=12 k_step=32 out=17x17 groups=576
shape=b1_c576_h19_w19_oc576_wic1_k3x3_g576_s1_pvalid kind=depthwise_serial tasks=576 PASS max_diff=0.0071
           PASS running={'PASS': 159} elapsed= 896.3s  depthwise_serial tasks=576 max_diff=0.0071 elapsed=61.6s SLOW_DW est_tasks=576
[160/217] b1_c576_h19_w19_oc96_wic576_k1x1_g1_s1_pvalid (b=1 c=576 h=19x19 oc=96 k=1x1 g=1 path=BY_YK est~6) ...
plan shape=b1_c576_h19_w19_oc96_wic576_k1x1_g1_s1_pvalid split=BY_YK rows=6 y_step=13 k_step=32 out=19x19 groups=1
shape=b1_c576_h19_w19_oc96_wic576_k1x1_g1_s1_pvalid kind=pointwise_gemm tasks=361 PASS max_diff=0.0482
           PASS running={'PASS': 160} elapsed= 896.4s  pointwise_gemm tasks=361 max_diff=0.0482 elapsed=0.2s
[161/217] b1_c576_h19_w19_oc12_wic576_k1x1_g1_s1_pvalid (b=1 c=576 h=19x19 oc=12 k=1x1 g=1 path=BY_Y est~2) ...
plan shape=b1_c576_h19_w19_oc12_wic576_k1x1_g1_s1_pvalid split=BY_Y rows=2 y_step=13 k_step=12 out=19x19 groups=1
shape=b1_c576_h19_w19_oc12_wic576_k1x1_g1_s1_pvalid kind=pointwise_gemm tasks=361 PASS max_diff=0.0308
           PASS running={'PASS': 161} elapsed= 896.6s  pointwise_gemm tasks=361 max_diff=0.0308 elapsed=0.1s
[162/217] b1_c576_h19_w19_oc273_wic576_k1x1_g1_s1_pvalid (b=1 c=576 h=19x19 oc=273 k=1x1 g=1 path=BY_YK est~18) ...
plan shape=b1_c576_h19_w19_oc273_wic576_k1x1_g1_s1_pvalid split=BY_YK rows=18 y_step=13 k_step=32 out=19x19 groups=1
shape=b1_c576_h19_w19_oc273_wic576_k1x1_g1_s1_pvalid kind=pointwise_gemm tasks=361 PASS max_diff=0.0517
           PASS running={'PASS': 162} elapsed= 896.8s  pointwise_gemm tasks=361 max_diff=0.0517 elapsed=0.2s
[163/217] b1_c960_h10_w10_oc960_wic1_k3x3_g960_s1_pvalid (b=1 c=960 h=10x10 oc=960 k=3x3 g=960 path=depthwise_serial est~960 SLOW_DW est_tasks=960) ...
plan shape=b1_c960_h10_w10_oc960_wic1_k3x3_g960_s1_pvalid split=BY_K rows=30 y_step=8 k_step=32 out=8x8 groups=960
shape=b1_c960_h10_w10_oc960_wic1_k3x3_g960_s1_pvalid kind=depthwise_serial tasks=960 PASS max_diff=0.0052
           PASS running={'PASS': 163} elapsed= 999.4s  depthwise_serial tasks=960 max_diff=0.0052 elapsed=102.6s SLOW_DW est_tasks=960
[164/217] b1_c1280_h10_w10_oc24_wic1280_k1x1_g1_s1_pvalid (b=1 c=1280 h=10x10 oc=24 k=1x1 g=1 path=BY_K est~3) ...
plan shape=b1_c1280_h10_w10_oc24_wic1280_k1x1_g1_s1_pvalid split=BY_K rows=3 y_step=10 k_step=8 out=10x10 groups=1
shape=b1_c1280_h10_w10_oc24_wic1280_k1x1_g1_s1_pvalid kind=pointwise_gemm tasks=100 PASS max_diff=0.0594
           PASS running={'PASS': 164} elapsed= 999.5s  pointwise_gemm tasks=100 max_diff=0.0594 elapsed=0.2s
[165/217] b1_c1280_h10_w10_oc546_wic1280_k1x1_g1_s1_pvalid (b=1 c=1280 h=10x10 oc=546 k=1x1 g=1 path=BY_K est~18) ...
plan shape=b1_c1280_h10_w10_oc546_wic1280_k1x1_g1_s1_pvalid split=BY_K rows=18 y_step=10 k_step=32 out=10x10 groups=1
shape=b1_c1280_h10_w10_oc546_wic1280_k1x1_g1_s1_pvalid kind=pointwise_gemm tasks=100 PASS max_diff=0.0622
           PASS running={'PASS': 165} elapsed= 999.7s  pointwise_gemm tasks=100 max_diff=0.0622 elapsed=0.2s
[166/217] b1_c256_h10_w10_oc512_wic256_k3x3_g1_s1_pvalid (b=1 c=256 h=10x10 oc=512 k=3x3 g=1 path=BY_K est~16) ...
plan shape=b1_c256_h10_w10_oc512_wic256_k3x3_g1_s1_pvalid split=BY_K rows=16 y_step=8 k_step=32 out=8x8 groups=1
shape=b1_c256_h10_w10_oc512_wic256_k3x3_g1_s1_pvalid kind=BY_K tasks=16 PASS max_diff=0.1121
           PASS running={'PASS': 166} elapsed=1001.7s  BY_K tasks=16 max_diff=0.1121 elapsed=2.0s
[167/217] b1_c128_h5_w5_oc256_wic128_k3x3_g1_s1_pvalid (b=1 c=128 h=5x5 oc=256 k=3x3 g=1 path=BY_K est~8) ...
plan shape=b1_c128_h5_w5_oc256_wic128_k3x3_g1_s1_pvalid split=BY_K rows=8 y_step=3 k_step=32 out=3x3 groups=1
shape=b1_c128_h5_w5_oc256_wic128_k3x3_g1_s1_pvalid kind=BY_K tasks=8 PASS max_diff=0.0587
           PASS running={'PASS': 167} elapsed=1002.6s  BY_K tasks=8 max_diff=0.0587 elapsed=0.9s
[168/217] b1_c256_h3_w3_oc24_wic256_k1x1_g1_s1_pvalid (b=1 c=256 h=3x3 oc=24 k=1x1 g=1 path=NONE est~1) ...
plan shape=b1_c256_h3_w3_oc24_wic256_k1x1_g1_s1_pvalid split=NONE rows=1 y_step=3 k_step=24 out=3x3 groups=1
shape=b1_c256_h3_w3_oc24_wic256_k1x1_g1_s1_pvalid kind=pointwise_gemm tasks=1 PASS max_diff=0.0149
           PASS running={'PASS': 168} elapsed=1002.7s  pointwise_gemm tasks=1 max_diff=0.0149 elapsed=0.1s
[169/217] b1_c256_h3_w3_oc546_wic256_k1x1_g1_s1_pvalid (b=1 c=256 h=3x3 oc=546 k=1x1 g=1 path=BY_K est~18) ...
plan shape=b1_c256_h3_w3_oc546_wic256_k1x1_g1_s1_pvalid split=BY_K rows=18 y_step=3 k_step=32 out=3x3 groups=1
shape=b1_c256_h3_w3_oc546_wic256_k1x1_g1_s1_pvalid kind=pointwise_gemm tasks=9 PASS max_diff=0.0307
           PASS running={'PASS': 169} elapsed=1002.9s  pointwise_gemm tasks=9 max_diff=0.0307 elapsed=0.1s
[170/217] b1_c256_h3_w3_oc128_wic256_k1x1_g1_s1_pvalid (b=1 c=256 h=3x3 oc=128 k=1x1 g=1 path=BY_K est~4) ...
plan shape=b1_c256_h3_w3_oc128_wic256_k1x1_g1_s1_pvalid split=BY_K rows=4 y_step=3 k_step=32 out=3x3 groups=1
shape=b1_c256_h3_w3_oc128_wic256_k1x1_g1_s1_pvalid kind=pointwise_gemm tasks=1 PASS max_diff=0.0155
           PASS running={'PASS': 170} elapsed=1003.0s  pointwise_gemm tasks=1 max_diff=0.0155 elapsed=0.1s
[171/217] b1_c128_h3_w3_oc256_wic128_k3x3_g1_s1_pvalid (b=1 c=128 h=3x3 oc=256 k=3x3 g=1 path=BY_K est~8) ...
plan shape=b1_c128_h3_w3_oc256_wic128_k3x3_g1_s1_pvalid split=BY_K rows=8 y_step=1 k_step=32 out=1x1 groups=1
shape=b1_c128_h3_w3_oc256_wic128_k3x3_g1_s1_pvalid kind=spatial_gemm tasks=1 PASS max_diff=0.0309
           PASS running={'PASS': 171} elapsed=1003.1s  spatial_gemm tasks=1 max_diff=0.0309 elapsed=0.1s
[172/217] b1_c256_h2_w2_oc24_wic256_k1x1_g1_s1_pvalid (b=1 c=256 h=2x2 oc=24 k=1x1 g=1 path=NONE est~1) ...
plan shape=b1_c256_h2_w2_oc24_wic256_k1x1_g1_s1_pvalid split=NONE rows=1 y_step=2 k_step=24 out=2x2 groups=1
shape=b1_c256_h2_w2_oc24_wic256_k1x1_g1_s1_pvalid kind=pointwise_gemm tasks=1 PASS max_diff=0.0245
           PASS running={'PASS': 172} elapsed=1003.2s  pointwise_gemm tasks=1 max_diff=0.0245 elapsed=0.1s
[173/217] b1_c256_h2_w2_oc546_wic256_k1x1_g1_s1_pvalid (b=1 c=256 h=2x2 oc=546 k=1x1 g=1 path=BY_K est~18) ...
plan shape=b1_c256_h2_w2_oc546_wic256_k1x1_g1_s1_pvalid split=BY_K rows=18 y_step=2 k_step=32 out=2x2 groups=1
shape=b1_c256_h2_w2_oc546_wic256_k1x1_g1_s1_pvalid kind=pointwise_gemm tasks=4 PASS max_diff=0.0279
           PASS running={'PASS': 173} elapsed=1003.3s  pointwise_gemm tasks=4 max_diff=0.0279 elapsed=0.1s
[174/217] b1_c256_h2_w2_oc64_wic256_k1x1_g1_s1_pvalid (b=1 c=256 h=2x2 oc=64 k=1x1 g=1 path=BY_K est~2) ...
plan shape=b1_c256_h2_w2_oc64_wic256_k1x1_g1_s1_pvalid split=BY_K rows=2 y_step=2 k_step=32 out=2x2 groups=1
shape=b1_c256_h2_w2_oc64_wic256_k1x1_g1_s1_pvalid kind=pointwise_gemm tasks=1 PASS max_diff=0.0245
           PASS running={'PASS': 174} elapsed=1003.4s  pointwise_gemm tasks=1 max_diff=0.0245 elapsed=0.1s
[175/217] b1_c128_h1_w1_oc24_wic128_k1x1_g1_s1_pvalid (b=1 c=128 h=1x1 oc=24 k=1x1 g=1 path=NONE est~1) ...
plan shape=b1_c128_h1_w1_oc24_wic128_k1x1_g1_s1_pvalid split=NONE rows=1 y_step=1 k_step=24 out=1x1 groups=1
shape=b1_c128_h1_w1_oc24_wic128_k1x1_g1_s1_pvalid kind=pointwise_gemm tasks=1 PASS max_diff=0.0064
           PASS running={'PASS': 175} elapsed=1003.5s  pointwise_gemm tasks=1 max_diff=0.0064 elapsed=0.1s
[176/217] b1_c3_h320_w320_oc32_wic3_k3x3_g1_s1_pvalid (b=1 c=3 h=320x320 oc=32 k=3x3 g=1 path=BY_Y est~10) ...
plan shape=b1_c3_h320_w320_oc32_wic3_k3x3_g1_s1_pvalid split=BY_Y rows=10 y_step=32 k_step=32 out=318x318 groups=1
shape=b1_c3_h320_w320_oc32_wic3_k3x3_g1_s1_pvalid kind=BY_Y tasks=10 PASS max_diff=0.0114
           PASS running={'PASS': 176} elapsed=1005.2s  BY_Y tasks=10 max_diff=0.0114 elapsed=1.7s
[177/217] b1_c32_h160_w160_oc8_wic32_k1x1_g1_s1_pvalid (b=1 c=32 h=160x160 oc=8 k=1x1 g=1 path=BY_Y est~5) ...
plan shape=b1_c32_h160_w160_oc8_wic32_k1x1_g1_s1_pvalid split=BY_Y rows=5 y_step=32 k_step=8 out=160x160 groups=1
shape=b1_c32_h160_w160_oc8_wic32_k1x1_g1_s1_pvalid kind=BY_Y tasks=5 PASS max_diff=0.0131
           PASS running={'PASS': 177} elapsed=1005.8s  BY_Y tasks=5 max_diff=0.0131 elapsed=0.6s
[178/217] b1_c8_h160_w160_oc16_wic8_k3x3_g1_s1_pvalid (b=1 c=8 h=160x160 oc=16 k=3x3 g=1 path=BY_Y est~3) ...
plan shape=b1_c8_h160_w160_oc16_wic8_k3x3_g1_s1_pvalid split=BY_Y rows=3 y_step=68 k_step=16 out=158x158 groups=1
shape=b1_c8_h160_w160_oc16_wic8_k3x3_g1_s1_pvalid kind=BY_Y tasks=3 PASS max_diff=0.0156
           PASS running={'PASS': 178} elapsed=1006.2s  BY_Y tasks=3 max_diff=0.0156 elapsed=0.5s
[179/217] b1_c16_h160_w160_oc128_wic16_k3x3_g1_s1_pvalid (b=1 c=16 h=160x160 oc=128 k=3x3 g=1 path=BY_YK est~12) ...
plan shape=b1_c16_h160_w160_oc128_wic16_k3x3_g1_s1_pvalid split=BY_YK rows=12 y_step=68 k_step=32 out=158x158 groups=1
shape=b1_c16_h160_w160_oc128_wic16_k3x3_g1_s1_pvalid kind=BY_YK tasks=12 PASS max_diff=0.0310
           PASS running={'PASS': 179} elapsed=1009.5s  BY_YK tasks=12 max_diff=0.0310 elapsed=3.2s
[180/217] b1_c128_h80_w80_oc16_wic128_k1x1_g1_s1_pvalid (b=1 c=128 h=80x80 oc=16 k=1x1 g=1 path=BY_Y est~5) ...
plan shape=b1_c128_h80_w80_oc16_wic128_k1x1_g1_s1_pvalid split=BY_Y rows=5 y_step=17 k_step=16 out=80x80 groups=1
shape=b1_c128_h80_w80_oc16_wic128_k1x1_g1_s1_pvalid kind=pointwise_gemm tasks=5 PASS max_diff=0.0245
           PASS running={'PASS': 180} elapsed=1009.6s  pointwise_gemm tasks=5 max_diff=0.0245 elapsed=0.1s
[181/217] b1_c16_h80_w80_oc64_wic16_k3x3_g1_s1_pvalid (b=1 c=16 h=80x80 oc=64 k=3x3 g=1 path=BY_K est~2) ...
plan shape=b1_c16_h80_w80_oc64_wic16_k3x3_g1_s1_pvalid split=BY_K rows=2 y_step=78 k_step=32 out=78x78 groups=1
shape=b1_c16_h80_w80_oc64_wic16_k3x3_g1_s1_pvalid kind=BY_K tasks=2 PASS max_diff=0.0293
           PASS running={'PASS': 181} elapsed=1010.0s  BY_K tasks=2 max_diff=0.0293 elapsed=0.4s
[182/217] b1_c64_h80_w80_oc16_wic64_k1x1_g1_s1_pvalid (b=1 c=64 h=80x80 oc=16 k=1x1 g=1 path=BY_Y est~3) ...
plan shape=b1_c64_h80_w80_oc16_wic64_k1x1_g1_s1_pvalid split=BY_Y rows=3 y_step=32 k_step=16 out=80x80 groups=1
shape=b1_c64_h80_w80_oc16_wic64_k1x1_g1_s1_pvalid kind=pointwise_gemm tasks=3 PASS max_diff=0.0156
           PASS running={'PASS': 182} elapsed=1010.1s  pointwise_gemm tasks=3 max_diff=0.0156 elapsed=0.1s
[183/217] b1_c16_h80_w80_oc128_wic16_k3x3_g1_s1_pvalid (b=1 c=16 h=80x80 oc=128 k=3x3 g=1 path=BY_K est~4) ...
plan shape=b1_c16_h80_w80_oc128_wic16_k3x3_g1_s1_pvalid split=BY_K rows=4 y_step=78 k_step=32 out=78x78 groups=1
shape=b1_c16_h80_w80_oc128_wic16_k3x3_g1_s1_pvalid kind=BY_K tasks=4 PASS max_diff=0.0293
           PASS running={'PASS': 183} elapsed=1010.9s  BY_K tasks=4 max_diff=0.0293 elapsed=0.8s
[184/217] b1_c16_h80_w80_oc128_wic16_k5x5_g1_s1_pvalid (b=1 c=16 h=80x80 oc=128 k=5x5 g=1 path=BY_K est~4) ...
plan shape=b1_c16_h80_w80_oc128_wic16_k5x5_g1_s1_pvalid split=BY_K rows=4 y_step=76 k_step=32 out=76x76 groups=1
shape=b1_c16_h80_w80_oc128_wic16_k5x5_g1_s1_pvalid kind=BY_K tasks=4 PASS max_diff=0.0312
           PASS running={'PASS': 184} elapsed=1012.3s  BY_K tasks=4 max_diff=0.0312 elapsed=1.4s
[185/217] b1_c128_h40_w40_oc40_wic128_k1x1_g1_s1_pvalid (b=1 c=128 h=40x40 oc=40 k=1x1 g=1 path=BY_YK est~4) ...
plan shape=b1_c128_h40_w40_oc40_wic128_k1x1_g1_s1_pvalid split=BY_YK rows=4 y_step=34 k_step=32 out=40x40 groups=1
shape=b1_c128_h40_w40_oc40_wic128_k1x1_g1_s1_pvalid kind=pointwise_gemm tasks=2 PASS max_diff=0.0156
           PASS running={'PASS': 185} elapsed=1012.4s  pointwise_gemm tasks=2 max_diff=0.0156 elapsed=0.1s
[186/217] b1_c40_h40_w40_oc160_wic40_k3x3_g1_s1_pvalid (b=1 c=40 h=40x40 oc=160 k=3x3 g=1 path=BY_K est~5) ...
plan shape=b1_c40_h40_w40_oc160_wic40_k3x3_g1_s1_pvalid split=BY_K rows=5 y_step=38 k_step=32 out=38x38 groups=1
shape=b1_c40_h40_w40_oc160_wic40_k3x3_g1_s1_pvalid kind=BY_K tasks=5 PASS max_diff=0.0312
           PASS running={'PASS': 186} elapsed=1013.1s  BY_K tasks=5 max_diff=0.0312 elapsed=0.8s
[187/217] b1_c160_h40_w40_oc40_wic160_k1x1_g1_s1_pvalid (b=1 c=160 h=40x40 oc=40 k=1x1 g=1 path=BY_YK est~4) ...
plan shape=b1_c160_h40_w40_oc40_wic160_k1x1_g1_s1_pvalid split=BY_YK rows=4 y_step=28 k_step=32 out=40x40 groups=1
shape=b1_c160_h40_w40_oc40_wic160_k1x1_g1_s1_pvalid kind=pointwise_gemm tasks=2 PASS max_diff=0.0253
           PASS running={'PASS': 187} elapsed=1013.3s  pointwise_gemm tasks=2 max_diff=0.0253 elapsed=0.1s
[188/217] b1_c40_h40_w40_oc320_wic40_k1x1_g1_s1_pvalid (b=1 c=40 h=40x40 oc=320 k=1x1 g=1 path=BY_K est~10) ...
plan shape=b1_c40_h40_w40_oc320_wic40_k1x1_g1_s1_pvalid split=BY_K rows=10 y_step=40 k_step=32 out=40x40 groups=1
shape=b1_c40_h40_w40_oc320_wic40_k1x1_g1_s1_pvalid kind=pointwise_gemm tasks=4 PASS max_diff=0.0155
           PASS running={'PASS': 188} elapsed=1013.4s  pointwise_gemm tasks=4 max_diff=0.0155 elapsed=0.1s
[189/217] b1_c320_h40_w40_oc320_wic1_k3x3_g320_s1_pvalid (b=1 c=320 h=40x40 oc=320 k=3x3 g=320 path=depthwise_serial est~320) ...
plan shape=b1_c320_h40_w40_oc320_wic1_k3x3_g320_s1_pvalid split=BY_YK rows=40 y_step=10 k_step=32 out=38x38 groups=320
shape=b1_c320_h40_w40_oc320_wic1_k3x3_g320_s1_pvalid kind=depthwise_serial tasks=320 PASS max_diff=0.0078
           PASS running={'PASS': 189} elapsed=1047.8s  depthwise_serial tasks=320 max_diff=0.0078 elapsed=34.3s
[190/217] b1_c320_h20_w20_oc72_wic320_k1x1_g1_s1_pvalid (b=1 c=320 h=20x20 oc=72 k=1x1 g=1 path=BY_K est~3) ...
plan shape=b1_c320_h20_w20_oc72_wic320_k1x1_g1_s1_pvalid split=BY_K rows=3 y_step=20 k_step=32 out=20x20 groups=1
shape=b1_c320_h20_w20_oc72_wic320_k1x1_g1_s1_pvalid kind=pointwise_gemm tasks=1 PASS max_diff=0.0312
           PASS running={'PASS': 190} elapsed=1047.9s  pointwise_gemm tasks=1 max_diff=0.0312 elapsed=0.1s
[191/217] b1_c72_h20_w20_oc576_wic72_k1x1_g1_s1_pvalid (b=1 c=72 h=20x20 oc=576 k=1x1 g=1 path=BY_K est~18) ...
plan shape=b1_c72_h20_w20_oc576_wic72_k1x1_g1_s1_pvalid split=BY_K rows=18 y_step=20 k_step=32 out=20x20 groups=1
shape=b1_c72_h20_w20_oc576_wic72_k1x1_g1_s1_pvalid kind=pointwise_gemm tasks=400 PASS max_diff=0.0156
           PASS running={'PASS': 191} elapsed=1048.1s  pointwise_gemm tasks=400 max_diff=0.0156 elapsed=0.2s
[192/217] b1_c576_h20_w20_oc576_wic1_k3x3_g576_s1_pvalid (b=1 c=576 h=20x20 oc=576 k=3x3 g=576 path=depthwise_serial est~576 SLOW_DW est_tasks=576) ...
plan shape=b1_c576_h20_w20_oc576_wic1_k3x3_g576_s1_pvalid split=BY_YK rows=36 y_step=12 k_step=32 out=18x18 groups=576
shape=b1_c576_h20_w20_oc576_wic1_k3x3_g576_s1_pvalid kind=depthwise_serial tasks=576 PASS max_diff=0.0073
           PASS running={'PASS': 192} elapsed=1109.6s  depthwise_serial tasks=576 max_diff=0.0073 elapsed=61.6s SLOW_DW est_tasks=576
[193/217] b1_c576_h20_w20_oc72_wic576_k1x1_g1_s1_pvalid (b=1 c=576 h=20x20 oc=72 k=1x1 g=1 path=BY_YK est~10) ...
plan shape=b1_c576_h20_w20_oc72_wic576_k1x1_g1_s1_pvalid split=BY_YK rows=10 y_step=14 k_step=16 out=20x20 groups=1
shape=b1_c576_h20_w20_oc72_wic576_k1x1_g1_s1_pvalid kind=pointwise_gemm tasks=400 PASS max_diff=0.0312
           PASS running={'PASS': 193} elapsed=1109.8s  pointwise_gemm tasks=400 max_diff=0.0312 elapsed=0.2s
[194/217] b1_c72_h20_w20_oc288_wic72_k3x3_g1_s1_pvalid (b=1 c=72 h=20x20 oc=288 k=3x3 g=1 path=BY_K est~9) ...
plan shape=b1_c72_h20_w20_oc288_wic72_k3x3_g1_s1_pvalid split=BY_K rows=9 y_step=18 k_step=32 out=18x18 groups=1
shape=b1_c72_h20_w20_oc288_wic72_k3x3_g1_s1_pvalid kind=BY_K tasks=9 PASS max_diff=0.0624
           PASS running={'PASS': 194} elapsed=1111.0s  BY_K tasks=9 max_diff=0.0624 elapsed=1.1s
[195/217] b1_c288_h20_w20_oc72_wic288_k1x1_g1_s1_pvalid (b=1 c=288 h=20x20 oc=72 k=1x1 g=1 path=BY_K est~3) ...
plan shape=b1_c288_h20_w20_oc72_wic288_k1x1_g1_s1_pvalid split=BY_K rows=3 y_step=20 k_step=32 out=20x20 groups=1
shape=b1_c288_h20_w20_oc72_wic288_k1x1_g1_s1_pvalid kind=pointwise_gemm tasks=1 PASS max_diff=0.0312
           PASS running={'PASS': 195} elapsed=1111.1s  pointwise_gemm tasks=1 max_diff=0.0312 elapsed=0.1s
[196/217] b1_c576_h20_w20_oc576_wic1_k5x5_g576_s1_pvalid (b=1 c=576 h=20x20 oc=576 k=5x5 g=576 path=depthwise_serial est~576 SLOW_DW est_tasks=576) ...
plan shape=b1_c576_h20_w20_oc576_wic1_k5x5_g576_s1_pvalid split=BY_YK rows=36 y_step=10 k_step=32 out=16x16 groups=576
shape=b1_c576_h20_w20_oc576_wic1_k5x5_g576_s1_pvalid kind=depthwise_serial tasks=576 PASS max_diff=0.0078
           PASS running={'PASS': 196} elapsed=1172.7s  depthwise_serial tasks=576 max_diff=0.0078 elapsed=61.6s SLOW_DW est_tasks=576
[197/217] b1_c576_h20_w20_oc96_wic576_k1x1_g1_s1_pvalid (b=1 c=576 h=20x20 oc=96 k=1x1 g=1 path=BY_YK est~6) ...
plan shape=b1_c576_h20_w20_oc96_wic576_k1x1_g1_s1_pvalid split=BY_YK rows=6 y_step=14 k_step=32 out=20x20 groups=1
shape=b1_c576_h20_w20_oc96_wic576_k1x1_g1_s1_pvalid kind=pointwise_gemm tasks=400 PASS max_diff=0.0312
           PASS running={'PASS': 197} elapsed=1173.0s  pointwise_gemm tasks=400 max_diff=0.0312 elapsed=0.2s
[198/217] b1_c768_h20_w20_oc768_wic1_k5x5_g768_s1_pvalid (b=1 c=768 h=20x20 oc=768 k=5x5 g=768 path=depthwise_serial est~768 SLOW_DW est_tasks=768) ...
plan shape=b1_c768_h20_w20_oc768_wic1_k5x5_g768_s1_pvalid split=BY_YK rows=48 y_step=10 k_step=32 out=16x16 groups=768
shape=b1_c768_h20_w20_oc768_wic1_k5x5_g768_s1_pvalid kind=depthwise_serial tasks=768 PASS max_diff=0.0078
           PASS running={'PASS': 198} elapsed=1255.2s  depthwise_serial tasks=768 max_diff=0.0078 elapsed=82.2s SLOW_DW est_tasks=768
[199/217] b1_c768_h20_w20_oc96_wic768_k1x1_g1_s1_pvalid (b=1 c=768 h=20x20 oc=96 k=1x1 g=1 path=BY_YK est~6) ...
plan shape=b1_c768_h20_w20_oc96_wic768_k1x1_g1_s1_pvalid split=BY_YK rows=6 y_step=10 k_step=32 out=20x20 groups=1
shape=b1_c768_h20_w20_oc96_wic768_k1x1_g1_s1_pvalid kind=pointwise_gemm tasks=400 PASS max_diff=0.0611
           PASS running={'PASS': 199} elapsed=1255.3s  pointwise_gemm tasks=400 max_diff=0.0611 elapsed=0.2s
[200/217] b1_c768_h20_w20_oc768_wic1_k3x3_g768_s1_pvalid (b=1 c=768 h=20x20 oc=768 k=3x3 g=768 path=depthwise_serial est~768 SLOW_DW est_tasks=768) ...
plan shape=b1_c768_h20_w20_oc768_wic1_k3x3_g768_s1_pvalid split=BY_YK rows=48 y_step=10 k_step=32 out=18x18 groups=768
shape=b1_c768_h20_w20_oc768_wic1_k3x3_g768_s1_pvalid kind=depthwise_serial tasks=768 PASS max_diff=0.0074
           PASS running={'PASS': 200} elapsed=1337.4s  depthwise_serial tasks=768 max_diff=0.0074 elapsed=82.1s SLOW_DW est_tasks=768
[201/217] b1_c768_h10_w10_oc120_wic768_k1x1_g1_s1_pvalid (b=1 c=768 h=10x10 oc=120 k=1x1 g=1 path=BY_K est~4) ...
plan shape=b1_c768_h10_w10_oc120_wic768_k1x1_g1_s1_pvalid split=BY_K rows=4 y_step=10 k_step=32 out=10x10 groups=1
shape=b1_c768_h10_w10_oc120_wic768_k1x1_g1_s1_pvalid kind=pointwise_gemm tasks=100 PASS max_diff=0.0597
           PASS running={'PASS': 201} elapsed=1337.6s  pointwise_gemm tasks=100 max_diff=0.0597 elapsed=0.2s
[202/217] b1_c960_h10_w10_oc120_wic960_k1x1_g1_s1_pvalid (b=1 c=960 h=10x10 oc=120 k=1x1 g=1 path=BY_K est~4) ...
plan shape=b1_c960_h10_w10_oc120_wic960_k1x1_g1_s1_pvalid split=BY_K rows=4 y_step=10 k_step=32 out=10x10 groups=1
shape=b1_c960_h10_w10_oc120_wic960_k1x1_g1_s1_pvalid kind=pointwise_gemm tasks=100 PASS max_diff=0.0618
           PASS running={'PASS': 202} elapsed=1337.7s  pointwise_gemm tasks=100 max_diff=0.0618 elapsed=0.1s
[203/217] b1_c480_h10_w10_oc480_wic1_k5x5_g480_s1_pvalid (b=1 c=480 h=10x10 oc=480 k=5x5 g=480 path=depthwise_serial est~480) ...
plan shape=b1_c480_h10_w10_oc480_wic1_k5x5_g480_s1_pvalid split=BY_K rows=15 y_step=6 k_step=32 out=6x6 groups=480
shape=b1_c480_h10_w10_oc480_wic1_k5x5_g480_s1_pvalid kind=depthwise_serial tasks=480 PASS max_diff=0.0078
           PASS running={'PASS': 203} elapsed=1389.1s  depthwise_serial tasks=480 max_diff=0.0078 elapsed=51.4s
[204/217] b1_c480_h10_w10_oc120_wic480_k1x1_g1_s1_pvalid (b=1 c=480 h=10x10 oc=120 k=1x1 g=1 path=BY_K est~4) ...
plan shape=b1_c480_h10_w10_oc120_wic480_k1x1_g1_s1_pvalid split=BY_K rows=4 y_step=10 k_step=32 out=10x10 groups=1
shape=b1_c480_h10_w10_oc120_wic480_k1x1_g1_s1_pvalid kind=pointwise_gemm tasks=100 PASS max_diff=0.0483
           PASS running={'PASS': 204} elapsed=1389.3s  pointwise_gemm tasks=100 max_diff=0.0483 elapsed=0.2s
[205/217] b1_c960_h10_w10_oc960_wic1_k5x5_g960_s1_pvalid (b=1 c=960 h=10x10 oc=960 k=5x5 g=960 path=depthwise_serial est~960 SLOW_DW est_tasks=960) ...
plan shape=b1_c960_h10_w10_oc960_wic1_k5x5_g960_s1_pvalid split=BY_K rows=30 y_step=6 k_step=32 out=6x6 groups=960
shape=b1_c960_h10_w10_oc960_wic1_k5x5_g960_s1_pvalid kind=depthwise_serial tasks=960 PASS max_diff=0.0078
           PASS running={'PASS': 205} elapsed=1492.0s  depthwise_serial tasks=960 max_diff=0.0078 elapsed=102.7s SLOW_DW est_tasks=960
[206/217] b1_c256_h10_w10_oc256_wic1_k3x3_g256_s1_pvalid (b=1 c=256 h=10x10 oc=256 k=3x3 g=256 path=depthwise_serial est~256) ...
plan shape=b1_c256_h10_w10_oc256_wic1_k3x3_g256_s1_pvalid split=BY_K rows=8 y_step=8 k_step=32 out=8x8 groups=256
shape=b1_c256_h10_w10_oc256_wic1_k3x3_g256_s1_pvalid kind=depthwise_serial tasks=256 PASS max_diff=0.0039
           PASS running={'PASS': 206} elapsed=1519.4s  depthwise_serial tasks=256 max_diff=0.0039 elapsed=27.4s
[207/217] b1_c128_h3_w3_oc256_wic128_k1x1_g1_s1_pvalid (b=1 c=128 h=3x3 oc=256 k=1x1 g=1 path=BY_K est~8) ...
plan shape=b1_c128_h3_w3_oc256_wic128_k1x1_g1_s1_pvalid split=BY_K rows=8 y_step=3 k_step=32 out=3x3 groups=1
shape=b1_c128_h3_w3_oc256_wic128_k1x1_g1_s1_pvalid kind=pointwise_gemm tasks=1 PASS max_diff=0.0154
           PASS running={'PASS': 207} elapsed=1519.5s  pointwise_gemm tasks=1 max_diff=0.0154 elapsed=0.1s
[208/217] b1_c128_h3_w3_oc128_wic1_k3x3_g128_s1_pvalid (b=1 c=128 h=3x3 oc=128 k=3x3 g=128 path=depthwise_serial est~128) ...
plan shape=b1_c128_h3_w3_oc128_wic1_k3x3_g128_s1_pvalid split=BY_K rows=4 y_step=1 k_step=32 out=1x1 groups=128
shape=b1_c128_h3_w3_oc128_wic1_k3x3_g128_s1_pvalid kind=depthwise_serial tasks=128 PASS max_diff=0.0019
           PASS running={'PASS': 208} elapsed=1533.2s  depthwise_serial tasks=128 max_diff=0.0019 elapsed=13.7s
[209/217] b1_c128_h2_w2_oc256_wic128_k1x1_g1_s1_pvalid (b=1 c=128 h=2x2 oc=256 k=1x1 g=1 path=BY_K est~8) ...
plan shape=b1_c128_h2_w2_oc256_wic128_k1x1_g1_s1_pvalid split=BY_K rows=8 y_step=2 k_step=32 out=2x2 groups=1
shape=b1_c128_h2_w2_oc256_wic128_k1x1_g1_s1_pvalid kind=pointwise_gemm tasks=1 PASS max_diff=0.0151
           PASS running={'PASS': 209} elapsed=1533.3s  pointwise_gemm tasks=1 max_diff=0.0151 elapsed=0.1s
[210/217] b1_c64_h1_w1_oc128_wic64_k1x1_g1_s1_pvalid (b=1 c=64 h=1x1 oc=128 k=1x1 g=1 path=BY_K est~4) ...
plan shape=b1_c64_h1_w1_oc128_wic64_k1x1_g1_s1_pvalid split=BY_K rows=4 y_step=1 k_step=32 out=1x1 groups=1
shape=b1_c64_h1_w1_oc128_wic64_k1x1_g1_s1_pvalid kind=pointwise_gemm tasks=1 PASS max_diff=0.0078
           PASS running={'PASS': 210} elapsed=1533.5s  pointwise_gemm tasks=1 max_diff=0.0078 elapsed=0.1s
[211/217] b1_c96_h20_w20_oc96_wic1_k3x3_g96_s1_pvalid (b=1 c=96 h=20x20 oc=96 k=3x3 g=96 path=depthwise_serial est~96) ...
plan shape=b1_c96_h20_w20_oc96_wic1_k3x3_g96_s1_pvalid split=BY_YK rows=6 y_step=12 k_step=32 out=18x18 groups=96
shape=b1_c96_h20_w20_oc96_wic1_k3x3_g96_s1_pvalid kind=depthwise_serial tasks=96 PASS max_diff=0.0060
           PASS running={'PASS': 211} elapsed=1543.8s  depthwise_serial tasks=96 max_diff=0.0060 elapsed=10.3s
[212/217] b1_c384_h10_w10_oc384_wic1_k3x3_g384_s1_pvalid (b=1 c=384 h=10x10 oc=384 k=3x3 g=384 path=depthwise_serial est~384) ...
plan shape=b1_c384_h10_w10_oc384_wic1_k3x3_g384_s1_pvalid split=BY_K rows=12 y_step=8 k_step=32 out=8x8 groups=384
shape=b1_c384_h10_w10_oc384_wic1_k3x3_g384_s1_pvalid kind=depthwise_serial tasks=384 PASS max_diff=0.0039
           PASS running={'PASS': 212} elapsed=1584.8s  depthwise_serial tasks=384 max_diff=0.0039 elapsed=41.1s
[213/217] b1_c512_h5_w5_oc512_wic1_k3x3_g512_s1_pvalid (b=1 c=512 h=5x5 oc=512 k=3x3 g=512 path=depthwise_serial est~512 SLOW_DW est_tasks=512) ...
plan shape=b1_c512_h5_w5_oc512_wic1_k3x3_g512_s1_pvalid split=BY_K rows=16 y_step=3 k_step=32 out=3x3 groups=512
shape=b1_c512_h5_w5_oc512_wic1_k3x3_g512_s1_pvalid kind=depthwise_serial tasks=512 PASS max_diff=0.0039
           PASS running={'PASS': 213} elapsed=1639.6s  depthwise_serial tasks=512 max_diff=0.0039 elapsed=54.8s SLOW_DW est_tasks=512
[214/217] b1_c256_h3_w3_oc256_wic1_k3x3_g256_s1_pvalid (b=1 c=256 h=3x3 oc=256 k=3x3 g=256 path=depthwise_serial est~256) ...
plan shape=b1_c256_h3_w3_oc256_wic1_k3x3_g256_s1_pvalid split=BY_K rows=8 y_step=1 k_step=32 out=1x1 groups=256
shape=b1_c256_h3_w3_oc256_wic1_k3x3_g256_s1_pvalid kind=depthwise_serial tasks=256 PASS max_diff=0.0030
           PASS running={'PASS': 214} elapsed=1667.0s  depthwise_serial tasks=256 max_diff=0.0030 elapsed=27.4s
[215/217] b1_c96_h20_w20_oc12_wic96_k1x1_g1_s1_pvalid (b=1 c=96 h=20x20 oc=12 k=1x1 g=1 path=NONE est~1) ...
plan shape=b1_c96_h20_w20_oc12_wic96_k1x1_g1_s1_pvalid split=NONE rows=1 y_step=20 k_step=12 out=20x20 groups=1
shape=b1_c96_h20_w20_oc12_wic96_k1x1_g1_s1_pvalid kind=pointwise_gemm tasks=1 PASS max_diff=0.0156
           PASS running={'PASS': 215} elapsed=1667.1s  pointwise_gemm tasks=1 max_diff=0.0156 elapsed=0.1s
[216/217] b1_c96_h20_w20_oc273_wic96_k1x1_g1_s1_pvalid (b=1 c=96 h=20x20 oc=273 k=1x1 g=1 path=BY_K est~9) ...
plan shape=b1_c96_h20_w20_oc273_wic96_k1x1_g1_s1_pvalid split=BY_K rows=9 y_step=20 k_step=32 out=20x20 groups=1
shape=b1_c96_h20_w20_oc273_wic96_k1x1_g1_s1_pvalid kind=pointwise_gemm tasks=1 PASS max_diff=0.0156
           PASS running={'PASS': 216} elapsed=1667.2s  pointwise_gemm tasks=1 max_diff=0.0156 elapsed=0.1s
[217/217] b1_c384_h10_w10_oc546_wic384_k1x1_g1_s1_pvalid (b=1 c=384 h=10x10 oc=546 k=1x1 g=1 path=BY_K est~18) ...
plan shape=b1_c384_h10_w10_oc546_wic384_k1x1_g1_s1_pvalid split=BY_K rows=18 y_step=10 k_step=32 out=10x10 groups=1
shape=b1_c384_h10_w10_oc546_wic384_k1x1_g1_s1_pvalid kind=pointwise_gemm tasks=100 PASS max_diff=0.0312
           PASS running={'PASS': 217} elapsed=1667.3s  pointwise_gemm tasks=100 max_diff=0.0312 elapsed=0.1s
running post_health examples/simple_add.py ...
post_health_rc=0

summary=/home/orangepi/rk3588/sweep_results/conv_grok_217_sweep_20260710_130516_summary.txt
pre_health_rc=0 post_health_rc=0 total=217 counts={'PASS': 217}
detail_log=/home/orangepi/rk3588/sweep_results/conv_grok_217_sweep_20260710_130516_detail.log
