PASS     b1_c1_h4_w4_oc6_wic1_k1x1_g1 :: NONE tasks=1 max_diff=0.0008 elapsed=0.1s
PASS     b1_c3_h4_w4_oc3_wic3_k1x1_g1 :: NONE tasks=1 max_diff=0.0018 elapsed=0.1s
PASS     b1_c4_h4_w4_oc2_wic4_k1x1_g1 :: NONE tasks=1 max_diff=0.0010 elapsed=0.1s
PASS     conv2d_b1_c4_h9_w9_oc4_wic4_k1x1_g1 :: NONE tasks=1 max_diff=0.0039 elapsed=0.1s
PASS     conv2d_b1_c3_h52_w52_oc6_wic3_k1x1_g1 :: BY_Y tasks=3 max_diff=0.0037 elapsed=0.3s
PASS     conv2d_b1_c96_h56_w56_oc24_wic96_k1x1_g1 :: BY_Y tasks=2 max_diff=0.0156 elapsed=0.2s
PASS     conv2d_b1_c144_h56_w56_oc24_wic144_k1x1_g1 :: BY_Y tasks=3 max_diff=0.0263 elapsed=0.4s
PASS     conv2d_b1_c144_h28_w28_oc32_wic144_k1x1_g1 :: BY_Y tasks=2 max_diff=0.0283 elapsed=0.2s
PASS     conv2d_b1_c192_h28_w28_oc32_wic192_k1x1_g1 :: BY_Y tasks=2 max_diff=0.0286 elapsed=0.2s
PASS     conv2d_b1_c192_h28_w28_oc16_wic192_k1x1_g1 :: BY_Y tasks=2 max_diff=0.0286 elapsed=0.2s
PASS     conv2d_b1_c256_h28_w28_oc32_wic256_k1x1_g1 :: BY_Y tasks=2 max_diff=0.0307 elapsed=0.2s
PASS     b1_c16_h8_w8_oc16_wic16_k1x1_g1 :: NONE tasks=1 max_diff=0.0041 elapsed=0.1s
PASS     conv2d_b1_c16_h32_w32_oc16_wic16_k1x1_g1 :: NONE tasks=1 max_diff=0.0077 elapsed=0.1s
PASS     conv2d_b1_c4_h9_w9_oc4_wic4_k3x3_g1 :: NONE tasks=1 max_diff=0.0074 elapsed=0.1s
PASS     conv2d_b1_c16_h18_w18_oc16_wic16_k3x3_g1 :: NONE tasks=1 max_diff=0.0154 elapsed=0.1s
PASS     conv2d_b2_c4_h9_w9_oc4_wic4_k3x3_g1 :: NONE tasks=2 max_diff=0.0077 elapsed=0.2s
PASS     conv2d_b1_c1_h5_w7_oc6_wic1_k3x3_g1 :: NONE tasks=1 max_diff=0.0030 elapsed=0.1s
PASS     conv2d_b1_c3_h11_w28_oc3_wic1_k3x3_g3 :: depthwise_serial tasks=3 max_diff=0.0038 elapsed=0.3s
PASS     b1_c3_h5_w5_oc6_wic3_k1x3_g1 :: NONE tasks=1 max_diff=0.0039 elapsed=0.1s
PASS     conv2d_b1_c3_h5_w7_oc6_wic1_k3x3_g3 :: grouped_serial tasks=3 max_diff=0.0023 elapsed=0.3s
PASS     conv2d_b1_c3_h5_w7_oc6_wic3_k2x1_g1 :: NONE tasks=1 max_diff=0.0036 elapsed=0.1s
PASS     conv2d_b1_c3_h5_w7_oc6_wic3_k2x3_g1 :: NONE tasks=1 max_diff=0.0038 elapsed=0.1s
PASS     conv2d_b1_c3_h5_w7_oc6_wic3_k2x5_g1 :: NONE tasks=1 max_diff=0.0053 elapsed=0.1s
PASS     conv2d_b1_c3_h5_w7_oc6_wic3_k3x1_g1 :: NONE tasks=1 max_diff=0.0025 elapsed=0.1s
PASS     conv2d_b1_c3_h5_w7_oc6_wic3_k3x3_g1 :: NONE tasks=1 max_diff=0.0057 elapsed=0.1s
PASS     conv2d_b1_c3_h5_w7_oc6_wic3_k3x5_g1 :: NONE tasks=1 max_diff=0.0045 elapsed=0.1s
PASS     b1_c1_h5_w7_oc6_wic1_k2x1_g1 :: NONE tasks=1 max_diff=0.0009 elapsed=0.1s
PASS     b1_c1_h5_w7_oc6_wic1_k2x3_g1 :: NONE tasks=1 max_diff=0.0038 elapsed=0.1s
PASS     b1_c1_h5_w7_oc6_wic1_k3x1_g1 :: NONE tasks=1 max_diff=0.0017 elapsed=0.1s
PASS     b1_c1_h5_w7_oc6_wic1_k3x5_g1 :: NONE tasks=1 max_diff=0.0036 elapsed=0.1s
PASS     conv2d_b1_c4_h1_w1_oc2_wic2_k1x1_g2 :: grouped_serial tasks=2 max_diff=0.0004 elapsed=0.2s
PASS     b1_c4_h1_w1_oc4_wic2_k1x1_g2 :: grouped_serial tasks=2 max_diff=0.0006 elapsed=0.2s
PASS     conv2d_b1_c32_h32_w32_oc32_wic1_k1x1_g32 :: depthwise_serial tasks=64 max_diff=0.0010 elapsed=6.9s
PASS     conv2d_b1_c15_h5_w5_oc35_wic3_k3x3_g5 :: grouped_serial tasks=5 max_diff=0.0072 elapsed=0.6s
PASS     conv2d_b2_c3_h11_w28_oc3_wic1_k3x3_g3 :: depthwise_serial tasks=6 max_diff=0.0038 elapsed=0.6s
PASS     conv2d_b4_c15_h5_w5_oc35_wic3_k3x3_g5 :: grouped_serial tasks=20 max_diff=0.0075 elapsed=2.3s
PASS     conv2d_b1_c4_h5_w5_oc4_wic2_k3x3_g2 :: grouped_serial tasks=2 max_diff=0.0032 elapsed=0.2s
PASS     conv2d_b1_c4_h5_w5_oc8_wic2_k3x3_g2 :: grouped_serial tasks=2 max_diff=0.0066 elapsed=0.2s
PASS     conv2d_b1_c4_h5_w5_oc12_wic2_k3x3_g2 :: grouped_serial tasks=2 max_diff=0.0066 elapsed=0.2s
PASS     conv2d_b1_c6_h5_w5_oc6_wic2_k3x3_g3 :: grouped_serial tasks=3 max_diff=0.0038 elapsed=0.3s
PASS     conv2d_b1_c6_h5_w5_oc12_wic2_k3x3_g3 :: grouped_serial tasks=3 max_diff=0.0039 elapsed=0.3s
PASS     conv2d_b1_c6_h5_w5_oc18_wic2_k3x3_g3 :: grouped_serial tasks=3 max_diff=0.0039 elapsed=0.3s
PASS     conv2d_b1_c15_h5_w5_oc20_wic3_k3x3_g5 :: grouped_serial tasks=5 max_diff=0.0055 elapsed=0.6s
PASS     conv2d_b1_c15_h5_w5_oc25_wic3_k3x3_g5 :: grouped_serial tasks=5 max_diff=0.0043 elapsed=0.6s
PASS     conv2d_b1_c15_h5_w5_oc30_wic3_k3x3_g5 :: grouped_serial tasks=5 max_diff=0.0066 elapsed=0.6s
PASS     conv2d_b1_c15_h5_w5_oc40_wic3_k3x3_g5 :: grouped_serial tasks=5 max_diff=0.0072 elapsed=0.6s
PASS     b1_c2_h4_w4_oc2_wic2_k1x1_g1 :: NONE tasks=1 max_diff=0.0017 elapsed=0.1s
PASS     b1_c8_h5_w5_oc8_wic8_k1x1_g1 :: NONE tasks=1 max_diff=0.0035 elapsed=0.1s
PASS     b1_c10_h9_w9_oc20_wic10_k3x3_g1 :: NONE tasks=1 max_diff=0.0091 elapsed=0.1s
PASS     b1_c16_h9_w9_oc16_wic16_k3x3_g1 :: NONE tasks=1 max_diff=0.0155 elapsed=0.1s
PASS     b1_c2_h6_w6_oc4_wic2_k3x3_g1 :: NONE tasks=1 max_diff=0.0035 elapsed=0.1s
PASS     b1_c2_h5_w5_oc4_wic2_k2x2_g1 :: NONE tasks=1 max_diff=0.0028 elapsed=0.1s
PASS     b1_c1_h10_w10_oc32_wic1_k5x5_g1 :: NONE tasks=1 max_diff=0.0075 elapsed=0.1s
PASS     b1_c8_h10_w10_oc4_wic8_k4x4_g1 :: NONE tasks=1 max_diff=0.0132 elapsed=0.1s
PASS     b1_c3_h224_w224_oc32_wic3_k3x3_g1 :: BY_Y tasks=5 max_diff=0.0151 elapsed=0.9s
PASS     b1_c32_h112_w112_oc32_wic1_k3x3_g32 :: depthwise_serial tasks=32 max_diff=0.0075 elapsed=3.5s
PASS     b1_c32_h112_w112_oc64_wic32_k1x1_g1 :: BY_YK tasks=8 max_diff=0.0146 elapsed=0.9s
PASS     b1_c64_h112_w112_oc64_wic1_k3x3_g64 :: depthwise_serial tasks=64 max_diff=0.0075 elapsed=7.0s
PASS     b1_c64_h56_w56_oc128_wic64_k1x1_g1 :: BY_YK tasks=8 max_diff=0.0156 elapsed=0.9s
PASS     b1_c128_h56_w56_oc128_wic1_k3x3_g128 :: depthwise_serial tasks=128 max_diff=0.0078 elapsed=14.1s
PASS     b1_c128_h56_w56_oc128_wic128_k1x1_g1 :: BY_YK tasks=12 max_diff=0.0312 elapsed=1.3s
PASS     b1_c128_h28_w28_oc256_wic128_k1x1_g1 :: BY_K tasks=8 max_diff=0.0156 elapsed=0.9s
PASS     b1_c256_h28_w28_oc256_wic1_k3x3_g256 :: depthwise_serial tasks=256 max_diff=0.0075 elapsed=27.5s
PASS     b1_c256_h28_w28_oc256_wic256_k1x1_g1 :: BY_YK tasks=16 max_diff=0.0312 elapsed=1.8s
PASS     b1_c256_h14_w14_oc512_wic256_k1x1_g1 :: BY_K tasks=16 max_diff=0.0311 elapsed=1.8s
PASS     b1_c512_h14_w14_oc512_wic1_k3x3_g512 :: depthwise_serial tasks=512 max_diff=0.0076 elapsed=54.8s SLOW_DW est_tasks=512
PASS     b1_c512_h14_w14_oc512_wic512_k1x1_g1 :: BY_K tasks=16 max_diff=0.0312 elapsed=1.8s
PASS     b1_c512_h7_w7_oc1024_wic512_k1x1_g1 :: BY_K tasks=32 max_diff=0.0312 elapsed=3.5s
PASS     b1_c1024_h7_w7_oc1024_wic1_k3x3_g1024 :: depthwise_serial tasks=1024 max_diff=0.0064 elapsed=109.4s SLOW_DW est_tasks=1024
PASS     b1_c1024_h7_w7_oc1024_wic1024_k1x1_g1 :: pointwise_gemm tasks=49 max_diff=0.0606 elapsed=0.2s
PASS     b1_c1024_h7_w7_oc1024_wic1_k7x7_g1024 :: depthwise_serial tasks=1024 max_diff=0.0078 elapsed=109.8s SLOW_DW est_tasks=1024
PASS     b1_c1024_h1_w1_oc1001_wic1024_k1x1_g1 :: pointwise_gemm tasks=1 max_diff=0.0314 elapsed=0.1s
PASS     b1_c1_h1_w11_oc6_wic1_k1x1_g1 :: NONE tasks=1 max_diff=0.0009 elapsed=0.1s
PASS     b8_c1_h1_w11_oc6_wic1_k1x1_g1 :: NONE tasks=8 max_diff=0.0010 elapsed=0.9s
PASS     b1_c1_h1_w11_oc6_wic1_k1x2_g1 :: NONE tasks=1 max_diff=0.0018 elapsed=0.1s
PASS     b1_c1_h1_w11_oc6_wic1_k1x5_g1 :: NONE tasks=1 max_diff=0.0037 elapsed=0.1s
PASS     b1_c3_h1_w11_oc6_wic3_k1x1_g1 :: NONE tasks=1 max_diff=0.0036 elapsed=0.1s
PASS     b1_c3_h1_w11_oc6_wic3_k1x2_g1 :: NONE tasks=1 max_diff=0.0019 elapsed=0.1s
PASS     b1_c3_h1_w11_oc6_wic3_k1x5_g1 :: NONE tasks=1 max_diff=0.0037 elapsed=0.1s
PASS     b1_c3_h1_w11_oc6_wic1_k1x5_g3 :: grouped_serial tasks=3 max_diff=0.0021 elapsed=0.4s
PASS     b8_c1_h1_w11_oc6_wic1_k1x1_g1 :: NONE tasks=8 max_diff=0.0010 elapsed=0.9s
PASS     b8_c1_h1_w11_oc6_wic1_k1x2_g1 :: NONE tasks=8 max_diff=0.0019 elapsed=0.9s
PASS     b8_c1_h1_w11_oc6_wic1_k1x2_g1 :: NONE tasks=8 max_diff=0.0019 elapsed=0.9s
PASS     b8_c1_h1_w11_oc6_wic1_k1x5_g1 :: NONE tasks=8 max_diff=0.0031 elapsed=0.9s
PASS     b8_c3_h1_w11_oc6_wic3_k1x1_g1 :: NONE tasks=8 max_diff=0.0019 elapsed=0.9s
PASS     b8_c3_h1_w11_oc6_wic3_k1x2_g1 :: NONE tasks=8 max_diff=0.0029 elapsed=0.9s
PASS     b8_c3_h1_w11_oc6_wic3_k1x5_g1 :: NONE tasks=8 max_diff=0.0039 elapsed=0.9s
PASS     b8_c3_h1_w11_oc6_wic1_k1x5_g3 :: grouped_serial tasks=24 max_diff=0.0020 elapsed=2.8s
PASS     b1_c3_h54_w54_oc6_wic3_k1x1_g1 :: BY_Y tasks=3 max_diff=0.0038 elapsed=0.3s
PASS     b1_c3_h56_w56_oc6_wic3_k1x1_g1 :: BY_Y tasks=4 max_diff=0.0020 elapsed=0.4s
PASS     b1_c3_h58_w58_oc6_wic3_k1x1_g1 :: BY_Y tasks=4 max_diff=0.0023 elapsed=0.4s
PASS     b1_c3_h60_w60_oc6_wic3_k1x1_g1 :: BY_Y tasks=4 max_diff=0.0038 elapsed=0.4s
PASS     b1_c3_h62_w62_oc6_wic3_k1x1_g1 :: BY_Y tasks=4 max_diff=0.0020 elapsed=0.4s
PASS     b1_c3_h64_w64_oc6_wic3_k1x1_g1 :: BY_Y tasks=5 max_diff=0.0020 elapsed=0.5s
PASS     b1_c3_h66_w66_oc6_wic3_k1x1_g1 :: BY_Y tasks=5 max_diff=0.0020 elapsed=0.5s
PASS     b1_c3_h68_w68_oc6_wic3_k1x1_g1 :: BY_Y tasks=5 max_diff=0.0020 elapsed=0.5s
PASS     b1_c3_h70_w70_oc6_wic3_k1x1_g1 :: BY_Y tasks=5 max_diff=0.0037 elapsed=0.5s
PASS     b1_c3_h72_w72_oc6_wic3_k1x1_g1 :: BY_Y tasks=6 max_diff=0.0031 elapsed=0.7s
PASS     b1_c256_h14_w14_oc512_wic256_k1x1_g1 :: BY_K tasks=16 max_diff=0.0311 elapsed=1.7s
PASS     b1_c384_h14_w14_oc96_wic384_k1x1_g1 :: BY_K tasks=3 max_diff=0.0312 elapsed=0.3s
PASS     b1_c480_h14_w14_oc96_wic480_k1x1_g1 :: BY_K tasks=3 max_diff=0.0312 elapsed=0.3s
PASS     b1_c480_h14_w14_oc16_wic480_k1x1_g1 :: NONE tasks=1 max_diff=0.0312 elapsed=0.1s
PASS     b1_c512_h14_w14_oc112_wic512_k1x1_g1 :: BY_K tasks=4 max_diff=0.0312 elapsed=0.5s
PASS     b1_c512_h14_w14_oc24_wic512_k1x1_g1 :: NONE tasks=1 max_diff=0.0308 elapsed=0.1s
PASS     b1_c512_h14_w14_oc32_wic512_k1x1_g1 :: NONE tasks=1 max_diff=0.0312 elapsed=0.1s
PASS     b1_c512_h14_w14_oc512_wic512_k1x1_g1 :: BY_K tasks=16 max_diff=0.0312 elapsed=1.8s
PASS     b1_c512_h7_w7_oc1024_wic512_k1x1_g1 :: BY_K tasks=32 max_diff=0.0312 elapsed=3.5s
PASS     b1_c528_h14_w14_oc256_wic528_k1x1_g1 :: pointwise_gemm tasks=196 max_diff=0.0312 elapsed=0.2s
PASS     b1_c528_h14_w14_oc160_wic528_k1x1_g1 :: pointwise_gemm tasks=196 max_diff=0.0311 elapsed=0.2s
PASS     b1_c528_h14_w14_oc32_wic528_k1x1_g1 :: pointwise_gemm tasks=196 max_diff=0.0311 elapsed=0.1s
PASS     b1_c528_h14_w14_oc128_wic528_k1x1_g1 :: pointwise_gemm tasks=196 max_diff=0.0311 elapsed=0.2s
PASS     b1_c576_h14_w14_oc96_wic576_k1x1_g1 :: pointwise_gemm tasks=196 max_diff=0.0312 elapsed=0.2s
PASS     b1_c832_h7_w7_oc48_wic832_k1x1_g1 :: pointwise_gemm tasks=49 max_diff=0.0382 elapsed=0.1s
PASS     b1_c1024_h7_w7_oc1024_wic1024_k1x1_g1 :: pointwise_gemm tasks=49 max_diff=0.0606 elapsed=0.2s
PASS     b1_c1024_h1_w1_oc1001_wic1024_k1x1_g1 :: pointwise_gemm tasks=1 max_diff=0.0314 elapsed=0.2s
PASS     b1_c1280_h10_w10_oc24_wic1280_k1x1_g1 :: pointwise_gemm tasks=100 max_diff=0.0594 elapsed=0.1s
PASS     b1_c1280_h10_w10_oc546_wic1280_k1x1_g1 :: pointwise_gemm tasks=100 max_diff=0.0622 elapsed=0.2s
PASS     b1_c32_h112_w112_oc32_wic1_k3x3_g32 :: depthwise_serial tasks=32 max_diff=0.0075 elapsed=3.6s
PASS     b1_c64_h112_w112_oc64_wic1_k3x3_g64 :: depthwise_serial tasks=64 max_diff=0.0075 elapsed=7.1s
PASS     b1_c128_h56_w56_oc128_wic1_k3x3_g128 :: depthwise_serial tasks=128 max_diff=0.0078 elapsed=13.8s
PASS     b1_c256_h28_w28_oc256_wic1_k3x3_g256 :: depthwise_serial tasks=256 max_diff=0.0075 elapsed=27.4s
PASS     b1_c512_h14_w14_oc512_wic1_k3x3_g512 :: depthwise_serial tasks=512 max_diff=0.0076 elapsed=54.8s SLOW_DW est_tasks=512
PASS     b1_c1024_h7_w7_oc1024_wic1_k3x3_g1024 :: depthwise_serial tasks=1024 max_diff=0.0064 elapsed=109.5s SLOW_DW est_tasks=1024
PASS     b1_c1024_h7_w7_oc1024_wic1_k7x7_g1024 :: depthwise_serial tasks=1024 max_diff=0.0078 elapsed=109.8s SLOW_DW est_tasks=1024
PASS     b1_c32_h112_w112_oc16_wic32_k1x1_g1 :: BY_Y tasks=4 max_diff=0.0146 elapsed=0.5s
PASS     b1_c32_h112_w112_oc64_wic32_k1x1_g1 :: BY_YK tasks=8 max_diff=0.0146 elapsed=0.9s
PASS     b1_c64_h56_w56_oc128_wic64_k1x1_g1 :: BY_YK tasks=8 max_diff=0.0156 elapsed=0.9s
PASS     b1_c128_h56_w56_oc128_wic128_k1x1_g1 :: BY_YK tasks=12 max_diff=0.0312 elapsed=1.3s
PASS     b1_c128_h28_w28_oc256_wic128_k1x1_g1 :: BY_K tasks=8 max_diff=0.0156 elapsed=0.9s
PASS     b1_c256_h28_w28_oc256_wic256_k1x1_g1 :: BY_YK tasks=16 max_diff=0.0312 elapsed=1.7s
PASS     b1_c3_h224_w224_oc32_wic3_k3x3_g1 :: BY_Y tasks=5 max_diff=0.0151 elapsed=0.8s
PASS     b1_c96_h112_w112_oc96_wic1_k3x3_g96_s1_pvalid :: depthwise_serial tasks=96 max_diff=0.0077 elapsed=10.8s
PASS     b1_c144_h56_w56_oc144_wic1_k3x3_g144_s1_pvalid :: depthwise_serial tasks=144 max_diff=0.0077 elapsed=15.9s
PASS     b1_c192_h28_w28_oc96_wic192_k1x1_g1_s1_pvalid :: BY_K tasks=3 max_diff=0.0306 elapsed=0.4s
PASS     b1_c32_h14_w14_oc64_wic32_k3x3_g1_s1_pvalid :: NONE tasks=1 max_diff=0.0304 elapsed=0.1s
PASS     b1_c528_h14_w14_oc256_wic528_k1x1_g1_s1_pvalid :: pointwise_gemm tasks=196 max_diff=0.0312 elapsed=0.1s
PASS     b1_c528_h14_w14_oc160_wic528_k1x1_g1_s1_pvalid :: pointwise_gemm tasks=196 max_diff=0.0311 elapsed=0.1s
PASS     b1_c160_h14_w14_oc320_wic160_k3x3_g1_s1_pvalid :: BY_K tasks=10 max_diff=0.0625 elapsed=1.3s
PASS     b1_c528_h14_w14_oc32_wic528_k1x1_g1_s1_pvalid :: pointwise_gemm tasks=196 max_diff=0.0311 elapsed=0.1s
PASS     b1_c32_h14_w14_oc128_wic32_k3x3_g1_s1_pvalid :: NONE tasks=1 max_diff=0.0304 elapsed=0.1s
PASS     b1_c528_h14_w14_oc128_wic528_k1x1_g1_s1_pvalid :: pointwise_gemm tasks=196 max_diff=0.0311 elapsed=0.1s
PASS     b1_c160_h7_w7_oc320_wic160_k3x3_g1_s1_pvalid :: BY_K tasks=10 max_diff=0.0621 elapsed=1.1s
PASS     b1_c32_h7_w7_oc128_wic32_k3x3_g1_s1_pvalid :: NONE tasks=1 max_diff=0.0265 elapsed=0.1s
PASS     b1_c192_h7_w7_oc384_wic192_k3x3_g1_s1_pvalid :: BY_K tasks=12 max_diff=0.0624 elapsed=1.4s
PASS     b1_c832_h7_w7_oc48_wic832_k1x1_g1_s1_pvalid :: pointwise_gemm tasks=49 max_diff=0.0382 elapsed=0.1s
PASS     b1_c32_h150_w150_oc32_wic1_k3x3_g32_s1_pvalid :: depthwise_serial tasks=64 max_diff=0.0077 elapsed=7.0s
PASS     b1_c32_h150_w150_oc16_wic32_k1x1_g1_s1_pvalid :: BY_Y tasks=5 max_diff=0.0156 elapsed=0.6s
PASS     b1_c16_h150_w150_oc96_wic16_k1x1_g1_s1_pvalid :: BY_YK tasks=15 max_diff=0.0078 elapsed=1.8s
PASS     b1_c96_h150_w150_oc96_wic1_k3x3_g96_s1_pvalid :: depthwise_serial tasks=192 max_diff=0.0077 elapsed=21.6s
PASS     b1_c96_h75_w75_oc24_wic96_k1x1_g1_s1_pvalid :: BY_Y tasks=4 max_diff=0.0156 elapsed=0.5s
PASS     b1_c144_h75_w75_oc144_wic1_k3x3_g144_s1_pvalid :: depthwise_serial tasks=144 max_diff=0.0076 elapsed=15.8s
PASS     b1_c144_h75_w75_oc24_wic144_k1x1_g1_s1_pvalid :: BY_Y tasks=5 max_diff=0.0238 elapsed=0.6s
PASS     b1_c144_h38_w38_oc32_wic144_k1x1_g1_s1_pvalid :: BY_Y tasks=2 max_diff=0.0156 elapsed=0.2s
PASS     b1_c192_h38_w38_oc192_wic1_k3x3_g192_s1_pvalid :: depthwise_serial tasks=192 max_diff=0.0073 elapsed=20.6s
PASS     b1_c192_h38_w38_oc32_wic192_k1x1_g1_s1_pvalid :: BY_Y tasks=2 max_diff=0.0300 elapsed=0.2s
PASS     b1_c384_h19_w19_oc384_wic1_k3x3_g384_s1_pvalid :: depthwise_serial tasks=384 max_diff=0.0063 elapsed=41.1s
PASS     b1_c384_h19_w19_oc64_wic384_k1x1_g1_s1_pvalid :: BY_K tasks=2 max_diff=0.0310 elapsed=0.3s
PASS     b1_c384_h19_w19_oc96_wic384_k1x1_g1_s1_pvalid :: BY_K tasks=3 max_diff=0.0312 elapsed=0.4s
PASS     b1_c576_h19_w19_oc576_wic1_k3x3_g576_s1_pvalid :: depthwise_serial tasks=576 max_diff=0.0071 elapsed=61.6s SLOW_DW est_tasks=576
PASS     b1_c576_h19_w19_oc96_wic576_k1x1_g1_s1_pvalid :: pointwise_gemm tasks=361 max_diff=0.0482 elapsed=0.2s
PASS     b1_c576_h19_w19_oc12_wic576_k1x1_g1_s1_pvalid :: pointwise_gemm tasks=361 max_diff=0.0308 elapsed=0.1s
PASS     b1_c576_h19_w19_oc273_wic576_k1x1_g1_s1_pvalid :: pointwise_gemm tasks=361 max_diff=0.0517 elapsed=0.2s
PASS     b1_c960_h10_w10_oc960_wic1_k3x3_g960_s1_pvalid :: depthwise_serial tasks=960 max_diff=0.0052 elapsed=102.5s SLOW_DW est_tasks=960
PASS     b1_c1280_h10_w10_oc24_wic1280_k1x1_g1_s1_pvalid :: pointwise_gemm tasks=100 max_diff=0.0594 elapsed=0.2s
PASS     b1_c1280_h10_w10_oc546_wic1280_k1x1_g1_s1_pvalid :: pointwise_gemm tasks=100 max_diff=0.0622 elapsed=0.2s
PASS     b1_c256_h10_w10_oc512_wic256_k3x3_g1_s1_pvalid :: BY_K tasks=16 max_diff=0.1121 elapsed=2.0s
PASS     b1_c128_h5_w5_oc256_wic128_k3x3_g1_s1_pvalid :: BY_K tasks=8 max_diff=0.0587 elapsed=0.9s
PASS     b1_c256_h3_w3_oc24_wic256_k1x1_g1_s1_pvalid :: NONE tasks=1 max_diff=0.0149 elapsed=0.1s
PASS     b1_c256_h3_w3_oc546_wic256_k1x1_g1_s1_pvalid :: BY_K tasks=18 max_diff=0.0307 elapsed=1.9s
PASS     b1_c256_h3_w3_oc128_wic256_k1x1_g1_s1_pvalid :: BY_K tasks=4 max_diff=0.0155 elapsed=0.4s
PASS     b1_c128_h3_w3_oc256_wic128_k3x3_g1_s1_pvalid :: BY_K tasks=8 max_diff=0.0309 elapsed=0.9s
PASS     b1_c256_h2_w2_oc24_wic256_k1x1_g1_s1_pvalid :: NONE tasks=1 max_diff=0.0245 elapsed=0.1s
PASS     b1_c256_h2_w2_oc546_wic256_k1x1_g1_s1_pvalid :: BY_K tasks=18 max_diff=0.0279 elapsed=1.9s
PASS     b1_c256_h2_w2_oc64_wic256_k1x1_g1_s1_pvalid :: BY_K tasks=2 max_diff=0.0245 elapsed=0.2s
PASS     b1_c128_h1_w1_oc24_wic128_k1x1_g1_s1_pvalid :: NONE tasks=1 max_diff=0.0064 elapsed=0.1s
PASS     b1_c3_h320_w320_oc32_wic3_k3x3_g1_s1_pvalid :: BY_Y tasks=10 max_diff=0.0114 elapsed=1.6s
PASS     b1_c32_h160_w160_oc8_wic32_k1x1_g1_s1_pvalid :: BY_Y tasks=5 max_diff=0.0131 elapsed=0.6s
PASS     b1_c8_h160_w160_oc16_wic8_k3x3_g1_s1_pvalid :: BY_Y tasks=3 max_diff=0.0156 elapsed=0.5s
PASS     b1_c16_h160_w160_oc128_wic16_k3x3_g1_s1_pvalid :: BY_YK tasks=12 max_diff=0.0310 elapsed=3.2s
PASS     b1_c128_h80_w80_oc16_wic128_k1x1_g1_s1_pvalid :: BY_Y tasks=5 max_diff=0.0245 elapsed=0.6s
PASS     b1_c16_h80_w80_oc64_wic16_k3x3_g1_s1_pvalid :: BY_K tasks=2 max_diff=0.0293 elapsed=0.4s
PASS     b1_c64_h80_w80_oc16_wic64_k1x1_g1_s1_pvalid :: BY_Y tasks=3 max_diff=0.0156 elapsed=0.3s
PASS     b1_c16_h80_w80_oc128_wic16_k3x3_g1_s1_pvalid :: BY_K tasks=4 max_diff=0.0293 elapsed=0.8s
PASS     b1_c16_h80_w80_oc128_wic16_k5x5_g1_s1_pvalid :: BY_K tasks=4 max_diff=0.0312 elapsed=1.3s
PASS     b1_c128_h40_w40_oc40_wic128_k1x1_g1_s1_pvalid :: BY_YK tasks=4 max_diff=0.0156 elapsed=0.4s
PASS     b1_c40_h40_w40_oc160_wic40_k3x3_g1_s1_pvalid :: BY_K tasks=5 max_diff=0.0312 elapsed=0.7s
PASS     b1_c160_h40_w40_oc40_wic160_k1x1_g1_s1_pvalid :: BY_YK tasks=4 max_diff=0.0253 elapsed=0.4s
PASS     b1_c40_h40_w40_oc320_wic40_k1x1_g1_s1_pvalid :: pointwise_gemm tasks=4 max_diff=0.0155 elapsed=0.1s
PASS     b1_c320_h40_w40_oc320_wic1_k3x3_g320_s1_pvalid :: depthwise_serial tasks=320 max_diff=0.0078 elapsed=34.3s
PASS     b1_c320_h20_w20_oc72_wic320_k1x1_g1_s1_pvalid :: BY_K tasks=3 max_diff=0.0312 elapsed=0.4s
PASS     b1_c72_h20_w20_oc576_wic72_k1x1_g1_s1_pvalid :: pointwise_gemm tasks=400 max_diff=0.0156 elapsed=0.2s
PASS     b1_c576_h20_w20_oc576_wic1_k3x3_g576_s1_pvalid :: depthwise_serial tasks=576 max_diff=0.0073 elapsed=61.6s SLOW_DW est_tasks=576
PASS     b1_c576_h20_w20_oc72_wic576_k1x1_g1_s1_pvalid :: pointwise_gemm tasks=400 max_diff=0.0312 elapsed=0.2s
PASS     b1_c72_h20_w20_oc288_wic72_k3x3_g1_s1_pvalid :: BY_K tasks=9 max_diff=0.0624 elapsed=1.2s
PASS     b1_c288_h20_w20_oc72_wic288_k1x1_g1_s1_pvalid :: BY_K tasks=3 max_diff=0.0312 elapsed=0.3s
PASS     b1_c576_h20_w20_oc576_wic1_k5x5_g576_s1_pvalid :: depthwise_serial tasks=576 max_diff=0.0078 elapsed=61.6s SLOW_DW est_tasks=576
PASS     b1_c576_h20_w20_oc96_wic576_k1x1_g1_s1_pvalid :: pointwise_gemm tasks=400 max_diff=0.0312 elapsed=0.2s
PASS     b1_c768_h20_w20_oc768_wic1_k5x5_g768_s1_pvalid :: depthwise_serial tasks=768 max_diff=0.0078 elapsed=82.2s SLOW_DW est_tasks=768
PASS     b1_c768_h20_w20_oc96_wic768_k1x1_g1_s1_pvalid :: pointwise_gemm tasks=400 max_diff=0.0611 elapsed=0.2s
PASS     b1_c768_h20_w20_oc768_wic1_k3x3_g768_s1_pvalid :: depthwise_serial tasks=768 max_diff=0.0074 elapsed=82.1s SLOW_DW est_tasks=768
PASS     b1_c768_h10_w10_oc120_wic768_k1x1_g1_s1_pvalid :: pointwise_gemm tasks=100 max_diff=0.0597 elapsed=0.2s
PASS     b1_c960_h10_w10_oc120_wic960_k1x1_g1_s1_pvalid :: pointwise_gemm tasks=100 max_diff=0.0618 elapsed=0.1s
PASS     b1_c480_h10_w10_oc480_wic1_k5x5_g480_s1_pvalid :: depthwise_serial tasks=480 max_diff=0.0078 elapsed=51.3s
PASS     b1_c480_h10_w10_oc120_wic480_k1x1_g1_s1_pvalid :: BY_K tasks=4 max_diff=0.0483 elapsed=0.4s
PASS     b1_c960_h10_w10_oc960_wic1_k5x5_g960_s1_pvalid :: depthwise_serial tasks=960 max_diff=0.0078 elapsed=102.7s SLOW_DW est_tasks=960
PASS     b1_c256_h10_w10_oc256_wic1_k3x3_g256_s1_pvalid :: depthwise_serial tasks=256 max_diff=0.0039 elapsed=27.4s
PASS     b1_c128_h3_w3_oc256_wic128_k1x1_g1_s1_pvalid :: BY_K tasks=8 max_diff=0.0154 elapsed=0.9s
PASS     b1_c128_h3_w3_oc128_wic1_k3x3_g128_s1_pvalid :: depthwise_serial tasks=128 max_diff=0.0019 elapsed=13.7s
PASS     b1_c128_h2_w2_oc256_wic128_k1x1_g1_s1_pvalid :: BY_K tasks=8 max_diff=0.0151 elapsed=0.9s
PASS     b1_c64_h1_w1_oc128_wic64_k1x1_g1_s1_pvalid :: BY_K tasks=4 max_diff=0.0078 elapsed=0.4s
PASS     b1_c96_h20_w20_oc96_wic1_k3x3_g96_s1_pvalid :: depthwise_serial tasks=96 max_diff=0.0060 elapsed=10.3s
PASS     b1_c384_h10_w10_oc384_wic1_k3x3_g384_s1_pvalid :: depthwise_serial tasks=384 max_diff=0.0039 elapsed=41.1s
PASS     b1_c512_h5_w5_oc512_wic1_k3x3_g512_s1_pvalid :: depthwise_serial tasks=512 max_diff=0.0039 elapsed=54.8s SLOW_DW est_tasks=512
PASS     b1_c256_h3_w3_oc256_wic1_k3x3_g256_s1_pvalid :: depthwise_serial tasks=256 max_diff=0.0030 elapsed=27.4s
PASS     b1_c96_h20_w20_oc12_wic96_k1x1_g1_s1_pvalid :: NONE tasks=1 max_diff=0.0156 elapsed=0.1s
PASS     b1_c96_h20_w20_oc273_wic96_k1x1_g1_s1_pvalid :: BY_K tasks=9 max_diff=0.0156 elapsed=1.0s
PASS     b1_c384_h10_w10_oc546_wic384_k1x1_g1_s1_pvalid :: BY_K tasks=18 max_diff=0.0312 elapsed=2.0s
