Function "ioctl" not defined.
Breakpoint 1 (ioctl) pending.
[Thread debugging using libthread_db enabled]
Using host libthread_db library "/lib/aarch64-linux-gnu/libthread_db.so.1".

################################################################################
Conv2D Multi-Test Suite
Testing 1 different convolution shapes
################################################################################

================================================================================
TEST: b1_c32_h112_w112_oc64_wic32_k1x1_g1
  Weight shape: (64,32,1,1)
================================================================================
I RKNN: [13:31:32.422] RKNN Runtime Information, librknnrt version: 2.3.0 (c949ad889d@2024-11-07T11:35:33)
I RKNN: [13:31:32.423] RKNN Driver Information, version: 0.9.8
I RKNN: [13:31:32.423] RKNN Model Information, version: 6, toolkit version: 2.3.2(compiler version: 2.3.2 (@2025-04-03T08:26:16)), target: RKNPU v2, target platform: rk3588, framework name: ONNX, framework layout: NCHW, model inference type: static_shape
D RKNN: [13:31:32.424] allocated memory, name: task, virt addr: 0x7ff7ff6000, dma addr: 0xfff9f000, obj addr: 0xffffff8106bf9400, size: 680, aligned size: 4096, fd: 4, handle: 1, flags: 0x40b, gem name: 1, iommu domain id: 0
D RKNN: [13:31:32.426] allocated memory, name: weight, virt addr: 0x7ff7ff1000, dma addr: 0xfff9a000, obj addr: 0xffffff8106bff400, size: 18176, aligned size: 20480, fd: 5, handle: 2, flags: 0x403, gem name: 2, iommu domain id: 0
D RKNN: [13:31:32.428] subgraph0 regcmdbuffer size: 11328, taskbuffer size: 680
D RKNN: [13:31:32.432] allocated memory, name: internal, virt addr: 0x7ff7184000, dma addr: 0xffd4e000, obj addr: 0xffffff8106bfa400, size: 2408448, aligned size: 2408448, fd: 6, handle: 3, flags: 0x403, gem name: 3, iommu domain id: 0
D RKNN: [13:31:32.432] --------------------------------------------------------------------------------------------------------------------
D RKNN: [13:31:32.432]                                       Feature Tensor Information Table                          
D RKNN: [13:31:32.432] ----------------------------------------------------------------------------------+---------------------------------
D RKNN: [13:31:32.432] ID  User           Tensor   DataType  DataFormat   OrigShape      NativeShape     |     [Start       End)       Size
D RKNN: [13:31:32.432] ----------------------------------------------------------------------------------+---------------------------------
D RKNN: [13:31:32.432] 1   Conv           input    FLOAT16   NC1HWC2      (1,32,112,112) (1,16,112,112,8) | 0xffd4e000 0xffe12000 0x000c4000
D RKNN: [13:31:32.432] 2   OutputOperator output   FLOAT16   NC1HWC2      (1,64,112,112) (1,32,112,112,8) | 0xffe12000*0xfff9a000 0x00188000
D RKNN: [13:31:32.432] ----------------------------------------------------------------------------------+---------------------------------
D RKNN: [13:31:32.432] ------------------------------------------------------------------------------
D RKNN: [13:31:32.432]                           Const Tensor Information Table         
D RKNN: [13:31:32.432] --------------------------------------------+---------------------------------
D RKNN: [13:31:32.432] ID  User Tensor      DataType  OrigShape    |     [Start       End)       Size
D RKNN: [13:31:32.432] --------------------------------------------+---------------------------------
D RKNN: [13:31:32.432] 1   Conv conv.weight FLOAT16   (64,32,1,1)  | 0xfff9a000 0xfff9b000 0x00001000
D RKNN: [13:31:32.432] --------------------------------------------+---------------------------------
D RKNN: [13:31:32.432] ----------------------------------------
D RKNN: [13:31:32.432] Total Internal Memory Size: 2352KB
D RKNN: [13:31:32.432] Total Weight Memory Size: 6KB
D RKNN: [13:31:32.432] ----------------------------------------
D RKNN: [13:31:32.433] The RKNN_FLAG_EXECUTE_FALLBACK_PRIOR_DEVICE_GPU is not set and without GPU op in Graphs, OpenCL will not be initialized
  Native input type: FP16, format: NC1HWC2
  Native input dims: 1 4 112 112 8
  Native input size: 802816, size_with_stride: 802816, w_stride: 112
  Native output type: FP16, format: NC1HWC2
  Native output dims: 1 8 112 112 8
  Native output size: 1605632, size_with_stride: 1605632, w_stride: 0
GEM 1: handle=1 size=4096 map_offset=0x100000000
  task_like_entries=17
  task_like[0] off=0x0000 flags=0x00000000 op_idx=1 enable_mask=0x0000000d int_mask=0x00000300 int_clear=0x0001ffff int_status=0x00000000 regcfg_amount=108 regcfg_offset=0 regcmd_addr=0x00000000fff9b800
  task_like[1] off=0x0028 flags=0x00000000 op_idx=1 enable_mask=0x0000000d int_mask=0x00000300 int_clear=0x0001ffff int_status=0x00000000 regcfg_amount=108 regcfg_offset=0 regcmd_addr=0x00000000fff9bb80
  task_like[2] off=0x0050 flags=0x00000000 op_idx=1 enable_mask=0x0000000d int_mask=0x00000300 int_clear=0x0001ffff int_status=0x00000000 regcfg_amount=17 regcfg_offset=0 regcmd_addr=0x00000000fff9bf00
  task_like[3] off=0x0078 flags=0x00000000 op_idx=1 enable_mask=0x0000000d int_mask=0x00000300 int_clear=0x0001ffff int_status=0x00000000 regcfg_amount=104 regcfg_offset=0 regcmd_addr=0x00000000fff9bfc0
  task_like[4] off=0x00a0 flags=0x00000000 op_idx=1 enable_mask=0x0000000d int_mask=0x00000300 int_clear=0x0001ffff int_status=0x00000000 regcfg_amount=104 regcfg_offset=0 regcmd_addr=0x00000000fff9c340
  task_like[5] off=0x00c8 flags=0x00000000 op_idx=1 enable_mask=0x0000000d int_mask=0x00000300 int_clear=0x0001ffff int_status=0x00000000 regcfg_amount=104 regcfg_offset=0 regcmd_addr=0x00000000fff9c6c0
  task_like[6] off=0x00f0 flags=0x00000000 op_idx=1 enable_mask=0x00000060 int_mask=0x00000c00 int_clear=0x0001ffff int_status=0x00000000 regcfg_amount=26 regcfg_offset=0 regcmd_addr=0x00000000fff9ca40
  task_like[7] off=0x0118 flags=0x00000000 op_idx=1 enable_mask=0x0000000d int_mask=0x00000300 int_clear=0x0001ffff int_status=0x00000000 regcfg_amount=104 regcfg_offset=0 regcmd_addr=0x00000000fff9cb40
  task_like[8] off=0x0140 flags=0x00000000 op_idx=1 enable_mask=0x0000000d int_mask=0x00000300 int_clear=0x0001ffff int_status=0x00000000 regcfg_amount=104 regcfg_offset=0 regcmd_addr=0x00000000fff9cec0
  task_like[9] off=0x0168 flags=0x00000000 op_idx=1 enable_mask=0x0000000d int_mask=0x00000300 int_clear=0x0001ffff int_status=0x00000000 regcfg_amount=104 regcfg_offset=0 regcmd_addr=0x00000000fff9d240
  task_like[10] off=0x0190 flags=0x00000000 op_idx=1 enable_mask=0x00000060 int_mask=0x00000c00 int_clear=0x0001ffff int_status=0x00000000 regcfg_amount=26 regcfg_offset=0 regcmd_addr=0x00000000fff9d5c0
  task_like[11] off=0x01b8 flags=0x00000000 op_idx=1 enable_mask=0x0000000d int_mask=0x00000300 int_clear=0x0001ffff int_status=0x00000000 regcfg_amount=104 regcfg_offset=0 regcmd_addr=0x00000000fff9d6c0
  task_like[12] off=0x01e0 flags=0x00000000 op_idx=1 enable_mask=0x00000060 int_mask=0x00000c00 int_clear=0x0001ffff int_status=0x00000000 regcfg_amount=26 regcfg_offset=0 regcmd_addr=0x00000000fff9da40
  task_like[13] off=0x0208 flags=0x00000000 op_idx=1 enable_mask=0x0000000d int_mask=0x00000300 int_clear=0x0001ffff int_status=0x00000000 regcfg_amount=104 regcfg_offset=0 regcmd_addr=0x00000000fff9db40
  task_like[14] off=0x0230 flags=0x00000000 op_idx=1 enable_mask=0x00000060 int_mask=0x00000c00 int_clear=0x0001ffff int_status=0x00000000 regcfg_amount=26 regcfg_offset=0 regcmd_addr=0x00000000fff9dec0
  task_like[15] off=0x0258 flags=0x00000000 op_idx=1 enable_mask=0x0000000d int_mask=0x00000300 int_clear=0x0001ffff int_status=0x00000000 regcfg_amount=104 regcfg_offset=0 regcmd_addr=0x00000000fff9dfc0
  task_like[16] off=0x0280 flags=0x00000000 op_idx=1 enable_mask=0x00000060 int_mask=0x00000c00 int_clear=0x0001ffff int_status=0x00000000 regcfg_amount=26 regcfg_offset=0 regcmd_addr=0x00000000fff9e340
GEM 2: handle=2 size=20480 map_offset=0x100001000
  task_like_entries=73
  task_like[0] off=0x1158 flags=0x00000000 op_idx=11 enable_mask=0x00000001 int_mask=0x00000000 int_clear=0x00000002 int_status=0x00000003 regcfg_amount=6 regcfg_offset=4278190080 regcmd_addr=0x0000000000000000
  task_like[1] off=0x1338 flags=0x00000000 op_idx=4278190080 enable_mask=0x00000002 int_mask=0x00000002 int_clear=0x00000002 int_status=0x00000003 regcfg_amount=1 regcfg_offset=0 regcmd_addr=0xffffffff00000000
  task_like[2] off=0x1540 flags=0x00000000 op_idx=0 enable_mask=0x00000000 int_mask=0x00000000 int_clear=0x00000000 int_status=0x00000000 regcfg_amount=12 regcfg_offset=0 regcmd_addr=0x0000000b00000000
  task_like[3] off=0x16d0 flags=0x00000000 op_idx=0 enable_mask=0x00000000 int_mask=0x00000000 int_clear=0x00000000 int_status=0x00000000 regcfg_amount=50 regcfg_offset=0 regcmd_addr=0x0000000000000000
  task_like[4] off=0x1720 flags=0x00000004 op_idx=0 enable_mask=0x00000000 int_mask=0x00000000 int_clear=0x00000000 int_status=0x00000000 regcfg_amount=0 regcfg_offset=0 regcmd_addr=0x0001000000000000
  task_like[5] off=0x1978 flags=0x00001170 op_idx=33619968 enable_mask=0x00001174 int_mask=0x02010000 int_clear=0x00001178 int_status=0x02010000 regcfg_amount=4476 regcfg_offset=33619968 regcmd_addr=0x0201000000001180
  task_like[6] off=0x19c8 flags=0x00003030 op_idx=134283264 enable_mask=0x01e4400c int_mask=0x10010000 int_clear=0x00024010 int_status=0x10014800 regcfg_amount=16404 regcfg_offset=268500992 regcmd_addr=0x1001ffb020004020
  task_like[7] off=0x1a18 flags=0x00534040 op_idx=268500992 enable_mask=0x00004044 int_mask=0x10010000 int_clear=0x00004048 int_status=0x10010000 regcfg_amount=16460 regcfg_offset=268500992 regcmd_addr=0x1001000001264050
  task_like[8] off=0x1a90 flags=0x0000407c op_idx=268500992 enable_mask=0x00004080 int_mask=0x10010000 int_clear=0x00014084 int_status=0x10010001 regcfg_amount=16520 regcfg_offset=268500992 regcmd_addr=0x1001000000004090
  task_like[9] off=0x1ae0 flags=0x000040a8 op_idx=268500992 enable_mask=0x000040ac int_mask=0x10010000 int_clear=0x200040c0 int_status=0x10010006 regcfg_amount=16580 regcfg_offset=268500992 regcmd_addr=0x1001000000004100
  task_like[10] off=0x1c70 flags=0x00321084 op_idx=33620080 enable_mask=0x00201088 int_mask=0x02010000 int_clear=0x00001100 int_status=0x02010000 regcfg_amount=4356 regcfg_offset=33619968 regcmd_addr=0x0201fff9a0001110
  task_like[11] off=0x1c98 flags=0x00001140 op_idx=33619968 enable_mask=0x00001144 int_mask=0x02010000 int_clear=0x00001148 int_status=0x02010000 regcfg_amount=4428 regcfg_offset=33619968 regcmd_addr=0x0201000000001150
  task_like[12] off=0x1dd8 flags=0x00534060 op_idx=268500992 enable_mask=0x00004064 int_mask=0x10010000 int_clear=0x00004068 int_status=0x10010000 regcfg_amount=16492 regcfg_offset=268500992 regcmd_addr=0x1001000003834070
  task_like[13] off=0x1e50 flags=0x000040a0 op_idx=268500992 enable_mask=0x000040a4 int_mask=0x10010000 int_clear=0x000040a8 int_status=0x10010000 regcfg_amount=16556 regcfg_offset=268500992 regcmd_addr=0x10010006200040c0
  task_like[14] off=0x1ea0 flags=0x00004110 op_idx=268500992 enable_mask=0x00004114 int_mask=0x10010000 int_clear=0x00004118 int_status=0x10010000 regcfg_amount=16668 regcfg_offset=268500992 regcmd_addr=0x1001000000004120
  task_like[15] off=0x1ef0 flags=0x00000000 op_idx=4259840 enable_mask=0x000d0008 int_mask=0x00810000 int_clear=0x201b1040 int_status=0x02010000 regcfg_amount=4356 regcfg_offset=33619968 regcmd_addr=0x0201000000001100
  task_like[16] off=0x2030 flags=0x00001050 op_idx=33619969 enable_mask=0x00001054 int_mask=0x02010001 int_clear=0x00001058 int_status=0x02010001 regcfg_amount=4188 regcfg_offset=33619969 regcmd_addr=0x0201000000001060
  task_like[17] off=0x20f8 flags=0x00001160 op_idx=33619968 enable_mask=0x00001164 int_mask=0x02010000 int_clear=0x00001168 int_status=0x02010000 regcfg_amount=4460 regcfg_offset=33619968 regcmd_addr=0x0201000000001170
  task_like[18] off=0x2148 flags=0x02003010 op_idx=134283264 enable_mask=0x006f3014 int_mask=0x08010031 int_clear=0x001f3018 int_status=0x08010000 regcfg_amount=12316 regcfg_offset=134283264 regcmd_addr=0x0801000000003030
  task_like[19] off=0x23c8 flags=0x0000105c op_idx=33619969 enable_mask=0x00001060 int_mask=0x02010000 int_clear=0x00001064 int_status=0x02010000 regcfg_amount=4200 regcfg_offset=33619968 regcmd_addr=0x0201ffc9fe001070
  task_like[20] off=0x25d0 flags=0x00004090 op_idx=268500992 enable_mask=0x00004094 int_mask=0x10010000 int_clear=0x00004098 int_status=0x10010000 regcfg_amount=16540 regcfg_offset=268500992 regcmd_addr=0x10010000000040a0
  task_like[21] off=0x2620 flags=0x00004100 op_idx=268500992 enable_mask=0x00004104 int_mask=0x10010000 int_clear=0x00004108 int_status=0x10010000 regcfg_amount=16652 regcfg_offset=268500992 regcmd_addr=0x1001000000004110
  task_like[22] off=0x27d8 flags=0x00001150 op_idx=33619968 enable_mask=0x00001154 int_mask=0x02010000 int_clear=0x00001158 int_status=0x02010000 regcfg_amount=4444 regcfg_offset=33619968 regcmd_addr=0x0201000000001160
  task_like[23] off=0x2828 flags=0x00001178 op_idx=33619968 enable_mask=0x0000117c int_mask=0x02010000 int_clear=0x00001180 int_status=0x02010000 regcfg_amount=4484 regcfg_offset=33619968 regcmd_addr=0x0801000002003010
  task_like[24] off=0x2918 flags=0x03834070 op_idx=268500992 enable_mask=0x00004074 int_mask=0x10010000 int_clear=0x00014078 int_status=0x10010000 regcfg_amount=16508 regcfg_offset=268500992 regcmd_addr=0x1001000000004080
  task_like[25] off=0x29e0 flags=0x00004120 op_idx=268500992 enable_mask=0x00004124 int_mask=0x10010000 int_clear=0x00004128 int_status=0x10010000 regcfg_amount=16684 regcfg_offset=268500992 regcmd_addr=0x0101fff9ca400010
  task_like[26] off=0x2a58 flags=0x00006010 op_idx=1073807360 enable_mask=0x001f6014 int_mask=0x40010000 int_clear=0x00006018 int_status=0x40010000 regcfg_amount=24604 regcfg_offset=1073807360 regcmd_addr=0x40010000001f6020
  task_like[27] off=0x2a80 flags=0x00116024 op_idx=1073807360 enable_mask=0x00006034 int_mask=0x40010000 int_clear=0x00006038 int_status=0x40010000 regcfg_amount=24636 regcfg_offset=1073807360 regcmd_addr=0x4001000000006040
  task_like[28] off=0x2c10 flags=0x00321084 op_idx=33620080 enable_mask=0x00201088 int_mask=0x02010000 int_clear=0x00001100 int_status=0x02010000 regcfg_amount=4356 regcfg_offset=33619968 regcmd_addr=0x0201fff9a8001110
  task_like[29] off=0x2c38 flags=0x00001140 op_idx=33619968 enable_mask=0x00001144 int_mask=0x02010000 int_clear=0x00001148 int_status=0x02010000 regcfg_amount=4428 regcfg_offset=33619968 regcmd_addr=0x0201000000001150
  task_like[30] off=0x2d78 flags=0x00534060 op_idx=268500992 enable_mask=0x00004064 int_mask=0x10010000 int_clear=0x00004068 int_status=0x10010000 regcfg_amount=16492 regcfg_offset=268500992 regcmd_addr=0x1001000003834070
  task_like[31] off=0x2df0 flags=0x000040a0 op_idx=268500992 enable_mask=0x000040a4 int_mask=0x10010000 int_clear=0x000040a8 int_status=0x10010000 regcfg_amount=16556 regcfg_offset=268500992 regcmd_addr=0x10010006200040c0
  task_like[32] off=0x2e40 flags=0x00004110 op_idx=268500992 enable_mask=0x00004114 int_mask=0x10010000 int_clear=0x00004118 int_status=0x10010000 regcfg_amount=16668 regcfg_offset=268500992 regcmd_addr=0x1001000000004120
  task_like[33] off=0x2f30 flags=0x00001050 op_idx=33619969 enable_mask=0x00001054 int_mask=0x02010001 int_clear=0x00001058 int_status=0x02010001 regcfg_amount=4188 regcfg_offset=33619969 regcmd_addr=0x0201000000001060
  task_like[34] off=0x2ff8 flags=0x00001160 op_idx=33619968 enable_mask=0x00001164 int_mask=0x02010000 int_clear=0x00001168 int_status=0x02010000 regcfg_amount=4460 regcfg_offset=33619968 regcmd_addr=0x0201000000001170
  task_like[35] off=0x3048 flags=0x02003010 op_idx=134283264 enable_mask=0x006f3014 int_mask=0x08010031 int_clear=0x001f3018 int_status=0x08010000 regcfg_amount=12316 regcfg_offset=134283264 regcmd_addr=0x0801000000003030
  task_like[36] off=0x32c8 flags=0x0000105c op_idx=33619969 enable_mask=0x00001060 int_mask=0x02010000 int_clear=0x00001064 int_status=0x02010000 regcfg_amount=4200 regcfg_offset=33619968 regcmd_addr=0x0201ffcb5c001070
  task_like[37] off=0x34d0 flags=0x00004090 op_idx=268500992 enable_mask=0x00004094 int_mask=0x10010000 int_clear=0x00004098 int_status=0x10010000 regcfg_amount=16540 regcfg_offset=268500992 regcmd_addr=0x10010000000040a0
  task_like[38] off=0x3520 flags=0x00004100 op_idx=268500992 enable_mask=0x00004104 int_mask=0x10010000 int_clear=0x00004108 int_status=0x10010000 regcfg_amount=16652 regcfg_offset=268500992 regcmd_addr=0x1001000000004110
  task_like[39] off=0x3818 flags=0x00001170 op_idx=33619968 enable_mask=0x00001174 int_mask=0x02010000 int_clear=0x00001178 int_status=0x02010000 regcfg_amount=4476 regcfg_offset=33619968 regcmd_addr=0x0201000000001180
  task_like[40] off=0x3868 flags=0x00003030 op_idx=134283264 enable_mask=0x01e4400c int_mask=0x10010000 int_clear=0x00024010 int_status=0x10014800 regcfg_amount=16404 regcfg_offset=268500992 regcmd_addr=0x1001ffb020004020
  task_like[41] off=0x38b8 flags=0x00534040 op_idx=268500992 enable_mask=0x00004044 int_mask=0x10010000 int_clear=0x00004048 int_status=0x10010000 regcfg_amount=16460 regcfg_offset=268500992 regcmd_addr=0x1001000001264050
  task_like[42] off=0x3930 flags=0x0000407c op_idx=268500992 enable_mask=0x00004080 int_mask=0x10010000 int_clear=0x00014084 int_status=0x10010001 regcfg_amount=16520 regcfg_offset=268500992 regcmd_addr=0x1001000000004090
  task_like[43] off=0x3980 flags=0x000040a8 op_idx=268500992 enable_mask=0x000040ac int_mask=0x10010000 int_clear=0x200040c0 int_status=0x10010006 regcfg_amount=16580 regcfg_offset=268500992 regcmd_addr=0x1001000000004100
  task_like[44] off=0x3a98 flags=0x0000603c op_idx=1073807360 enable_mask=0x00006040 int_mask=0x40010000 int_clear=0x00006044 int_status=0x40010000 regcfg_amount=24648 regcfg_offset=1073807360 regcmd_addr=0x4001fff9b0006070
  task_like[45] off=0x3ac0 flags=0x0010607c op_idx=1073807360 enable_mask=0x00106084 int_mask=0x40010000 int_clear=0x000360dc int_status=0x40010000 regcfg_amount=28684 regcfg_offset=2147549184 regcmd_addr=0x8001000000007010
  task_like[46] off=0x3bb0 flags=0x00001050 op_idx=33619969 enable_mask=0x00001054 int_mask=0x02010001 int_clear=0x00001058 int_status=0x02010001 regcfg_amount=4188 regcfg_offset=33619969 regcmd_addr=0x0201000000001060
  task_like[47] off=0x3c78 flags=0x00001160 op_idx=33619968 enable_mask=0x00001164 int_mask=0x02010000 int_clear=0x00001168 int_status=0x02010000 regcfg_amount=4460 regcfg_offset=33619968 regcmd_addr=0x0201000000001170
  task_like[48] off=0x3cc8 flags=0x02003010 op_idx=134283264 enable_mask=0x006f3014 int_mask=0x08010024 int_clear=0x003f3018 int_status=0x08010000 regcfg_amount=12316 regcfg_offset=134283264 regcmd_addr=0x0801000000003030
  task_like[49] off=0x40d8 flags=0x00001150 op_idx=33619968 enable_mask=0x00001154 int_mask=0x02010000 int_clear=0x00001158 int_status=0x02010000 regcfg_amount=4444 regcfg_offset=33619968 regcmd_addr=0x0201000000001160
  task_like[50] off=0x4128 flags=0x00001178 op_idx=33619968 enable_mask=0x0000117c int_mask=0x02010000 int_clear=0x00001180 int_status=0x02010000 regcfg_amount=4484 regcfg_offset=33619968 regcmd_addr=0x0801000002003010
  task_like[51] off=0x4218 flags=0x03834070 op_idx=268500992 enable_mask=0x00004074 int_mask=0x10010000 int_clear=0x00014078 int_status=0x10010000 regcfg_amount=16508 regcfg_offset=268500992 regcmd_addr=0x1001000000004080
  task_like[52] off=0x42e0 flags=0x00004120 op_idx=268500992 enable_mask=0x00004124 int_mask=0x10010000 int_clear=0x00004128 int_status=0x10010000 regcfg_amount=16684 regcfg_offset=268500992 regcmd_addr=0x0101fff9e3400010
  task_like[53] off=0x4358 flags=0x00006010 op_idx=1073807360 enable_mask=0x001f6014 int_mask=0x40010000 int_clear=0x00006018 int_status=0x40010000 regcfg_amount=24604 regcfg_offset=1073807360 regcmd_addr=0x40010000001f6020
  task_like[54] off=0x4380 flags=0x00116024 op_idx=1073807360 enable_mask=0x00006034 int_mask=0x40010000 int_clear=0x00006038 int_status=0x40010000 regcfg_amount=24636 regcfg_offset=1073807360 regcmd_addr=0x4001000000006040
  task_like[55] off=0x4420 flags=0x00000000 op_idx=4259840 enable_mask=0x00600008 int_mask=0x00810000 int_clear=0x00000000 int_status=0x00000000 regcfg_amount=0 regcfg_offset=0 regcmd_addr=0x0000000100000000
  task_like[56] off=0x4448 flags=0x0000000d op_idx=768 enable_mask=0x0001ffff int_mask=0x00000000 int_clear=0x0000006c int_status=0x00000000 regcfg_amount=0 regcfg_offset=0 regcmd_addr=0x0000000100000000
  task_like[57] off=0x4470 flags=0x0000000d op_idx=768 enable_mask=0x0001ffff int_mask=0x00000000 int_clear=0x0000006c int_status=0x00000000 regcfg_amount=896 regcfg_offset=0 regcmd_addr=0x0000000100000000
  task_like[58] off=0x4498 flags=0x0000000d op_idx=768 enable_mask=0x0001ffff int_mask=0x00000000 int_clear=0x00000011 int_status=0x00000000 regcfg_amount=1792 regcfg_offset=0 regcmd_addr=0x0000000100000000
  task_like[59] off=0x44c0 flags=0x0000000d op_idx=768 enable_mask=0x0001ffff int_mask=0x00000000 int_clear=0x00000068 int_status=0x00000000 regcfg_amount=1984 regcfg_offset=0 regcmd_addr=0x0000000100000000
  task_like[60] off=0x44e8 flags=0x0000000d op_idx=768 enable_mask=0x0001ffff int_mask=0x00000000 int_clear=0x00000068 int_status=0x00000000 regcfg_amount=2880 regcfg_offset=0 regcmd_addr=0x0000000100000000
  task_like[61] off=0x4510 flags=0x0000000d op_idx=768 enable_mask=0x0001ffff int_mask=0x00000000 int_clear=0x00000068 int_status=0x00000000 regcfg_amount=3776 regcfg_offset=0 regcmd_addr=0x0000000100000000
  task_like[62] off=0x4538 flags=0x00000060 op_idx=3072 enable_mask=0x0001ffff int_mask=0x00000000 int_clear=0x0000001a int_status=0x00000000 regcfg_amount=4672 regcfg_offset=0 regcmd_addr=0x0000000100000000
  task_like[63] off=0x4560 flags=0x0000000d op_idx=768 enable_mask=0x0001ffff int_mask=0x00000000 int_clear=0x00000068 int_status=0x00000000 regcfg_amount=4928 regcfg_offset=0 regcmd_addr=0x0000000100000000
  task_like[64] off=0x4588 flags=0x0000000d op_idx=768 enable_mask=0x0001ffff int_mask=0x00000000 int_clear=0x00000068 int_status=0x00000000 regcfg_amount=5824 regcfg_offset=0 regcmd_addr=0x0000000100000000
  task_like[65] off=0x45b0 flags=0x0000000d op_idx=768 enable_mask=0x0001ffff int_mask=0x00000000 int_clear=0x00000068 int_status=0x00000000 regcfg_amount=6720 regcfg_offset=0 regcmd_addr=0x0000000100000000
  task_like[66] off=0x45d8 flags=0x00000060 op_idx=3072 enable_mask=0x0001ffff int_mask=0x00000000 int_clear=0x0000001a int_status=0x00000000 regcfg_amount=7616 regcfg_offset=0 regcmd_addr=0x0000000100000000
  task_like[67] off=0x4600 flags=0x0000000d op_idx=768 enable_mask=0x0001ffff int_mask=0x00000000 int_clear=0x00000068 int_status=0x00000000 regcfg_amount=7872 regcfg_offset=0 regcmd_addr=0x0000000100000000
  task_like[68] off=0x4628 flags=0x00000060 op_idx=3072 enable_mask=0x0001ffff int_mask=0x00000000 int_clear=0x0000001a int_status=0x00000000 regcfg_amount=8768 regcfg_offset=0 regcmd_addr=0x0000000100000000
  task_like[69] off=0x4650 flags=0x0000000d op_idx=768 enable_mask=0x0001ffff int_mask=0x00000000 int_clear=0x00000068 int_status=0x00000000 regcfg_amount=9024 regcfg_offset=0 regcmd_addr=0x0000000100000000
  task_like[70] off=0x4678 flags=0x00000060 op_idx=3072 enable_mask=0x0001ffff int_mask=0x00000000 int_clear=0x0000001a int_status=0x00000000 regcfg_amount=9920 regcfg_offset=0 regcmd_addr=0x0000000100000000
  task_like[71] off=0x46a0 flags=0x0000000d op_idx=768 enable_mask=0x0001ffff int_mask=0x00000000 int_clear=0x00000068 int_status=0x00000000 regcfg_amount=10176 regcfg_offset=0 regcmd_addr=0x0000000100000000
  task_like[72] off=0x46c8 flags=0x00000060 op_idx=3072 enable_mask=0x0001ffff int_mask=0x00000000 int_clear=0x0000001a int_status=0x00000000 regcfg_amount=11072 regcfg_offset=0 regcmd_addr=0x0000000000000000
  QWORD_WINDOW off=0xe1800 count=1504 unavailable size=20480
GEM 3: handle=3 size=2408448 map_offset=0x100006000
  task_like_entries=0
GEM 4: handle=4 size=802816 map_offset=0x100252000
  task_like_entries=0
GEM 5: handle=5 size=1605632 map_offset=0x100316000
  task_like_entries=0
GEM 6: unavailable: [Errno 2] No such file or directory
submit #1: task_number=9 task_obj_addr=0xffffff8106bf9400
D RKNN: [13:31:32.462] allocated memory, name: input, virt addr: 0x7ff6dad000, dma addr: 0xffc8a000, obj addr: 0xffffff8106bfe000, size: 802816, aligned size: 802816, fd: 7, handle: 4, flags: 0x403, gem name: 4, iommu domain id: 0
D RKNN: [13:31:32.466] allocated memory, name: output, virt addr: 0x7ff6c25000, dma addr: 0xffb02000, obj addr: 0xffffff8106bfb400, size: 1605632, aligned size: 1605632, fd: 8, handle: 5, flags: 0x403, gem name: 5, iommu domain id: 0
D RKNN: [13:31:32.466] normalize target: CPU
W RKNN: [13:31:32.481] Failed to get NPU freq, take 1000MHz as default NPU freq
D RKNN: [13:31:32.481] Get DDR frequency: 528MHz
D RKNN: [13:31:32.485] dump npy tensor to: dumps/000_InputOperator_input_shape_1_32_112_112_float.npy
D RKNN: [13:31:32.743] dump npy tensor to: dumps/001_Conv_output_shape_1_64_112_112_float.npy
D RKNN: [13:31:32.818] dump npy tensor to: dumps/002_OutputOperator_output_shape_1_64_112_112_float.npy
D RKNN: [13:31:32.886] ------------------------------------------------------------------------------------------------------------------------------------------------------------------------------------------------------------------------------
D RKNN: [13:31:32.886]                                                                           Network Layer Information Table                                                                                
D RKNN: [13:31:32.886] ------------------------------------------------------------------------------------------------------------------------------------------------------------------------------------------------------------------------------
D RKNN: [13:31:32.886] ID   OpType             DataType Target InputShape                               OutputShape            Cycles(DDR/NPU/Total)    Time(us)     MacUsage(%)          WorkLoad(0/1/2)      RW(KB)       FullName        
D RKNN: [13:31:32.886] ------------------------------------------------------------------------------------------------------------------------------------------------------------------------------------------------------------------------------
D RKNN: [13:31:32.886] 1    InputOperator      FLOAT16  CPU    \                                        (1,32,112,112)         0/0/0                    14                                0.0%/0.0%/0.0%       0            InputOperator:input
D RKNN: [13:31:32.886] 2    Conv               FLOAT16  NPU    (1,32,112,112),(64,32,1,1)               (1,64,112,112)         407938/100352/407938     224108       0.02/0.00/0.00       100.0%/0.0%/0.0%     788          Conv:/conv/Conv 
D RKNN: [13:31:32.886] 3    OutputOperator     FLOAT16  CPU    (1,64,112,112)                           \                      0/0/0                    932                               0.0%/0.0%/0.0%       1568         OutputOperator:output
D RKNN: [13:31:32.886] ------------------------------------------------------------------------------------------------------------------------------------------------------------------------------------------------------------------------------
D RKNN: [13:31:32.886] Total Operator Elapsed Per Frame Time(us): 225054
D RKNN: [13:31:32.886] Total Memory Read/Write Per Frame Size(KB): 2356.00
D RKNN: [13:31:32.886] ------------------------------------------------------------------------------------------------------------------------------------------------------------------------------------------------------------------------------
D RKNN: [13:31:32.886] ---------------------------------------------------------------------------------------------------
D RKNN: [13:31:32.886]                                  Operator Time Consuming Ranking Table            
D RKNN: [13:31:32.886] ---------------------------------------------------------------------------------------------------
D RKNN: [13:31:32.886] OpType             CallNumber   CPUTime(us)  GPUTime(us)  NPUTime(us)  TotalTime(us)  TimeRatio(%)  
D RKNN: [13:31:32.886] ---------------------------------------------------------------------------------------------------
D RKNN: [13:31:32.886] Conv               1            0            0            224108       224108         99.58%        
D RKNN: [13:31:32.886] OutputOperator     1            932          0            0            932            0.41%         
D RKNN: [13:31:32.886] InputOperator      1            14           0            0            14             0.01%         
D RKNN: [13:31:32.886] ---------------------------------------------------------------------------------------------------
D RKNN: [13:31:32.886] Total                           946          0            224108       225054        
D RKNN: [13:31:32.886] ---------------------------------------------------------------------------------------------------
  Output shape: 1x64x112x112
D RKNN: [13:31:33.074] free memory, name: internal, virt addr: 0x7ff7184000, dma addr: 0xffd4e000, obj addr: 0xffffff8106bfa400, size: 2408448, aligned size: 2408448, fd: 6, handle: 3, flags: 0x403, gem name: 3, iommu domain id: 0
D RKNN: [13:31:33.075] free memory, name: weight, virt addr: 0x7ff7ff1000, dma addr: 0xfff9a000, obj addr: 0xffffff8106bff400, size: 18176, aligned size: 20480, fd: 5, handle: 2, flags: 0x403, gem name: 2, iommu domain id: 0
D RKNN: [13:31:33.076] free memory, name: task, virt addr: 0x7ff7ff6000, dma addr: 0xfff9f000, obj addr: 0xffffff8106bf9400, size: 680, aligned size: 4096, fd: 4, handle: 1, flags: 0x40b, gem name: 1, iommu domain id: 0
D RKNN: [13:31:33.076] free memory, name: input, virt addr: 0x7ff6dad000, dma addr: 0xffc8a000, obj addr: 0xffffff8106bfe000, size: 802816, aligned size: 802816, fd: 7, handle: 4, flags: 0x403, gem name: 4, iommu domain id: 0
D RKNN: [13:31:33.077] free memory, name: output, virt addr: 0x7ff6c25000, dma addr: 0xffb02000, obj addr: 0xffffff8106bfb400, size: 1605632, aligned size: 1605632, fd: 8, handle: 5, flags: 0x403, gem name: 5, iommu domain id: 0

  ✓ PASSED (max error: 0.0133438)

################################################################################
TEST SUMMARY
################################################################################
Total tests: 1
Passed: 1
Failed: 0
################################################################################
[Inferior 1 (process 15105) exited normally]
