Function "ioctl" not defined.
Breakpoint 1 (ioctl) pending.
[Thread debugging using libthread_db enabled]
Using host libthread_db library "/lib/aarch64-linux-gnu/libthread_db.so.1".

################################################################################
Conv2D Multi-Test Suite
Testing 1 different convolution shapes
################################################################################

================================================================================
TEST: conv2d_cc_b1_c64_h56_w56_oc128_wic64_k1x1_g1
  Weight shape: (128,64,1,1)
================================================================================
I RKNN: [13:37:26.050] RKNN Runtime Information, librknnrt version: 2.3.0 (c949ad889d@2024-11-07T11:35:33)
I RKNN: [13:37:26.050] RKNN Driver Information, version: 0.9.8
I RKNN: [13:37:26.051] RKNN Model Information, version: 6, toolkit version: 2.3.2(compiler version: 2.3.2 (@2025-04-03T08:26:16)), target: RKNPU v2, target platform: rk3588, framework name: ONNX, framework layout: NCHW, model inference type: static_shape
D RKNN: [13:37:26.052] allocated memory, name: task, virt addr: 0x7ff7ff6000, dma addr: 0xfff9f000, obj addr: 0xffffff8102fc3800, size: 560, aligned size: 4096, fd: 4, handle: 1, flags: 0x40b, gem name: 1, iommu domain id: 0
D RKNN: [13:37:26.054] allocated memory, name: weight, virt addr: 0x7ff7fef000, dma addr: 0xfff98000, obj addr: 0xffffff8102fc4800, size: 28352, aligned size: 28672, fd: 5, handle: 2, flags: 0x403, gem name: 2, iommu domain id: 0
D RKNN: [13:37:26.055] subgraph0 regcmdbuffer size: 9344, taskbuffer size: 560
D RKNN: [13:37:26.058] allocated memory, name: internal, virt addr: 0x7ff72aa000, dma addr: 0xffe72000, obj addr: 0xffffff8102fc4400, size: 1204224, aligned size: 1204224, fd: 6, handle: 3, flags: 0x403, gem name: 3, iommu domain id: 0
D RKNN: [13:37:26.059] ------------------------------------------------------------------------------------------------------------------
D RKNN: [13:37:26.059]                                       Feature Tensor Information Table                         
D RKNN: [13:37:26.059] --------------------------------------------------------------------------------+---------------------------------
D RKNN: [13:37:26.059] ID  User           Tensor   DataType  DataFormat   OrigShape     NativeShape    |     [Start       End)       Size
D RKNN: [13:37:26.059] --------------------------------------------------------------------------------+---------------------------------
D RKNN: [13:37:26.059] 1   Conv           input    FLOAT16   NC1HWC2      (1,64,56,56)  (1,32,56,56,8) | 0xffe72000 0xffed4000 0x00062000
D RKNN: [13:37:26.059] 2   OutputOperator output   FLOAT16   NC1HWC2      (1,128,56,56) (1,64,56,56,8) | 0xffed4000*0xfff98000 0x000c4000
D RKNN: [13:37:26.059] --------------------------------------------------------------------------------+---------------------------------
D RKNN: [13:37:26.059] ------------------------------------------------------------------------------
D RKNN: [13:37:26.059]                           Const Tensor Information Table         
D RKNN: [13:37:26.059] --------------------------------------------+---------------------------------
D RKNN: [13:37:26.059] ID  User Tensor      DataType  OrigShape    |     [Start       End)       Size
D RKNN: [13:37:26.059] --------------------------------------------+---------------------------------
D RKNN: [13:37:26.059] 1   Conv conv.weight FLOAT16   (128,64,1,1) | 0xfff98000 0xfff9c000 0x00004000
D RKNN: [13:37:26.059] --------------------------------------------+---------------------------------
D RKNN: [13:37:26.059] ----------------------------------------
D RKNN: [13:37:26.059] Total Internal Memory Size: 1176KB
D RKNN: [13:37:26.059] Total Weight Memory Size: 18KB
D RKNN: [13:37:26.059] ----------------------------------------
D RKNN: [13:37:26.059] The RKNN_FLAG_EXECUTE_FALLBACK_PRIOR_DEVICE_GPU is not set and without GPU op in Graphs, OpenCL will not be initialized
  Native input type: FP16, format: NC1HWC2
  Native input dims: 1 8 56 56 8
  Native input size: 401408, size_with_stride: 401408, w_stride: 56
  Native output type: FP16, format: NC1HWC2
  Native output dims: 1 16 56 56 8
  Native output size: 802816, size_with_stride: 802816, w_stride: 0
GEM 1: handle=1 size=4096 map_offset=0x100000000
  task_like_entries=14
  task_like[0] off=0x0000 flags=0x00000000 op_idx=1 enable_mask=0x0000000d int_mask=0x00000300 int_clear=0x0001ffff int_status=0x00000000 regcfg_amount=108 regcfg_offset=0 regcmd_addr=0x00000000fff9c800
  task_like[1] off=0x0028 flags=0x00000000 op_idx=1 enable_mask=0x0000000d int_mask=0x00000300 int_clear=0x0001ffff int_status=0x00000000 regcfg_amount=108 regcfg_offset=0 regcmd_addr=0x00000000fff9cb80
  task_like[2] off=0x0050 flags=0x00000000 op_idx=1 enable_mask=0x0000000d int_mask=0x00000300 int_clear=0x0001ffff int_status=0x00000000 regcfg_amount=104 regcfg_offset=0 regcmd_addr=0x00000000fff9cf00
  task_like[3] off=0x0078 flags=0x00000000 op_idx=1 enable_mask=0x0000000d int_mask=0x00000300 int_clear=0x0001ffff int_status=0x00000000 regcfg_amount=104 regcfg_offset=0 regcmd_addr=0x00000000fff9d280
  task_like[4] off=0x00a0 flags=0x00000000 op_idx=1 enable_mask=0x00000060 int_mask=0x00000c00 int_clear=0x0001ffff int_status=0x00000000 regcfg_amount=26 regcfg_offset=0 regcmd_addr=0x00000000fff9d600
  task_like[5] off=0x00c8 flags=0x00000000 op_idx=1 enable_mask=0x0000000d int_mask=0x00000300 int_clear=0x0001ffff int_status=0x00000000 regcfg_amount=104 regcfg_offset=0 regcmd_addr=0x00000000fff9d700
  task_like[6] off=0x00f0 flags=0x00000000 op_idx=1 enable_mask=0x0000000d int_mask=0x00000300 int_clear=0x0001ffff int_status=0x00000000 regcfg_amount=104 regcfg_offset=0 regcmd_addr=0x00000000fff9da80
  task_like[7] off=0x0118 flags=0x00000000 op_idx=1 enable_mask=0x00000060 int_mask=0x00000c00 int_clear=0x0001ffff int_status=0x00000000 regcfg_amount=26 regcfg_offset=0 regcmd_addr=0x00000000fff9de00
  task_like[8] off=0x0140 flags=0x00000000 op_idx=1 enable_mask=0x0000000d int_mask=0x00000300 int_clear=0x0001ffff int_status=0x00000000 regcfg_amount=104 regcfg_offset=0 regcmd_addr=0x00000000fff9df00
  task_like[9] off=0x0168 flags=0x00000000 op_idx=1 enable_mask=0x00000060 int_mask=0x00000c00 int_clear=0x0001ffff int_status=0x00000000 regcfg_amount=26 regcfg_offset=0 regcmd_addr=0x00000000fff9e280
  task_like[10] off=0x0190 flags=0x00000000 op_idx=1 enable_mask=0x0000000d int_mask=0x00000300 int_clear=0x0001ffff int_status=0x00000000 regcfg_amount=104 regcfg_offset=0 regcmd_addr=0x00000000fff9e380
  task_like[11] off=0x01b8 flags=0x00000000 op_idx=1 enable_mask=0x00000060 int_mask=0x00000c00 int_clear=0x0001ffff int_status=0x00000000 regcfg_amount=26 regcfg_offset=0 regcmd_addr=0x00000000fff9e700
  task_like[12] off=0x01e0 flags=0x00000000 op_idx=1 enable_mask=0x0000000d int_mask=0x00000300 int_clear=0x0001ffff int_status=0x00000000 regcfg_amount=104 regcfg_offset=0 regcmd_addr=0x00000000fff9e800
  task_like[13] off=0x0208 flags=0x00000000 op_idx=1 enable_mask=0x00000060 int_mask=0x00000c00 int_clear=0x0001ffff int_status=0x00000000 regcfg_amount=26 regcfg_offset=0 regcmd_addr=0x00000000fff9eb80
GEM 2: handle=2 size=28672 map_offset=0x100001000
  task_like_entries=44
  task_like[0] off=0x4060 flags=0x00000000 op_idx=0 enable_mask=0x00000000 int_mask=0x00000000 int_clear=0x00000000 int_status=0x00000000 regcfg_amount=12 regcfg_offset=0 regcmd_addr=0x0000000b00000000
  task_like[1] off=0x40d8 flags=0x00000000 op_idx=1044494558 enable_mask=0x00000002 int_mask=0x00000000 int_clear=0x00000000 int_status=0x00000002 regcfg_amount=1 regcfg_offset=0 regcmd_addr=0x0000000000000000
  task_like[2] off=0x41f0 flags=0x00000000 op_idx=0 enable_mask=0x00000000 int_mask=0x00000000 int_clear=0x00000000 int_status=0x00000000 regcfg_amount=0 regcfg_offset=0 regcmd_addr=0x0000000000000040
  task_like[3] off=0x43d0 flags=0x00000000 op_idx=11 enable_mask=0x00000001 int_mask=0x00000000 int_clear=0x00000002 int_status=0x00000003 regcfg_amount=6 regcfg_offset=0 regcmd_addr=0x0000000000000000
  task_like[4] off=0x48a8 flags=0x0000105c op_idx=33619969 enable_mask=0x00001060 int_mask=0x02010000 int_clear=0x00001064 int_status=0x02010000 regcfg_amount=4200 regcfg_offset=33619968 regcmd_addr=0x0201ffe100001070
  task_like[5] off=0x4ab0 flags=0x00004090 op_idx=268500992 enable_mask=0x00004094 int_mask=0x10010000 int_clear=0x00004098 int_status=0x10010000 regcfg_amount=16540 regcfg_offset=268500992 regcmd_addr=0x10010000000040a0
  task_like[6] off=0x4b00 flags=0x00004100 op_idx=268500992 enable_mask=0x00004104 int_mask=0x10010000 int_clear=0x00004108 int_status=0x10010000 regcfg_amount=16652 regcfg_offset=268500992 regcmd_addr=0x1001000000004110
  task_like[7] off=0x4cb8 flags=0x00001150 op_idx=33619968 enable_mask=0x00001154 int_mask=0x02010000 int_clear=0x00001158 int_status=0x02010000 regcfg_amount=4444 regcfg_offset=33619968 regcmd_addr=0x0201000000001160
  task_like[8] off=0x4d08 flags=0x00001178 op_idx=33619968 enable_mask=0x0000117c int_mask=0x02010000 int_clear=0x00001180 int_status=0x02010000 regcfg_amount=4484 regcfg_offset=33619968 regcmd_addr=0x0801000002003010
  task_like[9] off=0x4df8 flags=0x03834070 op_idx=268500992 enable_mask=0x00004074 int_mask=0x10010000 int_clear=0x00014078 int_status=0x10010000 regcfg_amount=16508 regcfg_offset=268500992 regcmd_addr=0x1001000000004080
  task_like[10] off=0x4ec0 flags=0x00004120 op_idx=268500992 enable_mask=0x00004124 int_mask=0x10010000 int_clear=0x00004128 int_status=0x10010000 regcfg_amount=16684 regcfg_offset=268500992 regcmd_addr=0x0000000000000000
  task_like[11] off=0x4f88 flags=0x0000105c op_idx=33619969 enable_mask=0x00001060 int_mask=0x02010000 int_clear=0x00001064 int_status=0x02010000 regcfg_amount=4200 regcfg_offset=33619968 regcmd_addr=0x0201ffe100001070
  task_like[12] off=0x5190 flags=0x00004090 op_idx=268500992 enable_mask=0x00004094 int_mask=0x10010000 int_clear=0x00004098 int_status=0x10010000 regcfg_amount=16540 regcfg_offset=268500992 regcmd_addr=0x10010000000040a0
  task_like[13] off=0x51e0 flags=0x00004100 op_idx=268500992 enable_mask=0x00004104 int_mask=0x10010000 int_clear=0x00004108 int_status=0x10010000 regcfg_amount=16652 regcfg_offset=268500992 regcmd_addr=0x1001000000004110
  task_like[14] off=0x5398 flags=0x00001150 op_idx=33619968 enable_mask=0x00001154 int_mask=0x02010000 int_clear=0x00001158 int_status=0x02010000 regcfg_amount=4444 regcfg_offset=33619968 regcmd_addr=0x0201000000001160
  task_like[15] off=0x53e8 flags=0x00001178 op_idx=33619968 enable_mask=0x0000117c int_mask=0x02010000 int_clear=0x00001180 int_status=0x02010000 regcfg_amount=4484 regcfg_offset=33619968 regcmd_addr=0x0801000002003010
  task_like[16] off=0x54d8 flags=0x03834070 op_idx=268500992 enable_mask=0x00004074 int_mask=0x10010000 int_clear=0x00014078 int_status=0x10010000 regcfg_amount=16508 regcfg_offset=268500992 regcmd_addr=0x1001000000004080
  task_like[17] off=0x55a0 flags=0x00004120 op_idx=268500992 enable_mask=0x00004124 int_mask=0x10010000 int_clear=0x00004128 int_status=0x10010000 regcfg_amount=16684 regcfg_offset=268500992 regcmd_addr=0x0101fff9d6000010
  task_like[18] off=0x5618 flags=0x00006010 op_idx=1073807360 enable_mask=0x001f6014 int_mask=0x40010000 int_clear=0x00006018 int_status=0x40010000 regcfg_amount=24604 regcfg_offset=1073807360 regcmd_addr=0x40010000001f6020
  task_like[19] off=0x5640 flags=0x00116024 op_idx=1073807360 enable_mask=0x00006034 int_mask=0x40010000 int_clear=0x00006038 int_status=0x40010000 regcfg_amount=24636 regcfg_offset=1073807360 regcmd_addr=0x4001000000006040
  task_like[20] off=0x57d0 flags=0x00321084 op_idx=33620024 enable_mask=0x00401088 int_mask=0x02010000 int_clear=0x00001100 int_status=0x02010000 regcfg_amount=4356 regcfg_offset=33619968 regcmd_addr=0x0201fff9a0001110
  task_like[21] off=0x57f8 flags=0x00001140 op_idx=33619968 enable_mask=0x00001144 int_mask=0x02010000 int_clear=0x00001148 int_status=0x02010000 regcfg_amount=4428 regcfg_offset=33619968 regcmd_addr=0x0201000000001150
  task_like[22] off=0x5938 flags=0x00534060 op_idx=268500992 enable_mask=0x00004064 int_mask=0x10010000 int_clear=0x00004068 int_status=0x10010000 regcfg_amount=16492 regcfg_offset=268500992 regcmd_addr=0x1001000003834070
  task_like[23] off=0x59b0 flags=0x000040a0 op_idx=268500992 enable_mask=0x000040a4 int_mask=0x10010000 int_clear=0x000040a8 int_status=0x10010000 regcfg_amount=16556 regcfg_offset=268500992 regcmd_addr=0x10010001880040c0
  task_like[24] off=0x5a00 flags=0x00004110 op_idx=268500992 enable_mask=0x00004114 int_mask=0x10010000 int_clear=0x00004118 int_status=0x10010000 regcfg_amount=16668 regcfg_offset=268500992 regcmd_addr=0x1001000000004120
  task_like[25] off=0x5af0 flags=0x00001050 op_idx=33619969 enable_mask=0x00001054 int_mask=0x02010001 int_clear=0x00001058 int_status=0x02010001 regcfg_amount=4188 regcfg_offset=33619969 regcmd_addr=0x0201000000001060
  task_like[26] off=0x5bb8 flags=0x00001160 op_idx=33619968 enable_mask=0x00001164 int_mask=0x02010000 int_clear=0x00001168 int_status=0x02010000 regcfg_amount=4460 regcfg_offset=33619968 regcmd_addr=0x0201000000001170
  task_like[27] off=0x5c08 flags=0x02003010 op_idx=134283264 enable_mask=0x00373014 int_mask=0x08010005 int_clear=0x003f3018 int_status=0x08010000 regcfg_amount=12316 regcfg_offset=134283264 regcmd_addr=0x0801000000003030
  task_like[28] off=0x6018 flags=0x00001150 op_idx=33619968 enable_mask=0x00001154 int_mask=0x02010000 int_clear=0x00001158 int_status=0x02010000 regcfg_amount=4444 regcfg_offset=33619968 regcmd_addr=0x0201000000001160
  task_like[29] off=0x6068 flags=0x00001178 op_idx=33619968 enable_mask=0x0000117c int_mask=0x02010000 int_clear=0x00001180 int_status=0x02010000 regcfg_amount=4484 regcfg_offset=33619968 regcmd_addr=0x0801000002003010
  task_like[30] off=0x6158 flags=0x03834070 op_idx=268500992 enable_mask=0x00004074 int_mask=0x10010000 int_clear=0x00014078 int_status=0x10010000 regcfg_amount=16508 regcfg_offset=268500992 regcmd_addr=0x1001000000004080
  task_like[31] off=0x6220 flags=0x00004120 op_idx=268500992 enable_mask=0x00004124 int_mask=0x10010000 int_clear=0x00004128 int_status=0x10010000 regcfg_amount=16684 regcfg_offset=268500992 regcmd_addr=0x0101fff9e2800010
  task_like[32] off=0x6298 flags=0x00006010 op_idx=1073807360 enable_mask=0x001f6014 int_mask=0x40010000 int_clear=0x00006018 int_status=0x40010000 regcfg_amount=24604 regcfg_offset=1073807360 regcmd_addr=0x40010000001f6020
  task_like[33] off=0x62c0 flags=0x00116024 op_idx=1073807360 enable_mask=0x00006034 int_mask=0x40010000 int_clear=0x00006038 int_status=0x40010000 regcfg_amount=24636 regcfg_offset=1073807360 regcmd_addr=0x4001000000006040
  task_like[34] off=0x6450 flags=0x00131084 op_idx=33620024 enable_mask=0x00401088 int_mask=0x02010000 int_clear=0x00001100 int_status=0x02010000 regcfg_amount=4356 regcfg_offset=33619968 regcmd_addr=0x0201fff980001110
  task_like[35] off=0x6478 flags=0x00001140 op_idx=33619968 enable_mask=0x00001144 int_mask=0x02010000 int_clear=0x00001148 int_status=0x02010000 regcfg_amount=4428 regcfg_offset=33619968 regcmd_addr=0x0201000000001150
  task_like[36] off=0x65b8 flags=0x00534060 op_idx=268500992 enable_mask=0x00004064 int_mask=0x10010000 int_clear=0x00004068 int_status=0x10010000 regcfg_amount=16492 regcfg_offset=268500992 regcmd_addr=0x1001000003834070
  task_like[37] off=0x6630 flags=0x000040a0 op_idx=268500992 enable_mask=0x000040a4 int_mask=0x10010000 int_clear=0x000040a8 int_status=0x10010000 regcfg_amount=16556 regcfg_offset=268500992 regcmd_addr=0x10010001880040c0
  task_like[38] off=0x6680 flags=0x00004110 op_idx=268500992 enable_mask=0x00004114 int_mask=0x10010000 int_clear=0x00004118 int_status=0x10010000 regcfg_amount=16668 regcfg_offset=268500992 regcmd_addr=0x1001000000004120
  task_like[39] off=0x66f8 flags=0x00000000 op_idx=0 enable_mask=0x000e6004 int_mask=0x40010000 int_clear=0x000e7004 int_status=0x80010000 regcfg_amount=24588 regcfg_offset=1073807360 regcmd_addr=0x4001000000006010
  task_like[40] off=0x67c0 flags=0x00107028 op_idx=2147549184 enable_mask=0x00017030 int_mask=0x80010000 int_clear=0x00000000 int_status=0x00000000 regcfg_amount=20 regcfg_offset=16842752 regcmd_addr=0x0041000000000000
  task_like[41] off=0x6888 flags=0x0000105c op_idx=33619969 enable_mask=0x00001060 int_mask=0x02010000 int_clear=0x00001064 int_status=0x02010000 regcfg_amount=4200 regcfg_offset=33619968 regcmd_addr=0x0201ffe185001070
  task_like[42] off=0x6a90 flags=0x00004090 op_idx=268500992 enable_mask=0x00004094 int_mask=0x10010000 int_clear=0x00004098 int_status=0x10010000 regcfg_amount=16540 regcfg_offset=268500992 regcmd_addr=0x10010000000040a0
  task_like[43] off=0x6ae0 flags=0x00004100 op_idx=268500992 enable_mask=0x00004104 int_mask=0x10010000 int_clear=0x00004108 int_status=0x10010000 regcfg_amount=16652 regcfg_offset=268500992 regcmd_addr=0x1001000000004110
  QWORD_WINDOW off=0x4800 count=1168
  regcmd_qword[0] off=0x4800 value=0x02010000001b1040
  regcmd_qword[1] off=0x4808 value=0x0201000000001104
  regcmd_qword[2] off=0x4810 value=0x0201000000001100
  regcmd_qword[3] off=0x4818 value=0x020100000120100c
  regcmd_qword[4] off=0x4820 value=0x10010000000e4004
  regcmd_qword[5] off=0x4828 value=0x020100000120100c
  regcmd_qword[6] off=0x4830 value=0x0201000000a01010
  regcmd_qword[7] off=0x4838 value=0x0201000000091014
  regcmd_qword[8] off=0x4840 value=0x0201003800321020
  regcmd_qword[9] off=0x4848 value=0x0201003f00401024
  regcmd_qword[10] off=0x4850 value=0x0201000000381028
  regcmd_qword[11] off=0x4858 value=0x020100000af0102c
  regcmd_qword[12] off=0x4860 value=0x0201000040001030
  regcmd_qword[13] off=0x4868 value=0x0201000000801034
  regcmd_qword[14] off=0x4870 value=0x0201010100801038
  regcmd_qword[15] off=0x4878 value=0x02010000001b1040
  regcmd_qword[16] off=0x4880 value=0x0201000000701044
  regcmd_qword[17] off=0x4888 value=0x02010000000b104c
  regcmd_qword[18] off=0x4890 value=0x0201000100001050
  regcmd_qword[19] off=0x4898 value=0x0201000100001054
  regcmd_qword[20] off=0x48a0 value=0x0201000100001058
  regcmd_qword[21] off=0x48a8 value=0x020100010000105c
  regcmd_qword[22] off=0x48b0 value=0x0201000000001060
  regcmd_qword[23] off=0x48b8 value=0x0201000000001064
  regcmd_qword[24] off=0x48c0 value=0x0201000000001068
  regcmd_qword[25] off=0x48c8 value=0x0201ffe100001070
  regcmd_qword[26] off=0x48d0 value=0x0201000000001074
  regcmd_qword[27] off=0x48d8 value=0x0201000f000f1078
  regcmd_qword[28] off=0x48e0 value=0x0201000000e0107c
  regcmd_qword[29] off=0x48e8 value=0x020100000b601080
  regcmd_qword[30] off=0x48f0 value=0x0201003800321084
  regcmd_qword[31] off=0x48f8 value=0x0201000000401088
  regcmd_qword[32] off=0x4900 value=0x0201000000001100
  regcmd_qword[33] off=0x4908 value=0x0201000000001104
  regcmd_qword[34] off=0x4910 value=0x0201fff980001110
  regcmd_qword[35] off=0x4918 value=0x0201000000001140
  regcmd_qword[36] off=0x4920 value=0x0201000000001144
  regcmd_qword[37] off=0x4928 value=0x0201000000001148
  regcmd_qword[38] off=0x4930 value=0x020100000000114c
  regcmd_qword[39] off=0x4938 value=0x0201000000001150
  regcmd_qword[40] off=0x4940 value=0x0201000000001154
  regcmd_qword[41] off=0x4948 value=0x0201000000001158
  regcmd_qword[42] off=0x4950 value=0x020100000000115c
  regcmd_qword[43] off=0x4958 value=0x0201000000001160
  regcmd_qword[44] off=0x4960 value=0x0201000000001164
  regcmd_qword[45] off=0x4968 value=0x0201000000001168
  regcmd_qword[46] off=0x4970 value=0x020100000000116c
  regcmd_qword[47] off=0x4978 value=0x0201000000001170
  regcmd_qword[48] off=0x4980 value=0x0201000000001174
  regcmd_qword[49] off=0x4988 value=0x0201000000001178
  regcmd_qword[50] off=0x4990 value=0x020100000000117c
  regcmd_qword[51] off=0x4998 value=0x0201000000001180
  regcmd_qword[52] off=0x49a0 value=0x0201000000001184
  regcmd_qword[53] off=0x49a8 value=0x0801000002003010
  regcmd_qword[54] off=0x49b0 value=0x0801003100373014
  regcmd_qword[55] off=0x49b8 value=0x08010000007f3018
  regcmd_qword[56] off=0x49c0 value=0x080100000000301c
  regcmd_qword[57] off=0x49c8 value=0x0801000000003030
  regcmd_qword[58] off=0x49d0 value=0x1001000001e4400c
  regcmd_qword[59] off=0x49d8 value=0x1001480000024010
  regcmd_qword[60] off=0x49e0 value=0x1001000000004014
  regcmd_qword[61] off=0x49e8 value=0x1001ffd4c0004020
  regcmd_qword[62] off=0x49f0 value=0x10010000c4004024
  regcmd_qword[63] off=0x49f8 value=0x1001000000374030
  regcmd_qword[64] off=0x4a00 value=0x1001000000314034
  regcmd_qword[65] off=0x4a08 value=0x1001000000004038
  regcmd_qword[66] off=0x4a10 value=0x1001007f007f403c
  regcmd_qword[67] off=0x4a18 value=0x1001000000534040
  regcmd_qword[68] off=0x4a20 value=0x1001000000004044
  regcmd_qword[69] off=0x4a28 value=0x1001000000004048
  regcmd_qword[70] off=0x4a30 value=0x100100000000404c
  regcmd_qword[71] off=0x4a38 value=0x1001000001264050
  regcmd_qword[72] off=0x4a40 value=0x1001000000004054
  regcmd_qword[73] off=0x4a48 value=0x10010000007f4058
  regcmd_qword[74] off=0x4a50 value=0x100100310037405c
  regcmd_qword[75] off=0x4a58 value=0x1001000000534060
  regcmd_qword[76] off=0x4a60 value=0x1001000000004064
  regcmd_qword[77] off=0x4a68 value=0x1001000000004068
  regcmd_qword[78] off=0x4a70 value=0x100100000000406c
  regcmd_qword[79] off=0x4a78 value=0x1001000003834070
  regcmd_qword[80] off=0x4a80 value=0x1001000000004074
  regcmd_qword[81] off=0x4a88 value=0x1001000000014078
  regcmd_qword[82] off=0x4a90 value=0x100100000000407c
  regcmd_qword[83] off=0x4a98 value=0x1001000000004080
  regcmd_qword[84] off=0x4aa0 value=0x1001000100014084
  regcmd_qword[85] off=0x4aa8 value=0x1001000000004088
  regcmd_qword[86] off=0x4ab0 value=0x1001000000004090
  regcmd_qword[87] off=0x4ab8 value=0x1001000000004094
  regcmd_qword[88] off=0x4ac0 value=0x1001000000004098
  regcmd_qword[89] off=0x4ac8 value=0x100100000000409c
  regcmd_qword[90] off=0x4ad0 value=0x10010000000040a0
  regcmd_qword[91] off=0x4ad8 value=0x10010000000040a4
  regcmd_qword[92] off=0x4ae0 value=0x10010000000040a8
  regcmd_qword[93] off=0x4ae8 value=0x10010000000040ac
  regcmd_qword[94] off=0x4af0 value=0x10010001880040c0
  regcmd_qword[95] off=0x4af8 value=0x10010000000040c4
  regcmd_qword[96] off=0x4b00 value=0x1001000000004100
  regcmd_qword[97] off=0x4b08 value=0x1001000000004104
  regcmd_qword[98] off=0x4b10 value=0x1001000000004108
  regcmd_qword[99] off=0x4b18 value=0x100100000000410c
  regcmd_qword[100] off=0x4b20 value=0x1001000000004110
  regcmd_qword[101] off=0x4b28 value=0x1001000000004114
  regcmd_qword[102] off=0x4b30 value=0x1001000000004118
  regcmd_qword[103] off=0x4b38 value=0x100100000000411c
  regcmd_qword[104] off=0x4b40 value=0x1001000000004120
  regcmd_qword[105] off=0x4b48 value=0x1001000000004124
  regcmd_qword[106] off=0x4b50 value=0x1001000000004128
  regcmd_qword[107] off=0x4b58 value=0x100100000000412c
  regcmd_qword[108] off=0x4b60 value=0x0101fff9cb800010
  regcmd_qword[109] off=0x4b68 value=0x0101000000370014
  regcmd_qword[110] off=0x4b70 value=0x0041000000000000
  regcmd_qword[111] off=0x4b78 value=0x00810000000d0008
  regcmd_qword[112] off=0x4b80 value=0x02010000201b1040
  regcmd_qword[113] off=0x4b88 value=0x0201000000001104
  regcmd_qword[114] off=0x4b90 value=0x0201000000001100
  regcmd_qword[115] off=0x4b98 value=0x020100000120100c
  regcmd_qword[116] off=0x4ba0 value=0x10010000000e4004
  regcmd_qword[117] off=0x4ba8 value=0x020100000120100c
  regcmd_qword[118] off=0x4bb0 value=0x0201000000701010
  regcmd_qword[119] off=0x4bb8 value=0x0201000000091014
  regcmd_qword[120] off=0x4bc0 value=0x0201003800061020
  regcmd_qword[121] off=0x4bc8 value=0x0201003f00401024
  regcmd_qword[122] off=0x4bd0 value=0x0201000000381028
  regcmd_qword[123] off=0x4bd8 value=0x020100000150102c
  regcmd_qword[124] off=0x4be0 value=0x0201000040001030
  regcmd_qword[125] off=0x4be8 value=0x0201000000801034
  regcmd_qword[126] off=0x4bf0 value=0x0201010100801038
  regcmd_qword[127] off=0x4bf8 value=0x02010000201b1040
  regcmd_qword[128] off=0x4c00 value=0x0201000000701044
  regcmd_qword[129] off=0x4c08 value=0x02010000000b104c
  regcmd_qword[130] off=0x4c10 value=0x0201000100001050
  regcmd_qword[131] off=0x4c18 value=0x0201000100001054
  regcmd_qword[132] off=0x4c20 value=0x0201000100001058
  regcmd_qword[133] off=0x4c28 value=0x020100010000105c
  regcmd_qword[134] off=0x4c30 value=0x0201000000001060
  regcmd_qword[135] off=0x4c38 value=0x0201000000001064
  regcmd_qword[136] off=0x4c40 value=0x0201000000001068
  regcmd_qword[137] off=0x4c48 value=0x0201ffe1af001070
  regcmd_qword[138] off=0x4c50 value=0x0201000000001074
  regcmd_qword[139] off=0x4c58 value=0x0201000f000f1078
  regcmd_qword[140] off=0x4c60 value=0x0201000000e0107c
  regcmd_qword[141] off=0x4c68 value=0x020100000b601080
  regcmd_qword[142] off=0x4c70 value=0x0201003800061084
  regcmd_qword[143] off=0x4c78 value=0x0201000000401088
  regcmd_qword[144] off=0x4c80 value=0x0201000000001100
  regcmd_qword[145] off=0x4c88 value=0x0201000000001104
  regcmd_qword[146] off=0x4c90 value=0x0201fff980001110
  regcmd_qword[147] off=0x4c98 value=0x0201000000001140
  regcmd_qword[148] off=0x4ca0 value=0x0201000000001144
  regcmd_qword[149] off=0x4ca8 value=0x0201000000001148
  regcmd_qword[150] off=0x4cb0 value=0x020100000000114c
  regcmd_qword[151] off=0x4cb8 value=0x0201000000001150
  regcmd_qword[152] off=0x4cc0 value=0x0201000000001154
  regcmd_qword[153] off=0x4cc8 value=0x0201000000001158
  regcmd_qword[154] off=0x4cd0 value=0x020100000000115c
  regcmd_qword[155] off=0x4cd8 value=0x0201000000001160
  regcmd_qword[156] off=0x4ce0 value=0x0201000000001164
  regcmd_qword[157] off=0x4ce8 value=0x0201000000001168
  regcmd_qword[158] off=0x4cf0 value=0x020100000000116c
  regcmd_qword[159] off=0x4cf8 value=0x0201000000001170
  regcmd_qword[160] off=0x4d00 value=0x0201000000001174
  regcmd_qword[161] off=0x4d08 value=0x0201000000001178
  regcmd_qword[162] off=0x4d10 value=0x020100000000117c
  regcmd_qword[163] off=0x4d18 value=0x0201000000001180
  regcmd_qword[164] off=0x4d20 value=0x0201000000001184
  regcmd_qword[165] off=0x4d28 value=0x0801000002003010
  regcmd_qword[166] off=0x4d30 value=0x0801000500373014
  regcmd_qword[167] off=0x4d38 value=0x08010000007f3018
  regcmd_qword[168] off=0x4d40 value=0x080100000000301c
  regcmd_qword[169] off=0x4d48 value=0x0801000000003030
  regcmd_qword[170] off=0x4d50 value=0x1001000001e4400c
  regcmd_qword[171] off=0x4d58 value=0x1001480000024010
  regcmd_qword[172] off=0x4d60 value=0x1001000000004014
  regcmd_qword[173] off=0x4d68 value=0x1001ffd56f004020
  regcmd_qword[174] off=0x4d70 value=0x10010000c4004024
  regcmd_qword[175] off=0x4d78 value=0x1001000000374030
  regcmd_qword[176] off=0x4d80 value=0x1001000000054034
  regcmd_qword[177] off=0x4d88 value=0x1001000000004038
  regcmd_qword[178] off=0x4d90 value=0x1001007f007f403c
  regcmd_qword[179] off=0x4d98 value=0x1001000000534040
  regcmd_qword[180] off=0x4da0 value=0x1001000000004044
  regcmd_qword[181] off=0x4da8 value=0x1001000000004048
  regcmd_qword[182] off=0x4db0 value=0x100100000000404c
  regcmd_qword[183] off=0x4db8 value=0x1001000001264050
  regcmd_qword[184] off=0x4dc0 value=0x1001000000004054
  regcmd_qword[185] off=0x4dc8 value=0x10010000007f4058
  regcmd_qword[186] off=0x4dd0 value=0x100100050037405c
  regcmd_qword[187] off=0x4dd8 value=0x1001000000534060
  regcmd_qword[188] off=0x4de0 value=0x1001000000004064
  regcmd_qword[189] off=0x4de8 value=0x1001000000004068
  regcmd_qword[190] off=0x4df0 value=0x100100000000406c
  regcmd_qword[191] off=0x4df8 value=0x1001000003834070
  regcmd_qword[192] off=0x4e00 value=0x1001000000004074
  regcmd_qword[193] off=0x4e08 value=0x1001000000014078
  regcmd_qword[194] off=0x4e10 value=0x100100000000407c
  regcmd_qword[195] off=0x4e18 value=0x1001000000004080
  regcmd_qword[196] off=0x4e20 value=0x1001000100014084
  regcmd_qword[197] off=0x4e28 value=0x1001000000004088
  regcmd_qword[198] off=0x4e30 value=0x1001000000004090
  regcmd_qword[199] off=0x4e38 value=0x1001000000004094
  regcmd_qword[200] off=0x4e40 value=0x1001000000004098
  regcmd_qword[201] off=0x4e48 value=0x100100000000409c
  regcmd_qword[202] off=0x4e50 value=0x10010000000040a0
  regcmd_qword[203] off=0x4e58 value=0x10010000000040a4
  regcmd_qword[204] off=0x4e60 value=0x10010000000040a8
  regcmd_qword[205] off=0x4e68 value=0x10010000000040ac
  regcmd_qword[206] off=0x4e70 value=0x10010001880040c0
  regcmd_qword[207] off=0x4e78 value=0x10010000000040c4
  regcmd_qword[208] off=0x4e80 value=0x1001000000004100
  regcmd_qword[209] off=0x4e88 value=0x1001000000004104
  regcmd_qword[210] off=0x4e90 value=0x1001000000004108
  regcmd_qword[211] off=0x4e98 value=0x100100000000410c
  regcmd_qword[212] off=0x4ea0 value=0x1001000000004110
  regcmd_qword[213] off=0x4ea8 value=0x1001000000004114
  regcmd_qword[214] off=0x4eb0 value=0x1001000000004118
  regcmd_qword[215] off=0x4eb8 value=0x100100000000411c
  regcmd_qword[216] off=0x4ec0 value=0x1001000000004120
  regcmd_qword[217] off=0x4ec8 value=0x1001000000004124
  regcmd_qword[218] off=0x4ed0 value=0x1001000000004128
  regcmd_qword[219] off=0x4ed8 value=0x100100000000412c
  regcmd_qword[220] off=0x4ee0 value=0x0000000000000000
  regcmd_qword[221] off=0x4ee8 value=0x0101000000000014
  regcmd_qword[222] off=0x4ef0 value=0x0041000000000000
  regcmd_qword[223] off=0x4ef8 value=0x00810000000d0008
  regcmd_qword[224] off=0x4f00 value=0x10010000000e4004
  regcmd_qword[225] off=0x4f08 value=0x020100000120100c
  regcmd_qword[226] off=0x4f10 value=0x0201400000a01010
  regcmd_qword[227] off=0x4f18 value=0x0201000000091014
  regcmd_qword[228] off=0x4f20 value=0x0201003800321020
  regcmd_qword[229] off=0x4f28 value=0x0201003f00401024
  regcmd_qword[230] off=0x4f30 value=0x0201000000381028
  regcmd_qword[231] off=0x4f38 value=0x020100000af0102c
  regcmd_qword[232] off=0x4f40 value=0x0201000020001030
  regcmd_qword[233] off=0x4f48 value=0x0201000000801034
  regcmd_qword[234] off=0x4f50 value=0x0201010100401038
  regcmd_qword[235] off=0x4f58 value=0x02010000001b1040
  regcmd_qword[236] off=0x4f60 value=0x0201000000701044
  regcmd_qword[237] off=0x4f68 value=0x02010000000b104c
  regcmd_qword[238] off=0x4f70 value=0x0201000100001050
  regcmd_qword[239] off=0x4f78 value=0x0201000100001054
  regcmd_qword[240] off=0x4f80 value=0x0201000100001058
  regcmd_qword[241] off=0x4f88 value=0x020100010000105c
  regcmd_qword[242] off=0x4f90 value=0x0201000000001060
  regcmd_qword[243] off=0x4f98 value=0x0201000000001064
  regcmd_qword[244] off=0x4fa0 value=0x0201000000001068
  regcmd_qword[245] off=0x4fa8 value=0x0201ffe100001070
  regcmd_qword[246] off=0x4fb0 value=0x0201000000001074
  regcmd_qword[247] off=0x4fb8 value=0x0201000f000f1078
  regcmd_qword[248] off=0x4fc0 value=0x0201000000e0107c
  regcmd_qword[249] off=0x4fc8 value=0x020100000b601080
  regcmd_qword[250] off=0x4fd0 value=0x0201003800321084
  regcmd_qword[251] off=0x4fd8 value=0x0201000000401088
  regcmd_qword[252] off=0x4fe0 value=0x0201000000001100
  regcmd_qword[253] off=0x4fe8 value=0x0201000000001104
  regcmd_qword[254] off=0x4ff0 value=0x0201fff980001110
  regcmd_qword[255] off=0x4ff8 value=0x0201000000001140
  regcmd_qword[256] off=0x5000 value=0x0201000000001144
  regcmd_qword[257] off=0x5008 value=0x0201000000001148
  regcmd_qword[258] off=0x5010 value=0x020100000000114c
  regcmd_qword[259] off=0x5018 value=0x0201000000001150
  regcmd_qword[260] off=0x5020 value=0x0201000000001154
  regcmd_qword[261] off=0x5028 value=0x0201000000001158
  regcmd_qword[262] off=0x5030 value=0x020100000000115c
  regcmd_qword[263] off=0x5038 value=0x0201000000001160
  regcmd_qword[264] off=0x5040 value=0x0201000000001164
  regcmd_qword[265] off=0x5048 value=0x0201000000001168
  regcmd_qword[266] off=0x5050 value=0x020100000000116c
  regcmd_qword[267] off=0x5058 value=0x0201000000001170
  regcmd_qword[268] off=0x5060 value=0x0201000000001174
  regcmd_qword[269] off=0x5068 value=0x0201000000001178
  regcmd_qword[270] off=0x5070 value=0x020100000000117c
  regcmd_qword[271] off=0x5078 value=0x0201000000001180
  regcmd_qword[272] off=0x5080 value=0x0201000000001184
  regcmd_qword[273] off=0x5088 value=0x0801000002003010
  regcmd_qword[274] off=0x5090 value=0x0801003100373014
  regcmd_qword[275] off=0x5098 value=0x08010000003f3018
  regcmd_qword[276] off=0x50a0 value=0x080100000000301c
  regcmd_qword[277] off=0x50a8 value=0x0801000000003030
  regcmd_qword[278] off=0x50b0 value=0x1001000001e4400c
  regcmd_qword[279] off=0x50b8 value=0x1001480000024010
  regcmd_qword[280] off=0x50c0 value=0x1001000000004014
  regcmd_qword[281] off=0x50c8 value=0x1001ffd4c0004020
  regcmd_qword[282] off=0x50d0 value=0x10010000c4004024
  regcmd_qword[283] off=0x50d8 value=0x1001000000374030
  regcmd_qword[284] off=0x50e0 value=0x1001000000314034
  regcmd_qword[285] off=0x50e8 value=0x1001000000004038
  regcmd_qword[286] off=0x50f0 value=0x1001003f003f403c
  regcmd_qword[287] off=0x50f8 value=0x1001000000534040
  regcmd_qword[288] off=0x5100 value=0x1001000000004044
  regcmd_qword[289] off=0x5108 value=0x1001000000004048
  regcmd_qword[290] off=0x5110 value=0x100100000000404c
  regcmd_qword[291] off=0x5118 value=0x1001000001264050
  regcmd_qword[292] off=0x5120 value=0x1001000000004054
  regcmd_qword[293] off=0x5128 value=0x10010000003f4058
  regcmd_qword[294] off=0x5130 value=0x100100310037405c
  regcmd_qword[295] off=0x5138 value=0x1001000000534060
  regcmd_qword[296] off=0x5140 value=0x1001000000004064
  regcmd_qword[297] off=0x5148 value=0x1001000000004068
  regcmd_qword[298] off=0x5150 value=0x100100000000406c
  regcmd_qword[299] off=0x5158 value=0x1001000003834070
  regcmd_qword[300] off=0x5160 value=0x1001000000004074
  regcmd_qword[301] off=0x5168 value=0x1001000000014078
  regcmd_qword[302] off=0x5170 value=0x100100000000407c
  regcmd_qword[303] off=0x5178 value=0x1001000000004080
  regcmd_qword[304] off=0x5180 value=0x1001000100014084
  regcmd_qword[305] off=0x5188 value=0x1001000000004088
  regcmd_qword[306] off=0x5190 value=0x1001000000004090
  regcmd_qword[307] off=0x5198 value=0x1001000000004094
  regcmd_qword[308] off=0x51a0 value=0x1001000000004098
  regcmd_qword[309] off=0x51a8 value=0x100100000000409c
  regcmd_qword[310] off=0x51b0 value=0x10010000000040a0
  regcmd_qword[311] off=0x51b8 value=0x10010000000040a4
  regcmd_qword[312] off=0x51c0 value=0x10010000000040a8
  regcmd_qword[313] off=0x51c8 value=0x10010000000040ac
  regcmd_qword[314] off=0x51d0 value=0x10010001880040c0
  regcmd_qword[315] off=0x51d8 value=0x10010000000040c4
  regcmd_qword[316] off=0x51e0 value=0x1001000000004100
  regcmd_qword[317] off=0x51e8 value=0x1001000000004104
  regcmd_qword[318] off=0x51f0 value=0x1001000000004108
  regcmd_qword[319] off=0x51f8 value=0x100100000000410c
  regcmd_qword[320] off=0x5200 value=0x1001000000004110
  regcmd_qword[321] off=0x5208 value=0x1001000000004114
  regcmd_qword[322] off=0x5210 value=0x1001000000004118
  regcmd_qword[323] off=0x5218 value=0x100100000000411c
  regcmd_qword[324] off=0x5220 value=0x1001000000004120
  regcmd_qword[325] off=0x5228 value=0x1001000000004124
  regcmd_qword[326] off=0x5230 value=0x1001000000004128
  regcmd_qword[327] off=0x5238 value=0x100100000000412c
  regcmd_qword[328] off=0x5240 value=0x0101fff9d2800010
  regcmd_qword[329] off=0x5248 value=0x0101000100350014
  regcmd_qword[330] off=0x5250 value=0x0041000000000000
  regcmd_qword[331] off=0x5258 value=0x00810000000d0008
  regcmd_qword[332] off=0x5260 value=0x0000000000000000
  regcmd_qword[333] off=0x5268 value=0x0000000000000000
  regcmd_qword[334] off=0x5270 value=0x0000000000000000
  regcmd_qword[335] off=0x5278 value=0x0000000000000000
  regcmd_qword[336] off=0x5280 value=0x10010000000e4004
  regcmd_qword[337] off=0x5288 value=0x020100000120100c
  regcmd_qword[338] off=0x5290 value=0x0201400000701010
  regcmd_qword[339] off=0x5298 value=0x0201000000091014
  regcmd_qword[340] off=0x52a0 value=0x0201003800061020
  regcmd_qword[341] off=0x52a8 value=0x0201003f00401024
  regcmd_qword[342] off=0x52b0 value=0x0201000000381028
  regcmd_qword[343] off=0x52b8 value=0x020100000150102c
  regcmd_qword[344] off=0x52c0 value=0x0201000020001030
  regcmd_qword[345] off=0x52c8 value=0x0201000000801034
  regcmd_qword[346] off=0x52d0 value=0x0201010100401038
  regcmd_qword[347] off=0x52d8 value=0x02010000001b1040
  regcmd_qword[348] off=0x52e0 value=0x0201000000701044
  regcmd_qword[349] off=0x52e8 value=0x02010000000b104c
  regcmd_qword[350] off=0x52f0 value=0x0201000100001050
  regcmd_qword[351] off=0x52f8 value=0x0201000100001054
  regcmd_qword[352] off=0x5300 value=0x0201000100001058
  regcmd_qword[353] off=0x5308 value=0x020100010000105c
  regcmd_qword[354] off=0x5310 value=0x0201000000001060
  regcmd_qword[355] off=0x5318 value=0x0201000000001064
  regcmd_qword[356] off=0x5320 value=0x0201000000001068
  regcmd_qword[357] off=0x5328 value=0x0201ffe1af001070
  regcmd_qword[358] off=0x5330 value=0x0201000000001074
  regcmd_qword[359] off=0x5338 value=0x0201000f000f1078
  regcmd_qword[360] off=0x5340 value=0x0201000000e0107c
  regcmd_qword[361] off=0x5348 value=0x020100000b601080
  regcmd_qword[362] off=0x5350 value=0x0201003800061084
  regcmd_qword[363] off=0x5358 value=0x0201000000401088
  regcmd_qword[364] off=0x5360 value=0x0201000000001100
  regcmd_qword[365] off=0x5368 value=0x0201000000001104
  regcmd_qword[366] off=0x5370 value=0x0201fff980001110
  regcmd_qword[367] off=0x5378 value=0x0201000000001140
  regcmd_qword[368] off=0x5380 value=0x0201000000001144
  regcmd_qword[369] off=0x5388 value=0x0201000000001148
  regcmd_qword[370] off=0x5390 value=0x020100000000114c
  regcmd_qword[371] off=0x5398 value=0x0201000000001150
  regcmd_qword[372] off=0x53a0 value=0x0201000000001154
  regcmd_qword[373] off=0x53a8 value=0x0201000000001158
  regcmd_qword[374] off=0x53b0 value=0x020100000000115c
  regcmd_qword[375] off=0x53b8 value=0x0201000000001160
  regcmd_qword[376] off=0x53c0 value=0x0201000000001164
  regcmd_qword[377] off=0x53c8 value=0x0201000000001168
  regcmd_qword[378] off=0x53d0 value=0x020100000000116c
  regcmd_qword[379] off=0x53d8 value=0x0201000000001170
  regcmd_qword[380] off=0x53e0 value=0x0201000000001174
  regcmd_qword[381] off=0x53e8 value=0x0201000000001178
  regcmd_qword[382] off=0x53f0 value=0x020100000000117c
  regcmd_qword[383] off=0x53f8 value=0x0201000000001180
  regcmd_qword[384] off=0x5400 value=0x0201000000001184
  regcmd_qword[385] off=0x5408 value=0x0801000002003010
  regcmd_qword[386] off=0x5410 value=0x0801000500373014
  regcmd_qword[387] off=0x5418 value=0x08010000003f3018
  regcmd_qword[388] off=0x5420 value=0x080100000000301c
  regcmd_qword[389] off=0x5428 value=0x0801000000003030
  regcmd_qword[390] off=0x5430 value=0x1001000001e4400c
  regcmd_qword[391] off=0x5438 value=0x1001480000024010
  regcmd_qword[392] off=0x5440 value=0x1001000000004014
  regcmd_qword[393] off=0x5448 value=0x1001ffd56f004020
  regcmd_qword[394] off=0x5450 value=0x10010000c4004024
  regcmd_qword[395] off=0x5458 value=0x1001000000374030
  regcmd_qword[396] off=0x5460 value=0x1001000000054034
  regcmd_qword[397] off=0x5468 value=0x1001000000004038
  regcmd_qword[398] off=0x5470 value=0x1001003f003f403c
  regcmd_qword[399] off=0x5478 value=0x1001000000534040
  regcmd_qword[400] off=0x5480 value=0x1001000000004044
  regcmd_qword[401] off=0x5488 value=0x1001000000004048
  regcmd_qword[402] off=0x5490 value=0x100100000000404c
  regcmd_qword[403] off=0x5498 value=0x1001000001264050
  regcmd_qword[404] off=0x54a0 value=0x1001000000004054
  regcmd_qword[405] off=0x54a8 value=0x10010000003f4058
  regcmd_qword[406] off=0x54b0 value=0x100100050037405c
  regcmd_qword[407] off=0x54b8 value=0x1001000000534060
  regcmd_qword[408] off=0x54c0 value=0x1001000000004064
  regcmd_qword[409] off=0x54c8 value=0x1001000000004068
  regcmd_qword[410] off=0x54d0 value=0x100100000000406c
  regcmd_qword[411] off=0x54d8 value=0x1001000003834070
  regcmd_qword[412] off=0x54e0 value=0x1001000000004074
  regcmd_qword[413] off=0x54e8 value=0x1001000000014078
  regcmd_qword[414] off=0x54f0 value=0x100100000000407c
  regcmd_qword[415] off=0x54f8 value=0x1001000000004080
  regcmd_qword[416] off=0x5500 value=0x1001000100014084
  regcmd_qword[417] off=0x5508 value=0x1001000000004088
  regcmd_qword[418] off=0x5510 value=0x1001000000004090
  regcmd_qword[419] off=0x5518 value=0x1001000000004094
  regcmd_qword[420] off=0x5520 value=0x1001000000004098
  regcmd_qword[421] off=0x5528 value=0x100100000000409c
  regcmd_qword[422] off=0x5530 value=0x10010000000040a0
  regcmd_qword[423] off=0x5538 value=0x10010000000040a4
  regcmd_qword[424] off=0x5540 value=0x10010000000040a8
  regcmd_qword[425] off=0x5548 value=0x10010000000040ac
  regcmd_qword[426] off=0x5550 value=0x10010001880040c0
  regcmd_qword[427] off=0x5558 value=0x10010000000040c4
  regcmd_qword[428] off=0x5560 value=0x1001000000004100
  regcmd_qword[429] off=0x5568 value=0x1001000000004104
  regcmd_qword[430] off=0x5570 value=0x1001000000004108
  regcmd_qword[431] off=0x5578 value=0x100100000000410c
  regcmd_qword[432] off=0x5580 value=0x1001000000004110
  regcmd_qword[433] off=0x5588 value=0x1001000000004114
  regcmd_qword[434] off=0x5590 value=0x1001000000004118
  regcmd_qword[435] off=0x5598 value=0x100100000000411c
  regcmd_qword[436] off=0x55a0 value=0x1001000000004120
  regcmd_qword[437] off=0x55a8 value=0x1001000000004124
  regcmd_qword[438] off=0x55b0 value=0x1001000000004128
  regcmd_qword[439] off=0x55b8 value=0x100100000000412c
  regcmd_qword[440] off=0x55c0 value=0x0101fff9d6000010
  regcmd_qword[441] off=0x55c8 value=0x01010001000e0014
  regcmd_qword[442] off=0x55d0 value=0x0041000000000000
  regcmd_qword[443] off=0x55d8 value=0x00810000000d0008
  regcmd_qword[444] off=0x55e0 value=0x0000000000000000
  regcmd_qword[445] off=0x55e8 value=0x0000000000000000
  regcmd_qword[446] off=0x55f0 value=0x0000000000000000
  regcmd_qword[447] off=0x55f8 value=0x0000000000000000
  regcmd_qword[448] off=0x5600 value=0x40010000000e6004
  regcmd_qword[449] off=0x5608 value=0x80010000000e7004
  regcmd_qword[450] off=0x5610 value=0x400100000000600c
  regcmd_qword[451] off=0x5618 value=0x4001000000006010
  regcmd_qword[452] off=0x5620 value=0x40010000001f6014
  regcmd_qword[453] off=0x5628 value=0x4001000000006018
  regcmd_qword[454] off=0x5630 value=0x400100000000601c
  regcmd_qword[455] off=0x5638 value=0x40010000001f6020
  regcmd_qword[456] off=0x5640 value=0x4001000000116024
  regcmd_qword[457] off=0x5648 value=0x4001000000006034
  regcmd_qword[458] off=0x5650 value=0x4001000000006038
  regcmd_qword[459] off=0x5658 value=0x400100000000603c
  regcmd_qword[460] off=0x5660 value=0x4001000000006040
  regcmd_qword[461] off=0x5668 value=0x4001000000006044
  regcmd_qword[462] off=0x5670 value=0x4001000000006048
  regcmd_qword[463] off=0x5678 value=0x4001fff9c0006070
  regcmd_qword[464] off=0x5680 value=0x400100000010607c
  regcmd_qword[465] off=0x5688 value=0x4001000000106084
  regcmd_qword[466] off=0x5690 value=0x40010000000360dc
  regcmd_qword[467] off=0x5698 value=0x800100000000700c
  regcmd_qword[468] off=0x56a0 value=0x8001000000007010
  regcmd_qword[469] off=0x56a8 value=0x80010000001f7014
  regcmd_qword[470] off=0x56b0 value=0x8001fff9c400701c
  regcmd_qword[471] off=0x56b8 value=0x8001000000107024
  regcmd_qword[472] off=0x56c0 value=0x8001000000107028
  regcmd_qword[473] off=0x56c8 value=0x8001000000017030
  regcmd_qword[474] off=0x56d0 value=0x0000000000000000
  regcmd_qword[475] off=0x56d8 value=0x0101000000000014
  regcmd_qword[476] off=0x56e0 value=0x0041000000000000
  regcmd_qword[477] off=0x56e8 value=0x0081000000600008
  regcmd_qword[478] off=0x56f0 value=0x0000000000000000
  regcmd_qword[479] off=0x56f8 value=0x0000000000000000
  regcmd_qword[480] off=0x5700 value=0x10010000000e4004
  regcmd_qword[481] off=0x5708 value=0x020100000120100c
  regcmd_qword[482] off=0x5710 value=0x0201400000a01010
  regcmd_qword[483] off=0x5718 value=0x0201000000091014
  regcmd_qword[484] off=0x5720 value=0x0201003800321020
  regcmd_qword[485] off=0x5728 value=0x0201003f00401024
  regcmd_qword[486] off=0x5730 value=0x0201000000381028
  regcmd_qword[487] off=0x5738 value=0x020100000af0102c
  regcmd_qword[488] off=0x5740 value=0x0201000020001030
  regcmd_qword[489] off=0x5748 value=0x0201000000801034
  regcmd_qword[490] off=0x5750 value=0x0201010100401038
  regcmd_qword[491] off=0x5758 value=0x02010000001b1040
  regcmd_qword[492] off=0x5760 value=0x0201000000701044
  regcmd_qword[493] off=0x5768 value=0x02010000000b104c
  regcmd_qword[494] off=0x5770 value=0x0201000100001050
  regcmd_qword[495] off=0x5778 value=0x0201000100001054
  regcmd_qword[496] off=0x5780 value=0x0201000100001058
  regcmd_qword[497] off=0x5788 value=0x020100010000105c
  regcmd_qword[498] off=0x5790 value=0x0201000000001060
  regcmd_qword[499] off=0x5798 value=0x0201000000001064
  regcmd_qword[500] off=0x57a0 value=0x0201000000001068
  regcmd_qword[501] off=0x57a8 value=0x0201ffe100001070
  regcmd_qword[502] off=0x57b0 value=0x0201000000001074
  regcmd_qword[503] off=0x57b8 value=0x0201000f000f1078
  regcmd_qword[504] off=0x57c0 value=0x0201000000e0107c
  regcmd_qword[505] off=0x57c8 value=0x020100000b601080
  regcmd_qword[506] off=0x57d0 value=0x0201003800321084
  regcmd_qword[507] off=0x57d8 value=0x0201000000401088
  regcmd_qword[508] off=0x57e0 value=0x0201000000001100
  regcmd_qword[509] off=0x57e8 value=0x0201000000001104
  regcmd_qword[510] off=0x57f0 value=0x0201fff9a0001110
  regcmd_qword[511] off=0x57f8 value=0x0201000000001140
  regcmd_qword[512] off=0x5800 value=0x0201000000001144
  regcmd_qword[513] off=0x5808 value=0x0201000000001148
  regcmd_qword[514] off=0x5810 value=0x020100000000114c
  regcmd_qword[515] off=0x5818 value=0x0201000000001150
  regcmd_qword[516] off=0x5820 value=0x0201000000001154
  regcmd_qword[517] off=0x5828 value=0x0201000000001158
  regcmd_qword[518] off=0x5830 value=0x020100000000115c
  regcmd_qword[519] off=0x5838 value=0x0201000000001160
  regcmd_qword[520] off=0x5840 value=0x0201000000001164
  regcmd_qword[521] off=0x5848 value=0x0201000000001168
  regcmd_qword[522] off=0x5850 value=0x020100000000116c
  regcmd_qword[523] off=0x5858 value=0x0201000000001170
  regcmd_qword[524] off=0x5860 value=0x0201000000001174
  regcmd_qword[525] off=0x5868 value=0x0201000000001178
  regcmd_qword[526] off=0x5870 value=0x020100000000117c
  regcmd_qword[527] off=0x5878 value=0x0201000000001180
  regcmd_qword[528] off=0x5880 value=0x0201000000001184
  regcmd_qword[529] off=0x5888 value=0x0801000002003010
  regcmd_qword[530] off=0x5890 value=0x0801003100373014
  regcmd_qword[531] off=0x5898 value=0x08010000003f3018
  regcmd_qword[532] off=0x58a0 value=0x080100000000301c
  regcmd_qword[533] off=0x58a8 value=0x0801000000003030
  regcmd_qword[534] off=0x58b0 value=0x1001000001e4400c
  regcmd_qword[535] off=0x58b8 value=0x1001480000024010
  regcmd_qword[536] off=0x58c0 value=0x1001000000004014
  regcmd_qword[537] off=0x58c8 value=0x1001ffdae0004020
  regcmd_qword[538] off=0x58d0 value=0x10010000c4004024
  regcmd_qword[539] off=0x58d8 value=0x1001000000374030
  regcmd_qword[540] off=0x58e0 value=0x1001000000314034
  regcmd_qword[541] off=0x58e8 value=0x1001000000004038
  regcmd_qword[542] off=0x58f0 value=0x1001003f003f403c
  regcmd_qword[543] off=0x58f8 value=0x1001000000534040
  regcmd_qword[544] off=0x5900 value=0x1001000000004044
  regcmd_qword[545] off=0x5908 value=0x1001000000004048
  regcmd_qword[546] off=0x5910 value=0x100100000000404c
  regcmd_qword[547] off=0x5918 value=0x1001000001264050
  regcmd_qword[548] off=0x5920 value=0x1001000000004054
  regcmd_qword[549] off=0x5928 value=0x10010000003f4058
  regcmd_qword[550] off=0x5930 value=0x100100310037405c
  regcmd_qword[551] off=0x5938 value=0x1001000000534060
  regcmd_qword[552] off=0x5940 value=0x1001000000004064
  regcmd_qword[553] off=0x5948 value=0x1001000000004068
  regcmd_qword[554] off=0x5950 value=0x100100000000406c
  regcmd_qword[555] off=0x5958 value=0x1001000003834070
  regcmd_qword[556] off=0x5960 value=0x1001000000004074
  regcmd_qword[557] off=0x5968 value=0x1001000000014078
  regcmd_qword[558] off=0x5970 value=0x100100000000407c
  regcmd_qword[559] off=0x5978 value=0x1001000000004080
  regcmd_qword[560] off=0x5980 value=0x1001000100014084
  regcmd_qword[561] off=0x5988 value=0x1001000000004088
  regcmd_qword[562] off=0x5990 value=0x1001000000004090
  regcmd_qword[563] off=0x5998 value=0x1001000000004094
  regcmd_qword[564] off=0x59a0 value=0x1001000000004098
  regcmd_qword[565] off=0x59a8 value=0x100100000000409c
  regcmd_qword[566] off=0x59b0 value=0x10010000000040a0
  regcmd_qword[567] off=0x59b8 value=0x10010000000040a4
  regcmd_qword[568] off=0x59c0 value=0x10010000000040a8
  regcmd_qword[569] off=0x59c8 value=0x10010000000040ac
  regcmd_qword[570] off=0x59d0 value=0x10010001880040c0
  regcmd_qword[571] off=0x59d8 value=0x10010000000040c4
  regcmd_qword[572] off=0x59e0 value=0x1001000000004100
  regcmd_qword[573] off=0x59e8 value=0x1001000000004104
  regcmd_qword[574] off=0x59f0 value=0x1001000000004108
  regcmd_qword[575] off=0x59f8 value=0x100100000000410c
  regcmd_qword[576] off=0x5a00 value=0x1001000000004110
  regcmd_qword[577] off=0x5a08 value=0x1001000000004114
  regcmd_qword[578] off=0x5a10 value=0x1001000000004118
  regcmd_qword[579] off=0x5a18 value=0x100100000000411c
  regcmd_qword[580] off=0x5a20 value=0x1001000000004120
  regcmd_qword[581] off=0x5a28 value=0x1001000000004124
  regcmd_qword[582] off=0x5a30 value=0x1001000000004128
  regcmd_qword[583] off=0x5a38 value=0x100100000000412c
  regcmd_qword[584] off=0x5a40 value=0x0101fff9da800010
  regcmd_qword[585] off=0x5a48 value=0x0101000100350014
  regcmd_qword[586] off=0x5a50 value=0x0041000000000000
  regcmd_qword[587] off=0x5a58 value=0x00810000000d0008
  regcmd_qword[588] off=0x5a60 value=0x0000000000000000
  regcmd_qword[589] off=0x5a68 value=0x0000000000000000
  regcmd_qword[590] off=0x5a70 value=0x0000000000000000
  regcmd_qword[591] off=0x5a78 value=0x0000000000000000
  regcmd_qword[592] off=0x5a80 value=0x10010000000e4004
  regcmd_qword[593] off=0x5a88 value=0x020100000120100c
  regcmd_qword[594] off=0x5a90 value=0x0201400000701010
  regcmd_qword[595] off=0x5a98 value=0x0201000000091014
  regcmd_qword[596] off=0x5aa0 value=0x0201003800061020
  regcmd_qword[597] off=0x5aa8 value=0x0201003f00401024
  regcmd_qword[598] off=0x5ab0 value=0x0201000000381028
  regcmd_qword[599] off=0x5ab8 value=0x020100000150102c
  regcmd_qword[600] off=0x5ac0 value=0x0201000020001030
  regcmd_qword[601] off=0x5ac8 value=0x0201000000801034
  regcmd_qword[602] off=0x5ad0 value=0x0201010100401038
  regcmd_qword[603] off=0x5ad8 value=0x02010000001b1040
  regcmd_qword[604] off=0x5ae0 value=0x0201000000701044
  regcmd_qword[605] off=0x5ae8 value=0x02010000000b104c
  regcmd_qword[606] off=0x5af0 value=0x0201000100001050
  regcmd_qword[607] off=0x5af8 value=0x0201000100001054
  regcmd_qword[608] off=0x5b00 value=0x0201000100001058
  regcmd_qword[609] off=0x5b08 value=0x020100010000105c
  regcmd_qword[610] off=0x5b10 value=0x0201000000001060
  regcmd_qword[611] off=0x5b18 value=0x0201000000001064
  regcmd_qword[612] off=0x5b20 value=0x0201000000001068
  regcmd_qword[613] off=0x5b28 value=0x0201ffe1af001070
  regcmd_qword[614] off=0x5b30 value=0x0201000000001074
  regcmd_qword[615] off=0x5b38 value=0x0201000f000f1078
  regcmd_qword[616] off=0x5b40 value=0x0201000000e0107c
  regcmd_qword[617] off=0x5b48 value=0x020100000b601080
  regcmd_qword[618] off=0x5b50 value=0x0201003800061084
  regcmd_qword[619] off=0x5b58 value=0x0201000000401088
  regcmd_qword[620] off=0x5b60 value=0x0201000000001100
  regcmd_qword[621] off=0x5b68 value=0x0201000000001104
  regcmd_qword[622] off=0x5b70 value=0x0201fff9a0001110
  regcmd_qword[623] off=0x5b78 value=0x0201000000001140
  regcmd_qword[624] off=0x5b80 value=0x0201000000001144
  regcmd_qword[625] off=0x5b88 value=0x0201000000001148
  regcmd_qword[626] off=0x5b90 value=0x020100000000114c
  regcmd_qword[627] off=0x5b98 value=0x0201000000001150
  regcmd_qword[628] off=0x5ba0 value=0x0201000000001154
  regcmd_qword[629] off=0x5ba8 value=0x0201000000001158
  regcmd_qword[630] off=0x5bb0 value=0x020100000000115c
  regcmd_qword[631] off=0x5bb8 value=0x0201000000001160
  regcmd_qword[632] off=0x5bc0 value=0x0201000000001164
  regcmd_qword[633] off=0x5bc8 value=0x0201000000001168
  regcmd_qword[634] off=0x5bd0 value=0x020100000000116c
  regcmd_qword[635] off=0x5bd8 value=0x0201000000001170
  regcmd_qword[636] off=0x5be0 value=0x0201000000001174
  regcmd_qword[637] off=0x5be8 value=0x0201000000001178
  regcmd_qword[638] off=0x5bf0 value=0x020100000000117c
  regcmd_qword[639] off=0x5bf8 value=0x0201000000001180
  regcmd_qword[640] off=0x5c00 value=0x0201000000001184
  regcmd_qword[641] off=0x5c08 value=0x0801000002003010
  regcmd_qword[642] off=0x5c10 value=0x0801000500373014
  regcmd_qword[643] off=0x5c18 value=0x08010000003f3018
  regcmd_qword[644] off=0x5c20 value=0x080100000000301c
  regcmd_qword[645] off=0x5c28 value=0x0801000000003030
  regcmd_qword[646] off=0x5c30 value=0x1001000001e4400c
  regcmd_qword[647] off=0x5c38 value=0x1001480000024010
  regcmd_qword[648] off=0x5c40 value=0x1001000000004014
  regcmd_qword[649] off=0x5c48 value=0x1001ffdb8f004020
  regcmd_qword[650] off=0x5c50 value=0x10010000c4004024
  regcmd_qword[651] off=0x5c58 value=0x1001000000374030
  regcmd_qword[652] off=0x5c60 value=0x1001000000054034
  regcmd_qword[653] off=0x5c68 value=0x1001000000004038
  regcmd_qword[654] off=0x5c70 value=0x1001003f003f403c
  regcmd_qword[655] off=0x5c78 value=0x1001000000534040
  regcmd_qword[656] off=0x5c80 value=0x1001000000004044
  regcmd_qword[657] off=0x5c88 value=0x1001000000004048
  regcmd_qword[658] off=0x5c90 value=0x100100000000404c
  regcmd_qword[659] off=0x5c98 value=0x1001000001264050
  regcmd_qword[660] off=0x5ca0 value=0x1001000000004054
  regcmd_qword[661] off=0x5ca8 value=0x10010000003f4058
  regcmd_qword[662] off=0x5cb0 value=0x100100050037405c
  regcmd_qword[663] off=0x5cb8 value=0x1001000000534060
  regcmd_qword[664] off=0x5cc0 value=0x1001000000004064
  regcmd_qword[665] off=0x5cc8 value=0x1001000000004068
  regcmd_qword[666] off=0x5cd0 value=0x100100000000406c
  regcmd_qword[667] off=0x5cd8 value=0x1001000003834070
  regcmd_qword[668] off=0x5ce0 value=0x1001000000004074
  regcmd_qword[669] off=0x5ce8 value=0x1001000000014078
  regcmd_qword[670] off=0x5cf0 value=0x100100000000407c
  regcmd_qword[671] off=0x5cf8 value=0x1001000000004080
  regcmd_qword[672] off=0x5d00 value=0x1001000100014084
  regcmd_qword[673] off=0x5d08 value=0x1001000000004088
  regcmd_qword[674] off=0x5d10 value=0x1001000000004090
  regcmd_qword[675] off=0x5d18 value=0x1001000000004094
  regcmd_qword[676] off=0x5d20 value=0x1001000000004098
  regcmd_qword[677] off=0x5d28 value=0x100100000000409c
  regcmd_qword[678] off=0x5d30 value=0x10010000000040a0
  regcmd_qword[679] off=0x5d38 value=0x10010000000040a4
  regcmd_qword[680] off=0x5d40 value=0x10010000000040a8
  regcmd_qword[681] off=0x5d48 value=0x10010000000040ac
  regcmd_qword[682] off=0x5d50 value=0x10010001880040c0
  regcmd_qword[683] off=0x5d58 value=0x10010000000040c4
  regcmd_qword[684] off=0x5d60 value=0x1001000000004100
  regcmd_qword[685] off=0x5d68 value=0x1001000000004104
  regcmd_qword[686] off=0x5d70 value=0x1001000000004108
  regcmd_qword[687] off=0x5d78 value=0x100100000000410c
  regcmd_qword[688] off=0x5d80 value=0x1001000000004110
  regcmd_qword[689] off=0x5d88 value=0x1001000000004114
  regcmd_qword[690] off=0x5d90 value=0x1001000000004118
  regcmd_qword[691] off=0x5d98 value=0x100100000000411c
  regcmd_qword[692] off=0x5da0 value=0x1001000000004120
  regcmd_qword[693] off=0x5da8 value=0x1001000000004124
  regcmd_qword[694] off=0x5db0 value=0x1001000000004128
  regcmd_qword[695] off=0x5db8 value=0x100100000000412c
  regcmd_qword[696] off=0x5dc0 value=0x0101fff9de000010
  regcmd_qword[697] off=0x5dc8 value=0x01010001000e0014
  regcmd_qword[698] off=0x5dd0 value=0x0041000000000000
  regcmd_qword[699] off=0x5dd8 value=0x00810000000d0008
  regcmd_qword[700] off=0x5de0 value=0x0000000000000000
  regcmd_qword[701] off=0x5de8 value=0x0000000000000000
  regcmd_qword[702] off=0x5df0 value=0x0000000000000000
  regcmd_qword[703] off=0x5df8 value=0x0000000000000000
  regcmd_qword[704] off=0x5e00 value=0x40010000000e6004
  regcmd_qword[705] off=0x5e08 value=0x80010000000e7004
  regcmd_qword[706] off=0x5e10 value=0x400100000000600c
  regcmd_qword[707] off=0x5e18 value=0x4001000000006010
  regcmd_qword[708] off=0x5e20 value=0x40010000001f6014
  regcmd_qword[709] off=0x5e28 value=0x4001000000006018
  regcmd_qword[710] off=0x5e30 value=0x400100000000601c
  regcmd_qword[711] off=0x5e38 value=0x40010000001f6020
  regcmd_qword[712] off=0x5e40 value=0x4001000000116024
  regcmd_qword[713] off=0x5e48 value=0x4001000000006034
  regcmd_qword[714] off=0x5e50 value=0x4001000000006038
  regcmd_qword[715] off=0x5e58 value=0x400100000000603c
  regcmd_qword[716] off=0x5e60 value=0x4001000000006040
  regcmd_qword[717] off=0x5e68 value=0x4001000000006044
  regcmd_qword[718] off=0x5e70 value=0x4001000000006048
  regcmd_qword[719] off=0x5e78 value=0x4001fff9c0006070
  regcmd_qword[720] off=0x5e80 value=0x400100000010607c
  regcmd_qword[721] off=0x5e88 value=0x4001000000106084
  regcmd_qword[722] off=0x5e90 value=0x40010000000360dc
  regcmd_qword[723] off=0x5e98 value=0x800100000000700c
  regcmd_qword[724] off=0x5ea0 value=0x8001000000007010
  regcmd_qword[725] off=0x5ea8 value=0x80010000001f7014
  regcmd_qword[726] off=0x5eb0 value=0x8001fff9c400701c
  regcmd_qword[727] off=0x5eb8 value=0x8001000000107024
  regcmd_qword[728] off=0x5ec0 value=0x8001000000107028
  regcmd_qword[729] off=0x5ec8 value=0x8001000000017030
  regcmd_qword[730] off=0x5ed0 value=0x0000000000000000
  regcmd_qword[731] off=0x5ed8 value=0x0101000000000014
  regcmd_qword[732] off=0x5ee0 value=0x0041000000000000
  regcmd_qword[733] off=0x5ee8 value=0x0081000000600008
  regcmd_qword[734] off=0x5ef0 value=0x0000000000000000
  regcmd_qword[735] off=0x5ef8 value=0x0000000000000000
  regcmd_qword[736] off=0x5f00 value=0x10010000000e4004
  regcmd_qword[737] off=0x5f08 value=0x020100000120100c
  regcmd_qword[738] off=0x5f10 value=0x0201200000a01010
  regcmd_qword[739] off=0x5f18 value=0x0201000000091014
  regcmd_qword[740] off=0x5f20 value=0x0201003800131020
  regcmd_qword[741] off=0x5f28 value=0x0201003f00401024
  regcmd_qword[742] off=0x5f30 value=0x0201000000381028
  regcmd_qword[743] off=0x5f38 value=0x020100000428102c
  regcmd_qword[744] off=0x5f40 value=0x0201000040001030
  regcmd_qword[745] off=0x5f48 value=0x0201000000801034
  regcmd_qword[746] off=0x5f50 value=0x0201010100801038
  regcmd_qword[747] off=0x5f58 value=0x02010000001b1040
  regcmd_qword[748] off=0x5f60 value=0x0201000000701044
  regcmd_qword[749] off=0x5f68 value=0x02010000000b104c
  regcmd_qword[750] off=0x5f70 value=0x0201000100001050
  regcmd_qword[751] off=0x5f78 value=0x0201000100001054
  regcmd_qword[752] off=0x5f80 value=0x0201000100001058
  regcmd_qword[753] off=0x5f88 value=0x020100010000105c
  regcmd_qword[754] off=0x5f90 value=0x0201000000001060
  regcmd_qword[755] off=0x5f98 value=0x0201000000001064
  regcmd_qword[756] off=0x5fa0 value=0x0201000000001068
  regcmd_qword[757] off=0x5fa8 value=0x0201ffe100001070
  regcmd_qword[758] off=0x5fb0 value=0x0201000000001074
  regcmd_qword[759] off=0x5fb8 value=0x0201000f000f1078
  regcmd_qword[760] off=0x5fc0 value=0x0201000000e0107c
  regcmd_qword[761] off=0x5fc8 value=0x020100000b601080
  regcmd_qword[762] off=0x5fd0 value=0x0201003800131084
  regcmd_qword[763] off=0x5fd8 value=0x0201000000401088
  regcmd_qword[764] off=0x5fe0 value=0x0201000000001100
  regcmd_qword[765] off=0x5fe8 value=0x0201000000001104
  regcmd_qword[766] off=0x5ff0 value=0x0201fff980001110
  regcmd_qword[767] off=0x5ff8 value=0x0201000000001140
  regcmd_qword[768] off=0x6000 value=0x0201000000001144
  regcmd_qword[769] off=0x6008 value=0x0201000000001148
  regcmd_qword[770] off=0x6010 value=0x020100000000114c
  regcmd_qword[771] off=0x6018 value=0x0201000000001150
  regcmd_qword[772] off=0x6020 value=0x0201000000001154
  regcmd_qword[773] off=0x6028 value=0x0201000000001158
  regcmd_qword[774] off=0x6030 value=0x020100000000115c
  regcmd_qword[775] off=0x6038 value=0x0201000000001160
  regcmd_qword[776] off=0x6040 value=0x0201000000001164
  regcmd_qword[777] off=0x6048 value=0x0201000000001168
  regcmd_qword[778] off=0x6050 value=0x020100000000116c
  regcmd_qword[779] off=0x6058 value=0x0201000000001170
  regcmd_qword[780] off=0x6060 value=0x0201000000001174
  regcmd_qword[781] off=0x6068 value=0x0201000000001178
  regcmd_qword[782] off=0x6070 value=0x020100000000117c
  regcmd_qword[783] off=0x6078 value=0x0201000000001180
  regcmd_qword[784] off=0x6080 value=0x0201000000001184
  regcmd_qword[785] off=0x6088 value=0x0801000002003010
  regcmd_qword[786] off=0x6090 value=0x0801001200373014
  regcmd_qword[787] off=0x6098 value=0x08010000007f3018
  regcmd_qword[788] off=0x60a0 value=0x080100000000301c
  regcmd_qword[789] off=0x60a8 value=0x0801000000003030
  regcmd_qword[790] off=0x60b0 value=0x1001000001e4400c
  regcmd_qword[791] off=0x60b8 value=0x1001480000024010
  regcmd_qword[792] off=0x60c0 value=0x1001000000004014
  regcmd_qword[793] off=0x60c8 value=0x1001ffd4c0004020
  regcmd_qword[794] off=0x60d0 value=0x10010000c4004024
  regcmd_qword[795] off=0x60d8 value=0x1001000000374030
  regcmd_qword[796] off=0x60e0 value=0x1001000000124034
  regcmd_qword[797] off=0x60e8 value=0x1001000000004038
  regcmd_qword[798] off=0x60f0 value=0x1001007f007f403c
  regcmd_qword[799] off=0x60f8 value=0x1001000000534040
  regcmd_qword[800] off=0x6100 value=0x1001000000004044
  regcmd_qword[801] off=0x6108 value=0x1001000000004048
  regcmd_qword[802] off=0x6110 value=0x100100000000404c
  regcmd_qword[803] off=0x6118 value=0x1001000001264050
  regcmd_qword[804] off=0x6120 value=0x1001000000004054
  regcmd_qword[805] off=0x6128 value=0x10010000007f4058
  regcmd_qword[806] off=0x6130 value=0x100100120037405c
  regcmd_qword[807] off=0x6138 value=0x1001000000534060
  regcmd_qword[808] off=0x6140 value=0x1001000000004064
  regcmd_qword[809] off=0x6148 value=0x1001000000004068
  regcmd_qword[810] off=0x6150 value=0x100100000000406c
  regcmd_qword[811] off=0x6158 value=0x1001000003834070
  regcmd_qword[812] off=0x6160 value=0x1001000000004074
  regcmd_qword[813] off=0x6168 value=0x1001000000014078
  regcmd_qword[814] off=0x6170 value=0x100100000000407c
  regcmd_qword[815] off=0x6178 value=0x1001000000004080
  regcmd_qword[816] off=0x6180 value=0x1001000100014084
  regcmd_qword[817] off=0x6188 value=0x1001000000004088
  regcmd_qword[818] off=0x6190 value=0x1001000000004090
  regcmd_qword[819] off=0x6198 value=0x1001000000004094
  regcmd_qword[820] off=0x61a0 value=0x1001000000004098
  regcmd_qword[821] off=0x61a8 value=0x100100000000409c
  regcmd_qword[822] off=0x61b0 value=0x10010000000040a0
  regcmd_qword[823] off=0x61b8 value=0x10010000000040a4
  regcmd_qword[824] off=0x61c0 value=0x10010000000040a8
  regcmd_qword[825] off=0x61c8 value=0x10010000000040ac
  regcmd_qword[826] off=0x61d0 value=0x10010001880040c0
  regcmd_qword[827] off=0x61d8 value=0x10010000000040c4
  regcmd_qword[828] off=0x61e0 value=0x1001000000004100
  regcmd_qword[829] off=0x61e8 value=0x1001000000004104
  regcmd_qword[830] off=0x61f0 value=0x1001000000004108
  regcmd_qword[831] off=0x61f8 value=0x100100000000410c
  regcmd_qword[832] off=0x6200 value=0x1001000000004110
  regcmd_qword[833] off=0x6208 value=0x1001000000004114
  regcmd_qword[834] off=0x6210 value=0x1001000000004118
  regcmd_qword[835] off=0x6218 value=0x100100000000411c
  regcmd_qword[836] off=0x6220 value=0x1001000000004120
  regcmd_qword[837] off=0x6228 value=0x1001000000004124
  regcmd_qword[838] off=0x6230 value=0x1001000000004128
  regcmd_qword[839] off=0x6238 value=0x100100000000412c
  regcmd_qword[840] off=0x6240 value=0x0101fff9e2800010
  regcmd_qword[841] off=0x6248 value=0x01010002000e0014
  regcmd_qword[842] off=0x6250 value=0x0041000000000000
  regcmd_qword[843] off=0x6258 value=0x00810000000d0008
  regcmd_qword[844] off=0x6260 value=0x0000000000000000
  regcmd_qword[845] off=0x6268 value=0x0000000000000000
  regcmd_qword[846] off=0x6270 value=0x0000000000000000
  regcmd_qword[847] off=0x6278 value=0x0000000000000000
  regcmd_qword[848] off=0x6280 value=0x40010000000e6004
  regcmd_qword[849] off=0x6288 value=0x80010000000e7004
  regcmd_qword[850] off=0x6290 value=0x400100000000600c
  regcmd_qword[851] off=0x6298 value=0x4001000000006010
  regcmd_qword[852] off=0x62a0 value=0x40010000001f6014
  regcmd_qword[853] off=0x62a8 value=0x4001000000006018
  regcmd_qword[854] off=0x62b0 value=0x400100000000601c
  regcmd_qword[855] off=0x62b8 value=0x40010000001f6020
  regcmd_qword[856] off=0x62c0 value=0x4001000000116024
  regcmd_qword[857] off=0x62c8 value=0x4001000000006034
  regcmd_qword[858] off=0x62d0 value=0x4001000000006038
  regcmd_qword[859] off=0x62d8 value=0x400100000000603c
  regcmd_qword[860] off=0x62e0 value=0x4001000000006040
  regcmd_qword[861] off=0x62e8 value=0x4001000000006044
  regcmd_qword[862] off=0x62f0 value=0x4001000000006048
  regcmd_qword[863] off=0x62f8 value=0x4001fff9c0006070
  regcmd_qword[864] off=0x6300 value=0x400100000010607c
  regcmd_qword[865] off=0x6308 value=0x4001000000106084
  regcmd_qword[866] off=0x6310 value=0x40010000000360dc
  regcmd_qword[867] off=0x6318 value=0x800100000000700c
  regcmd_qword[868] off=0x6320 value=0x8001000000007010
  regcmd_qword[869] off=0x6328 value=0x80010000001f7014
  regcmd_qword[870] off=0x6330 value=0x8001fff9c400701c
  regcmd_qword[871] off=0x6338 value=0x8001000000107024
  regcmd_qword[872] off=0x6340 value=0x8001000000107028
  regcmd_qword[873] off=0x6348 value=0x8001000000017030
  regcmd_qword[874] off=0x6350 value=0x0000000000000000
  regcmd_qword[875] off=0x6358 value=0x0101000000000014
  regcmd_qword[876] off=0x6360 value=0x0041000000000000
  regcmd_qword[877] off=0x6368 value=0x0081000000600008
  regcmd_qword[878] off=0x6370 value=0x0000000000000000
  regcmd_qword[879] off=0x6378 value=0x0000000000000000
  regcmd_qword[880] off=0x6380 value=0x10010000000e4004
  regcmd_qword[881] off=0x6388 value=0x020100000120100c
  regcmd_qword[882] off=0x6390 value=0x0201200000a01010
  regcmd_qword[883] off=0x6398 value=0x0201000000091014
  regcmd_qword[884] off=0x63a0 value=0x0201003800131020
  regcmd_qword[885] off=0x63a8 value=0x0201003f00401024
  regcmd_qword[886] off=0x63b0 value=0x0201000000381028
  regcmd_qword[887] off=0x63b8 value=0x020100000428102c
  regcmd_qword[888] off=0x63c0 value=0x0201000040001030
  regcmd_qword[889] off=0x63c8 value=0x0201000000801034
  regcmd_qword[890] off=0x63d0 value=0x0201010100801038
  regcmd_qword[891] off=0x63d8 value=0x02010000001b1040
  regcmd_qword[892] off=0x63e0 value=0x0201000000701044
  regcmd_qword[893] off=0x63e8 value=0x02010000000b104c
  regcmd_qword[894] off=0x63f0 value=0x0201000100001050
  regcmd_qword[895] off=0x63f8 value=0x0201000100001054
  regcmd_qword[896] off=0x6400 value=0x0201000100001058
  regcmd_qword[897] off=0x6408 value=0x020100010000105c
  regcmd_qword[898] off=0x6410 value=0x0201000000001060
  regcmd_qword[899] off=0x6418 value=0x0201000000001064
  regcmd_qword[900] off=0x6420 value=0x0201000000001068
  regcmd_qword[901] off=0x6428 value=0x0201ffe142801070
  regcmd_qword[902] off=0x6430 value=0x0201000000001074
  regcmd_qword[903] off=0x6438 value=0x0201000f000f1078
  regcmd_qword[904] off=0x6440 value=0x0201000000e0107c
  regcmd_qword[905] off=0x6448 value=0x020100000b601080
  regcmd_qword[906] off=0x6450 value=0x0201003800131084
  regcmd_qword[907] off=0x6458 value=0x0201000000401088
  regcmd_qword[908] off=0x6460 value=0x0201000000001100
  regcmd_qword[909] off=0x6468 value=0x0201000000001104
  regcmd_qword[910] off=0x6470 value=0x0201fff980001110
  regcmd_qword[911] off=0x6478 value=0x0201000000001140
  regcmd_qword[912] off=0x6480 value=0x0201000000001144
  regcmd_qword[913] off=0x6488 value=0x0201000000001148
  regcmd_qword[914] off=0x6490 value=0x020100000000114c
  regcmd_qword[915] off=0x6498 value=0x0201000000001150
  regcmd_qword[916] off=0x64a0 value=0x0201000000001154
  regcmd_qword[917] off=0x64a8 value=0x0201000000001158
  regcmd_qword[918] off=0x64b0 value=0x020100000000115c
  regcmd_qword[919] off=0x64b8 value=0x0201000000001160
  regcmd_qword[920] off=0x64c0 value=0x0201000000001164
  regcmd_qword[921] off=0x64c8 value=0x0201000000001168
  regcmd_qword[922] off=0x64d0 value=0x020100000000116c
  regcmd_qword[923] off=0x64d8 value=0x0201000000001170
  regcmd_qword[924] off=0x64e0 value=0x0201000000001174
  regcmd_qword[925] off=0x64e8 value=0x0201000000001178
  regcmd_qword[926] off=0x64f0 value=0x020100000000117c
  regcmd_qword[927] off=0x64f8 value=0x0201000000001180
  regcmd_qword[928] off=0x6500 value=0x0201000000001184
  regcmd_qword[929] off=0x6508 value=0x0801000002003010
  regcmd_qword[930] off=0x6510 value=0x0801001200373014
  regcmd_qword[931] off=0x6518 value=0x08010000007f3018
  regcmd_qword[932] off=0x6520 value=0x080100000000301c
  regcmd_qword[933] off=0x6528 value=0x0801000000003030
  regcmd_qword[934] off=0x6530 value=0x1001000001e4400c
  regcmd_qword[935] off=0x6538 value=0x1001480000024010
  regcmd_qword[936] off=0x6540 value=0x1001000000004014
  regcmd_qword[937] off=0x6548 value=0x1001ffd502804020
  regcmd_qword[938] off=0x6550 value=0x10010000c4004024
  regcmd_qword[939] off=0x6558 value=0x1001000000374030
  regcmd_qword[940] off=0x6560 value=0x1001000000124034
  regcmd_qword[941] off=0x6568 value=0x1001000000004038
  regcmd_qword[942] off=0x6570 value=0x1001007f007f403c
  regcmd_qword[943] off=0x6578 value=0x1001000000534040
  regcmd_qword[944] off=0x6580 value=0x1001000000004044
  regcmd_qword[945] off=0x6588 value=0x1001000000004048
  regcmd_qword[946] off=0x6590 value=0x100100000000404c
  regcmd_qword[947] off=0x6598 value=0x1001000001264050
  regcmd_qword[948] off=0x65a0 value=0x1001000000004054
  regcmd_qword[949] off=0x65a8 value=0x10010000007f4058
  regcmd_qword[950] off=0x65b0 value=0x100100120037405c
  regcmd_qword[951] off=0x65b8 value=0x1001000000534060
  regcmd_qword[952] off=0x65c0 value=0x1001000000004064
  regcmd_qword[953] off=0x65c8 value=0x1001000000004068
  regcmd_qword[954] off=0x65d0 value=0x100100000000406c
  regcmd_qword[955] off=0x65d8 value=0x1001000003834070
  regcmd_qword[956] off=0x65e0 value=0x1001000000004074
  regcmd_qword[957] off=0x65e8 value=0x1001000000014078
  regcmd_qword[958] off=0x65f0 value=0x100100000000407c
  regcmd_qword[959] off=0x65f8 value=0x1001000000004080
  regcmd_qword[960] off=0x6600 value=0x1001000100014084
  regcmd_qword[961] off=0x6608 value=0x1001000000004088
  regcmd_qword[962] off=0x6610 value=0x1001000000004090
  regcmd_qword[963] off=0x6618 value=0x1001000000004094
  regcmd_qword[964] off=0x6620 value=0x1001000000004098
  regcmd_qword[965] off=0x6628 value=0x100100000000409c
  regcmd_qword[966] off=0x6630 value=0x10010000000040a0
  regcmd_qword[967] off=0x6638 value=0x10010000000040a4
  regcmd_qword[968] off=0x6640 value=0x10010000000040a8
  regcmd_qword[969] off=0x6648 value=0x10010000000040ac
  regcmd_qword[970] off=0x6650 value=0x10010001880040c0
  regcmd_qword[971] off=0x6658 value=0x10010000000040c4
  regcmd_qword[972] off=0x6660 value=0x1001000000004100
  regcmd_qword[973] off=0x6668 value=0x1001000000004104
  regcmd_qword[974] off=0x6670 value=0x1001000000004108
  regcmd_qword[975] off=0x6678 value=0x100100000000410c
  regcmd_qword[976] off=0x6680 value=0x1001000000004110
  regcmd_qword[977] off=0x6688 value=0x1001000000004114
  regcmd_qword[978] off=0x6690 value=0x1001000000004118
  regcmd_qword[979] off=0x6698 value=0x100100000000411c
  regcmd_qword[980] off=0x66a0 value=0x1001000000004120
  regcmd_qword[981] off=0x66a8 value=0x1001000000004124
  regcmd_qword[982] off=0x66b0 value=0x1001000000004128
  regcmd_qword[983] off=0x66b8 value=0x100100000000412c
  regcmd_qword[984] off=0x66c0 value=0x0101fff9e7000010
  regcmd_qword[985] off=0x66c8 value=0x01010002000e0014
  regcmd_qword[986] off=0x66d0 value=0x0041000000000000
  regcmd_qword[987] off=0x66d8 value=0x00810000000d0008
  regcmd_qword[988] off=0x66e0 value=0x0000000000000000
  regcmd_qword[989] off=0x66e8 value=0x0000000000000000
  regcmd_qword[990] off=0x66f0 value=0x0000000000000000
  regcmd_qword[991] off=0x66f8 value=0x0000000000000000
  regcmd_qword[992] off=0x6700 value=0x40010000000e6004
  regcmd_qword[993] off=0x6708 value=0x80010000000e7004
  regcmd_qword[994] off=0x6710 value=0x400100000000600c
  regcmd_qword[995] off=0x6718 value=0x4001000000006010
  regcmd_qword[996] off=0x6720 value=0x40010000001f6014
  regcmd_qword[997] off=0x6728 value=0x4001000000006018
  regcmd_qword[998] off=0x6730 value=0x400100000000601c
  regcmd_qword[999] off=0x6738 value=0x40010000001f6020
  regcmd_qword[1000] off=0x6740 value=0x4001000000116024
  regcmd_qword[1001] off=0x6748 value=0x4001000000006034
  regcmd_qword[1002] off=0x6750 value=0x4001000000006038
  regcmd_qword[1003] off=0x6758 value=0x400100000000603c
  regcmd_qword[1004] off=0x6760 value=0x4001000000006040
  regcmd_qword[1005] off=0x6768 value=0x4001000000006044
  regcmd_qword[1006] off=0x6770 value=0x4001000000006048
  regcmd_qword[1007] off=0x6778 value=0x4001fff9c0006070
  regcmd_qword[1008] off=0x6780 value=0x400100000010607c
  regcmd_qword[1009] off=0x6788 value=0x4001000000106084
  regcmd_qword[1010] off=0x6790 value=0x40010000000360dc
  regcmd_qword[1011] off=0x6798 value=0x800100000000700c
  regcmd_qword[1012] off=0x67a0 value=0x8001000000007010
  regcmd_qword[1013] off=0x67a8 value=0x80010000001f7014
  regcmd_qword[1014] off=0x67b0 value=0x8001fff9c400701c
  regcmd_qword[1015] off=0x67b8 value=0x8001000000107024
  regcmd_qword[1016] off=0x67c0 value=0x8001000000107028
  regcmd_qword[1017] off=0x67c8 value=0x8001000000017030
  regcmd_qword[1018] off=0x67d0 value=0x0000000000000000
  regcmd_qword[1019] off=0x67d8 value=0x0101000000000014
  regcmd_qword[1020] off=0x67e0 value=0x0041000000000000
  regcmd_qword[1021] off=0x67e8 value=0x0081000000600008
  regcmd_qword[1022] off=0x67f0 value=0x0000000000000000
  regcmd_qword[1023] off=0x67f8 value=0x0000000000000000
  regcmd_qword[1024] off=0x6800 value=0x10010000000e4004
  regcmd_qword[1025] off=0x6808 value=0x020100000120100c
  regcmd_qword[1026] off=0x6810 value=0x0201200000a01010
  regcmd_qword[1027] off=0x6818 value=0x0201000000091014
  regcmd_qword[1028] off=0x6820 value=0x0201003800121020
  regcmd_qword[1029] off=0x6828 value=0x0201003f00401024
  regcmd_qword[1030] off=0x6830 value=0x0201000000381028
  regcmd_qword[1031] off=0x6838 value=0x0201000003f0102c
  regcmd_qword[1032] off=0x6840 value=0x0201000040001030
  regcmd_qword[1033] off=0x6848 value=0x0201000000801034
  regcmd_qword[1034] off=0x6850 value=0x0201010100801038
  regcmd_qword[1035] off=0x6858 value=0x02010000001b1040
  regcmd_qword[1036] off=0x6860 value=0x0201000000701044
  regcmd_qword[1037] off=0x6868 value=0x02010000000b104c
  regcmd_qword[1038] off=0x6870 value=0x0201000100001050
  regcmd_qword[1039] off=0x6878 value=0x0201000100001054
  regcmd_qword[1040] off=0x6880 value=0x0201000100001058
  regcmd_qword[1041] off=0x6888 value=0x020100010000105c
  regcmd_qword[1042] off=0x6890 value=0x0201000000001060
  regcmd_qword[1043] off=0x6898 value=0x0201000000001064
  regcmd_qword[1044] off=0x68a0 value=0x0201000000001068
  regcmd_qword[1045] off=0x68a8 value=0x0201ffe185001070
  regcmd_qword[1046] off=0x68b0 value=0x0201000000001074
  regcmd_qword[1047] off=0x68b8 value=0x0201000f000f1078
  regcmd_qword[1048] off=0x68c0 value=0x0201000000e0107c
  regcmd_qword[1049] off=0x68c8 value=0x020100000b601080
  regcmd_qword[1050] off=0x68d0 value=0x0201003800121084
  regcmd_qword[1051] off=0x68d8 value=0x0201000000401088
  regcmd_qword[1052] off=0x68e0 value=0x0201000000001100
  regcmd_qword[1053] off=0x68e8 value=0x0201000000001104
  regcmd_qword[1054] off=0x68f0 value=0x0201fff980001110
  regcmd_qword[1055] off=0x68f8 value=0x0201000000001140
  regcmd_qword[1056] off=0x6900 value=0x0201000000001144
  regcmd_qword[1057] off=0x6908 value=0x0201000000001148
  regcmd_qword[1058] off=0x6910 value=0x020100000000114c
  regcmd_qword[1059] off=0x6918 value=0x0201000000001150
  regcmd_qword[1060] off=0x6920 value=0x0201000000001154
  regcmd_qword[1061] off=0x6928 value=0x0201000000001158
  regcmd_qword[1062] off=0x6930 value=0x020100000000115c
  regcmd_qword[1063] off=0x6938 value=0x0201000000001160
  regcmd_qword[1064] off=0x6940 value=0x0201000000001164
  regcmd_qword[1065] off=0x6948 value=0x0201000000001168
  regcmd_qword[1066] off=0x6950 value=0x020100000000116c
  regcmd_qword[1067] off=0x6958 value=0x0201000000001170
  regcmd_qword[1068] off=0x6960 value=0x0201000000001174
  regcmd_qword[1069] off=0x6968 value=0x0201000000001178
  regcmd_qword[1070] off=0x6970 value=0x020100000000117c
  regcmd_qword[1071] off=0x6978 value=0x0201000000001180
  regcmd_qword[1072] off=0x6980 value=0x0201000000001184
  regcmd_qword[1073] off=0x6988 value=0x0801000002003010
  regcmd_qword[1074] off=0x6990 value=0x0801001100373014
  regcmd_qword[1075] off=0x6998 value=0x08010000007f3018
  regcmd_qword[1076] off=0x69a0 value=0x080100000000301c
  regcmd_qword[1077] off=0x69a8 value=0x0801000000003030
  regcmd_qword[1078] off=0x69b0 value=0x1001000001e4400c
  regcmd_qword[1079] off=0x69b8 value=0x1001480000024010
  regcmd_qword[1080] off=0x69c0 value=0x1001000000004014
  regcmd_qword[1081] off=0x69c8 value=0x1001ffd545004020
  regcmd_qword[1082] off=0x69d0 value=0x10010000c4004024
  regcmd_qword[1083] off=0x69d8 value=0x1001000000374030
  regcmd_qword[1084] off=0x69e0 value=0x1001000000114034
  regcmd_qword[1085] off=0x69e8 value=0x1001000000004038
  regcmd_qword[1086] off=0x69f0 value=0x1001007f007f403c
  regcmd_qword[1087] off=0x69f8 value=0x1001000000534040
  regcmd_qword[1088] off=0x6a00 value=0x1001000000004044
  regcmd_qword[1089] off=0x6a08 value=0x1001000000004048
  regcmd_qword[1090] off=0x6a10 value=0x100100000000404c
  regcmd_qword[1091] off=0x6a18 value=0x1001000001264050
  regcmd_qword[1092] off=0x6a20 value=0x1001000000004054
  regcmd_qword[1093] off=0x6a28 value=0x10010000007f4058
  regcmd_qword[1094] off=0x6a30 value=0x100100110037405c
  regcmd_qword[1095] off=0x6a38 value=0x1001000000534060
  regcmd_qword[1096] off=0x6a40 value=0x1001000000004064
  regcmd_qword[1097] off=0x6a48 value=0x1001000000004068
  regcmd_qword[1098] off=0x6a50 value=0x100100000000406c
  regcmd_qword[1099] off=0x6a58 value=0x1001000003834070
  regcmd_qword[1100] off=0x6a60 value=0x1001000000004074
  regcmd_qword[1101] off=0x6a68 value=0x1001000000014078
  regcmd_qword[1102] off=0x6a70 value=0x100100000000407c
  regcmd_qword[1103] off=0x6a78 value=0x1001000000004080
  regcmd_qword[1104] off=0x6a80 value=0x1001000100014084
  regcmd_qword[1105] off=0x6a88 value=0x1001000000004088
  regcmd_qword[1106] off=0x6a90 value=0x1001000000004090
  regcmd_qword[1107] off=0x6a98 value=0x1001000000004094
  regcmd_qword[1108] off=0x6aa0 value=0x1001000000004098
  regcmd_qword[1109] off=0x6aa8 value=0x100100000000409c
  regcmd_qword[1110] off=0x6ab0 value=0x10010000000040a0
  regcmd_qword[1111] off=0x6ab8 value=0x10010000000040a4
  regcmd_qword[1112] off=0x6ac0 value=0x10010000000040a8
  regcmd_qword[1113] off=0x6ac8 value=0x10010000000040ac
  regcmd_qword[1114] off=0x6ad0 value=0x10010001880040c0
  regcmd_qword[1115] off=0x6ad8 value=0x10010000000040c4
  regcmd_qword[1116] off=0x6ae0 value=0x1001000000004100
  regcmd_qword[1117] off=0x6ae8 value=0x1001000000004104
  regcmd_qword[1118] off=0x6af0 value=0x1001000000004108
  regcmd_qword[1119] off=0x6af8 value=0x100100000000410c
  regcmd_qword[1120] off=0x6b00 value=0x1001000000004110
  regcmd_qword[1121] off=0x6b08 value=0x1001000000004114
  regcmd_qword[1122] off=0x6b10 value=0x1001000000004118
  regcmd_qword[1123] off=0x6b18 value=0x100100000000411c
  regcmd_qword[1124] off=0x6b20 value=0x1001000000004120
  regcmd_qword[1125] off=0x6b28 value=0x1001000000004124
  regcmd_qword[1126] off=0x6b30 value=0x1001000000004128
  regcmd_qword[1127] off=0x6b38 value=0x100100000000412c
  regcmd_qword[1128] off=0x6b40 value=0x0101fff9eb800010
  regcmd_qword[1129] off=0x6b48 value=0x01010002000e0014
  regcmd_qword[1130] off=0x6b50 value=0x0041000000000000
  regcmd_qword[1131] off=0x6b58 value=0x00810000000d0008
  regcmd_qword[1132] off=0x6b60 value=0x0000000000000000
  regcmd_qword[1133] off=0x6b68 value=0x0000000000000000
  regcmd_qword[1134] off=0x6b70 value=0x0000000000000000
  regcmd_qword[1135] off=0x6b78 value=0x0000000000000000
  regcmd_qword[1136] off=0x6b80 value=0x40010000000e6004
  regcmd_qword[1137] off=0x6b88 value=0x80010000000e7004
  regcmd_qword[1138] off=0x6b90 value=0x400100000000600c
  regcmd_qword[1139] off=0x6b98 value=0x4001000000006010
  regcmd_qword[1140] off=0x6ba0 value=0x40010000001f6014
  regcmd_qword[1141] off=0x6ba8 value=0x4001000000006018
  regcmd_qword[1142] off=0x6bb0 value=0x400100000000601c
  regcmd_qword[1143] off=0x6bb8 value=0x40010000001f6020
  regcmd_qword[1144] off=0x6bc0 value=0x4001000000116024
  regcmd_qword[1145] off=0x6bc8 value=0x4001000000006034
  regcmd_qword[1146] off=0x6bd0 value=0x4001000000006038
  regcmd_qword[1147] off=0x6bd8 value=0x400100000000603c
  regcmd_qword[1148] off=0x6be0 value=0x4001000000006040
  regcmd_qword[1149] off=0x6be8 value=0x4001000000006044
  regcmd_qword[1150] off=0x6bf0 value=0x4001000000006048
  regcmd_qword[1151] off=0x6bf8 value=0x4001fff9c0006070
  regcmd_qword[1152] off=0x6c00 value=0x400100000010607c
  regcmd_qword[1153] off=0x6c08 value=0x4001000000106084
  regcmd_qword[1154] off=0x6c10 value=0x40010000000360dc
  regcmd_qword[1155] off=0x6c18 value=0x800100000000700c
  regcmd_qword[1156] off=0x6c20 value=0x8001000000007010
  regcmd_qword[1157] off=0x6c28 value=0x80010000001f7014
  regcmd_qword[1158] off=0x6c30 value=0x8001fff9c400701c
  regcmd_qword[1159] off=0x6c38 value=0x8001000000107024
  regcmd_qword[1160] off=0x6c40 value=0x8001000000107028
  regcmd_qword[1161] off=0x6c48 value=0x8001000000017030
  regcmd_qword[1162] off=0x6c50 value=0x0000000000000000
  regcmd_qword[1163] off=0x6c58 value=0x0101000000000014
  regcmd_qword[1164] off=0x6c60 value=0x0041000000000000
  regcmd_qword[1165] off=0x6c68 value=0x0081000000600008
  regcmd_qword[1166] off=0x6c70 value=0x0000000000000000
  regcmd_qword[1167] off=0x6c78 value=0x0000000000000000
GEM 3: handle=3 size=1204224 map_offset=0x100008000
  task_like_entries=0
GEM 4: handle=4 size=401408 map_offset=0x10012e000
  task_like_entries=0
GEM 5: handle=5 size=802816 map_offset=0x100190000
  task_like_entries=0
GEM 6: unavailable: [Errno 2] No such file or directory
submit #1: task_number=6 task_obj_addr=0xffffff8102fc3800
D RKNN: [13:37:26.074] allocated memory, name: input, virt addr: 0x7ff70bd000, dma addr: 0xffe10000, obj addr: 0xffffff8102fc6800, size: 401408, aligned size: 401408, fd: 7, handle: 4, flags: 0x403, gem name: 4, iommu domain id: 0
D RKNN: [13:37:26.077] allocated memory, name: output, virt addr: 0x7ff6ff9000, dma addr: 0xffd4c000, obj addr: 0xffffff8102fc2400, size: 802816, aligned size: 802816, fd: 8, handle: 5, flags: 0x403, gem name: 5, iommu domain id: 0
D RKNN: [13:37:26.077] normalize target: CPU
W RKNN: [13:37:26.085] Failed to get NPU freq, take 1000MHz as default NPU freq
D RKNN: [13:37:26.085] Get DDR frequency: 528MHz
D RKNN: [13:37:26.087] dump npy tensor to: dumps/000_InputOperator_input_shape_1_64_56_56_float.npy
D RKNN: [13:37:26.258] dump npy tensor to: dumps/001_Conv_output_shape_1_128_56_56_float.npy
D RKNN: [13:37:26.296] dump npy tensor to: dumps/002_OutputOperator_output_shape_1_128_56_56_float.npy
D RKNN: [13:37:26.334] ------------------------------------------------------------------------------------------------------------------------------------------------------------------------------------------------------------------------------
D RKNN: [13:37:26.334]                                                                           Network Layer Information Table                                                                                
D RKNN: [13:37:26.334] ------------------------------------------------------------------------------------------------------------------------------------------------------------------------------------------------------------------------------
D RKNN: [13:37:26.334] ID   OpType             DataType Target InputShape                               OutputShape            Cycles(DDR/NPU/Total)    Time(us)     MacUsage(%)          WorkLoad(0/1/2)      RW(KB)       FullName        
D RKNN: [13:37:26.334] ------------------------------------------------------------------------------------------------------------------------------------------------------------------------------------------------------------------------------
D RKNN: [13:37:26.334] 1    InputOperator      FLOAT16  CPU    \                                        (1,64,56,56)           0/0/0                    15                                0.0%/0.0%/0.0%       0            InputOperator:input
D RKNN: [13:37:26.334] 2    Conv               FLOAT16  NPU    (1,64,56,56),(128,64,1,1)                (1,128,56,56)          206393/50176/206393      145791       0.03/0.00/0.00       100.0%/0.0%/0.0%     408          Conv:/conv/Conv 
D RKNN: [13:37:26.334] 3    OutputOperator     FLOAT16  CPU    (1,128,56,56)                            \                      0/0/0                    899                               0.0%/0.0%/0.0%       784          OutputOperator:output
D RKNN: [13:37:26.334] ------------------------------------------------------------------------------------------------------------------------------------------------------------------------------------------------------------------------------
D RKNN: [13:37:26.334] Total Operator Elapsed Per Frame Time(us): 146705
D RKNN: [13:37:26.334] Total Memory Read/Write Per Frame Size(KB): 1192.00
D RKNN: [13:37:26.334] ------------------------------------------------------------------------------------------------------------------------------------------------------------------------------------------------------------------------------
D RKNN: [13:37:26.334] ---------------------------------------------------------------------------------------------------
D RKNN: [13:37:26.334]                                  Operator Time Consuming Ranking Table            
D RKNN: [13:37:26.334] ---------------------------------------------------------------------------------------------------
D RKNN: [13:37:26.334] OpType             CallNumber   CPUTime(us)  GPUTime(us)  NPUTime(us)  TotalTime(us)  TimeRatio(%)  
D RKNN: [13:37:26.334] ---------------------------------------------------------------------------------------------------
D RKNN: [13:37:26.334] Conv               1            0            0            145791       145791         99.38%        
D RKNN: [13:37:26.334] OutputOperator     1            899          0            0            899            0.61%         
D RKNN: [13:37:26.334] InputOperator      1            15           0            0            15             0.01%         
D RKNN: [13:37:26.334] ---------------------------------------------------------------------------------------------------
D RKNN: [13:37:26.334] Total                           914          0            145791       146705        
D RKNN: [13:37:26.334] ---------------------------------------------------------------------------------------------------
  Output shape: 1x128x56x56
D RKNN: [13:37:26.503] free memory, name: internal, virt addr: 0x7ff72aa000, dma addr: 0xffe72000, obj addr: 0xffffff8102fc4400, size: 1204224, aligned size: 1204224, fd: 6, handle: 3, flags: 0x403, gem name: 3, iommu domain id: 0
D RKNN: [13:37:26.504] free memory, name: weight, virt addr: 0x7ff7fef000, dma addr: 0xfff98000, obj addr: 0xffffff8102fc4800, size: 28352, aligned size: 28672, fd: 5, handle: 2, flags: 0x403, gem name: 2, iommu domain id: 0
D RKNN: [13:37:26.504] free memory, name: task, virt addr: 0x7ff7ff6000, dma addr: 0xfff9f000, obj addr: 0xffffff8102fc3800, size: 560, aligned size: 4096, fd: 4, handle: 1, flags: 0x40b, gem name: 1, iommu domain id: 0
D RKNN: [13:37:26.505] free memory, name: input, virt addr: 0x7ff70bd000, dma addr: 0xffe10000, obj addr: 0xffffff8102fc6800, size: 401408, aligned size: 401408, fd: 7, handle: 4, flags: 0x403, gem name: 4, iommu domain id: 0
D RKNN: [13:37:26.505] free memory, name: output, virt addr: 0x7ff6ff9000, dma addr: 0xffd4c000, obj addr: 0xffffff8102fc2400, size: 802816, aligned size: 802816, fd: 8, handle: 5, flags: 0x403, gem name: 5, iommu domain id: 0

  ✓ PASSED (max error: 0.0205193)

################################################################################
TEST SUMMARY
################################################################################
Total tests: 1
Passed: 1
Failed: 0
################################################################################
[Inferior 1 (process 15520) exited normally]
