Function "ioctl" not defined.
Breakpoint 1 (ioctl) pending.
[Thread debugging using libthread_db enabled]
Using host libthread_db library "/lib/aarch64-linux-gnu/libthread_db.so.1".

################################################################################
Conv2D Multi-Test Suite
Testing 1 different convolution shapes
################################################################################

================================================================================
TEST: conv2d_channeltile_160x320_3x3
  Weight shape: (320,160,3,3)
================================================================================
I RKNN: [11:31:50.875] RKNN Runtime Information, librknnrt version: 2.3.0 (c949ad889d@2024-11-07T11:35:33)
I RKNN: [11:31:50.877] RKNN Driver Information, version: 0.9.8
I RKNN: [11:31:50.878] RKNN Model Information, version: 6, toolkit version: 2.3.2(compiler version: 2.3.2 (@2025-04-03T08:26:16)), target: RKNPU v2, target platform: rk3588, framework name: ONNX, framework layout: NCHW, model inference type: static_shape
D RKNN: [11:31:50.882] allocated memory, name: task, virt addr: 0x7ff7ff6000, dma addr: 0xfffdf000, obj addr: 0xffffff8137a20400, size: 440, aligned size: 4096, fd: 4, handle: 1, flags: 0x40b, gem name: 1, iommu domain id: 0
D RKNN: [11:31:50.884] allocated memory, name: weight, virt addr: 0x7ff7206000, dma addr: 0xffefb000, obj addr: 0xffffff8137a26000, size: 930752, aligned size: 933888, fd: 5, handle: 2, flags: 0x403, gem name: 2, iommu domain id: 0
D RKNN: [11:31:50.886] subgraph0 regcmdbuffer size: 6656, taskbuffer size: 440
D RKNN: [11:31:50.887] allocated memory, name: internal, virt addr: 0x7ff7685000, dma addr: 0xffef0000, obj addr: 0xffffff8137a27800, size: 43520, aligned size: 45056, fd: 6, handle: 3, flags: 0x403, gem name: 3, iommu domain id: 0
D RKNN: [11:31:50.887] ---------------------------------------------------------------------------------------------------------------
D RKNN: [11:31:50.887]                                      Feature Tensor Information Table                       
D RKNN: [11:31:50.887] -----------------------------------------------------------------------------+---------------------------------
D RKNN: [11:31:50.887] ID  User           Tensor   DataType  DataFormat   OrigShape    NativeShape  |     [Start       End)       Size
D RKNN: [11:31:50.887] -----------------------------------------------------------------------------+---------------------------------
D RKNN: [11:31:50.887] 1   Conv           input    FLOAT16   NC1HWC2      (1,160,8,8)  (1,80,8,8,8) | 0xffef0000 0xffef5000 0x00005000
D RKNN: [11:31:50.887] 2   OutputOperator output   FLOAT16   NC1HWC2      (1,320,6,6)  (1,160,6,6,8) | 0xffef5000*0xffefaa00 0x00005a00
D RKNN: [11:31:50.887] -----------------------------------------------------------------------------+---------------------------------
D RKNN: [11:31:50.887] -------------------------------------------------------------------------------
D RKNN: [11:31:50.887]                           Const Tensor Information Table         
D RKNN: [11:31:50.887] ---------------------------------------------+---------------------------------
D RKNN: [11:31:50.887] ID  User Tensor      DataType  OrigShape     |     [Start       End)       Size
D RKNN: [11:31:50.887] ---------------------------------------------+---------------------------------
D RKNN: [11:31:50.887] 1   Conv conv.weight FLOAT16   (320,160,3,3) | 0xffefb000 0xfffdc000 0x000e1000
D RKNN: [11:31:50.887] ---------------------------------------------+---------------------------------
D RKNN: [11:31:50.887] ----------------------------------------
D RKNN: [11:31:50.887] Total Internal Memory Size: 42.5KB
D RKNN: [11:31:50.887] Total Weight Memory Size: 902KB
D RKNN: [11:31:50.887] ----------------------------------------
D RKNN: [11:31:50.887] The RKNN_FLAG_EXECUTE_FALLBACK_PRIOR_DEVICE_GPU is not set and without GPU op in Graphs, OpenCL will not be initialized
  Native input type: FP16, format: NC1HWC2
  Native input dims: 1 20 8 8 8
  Native input size: 20480, size_with_stride: 20480, w_stride: 8
  Native output type: FP16, format: NC1HWC2
  Native output dims: 1 40 6 6 8
  Native output size: 23040, size_with_stride: 23040, w_stride: 0
GEM 1: handle=1 size=4096 map_offset=0x100000000
  task_like_entries=11
  task_like[0] off=0x0000 flags=0x00000000 op_idx=1 enable_mask=0x0000000d int_mask=0x00000300 int_clear=0x0001ffff int_status=0x00000000 regcfg_amount=108 regcfg_offset=0 regcmd_addr=0x00000000fffdc800
  task_like[1] off=0x0028 flags=0x00000000 op_idx=1 enable_mask=0x0000000d int_mask=0x00000300 int_clear=0x0001ffff int_status=0x00000000 regcfg_amount=104 regcfg_offset=0 regcmd_addr=0x00000000fffdcb80
  task_like[2] off=0x0050 flags=0x00000000 op_idx=1 enable_mask=0x00000060 int_mask=0x00000c00 int_clear=0x0001ffff int_status=0x00000000 regcfg_amount=26 regcfg_offset=0 regcmd_addr=0x00000000fffdcf00
  task_like[3] off=0x0078 flags=0x00000000 op_idx=1 enable_mask=0x0000000d int_mask=0x00000300 int_clear=0x0001ffff int_status=0x00000000 regcfg_amount=104 regcfg_offset=0 regcmd_addr=0x00000000fffdd000
  task_like[4] off=0x00a0 flags=0x00000000 op_idx=1 enable_mask=0x00000060 int_mask=0x00000c00 int_clear=0x0001ffff int_status=0x00000000 regcfg_amount=26 regcfg_offset=0 regcmd_addr=0x00000000fffdd380
  task_like[5] off=0x00c8 flags=0x00000000 op_idx=1 enable_mask=0x0000000d int_mask=0x00000300 int_clear=0x0001ffff int_status=0x00000000 regcfg_amount=104 regcfg_offset=0 regcmd_addr=0x00000000fffdd480
  task_like[6] off=0x00f0 flags=0x00000000 op_idx=1 enable_mask=0x00000060 int_mask=0x00000c00 int_clear=0x0001ffff int_status=0x00000000 regcfg_amount=26 regcfg_offset=0 regcmd_addr=0x00000000fffdd800
  task_like[7] off=0x0118 flags=0x00000000 op_idx=1 enable_mask=0x0000000d int_mask=0x00000300 int_clear=0x0001ffff int_status=0x00000000 regcfg_amount=104 regcfg_offset=0 regcmd_addr=0x00000000fffdd900
  task_like[8] off=0x0140 flags=0x00000000 op_idx=1 enable_mask=0x00000060 int_mask=0x00000c00 int_clear=0x0001ffff int_status=0x00000000 regcfg_amount=26 regcfg_offset=0 regcmd_addr=0x00000000fffddc80
  task_like[9] off=0x0168 flags=0x00000000 op_idx=1 enable_mask=0x0000000d int_mask=0x00000300 int_clear=0x0001ffff int_status=0x00000000 regcfg_amount=104 regcfg_offset=0 regcmd_addr=0x00000000fffddd80
  task_like[10] off=0x0190 flags=0x00000000 op_idx=1 enable_mask=0x00000060 int_mask=0x00000c00 int_clear=0x0001ffff int_status=0x00000000 regcfg_amount=26 regcfg_offset=0 regcmd_addr=0x00000000fffde100
GEM 2: handle=2 size=933888 map_offset=0x100001000
  task_like_entries=39
  task_like[0] off=0xe11e0 flags=0x746e6175 op_idx=1852403039 enable_mask=0xbf006500 int_mask=0xbd4a3aa8 int_clear=0x3f3d719b int_status=0x3e3cfc9c regcfg_amount=33 regcfg_offset=0 regcmd_addr=0x00000055beff49a0
  task_like[1] off=0xe1258 flags=0x00000021 op_idx=0 enable_mask=0xbf00e580 int_mask=0x00000055 int_clear=0xbefee6e0 int_status=0x00000055 regcfg_amount=1728 regcfg_offset=0 regcmd_addr=0x0000000000000040
  task_like[2] off=0xe12d0 flags=0x00000000 op_idx=0 enable_mask=0x00000000 int_mask=0x00000000 int_clear=0xbf009cf8 int_status=0x00000055 regcfg_amount=1 regcfg_offset=3205495752 regcmd_addr=0x00000055bf009930
  task_like[3] off=0xe1708 flags=0x00000000 op_idx=1 enable_mask=0x0000000b int_mask=0x00000000 int_clear=0x00000002 int_status=0x00000003 regcfg_amount=6 regcfg_offset=0 regcmd_addr=0x0000000000000000
  task_like[4] off=0xe1938 flags=0x00001150 op_idx=33619968 enable_mask=0x00001154 int_mask=0x02010000 int_clear=0x00001158 int_status=0x02010000 regcfg_amount=4444 regcfg_offset=33619968 regcmd_addr=0x0201000000001160
  task_like[5] off=0xe1988 flags=0x00001178 op_idx=33619968 enable_mask=0x0000117c int_mask=0x02010000 int_clear=0x00001180 int_status=0x02010000 regcfg_amount=4484 regcfg_offset=33619968 regcmd_addr=0x0801000002003010
  task_like[6] off=0xe1a78 flags=0x03834070 op_idx=268500992 enable_mask=0x00004074 int_mask=0x10010000 int_clear=0x00014078 int_status=0x10010000 regcfg_amount=16508 regcfg_offset=268500992 regcmd_addr=0x1001000000004080
  task_like[7] off=0xe1b40 flags=0x00004120 op_idx=268500992 enable_mask=0x00004124 int_mask=0x10010000 int_clear=0x00004128 int_status=0x10010000 regcfg_amount=16684 regcfg_offset=268500992 regcmd_addr=0x0000000000000000
  task_like[8] off=0xe1c08 flags=0x0000105c op_idx=33619969 enable_mask=0x00001060 int_mask=0x02010000 int_clear=0x00001064 int_status=0x02010000 regcfg_amount=4200 regcfg_offset=33619968 regcmd_addr=0x0201ffeeb0001070
  task_like[9] off=0xe1e10 flags=0x00004090 op_idx=268500992 enable_mask=0x00004094 int_mask=0x10010000 int_clear=0x00004098 int_status=0x10010000 regcfg_amount=16540 regcfg_offset=268500992 regcmd_addr=0x10010000000040a0
  task_like[10] off=0xe1e60 flags=0x00004100 op_idx=268500992 enable_mask=0x00004104 int_mask=0x10010000 int_clear=0x00004108 int_status=0x10010000 regcfg_amount=16652 regcfg_offset=268500992 regcmd_addr=0x1001000000004110
  task_like[11] off=0xe2158 flags=0x00001170 op_idx=33619968 enable_mask=0x00001174 int_mask=0x02010000 int_clear=0x00001178 int_status=0x02010000 regcfg_amount=4476 regcfg_offset=33619968 regcmd_addr=0x0201000000001180
  task_like[12] off=0xe21a8 flags=0x00003030 op_idx=134283264 enable_mask=0x01e4400c int_mask=0x10010000 int_clear=0x00024010 int_status=0x10014800 regcfg_amount=16404 regcfg_offset=268500992 regcmd_addr=0x1001ffee7d004020
  task_like[13] off=0xe21f8 flags=0x00534040 op_idx=268500992 enable_mask=0x00004044 int_mask=0x10010000 int_clear=0x00004048 int_status=0x10010000 regcfg_amount=16460 regcfg_offset=268500992 regcmd_addr=0x1001000001264050
  task_like[14] off=0xe2270 flags=0x0000407c op_idx=268500992 enable_mask=0x00004080 int_mask=0x10010000 int_clear=0x00014084 int_status=0x10010001 regcfg_amount=16520 regcfg_offset=268500992 regcmd_addr=0x1001000000004090
  task_like[15] off=0xe22c0 flags=0x000040a8 op_idx=268500992 enable_mask=0x000040ac int_mask=0x10010000 int_clear=0x048040c0 int_status=0x10010000 regcfg_amount=16580 regcfg_offset=268500992 regcmd_addr=0x1001000000004100
  task_like[16] off=0xe23d8 flags=0x0000603c op_idx=1073807360 enable_mask=0x00006040 int_mask=0x40010000 int_clear=0x00006044 int_status=0x40010000 regcfg_amount=24648 regcfg_offset=1073807360 regcmd_addr=0x4001fffdc0006070
  task_like[17] off=0xe2400 flags=0x0010607c op_idx=1073807360 enable_mask=0x00106084 int_mask=0x40010000 int_clear=0x000360dc int_status=0x40010000 regcfg_amount=28684 regcfg_offset=2147549184 regcmd_addr=0x8001000000007010
  task_like[18] off=0xe24f0 flags=0x00001050 op_idx=33619969 enable_mask=0x00001054 int_mask=0x02010001 int_clear=0x00001058 int_status=0x02010001 regcfg_amount=4188 regcfg_offset=33619969 regcmd_addr=0x0201000000001060
  task_like[19] off=0xe25b8 flags=0x00001160 op_idx=33619968 enable_mask=0x00001164 int_mask=0x02010000 int_clear=0x00001168 int_status=0x02010000 regcfg_amount=4460 regcfg_offset=33619968 regcmd_addr=0x0201000000001170
  task_like[20] off=0xe2608 flags=0x02003010 op_idx=134283264 enable_mask=0x00053014 int_mask=0x08010005 int_clear=0x006f3018 int_status=0x08010000 regcfg_amount=12316 regcfg_offset=134283264 regcmd_addr=0x0801000000003030
  task_like[21] off=0xe2a18 flags=0x00001150 op_idx=33619968 enable_mask=0x00001154 int_mask=0x02010000 int_clear=0x00001158 int_status=0x02010000 regcfg_amount=4444 regcfg_offset=33619968 regcmd_addr=0x0201000000001160
  task_like[22] off=0xe2a68 flags=0x00001178 op_idx=33619968 enable_mask=0x0000117c int_mask=0x02010000 int_clear=0x00001180 int_status=0x02010000 regcfg_amount=4484 regcfg_offset=33619968 regcmd_addr=0x0801000002003010
  task_like[23] off=0xe2b58 flags=0x03834070 op_idx=268500992 enable_mask=0x00004074 int_mask=0x10010000 int_clear=0x00014078 int_status=0x10010000 regcfg_amount=16508 regcfg_offset=268500992 regcmd_addr=0x1001000000004080
  task_like[24] off=0xe2c20 flags=0x00004120 op_idx=268500992 enable_mask=0x00004124 int_mask=0x10010000 int_clear=0x00004128 int_status=0x10010000 regcfg_amount=16684 regcfg_offset=268500992 regcmd_addr=0x0101fffddc800010
  task_like[25] off=0xe2c98 flags=0x00006010 op_idx=1073807360 enable_mask=0x001f6014 int_mask=0x40010000 int_clear=0x00006018 int_status=0x40010000 regcfg_amount=24604 regcfg_offset=1073807360 regcmd_addr=0x40010000001f6020
  task_like[26] off=0xe2cc0 flags=0x00116024 op_idx=1073807360 enable_mask=0x00006034 int_mask=0x40010000 int_clear=0x00006038 int_status=0x40010000 regcfg_amount=24636 regcfg_offset=1073807360 regcmd_addr=0x4001000000006040
  task_like[27] off=0xe2e50 flags=0x00081084 op_idx=33619976 enable_mask=0x00a01088 int_mask=0x02010000 int_clear=0x00001100 int_status=0x02010000 regcfg_amount=4356 regcfg_offset=33619968 regcmd_addr=0x0201fff988001110
  task_like[28] off=0xe2e78 flags=0x00001140 op_idx=33619968 enable_mask=0x00001144 int_mask=0x02010000 int_clear=0x00001148 int_status=0x02010000 regcfg_amount=4428 regcfg_offset=33619968 regcmd_addr=0x0201000000001150
  task_like[29] off=0xe2fb8 flags=0x00534060 op_idx=268500992 enable_mask=0x00004064 int_mask=0x10010000 int_clear=0x00004068 int_status=0x10010000 regcfg_amount=16492 regcfg_offset=268500992 regcmd_addr=0x1001000003834070
  task_like[30] off=0xe3030 flags=0x000040a0 op_idx=268500992 enable_mask=0x000040a4 int_mask=0x10010000 int_clear=0x000040a8 int_status=0x10010000 regcfg_amount=16556 regcfg_offset=268500992 regcmd_addr=0x10010000048040c0
  task_like[31] off=0xe3080 flags=0x00004110 op_idx=268500992 enable_mask=0x00004114 int_mask=0x10010000 int_clear=0x00004118 int_status=0x10010000 regcfg_amount=16668 regcfg_offset=268500992 regcmd_addr=0x1001000000004120
  task_like[32] off=0xe30f8 flags=0x00000000 op_idx=0 enable_mask=0x000e6004 int_mask=0x40010000 int_clear=0x000e7004 int_status=0x80010000 regcfg_amount=24588 regcfg_offset=1073807360 regcmd_addr=0x4001000000006010
  task_like[33] off=0xe31c0 flags=0x00107028 op_idx=2147549184 enable_mask=0x00017030 int_mask=0x80010000 int_clear=0x00000000 int_status=0x00000000 regcfg_amount=20 regcfg_offset=16842752 regcmd_addr=0x0041000000000000
  task_like[34] off=0xe3238 flags=0x0001ffff op_idx=0 enable_mask=0x00000068 int_mask=0x00000000 int_clear=0x00000380 int_status=0x00000000 regcfg_amount=0 regcfg_offset=1 regcmd_addr=0x00000c0000000060
  task_like[35] off=0xe3288 flags=0x0001ffff op_idx=0 enable_mask=0x00000068 int_mask=0x00000000 int_clear=0x00000800 int_status=0x00000000 regcfg_amount=0 regcfg_offset=1 regcmd_addr=0x00000c0000000060
  task_like[36] off=0xe32d8 flags=0x0001ffff op_idx=0 enable_mask=0x00000068 int_mask=0x00000000 int_clear=0x00000c80 int_status=0x00000000 regcfg_amount=0 regcfg_offset=1 regcmd_addr=0x00000c0000000060
  task_like[37] off=0xe3328 flags=0x0001ffff op_idx=0 enable_mask=0x00000068 int_mask=0x00000000 int_clear=0x00001100 int_status=0x00000000 regcfg_amount=0 regcfg_offset=1 regcmd_addr=0x00000c0000000060
  task_like[38] off=0xe3378 flags=0x0001ffff op_idx=0 enable_mask=0x00000068 int_mask=0x00000000 int_clear=0x00001580 int_status=0x00000000 regcfg_amount=0 regcfg_offset=1 regcmd_addr=0x00000c0000000060
  QWORD_WINDOW off=0xe1800 count=1504 unavailable size=933888
GEM 3: handle=3 size=45056 map_offset=0x1000e5000
  task_like_entries=0
GEM 4: handle=4 size=20480 map_offset=0x1000f0000
  task_like_entries=0
GEM 5: handle=5 size=24576 map_offset=0x1000f5000
  task_like_entries=0
GEM 6: unavailable: [Errno 2] No such file or directory
submit #1: task_number=3 task_obj_addr=0xffffff8137a20400
D RKNN: [11:31:50.895] allocated memory, name: input, virt addr: 0x7ff7ff1000, dma addr: 0xffeeb000, obj addr: 0xffffff8137a27400, size: 20480, aligned size: 20480, fd: 7, handle: 4, flags: 0x403, gem name: 4, iommu domain id: 0
D RKNN: [11:31:50.897] allocated memory, name: output, virt addr: 0x7ff74aa000, dma addr: 0xffee5000, obj addr: 0xffffff8137a26c00, size: 23040, aligned size: 24576, fd: 8, handle: 5, flags: 0x403, gem name: 5, iommu domain id: 0
D RKNN: [11:31:50.897] normalize target: CPU
D RKNN: [11:31:50.990] Output(output): size_with_stride larger than model origin size, if need run OutputOperator in NPU, please call rknn_create_memory using size_with_stride.
ERROR: Output dimensions mismatch!
  Expected: 38x38
  Got: 6x6
D RKNN: [11:31:50.991] free memory, name: internal, virt addr: 0x7ff7685000, dma addr: 0xffef0000, obj addr: 0xffffff8137a27800, size: 43520, aligned size: 45056, fd: 6, handle: 3, flags: 0x403, gem name: 3, iommu domain id: 0
D RKNN: [11:31:50.992] free memory, name: weight, virt addr: 0x7ff7206000, dma addr: 0xffefb000, obj addr: 0xffffff8137a26000, size: 930752, aligned size: 933888, fd: 5, handle: 2, flags: 0x403, gem name: 2, iommu domain id: 0
D RKNN: [11:31:50.993] free memory, name: task, virt addr: 0x7ff7ff6000, dma addr: 0xfffdf000, obj addr: 0xffffff8137a20400, size: 440, aligned size: 4096, fd: 4, handle: 1, flags: 0x40b, gem name: 1, iommu domain id: 0
D RKNN: [11:31:50.993] free memory, name: input, virt addr: 0x7ff7ff1000, dma addr: 0xffeeb000, obj addr: 0xffffff8137a27400, size: 20480, aligned size: 20480, fd: 7, handle: 4, flags: 0x403, gem name: 4, iommu domain id: 0
D RKNN: [11:31:50.994] free memory, name: output, virt addr: 0x7ff74aa000, dma addr: 0xffee5000, obj addr: 0xffffff8137a26c00, size: 23040, aligned size: 24576, fd: 8, handle: 5, flags: 0x403, gem name: 5, iommu domain id: 0

################################################################################
TEST SUMMARY
################################################################################
Total tests: 1
Passed: 0
Failed: 1
################################################################################
[Inferior 1 (process 8566) exited with code 01]
