Function "ioctl" not defined.
Breakpoint 1 (ioctl) pending.
Function "mmap" not defined.
Breakpoint 2 (mmap) pending.
[Thread debugging using libthread_db enabled]
Using host libthread_db library "/lib/aarch64-linux-gnu/libthread_db.so.1".

################################################################################
Conv2D Multi-Test Suite
Testing 1 different convolution shapes
################################################################################

================================================================================
TEST: conv2d_cc_b1_c256_h14_w14_oc512_wic256_k1x1_g1
  Weight shape: (512,256,1,1)
================================================================================
ACTION flags=0x00000000 value=0xffffffff
IOCTL_RET #1 ACTION flags=0x00000000 ret=0
ACTION flags=0x00000001 value=0x00000000
IOCTL_RET #2 ACTION flags=0x00000001 ret=0
ACTION flags=0x00000014 value=0x00000000
IOCTL_RET #3 ACTION flags=0x00000014 ret=-1
ACTION flags=0x00000013 value=0xffffffed
IOCTL_RET #4 ACTION flags=0x00000013 ret=0
ACTION flags=0x00000001 value=0x00000000
IOCTL_RET #5 ACTION flags=0x00000001 ret=0
ACTION flags=0x00000012 value=0x00000000
IOCTL_RET #6 ACTION flags=0x00000012 ret=0
MEM_CREATE #1 size=440 flags=0x0000040b handle=0x0 obj=0x0 dma=0x0 sram=0
IOCTL_RET #7 MEM_CREATE #1 ret=0
MEM_CREATE_RET #1 handle=0x1 obj=0xffffff8108551800 dma=0xfff9f000 sram=0
MEM_MAP #1 handle=0x1 reserved=0x0 offset=0x0
IOCTL_RET #8 MEM_MAP #1 ret=0
MEM_MAP_RET #1 handle=0x1 reserved=0x0 offset=0x100000000
MMAP #1 maps=1 addr=0x0 length=440 prot=0x3 flags=0x1 fd=3 offset=0x100000000
MMAP_RET #1 addr=0x7ff7ff6000
MEM_SYNC flags=0x00000003 obj=0xffffff8108551800 offset=0 size=440
IOCTL_RET #9 MEM_SYNC flags=0x00000003 ret=0
ACTION flags=0x00000012 value=0x00000000
IOCTL_RET #10 ACTION flags=0x00000012 ret=0
MEM_CREATE #2 size=271296 flags=0x00000403 handle=0x0 obj=0x0 dma=0x0 sram=0
IOCTL_RET #11 MEM_CREATE #2 ret=0
MEM_CREATE_RET #2 handle=0x2 obj=0xffffff8108550800 dma=0xfff5c000 sram=0
MEM_MAP #2 handle=0x2 reserved=0x0 offset=0x0
IOCTL_RET #12 MEM_MAP #2 ret=0
MEM_MAP_RET #2 handle=0x2 reserved=0x0 offset=0x100001000
MMAP #2 maps=2 addr=0x0 length=271296 prot=0x3 flags=0x1 fd=3 offset=0x100001000
MMAP_RET #2 addr=0x7ff7347000
MEM_SYNC flags=0x00000003 obj=0xffffff8108550800 offset=0 size=271296
IOCTL_RET #13 MEM_SYNC flags=0x00000003 ret=0
MEM_SYNC flags=0x00000001 obj=0xffffff8108550800 offset=0 size=271296
IOCTL_RET #14 MEM_SYNC flags=0x00000001 ret=0
ACTION flags=0x00000001 value=0x00000000
IOCTL_RET #15 ACTION flags=0x00000001 ret=0
MEM_SYNC flags=0x00000001 obj=0xffffff8108551800 offset=0 size=440
IOCTL_RET #16 MEM_SYNC flags=0x00000001 ret=0
ACTION flags=0x00000012 value=0x00000000
IOCTL_RET #17 ACTION flags=0x00000012 ret=0
MEM_CREATE #3 size=301056 flags=0x00000403 handle=0x0 obj=0x0 dma=0x0 sram=0
IOCTL_RET #18 MEM_CREATE #3 ret=0
MEM_CREATE_RET #3 handle=0x3 obj=0xffffff8108557c00 dma=0xfff12000 sram=0
MEM_MAP #3 handle=0x3 reserved=0x0 offset=0x0
IOCTL_RET #19 MEM_MAP #3 ret=0
MEM_MAP_RET #3 handle=0x3 reserved=0x0 offset=0x100044000
MMAP #3 maps=3 addr=0x0 length=301056 prot=0x3 flags=0x1 fd=3 offset=0x100044000
MMAP_RET #3 addr=0x7ff72fd000
MEM_SYNC flags=0x00000003 obj=0xffffff8108557c00 offset=0 size=301056
IOCTL_RET #20 MEM_SYNC flags=0x00000003 ret=0
I RKNN: [13:32:35.181] RKNN Runtime Information, librknnrt version: 2.3.0 (c949ad889d@2024-11-07T11:35:33)
I RKNN: [13:32:35.183] RKNN Driver Information, version: 0.9.8
I RKNN: [13:32:35.183] RKNN Model Information, version: 6, toolkit version: 2.3.2(compiler version: 2.3.2 (@2025-04-03T08:26:16)), target: RKNPU v2, target platform: rk3588, framework name: ONNX, framework layout: NCHW, model inference type: static_shape
D RKNN: [13:32:35.187] allocated memory, name: task, virt addr: 0x7ff7ff6000, dma addr: 0xfff9f000, obj addr: 0xffffff8108551800, size: 440, aligned size: 4096, fd: 4, handle: 1, flags: 0x40b, gem name: 1, iommu domain id: 0
D RKNN: [13:32:35.192] allocated memory, name: weight, virt addr: 0x7ff7347000, dma addr: 0xfff5c000, obj addr: 0xffffff8108550800, size: 271296, aligned size: 274432, fd: 5, handle: 2, flags: 0x403, gem name: 2, iommu domain id: 0
D RKNN: [13:32:35.196] subgraph0 regcmdbuffer size: 6656, taskbuffer size: 440
D RKNN: [13:32:35.200] allocated memory, name: internal, virt addr: 0x7ff72fd000, dma addr: 0xfff12000, obj addr: 0xffffff8108557c00, size: 301056, aligned size: 303104, fd: 6, handle: 3, flags: 0x403, gem name: 3, iommu domain id: 0
D RKNN: [13:32:35.201] ------------------------------------------------------------------------------------------------------------------
D RKNN: [13:32:35.201]                                       Feature Tensor Information Table                         
D RKNN: [13:32:35.201] --------------------------------------------------------------------------------+---------------------------------
D RKNN: [13:32:35.201] ID  User           Tensor   DataType  DataFormat   OrigShape     NativeShape    |     [Start       End)       Size
D RKNN: [13:32:35.201] --------------------------------------------------------------------------------+---------------------------------
D RKNN: [13:32:35.201] 1   Conv           input    FLOAT16   NC1HWC2      (1,256,14,14) (1,128,14,14,8) | 0xfff12000 0xfff2a800 0x00018800
D RKNN: [13:32:35.201] 2   OutputOperator output   FLOAT16   NC1HWC2      (1,512,14,14) (1,256,14,14,8) | 0xfff2a800*0xfff5b800 0x00031000
D RKNN: [13:32:35.201] --------------------------------------------------------------------------------+---------------------------------
D RKNN: [13:32:35.201] -------------------------------------------------------------------------------
D RKNN: [13:32:35.201]                           Const Tensor Information Table         
D RKNN: [13:32:35.201] ---------------------------------------------+---------------------------------
D RKNN: [13:32:35.201] ID  User Tensor      DataType  OrigShape     |     [Start       End)       Size
D RKNN: [13:32:35.201] ---------------------------------------------+---------------------------------
D RKNN: [13:32:35.201] 1   Conv conv.weight FLOAT16   (512,256,1,1) | 0xfff5c000 0xfff9c000 0x00040000
D RKNN: [13:32:35.201] ---------------------------------------------+---------------------------------
D RKNN: [13:32:35.201] ----------------------------------------
D RKNN: [13:32:35.201] Total Internal Memory Size: 294KB
D RKNN: [13:32:35.201] Total Weight Memory Size: 258KB
D RKNN: [13:32:35.201] ----------------------------------------
D RKNN: [13:32:35.202] The RKNN_FLAG_EXECUTE_FALLBACK_PRIOR_DEVICE_GPU is not set and without GPU op in Graphs, OpenCL will not be initialized
  Native input type: FP16, format: NC1HWC2
  Native input dims: 1 32 14 14 8
  Native input size: 100352, size_with_stride: 100352, w_stride: 14
  Native output type: FP16, format: NC1HWC2
  Native output dims: 1 64 14 14 8
  Native output size: 200704, size_with_stride: 200704, w_stride: 0
ACTION flags=0x00000012 value=0x00000000
IOCTL_RET #21 ACTION flags=0x00000012 ret=0
MEM_CREATE #4 size=100352 flags=0x00000403 handle=0x0 obj=0x0 dma=0x0 sram=0
IOCTL_RET #22 MEM_CREATE #4 ret=0
MEM_CREATE_RET #4 handle=0x4 obj=0xffffff8108552800 dma=0xffef9000 sram=0
MEM_MAP #4 handle=0x4 reserved=0x0 offset=0x0
IOCTL_RET #23 MEM_MAP #4 ret=0
MEM_MAP_RET #4 handle=0x4 reserved=0x0 offset=0x10008e000
MMAP #4 maps=4 addr=0x0 length=100352 prot=0x3 flags=0x1 fd=3 offset=0x10008e000
MMAP_RET #4 addr=0x7ff72b2000
MEM_SYNC flags=0x00000003 obj=0xffffff8108552800 offset=0 size=100352
IOCTL_RET #24 MEM_SYNC flags=0x00000003 ret=0
ACTION flags=0x00000012 value=0x00000000
IOCTL_RET #25 ACTION flags=0x00000012 ret=0
MEM_CREATE #5 size=200704 flags=0x00000403 handle=0x0 obj=0x0 dma=0x0 sram=0
IOCTL_RET #26 MEM_CREATE #5 ret=0
MEM_CREATE_RET #5 handle=0x5 obj=0xffffff8108552400 dma=0xffec8000 sram=0
MEM_MAP #5 handle=0x5 reserved=0x0 offset=0x0
IOCTL_RET #27 MEM_MAP #5 ret=0
MEM_MAP_RET #5 handle=0x5 reserved=0x0 offset=0x1000a7000
MMAP #5 maps=5 addr=0x0 length=200704 prot=0x3 flags=0x1 fd=3 offset=0x1000a7000
MMAP_RET #5 addr=0x7ff7281000
MEM_SYNC flags=0x00000003 obj=0xffffff8108552400 offset=0 size=200704
IOCTL_RET #28 MEM_SYNC flags=0x00000003 ret=0
MEM_SYNC flags=0x00000001 obj=0xffffff8108550800 offset=264192 size=6656
IOCTL_RET #29 MEM_SYNC flags=0x00000001 ret=0
MEM_SYNC flags=0x00000001 obj=0xffffff8108552800 offset=0 size=100352
IOCTL_RET #30 MEM_SYNC flags=0x00000001 ret=0
MEM_SYNC flags=0x00000002 obj=0xffffff8108552800 offset=0 size=100352
IOCTL_RET #31 MEM_SYNC flags=0x00000002 ret=0
MEM_SYNC flags=0x00000001 obj=0xffffff8108550800 offset=264192 size=6656
IOCTL_RET #32 MEM_SYNC flags=0x00000001 ret=0

=== DRM_IOCTL_RKNPU_SUBMIT #1 cmd=0xc0686441 size=104 arg=0x7fffff77d0 ===
  flags=0x00000005 timeout=6000 task_start=0 task_number=3
  task_counter=0 priority=0 task_obj_addr=0xffffff8108551800
  regcfg_obj_addr=0x0 task_base_addr=0x0 user_data=0x0
  core_mask=0x00000000 fence_fd=-1
  subcore_task[0]={task_start=0, task_number=1}
  subcore_task[1]={task_start=0, task_number=1}
  subcore_task[2]={task_start=0, task_number=1}
  subcore_task[3]={task_start=0, task_number=0}
  subcore_task[4]={task_start=0, task_number=0}
  task_obj_mem_create_matches=1
    match size=4096 handle=0x1 dma=0xfff9f000 flags=0x0000040b
  task_obj_mem_sync_matches=2
    sync flags=0x00000003 offset=0 size=440
    sync flags=0x00000001 offset=0 size=440
IOCTL_RET #33 SUBMIT #1 ret=0
MEM_SYNC flags=0x00000002 obj=0xffffff8108552400 offset=0 size=200704
IOCTL_RET #34 MEM_SYNC flags=0x00000002 ret=0
MEM_SYNC flags=0x00000002 obj=0xffffff8108552400 offset=0 size=200704
IOCTL_RET #35 MEM_SYNC flags=0x00000002 ret=0
MEM_SYNC flags=0x00000002 obj=0xffffff8108552400 offset=0 size=200704
IOCTL_RET #36 MEM_SYNC flags=0x00000002 ret=0
D RKNN: [13:32:35.210] allocated memory, name: input, virt addr: 0x7ff72b2000, dma addr: 0xffef9000, obj addr: 0xffffff8108552800, size: 100352, aligned size: 102400, fd: 7, handle: 4, flags: 0x403, gem name: 4, iommu domain id: 0
D RKNN: [13:32:35.214] allocated memory, name: output, virt addr: 0x7ff7281000, dma addr: 0xffec8000, obj addr: 0xffffff8108552400, size: 200704, aligned size: 200704, fd: 8, handle: 5, flags: 0x403, gem name: 5, iommu domain id: 0
D RKNN: [13:32:35.215] normalize target: CPU
W RKNN: [13:32:35.218] Failed to get NPU freq, take 1000MHz as default NPU freq
D RKNN: [13:32:35.218] Get DDR frequency: 528MHz
D RKNN: [13:32:35.220] dump npy tensor to: dumps/000_InputOperator_input_shape_1_256_14_14_float.npy
D RKNN: [13:32:35.254] dump npy tensor to: dumps/001_Conv_output_shape_1_512_14_14_float.npy
D RKNN: [13:32:35.353] dump npy tensor to: dumps/002_OutputOperator_output_shape_1_512_14_14_float.npy
D RKNN: [13:32:35.393] ------------------------------------------------------------------------------------------------------------------------------------------------------------------------------------------------------------------------------
D RKNN: [13:32:35.393]                                                                           Network Layer Information Table                                                                                
D RKNN: [13:32:35.393] ------------------------------------------------------------------------------------------------------------------------------------------------------------------------------------------------------------------------------
D RKNN: [13:32:35.393] ID   OpType             DataType Target InputShape                               OutputShape            Cycles(DDR/NPU/Total)    Time(us)     MacUsage(%)          WorkLoad(0/1/2)      RW(KB)       FullName        
D RKNN: [13:32:35.393] ------------------------------------------------------------------------------------------------------------------------------------------------------------------------------------------------------------------------------
D RKNN: [13:32:35.393] 1    InputOperator      FLOAT16  CPU    \                                        (1,256,14,14)          0/0/0                    14                                0.0%/0.0%/0.0%       0            InputOperator:input
D RKNN: [13:32:35.393] 2    Conv               FLOAT16  NPU    (1,256,14,14),(512,256,1,1)              (1,512,14,14)          95232/53248/95232        2243         2.24/0.00/0.00       100.0%/0.0%/0.0%     354          Conv:/conv/Conv 
D RKNN: [13:32:35.393] 3    OutputOperator     FLOAT16  CPU    (1,512,14,14)                            \                      0/0/0                    1313                              0.0%/0.0%/0.0%       196          OutputOperator:output
D RKNN: [13:32:35.393] ------------------------------------------------------------------------------------------------------------------------------------------------------------------------------------------------------------------------------
D RKNN: [13:32:35.393] Total Operator Elapsed Per Frame Time(us): 3570
D RKNN: [13:32:35.393] Total Memory Read/Write Per Frame Size(KB): 550.00
D RKNN: [13:32:35.393] ------------------------------------------------------------------------------------------------------------------------------------------------------------------------------------------------------------------------------
D RKNN: [13:32:35.393] ---------------------------------------------------------------------------------------------------
D RKNN: [13:32:35.393]                                  Operator Time Consuming Ranking Table            
D RKNN: [13:32:35.393] ---------------------------------------------------------------------------------------------------
D RKNN: [13:32:35.393] OpType             CallNumber   CPUTime(us)  GPUTime(us)  NPUTime(us)  TotalTime(us)  TimeRatio(%)  
D RKNN: [13:32:35.393] ---------------------------------------------------------------------------------------------------
D RKNN: [13:32:35.393] MEM_SYNC flags=0x00000002 obj=0xffffff8108552400 offset=0 size=200704
IOCTL_RET #37 MEM_SYNC flags=0x00000002 ret=0
Conv               1            0            0            2243         2243           62.83%        
D RKNN: [13:32:35.393] OutputOperator     1            1313         0            0            1313           36.78%        
D RKNN: [13:32:35.393] InputOperator      1            14           0            0            14             0.39%         
D RKNN: [13:32:35.393] ---------------------------------------------------------------------------------------------------
D RKNN: [13:32:35.393] Total                           1327         0            2243         3570          
D RKNN: [13:32:35.393] ---------------------------------------------------------------------------------------------------
D RKNN: [13:32:35.395] Output(output): size_with_stride larger than model origin size, if need run OutputOperator in NPU, please call rknn_create_memory using size_with_stride.
  Output shape: 1x512x14x14
ACTION flags=0x00000015 value=0x00000000
IOCTL_RET #38 ACTION flags=0x00000015 ret=-1
D RKNN: [13:32:35.558] free memory, name: internal, virt addr: 0x7ff72fd000, dma addr: 0xfff12000, obj addr: 0xffffff8108557c00, size: 301056, aligned size: 303104, fd: 6, handle: 3, flags: 0x403, gem name: 3, iommu domain id: 0
D RKNN: [13:32:35.559] free memory, name: weight, virt addr: 0x7ff7347000, dma addr: 0xfff5c000, obj addr: 0xffffff8108550800, size: 271296, aligned size: 274432, fd: 5, handle: 2, flags: 0x403, gem name: 2, iommu domain id: 0
D RKNN: [13:32:35.560] free memory, name: task, virt addr: 0x7ff7ff6000, dma addr: 0xfff9f000, obj addr: 0xffffff8108551800, size: 440, aligned size: 4096, fd: 4, handle: 1, flags: 0x40b, gem name: 1, iommu domain id: 0
D RKNN: [13:32:35.560] free memory, name: input, virt addr: 0x7ff72b2000, dma addr: 0xffef9000, obj addr: 0xffffff8108552800, size: 100352, aligned size: 102400, fd: 7, handle: 4, flags: 0x403, gem name: 4, iommu domain id: 0
D RKNN: [13:32:35.560] free memory, name: output, virt addr: 0x7ff7281000, dma addr: 0xffec8000, obj addr: 0xffffff8108552400, size: 200704, aligned size: 200704, fd: 8, handle: 5, flags: 0x403, gem name: 5, iommu domain id: 0

  ✓ PASSED (max error: 0.0377502)

################################################################################
TEST SUMMARY
################################################################################
Total tests: 1
Passed: 1
Failed: 0
################################################################################
[Inferior 1 (process 15176) exited normally]
