Function "ioctl" not defined.
Breakpoint 1 (ioctl) pending.
[Thread debugging using libthread_db enabled]
Using host libthread_db library "/lib/aarch64-linux-gnu/libthread_db.so.1".

################################################################################
Conv2D Multi-Test Suite
Testing 1 different convolution shapes
################################################################################

================================================================================
TEST: conv2d_cc_b1_c256_h14_w14_oc512_wic256_k1x1_g1
  Weight shape: (512,256,1,1)
================================================================================
I RKNN: [13:18:04.652] RKNN Runtime Information, librknnrt version: 2.3.0 (c949ad889d@2024-11-07T11:35:33)
I RKNN: [13:18:04.652] RKNN Driver Information, version: 0.9.8
I RKNN: [13:18:04.653] RKNN Model Information, version: 6, toolkit version: 2.3.2(compiler version: 2.3.2 (@2025-04-03T08:26:16)), target: RKNPU v2, target platform: rk3588, framework name: ONNX, framework layout: NCHW, model inference type: static_shape
D RKNN: [13:18:04.654] allocated memory, name: task, virt addr: 0x7ff7ff6000, dma addr: 0xfff9f000, obj addr: 0xffffff81836ebc00, size: 440, aligned size: 4096, fd: 4, handle: 1, flags: 0x40b, gem name: 1, iommu domain id: 0
D RKNN: [13:18:04.656] allocated memory, name: weight, virt addr: 0x7ff7347000, dma addr: 0xfff5c000, obj addr: 0xffffff81836ef800, size: 271296, aligned size: 274432, fd: 5, handle: 2, flags: 0x403, gem name: 2, iommu domain id: 0
D RKNN: [13:18:04.658] subgraph0 regcmdbuffer size: 6656, taskbuffer size: 440
D RKNN: [13:18:04.659] allocated memory, name: internal, virt addr: 0x7ff72fd000, dma addr: 0xfff12000, obj addr: 0xffffff81836ea800, size: 301056, aligned size: 303104, fd: 6, handle: 3, flags: 0x403, gem name: 3, iommu domain id: 0
D RKNN: [13:18:04.660] ------------------------------------------------------------------------------------------------------------------
D RKNN: [13:18:04.660]                                       Feature Tensor Information Table                         
D RKNN: [13:18:04.660] --------------------------------------------------------------------------------+---------------------------------
D RKNN: [13:18:04.660] ID  User           Tensor   DataType  DataFormat   OrigShape     NativeShape    |     [Start       End)       Size
D RKNN: [13:18:04.660] --------------------------------------------------------------------------------+---------------------------------
D RKNN: [13:18:04.660] 1   Conv           input    FLOAT16   NC1HWC2      (1,256,14,14) (1,128,14,14,8) | 0xfff12000 0xfff2a800 0x00018800
D RKNN: [13:18:04.660] 2   OutputOperator output   FLOAT16   NC1HWC2      (1,512,14,14) (1,256,14,14,8) | 0xfff2a800*0xfff5b800 0x00031000
D RKNN: [13:18:04.660] --------------------------------------------------------------------------------+---------------------------------
D RKNN: [13:18:04.660] -------------------------------------------------------------------------------
D RKNN: [13:18:04.660]                           Const Tensor Information Table         
D RKNN: [13:18:04.660] ---------------------------------------------+---------------------------------
D RKNN: [13:18:04.660] ID  User Tensor      DataType  OrigShape     |     [Start       End)       Size
D RKNN: [13:18:04.660] ---------------------------------------------+---------------------------------
D RKNN: [13:18:04.660] 1   Conv conv.weight FLOAT16   (512,256,1,1) | 0xfff5c000 0xfff9c000 0x00040000
D RKNN: [13:18:04.660] ---------------------------------------------+---------------------------------
D RKNN: [13:18:04.660] ----------------------------------------
D RKNN: [13:18:04.660] Total Internal Memory Size: 294KB
D RKNN: [13:18:04.660] Total Weight Memory Size: 258KB
D RKNN: [13:18:04.660] ----------------------------------------
D RKNN: [13:18:04.660] The RKNN_FLAG_EXECUTE_FALLBACK_PRIOR_DEVICE_GPU is not set and without GPU op in Graphs, OpenCL will not be initialized
  Native input type: FP16, format: NC1HWC2
  Native input dims: 1 32 14 14 8
  Native input size: 100352, size_with_stride: 100352, w_stride: 14
  Native output type: FP16, format: NC1HWC2
  Native output dims: 1 64 14 14 8
  Native output size: 200704, size_with_stride: 200704, w_stride: 0
GEM 1: handle=1 size=4096 map_offset=0x100000000
  task_like_entries=11
  task_like[0] off=0x0000 flags=0x00000000 op_idx=1 enable_mask=0x0000000d int_mask=0x00000300 int_clear=0x0001ffff int_status=0x00000000 regcfg_amount=108 regcfg_offset=0 regcmd_addr=0x00000000fff9c800
  task_like[1] off=0x0028 flags=0x00000000 op_idx=1 enable_mask=0x0000000d int_mask=0x00000300 int_clear=0x0001ffff int_status=0x00000000 regcfg_amount=104 regcfg_offset=0 regcmd_addr=0x00000000fff9cb80
  task_like[2] off=0x0050 flags=0x00000000 op_idx=1 enable_mask=0x00000060 int_mask=0x00000c00 int_clear=0x0001ffff int_status=0x00000000 regcfg_amount=26 regcfg_offset=0 regcmd_addr=0x00000000fff9cf00
  task_like[3] off=0x0078 flags=0x00000000 op_idx=1 enable_mask=0x0000000d int_mask=0x00000300 int_clear=0x0001ffff int_status=0x00000000 regcfg_amount=104 regcfg_offset=0 regcmd_addr=0x00000000fff9d000
  task_like[4] off=0x00a0 flags=0x00000000 op_idx=1 enable_mask=0x00000060 int_mask=0x00000c00 int_clear=0x0001ffff int_status=0x00000000 regcfg_amount=26 regcfg_offset=0 regcmd_addr=0x00000000fff9d380
  task_like[5] off=0x00c8 flags=0x00000000 op_idx=1 enable_mask=0x0000000d int_mask=0x00000300 int_clear=0x0001ffff int_status=0x00000000 regcfg_amount=104 regcfg_offset=0 regcmd_addr=0x00000000fff9d480
  task_like[6] off=0x00f0 flags=0x00000000 op_idx=1 enable_mask=0x00000060 int_mask=0x00000c00 int_clear=0x0001ffff int_status=0x00000000 regcfg_amount=26 regcfg_offset=0 regcmd_addr=0x00000000fff9d800
  task_like[7] off=0x0118 flags=0x00000000 op_idx=1 enable_mask=0x0000000d int_mask=0x00000300 int_clear=0x0001ffff int_status=0x00000000 regcfg_amount=104 regcfg_offset=0 regcmd_addr=0x00000000fff9d900
  task_like[8] off=0x0140 flags=0x00000000 op_idx=1 enable_mask=0x00000060 int_mask=0x00000c00 int_clear=0x0001ffff int_status=0x00000000 regcfg_amount=26 regcfg_offset=0 regcmd_addr=0x00000000fff9dc80
  task_like[9] off=0x0168 flags=0x00000000 op_idx=1 enable_mask=0x0000000d int_mask=0x00000300 int_clear=0x0001ffff int_status=0x00000000 regcfg_amount=104 regcfg_offset=0 regcmd_addr=0x00000000fff9dd80
  task_like[10] off=0x0190 flags=0x00000000 op_idx=1 enable_mask=0x00000060 int_mask=0x00000c00 int_clear=0x0001ffff int_status=0x00000000 regcfg_amount=26 regcfg_offset=0 regcmd_addr=0x00000000fff9e100
GEM 2: handle=2 size=274432 map_offset=0x100001000
  task_like_entries=39
  task_like[0] off=0x40010 flags=0x01010101 op_idx=16843009 enable_mask=0x01010101 int_mask=0x01010101 int_clear=0x00000000 int_status=0x00000000 regcfg_amount=1585 regcfg_offset=0 regcmd_addr=0x0000005590e3b7b0
  task_like[1] off=0x40038 flags=0x8b601b70 op_idx=127 enable_mask=0x00000000 int_mask=0x00000000 int_clear=0x00000000 int_status=0x00000000 regcfg_amount=48 regcfg_offset=0 regcmd_addr=0x0000000000000040
  task_like[2] off=0x40218 flags=0x00000021 op_idx=0 enable_mask=0x90e420f0 int_mask=0x00000055 int_clear=0x90e413f0 int_status=0x00000055 regcfg_amount=144 regcfg_offset=0 regcmd_addr=0x0000000000000040
  task_like[3] off=0x40330 flags=0x90e3b7b0 op_idx=85 enable_mask=0x8b601b70 int_mask=0x0000007f int_clear=0x00000000 int_status=0x00000000 regcfg_amount=0 regcfg_offset=0 regcmd_addr=0x0000000000000030
  task_like[4] off=0x40358 flags=0x00000040 op_idx=0 enable_mask=0x95bd1951 int_mask=0x00000055 int_clear=0x00000000 int_status=0x00000000 regcfg_amount=5 regcfg_offset=0 regcmd_addr=0x0000005590e41700
  task_like[5] off=0x40380 flags=0x56607290 op_idx=127 enable_mask=0x90e41720 int_mask=0x00000055 int_clear=0x00000000 int_status=0x00000000 regcfg_amount=33 regcfg_offset=0 regcmd_addr=0x0000005590e420f0
  task_like[6] off=0x40588 flags=0x00000000 op_idx=0 enable_mask=0x00000000 int_mask=0x00000000 int_clear=0x00000000 int_status=0x00000000 regcfg_amount=0 regcfg_offset=0 regcmd_addr=0x0000007f8170b570
  task_like[7] off=0x40790 flags=0x00000000 op_idx=0 enable_mask=0x00000001 int_mask=0x00000000 int_clear=0x90e3d9f8 int_status=0x00000055 regcfg_amount=1 regcfg_offset=0 regcmd_addr=0x0000005590e3e0b0
  task_like[8] off=0x407e0 flags=0x00000000 op_idx=0 enable_mask=0x00000000 int_mask=0x00000000 int_clear=0x00000000 int_status=0x00000000 regcfg_amount=0 regcfg_offset=0 regcmd_addr=0x0201000000841040
  task_like[9] off=0x408a8 flags=0x0000105c op_idx=33619969 enable_mask=0x00001060 int_mask=0x02010000 int_clear=0x00001064 int_status=0x02010000 regcfg_amount=4200 regcfg_offset=33619968 regcmd_addr=0x0201ffef90001070
  task_like[10] off=0x40ab0 flags=0x00004090 op_idx=268500992 enable_mask=0x00004094 int_mask=0x10010000 int_clear=0x00004098 int_status=0x10010000 regcfg_amount=16540 regcfg_offset=268500992 regcmd_addr=0x10010000000040a0
  task_like[11] off=0x40b00 flags=0x00004100 op_idx=268500992 enable_mask=0x00004104 int_mask=0x10010000 int_clear=0x00004108 int_status=0x10010000 regcfg_amount=16652 regcfg_offset=268500992 regcmd_addr=0x1001000000004110
  task_like[12] off=0x40b50 flags=0x00004128 op_idx=268500992 enable_mask=0x0000412c int_mask=0x10010000 int_clear=0x00000000 int_status=0x00000000 regcfg_amount=20 regcfg_offset=16842752 regcmd_addr=0x0041000000000000
  task_like[13] off=0x40bf0 flags=0x00001050 op_idx=33619969 enable_mask=0x00001054 int_mask=0x02010001 int_clear=0x00001058 int_status=0x02010001 regcfg_amount=4188 regcfg_offset=33619969 regcmd_addr=0x0201000000001060
  task_like[14] off=0x40cb8 flags=0x00001160 op_idx=33619968 enable_mask=0x00001164 int_mask=0x02010000 int_clear=0x00001168 int_status=0x02010000 regcfg_amount=4460 regcfg_offset=33619968 regcmd_addr=0x0201000000001170
  task_like[15] off=0x40d08 flags=0x02003010 op_idx=134283264 enable_mask=0x000d3014 int_mask=0x0801000d int_clear=0x00ff3018 int_status=0x08010000 regcfg_amount=12316 regcfg_offset=134283264 regcmd_addr=0x0801000000003030
  task_like[16] off=0x41118 flags=0x00001150 op_idx=33619968 enable_mask=0x00001154 int_mask=0x02010000 int_clear=0x00001158 int_status=0x02010000 regcfg_amount=4444 regcfg_offset=33619968 regcmd_addr=0x0201000000001160
  task_like[17] off=0x41168 flags=0x00001178 op_idx=33619968 enable_mask=0x0000117c int_mask=0x02010000 int_clear=0x00001180 int_status=0x02010000 regcfg_amount=4484 regcfg_offset=33619968 regcmd_addr=0x0801000002003010
  task_like[18] off=0x41258 flags=0x03834070 op_idx=268500992 enable_mask=0x00004074 int_mask=0x10010000 int_clear=0x00014078 int_status=0x10010000 regcfg_amount=16508 regcfg_offset=268500992 regcmd_addr=0x1001000000004080
  task_like[19] off=0x41320 flags=0x00004120 op_idx=268500992 enable_mask=0x00004124 int_mask=0x10010000 int_clear=0x00004128 int_status=0x10010000 regcfg_amount=16684 regcfg_offset=268500992 regcmd_addr=0x0101fff9d3800010
  task_like[20] off=0x41398 flags=0x00006010 op_idx=1073807360 enable_mask=0x001f6014 int_mask=0x40010000 int_clear=0x00006018 int_status=0x40010000 regcfg_amount=24604 regcfg_offset=1073807360 regcmd_addr=0x40010000001f6020
  task_like[21] off=0x413c0 flags=0x00116024 op_idx=1073807360 enable_mask=0x00006034 int_mask=0x40010000 int_clear=0x00006038 int_status=0x40010000 regcfg_amount=24636 regcfg_offset=1073807360 regcmd_addr=0x4001000000006040
  task_like[22] off=0x41550 flags=0x00051084 op_idx=33619982 enable_mask=0x01001088 int_mask=0x02010000 int_clear=0x00001100 int_status=0x02010000 regcfg_amount=4356 regcfg_offset=33619968 regcmd_addr=0x0201fff5c0001110
  task_like[23] off=0x41578 flags=0x00001140 op_idx=33619968 enable_mask=0x00001144 int_mask=0x02010000 int_clear=0x00001148 int_status=0x02010000 regcfg_amount=4428 regcfg_offset=33619968 regcmd_addr=0x0201000000001150
  task_like[24] off=0x416b8 flags=0x00534060 op_idx=268500992 enable_mask=0x00004064 int_mask=0x10010000 int_clear=0x00004068 int_status=0x10010000 regcfg_amount=16492 regcfg_offset=268500992 regcmd_addr=0x1001000003834070
  task_like[25] off=0x41730 flags=0x000040a0 op_idx=268500992 enable_mask=0x000040a4 int_mask=0x10010000 int_clear=0x000040a8 int_status=0x10010000 regcfg_amount=16556 regcfg_offset=268500992 regcmd_addr=0x10010000188040c0
  task_like[26] off=0x41780 flags=0x00004110 op_idx=268500992 enable_mask=0x00004114 int_mask=0x10010000 int_clear=0x00004118 int_status=0x10010000 regcfg_amount=16668 regcfg_offset=268500992 regcmd_addr=0x1001000000004120
  task_like[27] off=0x417f8 flags=0x00000000 op_idx=0 enable_mask=0x000e6004 int_mask=0x40010000 int_clear=0x000e7004 int_status=0x80010000 regcfg_amount=24588 regcfg_offset=1073807360 regcmd_addr=0x4001000000006010
  task_like[28] off=0x418c0 flags=0x00107028 op_idx=2147549184 enable_mask=0x00017030 int_mask=0x80010000 int_clear=0x00000000 int_status=0x00000000 regcfg_amount=20 regcfg_offset=16842752 regcmd_addr=0x0041000000000000
  task_like[29] off=0x41988 flags=0x0000105c op_idx=33619969 enable_mask=0x00001060 int_mask=0x02010000 int_clear=0x00001064 int_status=0x02010000 regcfg_amount=4200 regcfg_offset=33619968 regcmd_addr=0x0201ffef94601070
  task_like[30] off=0x41b90 flags=0x00004090 op_idx=268500992 enable_mask=0x00004094 int_mask=0x10010000 int_clear=0x00004098 int_status=0x10010000 regcfg_amount=16540 regcfg_offset=268500992 regcmd_addr=0x10010000000040a0
  task_like[31] off=0x41be0 flags=0x00004100 op_idx=268500992 enable_mask=0x00004104 int_mask=0x10010000 int_clear=0x00004108 int_status=0x10010000 regcfg_amount=16652 regcfg_offset=268500992 regcmd_addr=0x1001000000004110
  task_like[32] off=0x41ed8 flags=0x00001170 op_idx=33619968 enable_mask=0x00001174 int_mask=0x02010000 int_clear=0x00001178 int_status=0x02010000 regcfg_amount=4476 regcfg_offset=33619968 regcmd_addr=0x0201000000001180
  task_like[33] off=0x41f28 flags=0x00003030 op_idx=134283264 enable_mask=0x01e4400c int_mask=0x10010000 int_clear=0x00024010 int_status=0x10014800 regcfg_amount=16404 regcfg_offset=268500992 regcmd_addr=0x1001ffec88c04020
  task_like[34] off=0x41f78 flags=0x00534040 op_idx=268500992 enable_mask=0x00004044 int_mask=0x10010000 int_clear=0x00004048 int_status=0x10010000 regcfg_amount=16460 regcfg_offset=268500992 regcmd_addr=0x1001000001264050
  task_like[35] off=0x41ff0 flags=0x0000407c op_idx=268500992 enable_mask=0x00004080 int_mask=0x10010000 int_clear=0x00014084 int_status=0x10010001 regcfg_amount=16520 regcfg_offset=268500992 regcmd_addr=0x1001000000004090
  task_like[36] off=0x42040 flags=0x000040a8 op_idx=268500992 enable_mask=0x000040ac int_mask=0x10010000 int_clear=0x188040c0 int_status=0x10010000 regcfg_amount=16580 regcfg_offset=268500992 regcmd_addr=0x1001000000004100
  task_like[37] off=0x42158 flags=0x0000603c op_idx=1073807360 enable_mask=0x00006040 int_mask=0x40010000 int_clear=0x00006044 int_status=0x40010000 regcfg_amount=24648 regcfg_offset=1073807360 regcmd_addr=0x4001fff9c0006070
  task_like[38] off=0x42180 flags=0x0010607c op_idx=1073807360 enable_mask=0x00106084 int_mask=0x40010000 int_clear=0x000360dc int_status=0x40010000 regcfg_amount=28684 regcfg_offset=2147549184 regcmd_addr=0x8001000000007010
  QWORD_WINDOW off=0x40800 count=832
  regcmd_qword[0] off=0x40800 value=0x0201000000841040
  regcmd_qword[1] off=0x40808 value=0x0201000000001104
  regcmd_qword[2] off=0x40810 value=0x0201000000001100
  regcmd_qword[3] off=0x40818 value=0x020100000120100c
  regcmd_qword[4] off=0x40820 value=0x10010000000e4004
  regcmd_qword[5] off=0x40828 value=0x020100000120100c
  regcmd_qword[6] off=0x40830 value=0x0201000000a01010
  regcmd_qword[7] off=0x40838 value=0x0201000000091014
  regcmd_qword[8] off=0x40840 value=0x0201000e000e1020
  regcmd_qword[9] off=0x40848 value=0x0201003f01001024
  regcmd_qword[10] off=0x40850 value=0x02010000000e1028
  regcmd_qword[11] off=0x40858 value=0x0201000000c4102c
  regcmd_qword[12] off=0x40860 value=0x0201000400001030
  regcmd_qword[13] off=0x40868 value=0x0201000002001034
  regcmd_qword[14] off=0x40870 value=0x0201010102001038
  regcmd_qword[15] off=0x40878 value=0x0201000000841040
  regcmd_qword[16] off=0x40880 value=0x0201000000701044
  regcmd_qword[17] off=0x40888 value=0x02010000000b104c
  regcmd_qword[18] off=0x40890 value=0x0201000100001050
  regcmd_qword[19] off=0x40898 value=0x0201000100001054
  regcmd_qword[20] off=0x408a0 value=0x0201000100001058
  regcmd_qword[21] off=0x408a8 value=0x020100010000105c
  regcmd_qword[22] off=0x408b0 value=0x0201000000001060
  regcmd_qword[23] off=0x408b8 value=0x0201000000001064
  regcmd_qword[24] off=0x408c0 value=0x0201000000001068
  regcmd_qword[25] off=0x408c8 value=0x0201ffef90001070
  regcmd_qword[26] off=0x408d0 value=0x0201000000001074
  regcmd_qword[27] off=0x408d8 value=0x0201000f000f1078
  regcmd_qword[28] off=0x408e0 value=0x020100000038107c
  regcmd_qword[29] off=0x408e8 value=0x02010000008c1080
  regcmd_qword[30] off=0x408f0 value=0x0201000e000e1084
  regcmd_qword[31] off=0x408f8 value=0x0201000001001088
  regcmd_qword[32] off=0x40900 value=0x0201000000001100
  regcmd_qword[33] off=0x40908 value=0x0201000000001104
  regcmd_qword[34] off=0x40910 value=0x0201fff5c0001110
  regcmd_qword[35] off=0x40918 value=0x0201000000001140
  regcmd_qword[36] off=0x40920 value=0x0201000000001144
  regcmd_qword[37] off=0x40928 value=0x0201000000001148
  regcmd_qword[38] off=0x40930 value=0x020100000000114c
  regcmd_qword[39] off=0x40938 value=0x0201000000001150
  regcmd_qword[40] off=0x40940 value=0x0201000000001154
  regcmd_qword[41] off=0x40948 value=0x0201000000001158
  regcmd_qword[42] off=0x40950 value=0x020100000000115c
  regcmd_qword[43] off=0x40958 value=0x0201000000001160
  regcmd_qword[44] off=0x40960 value=0x0201000000001164
  regcmd_qword[45] off=0x40968 value=0x0201000000001168
  regcmd_qword[46] off=0x40970 value=0x020100000000116c
  regcmd_qword[47] off=0x40978 value=0x0201000000001170
  regcmd_qword[48] off=0x40980 value=0x0201000000001174
  regcmd_qword[49] off=0x40988 value=0x0201000000001178
  regcmd_qword[50] off=0x40990 value=0x020100000000117c
  regcmd_qword[51] off=0x40998 value=0x0201000000001180
  regcmd_qword[52] off=0x409a0 value=0x0201000000001184
  regcmd_qword[53] off=0x409a8 value=0x0801000002003010
  regcmd_qword[54] off=0x409b0 value=0x0801000d000d3014
  regcmd_qword[55] off=0x409b8 value=0x0801000001ff3018
  regcmd_qword[56] off=0x409c0 value=0x080100000000301c
  regcmd_qword[57] off=0x409c8 value=0x0801000000003030
  regcmd_qword[58] off=0x409d0 value=0x1001000001e4400c
  regcmd_qword[59] off=0x409d8 value=0x1001480000024010
  regcmd_qword[60] off=0x409e0 value=0x1001000000004014
  regcmd_qword[61] off=0x409e8 value=0x1001ffec80004020
  regcmd_qword[62] off=0x409f0 value=0x100100000c404024
  regcmd_qword[63] off=0x409f8 value=0x10010000000d4030
  regcmd_qword[64] off=0x40a00 value=0x10010000000d4034
  regcmd_qword[65] off=0x40a08 value=0x1001000000004038
  regcmd_qword[66] off=0x40a10 value=0x100101ff01ff403c
  regcmd_qword[67] off=0x40a18 value=0x1001000000534040
  regcmd_qword[68] off=0x40a20 value=0x1001000000004044
  regcmd_qword[69] off=0x40a28 value=0x1001000000004048
  regcmd_qword[70] off=0x40a30 value=0x100100000000404c
  regcmd_qword[71] off=0x40a38 value=0x1001000001264050
  regcmd_qword[72] off=0x40a40 value=0x1001000000004054
  regcmd_qword[73] off=0x40a48 value=0x1001000001ff4058
  regcmd_qword[74] off=0x40a50 value=0x1001000d000d405c
  regcmd_qword[75] off=0x40a58 value=0x1001000000534060
  regcmd_qword[76] off=0x40a60 value=0x1001000000004064
  regcmd_qword[77] off=0x40a68 value=0x1001000000004068
  regcmd_qword[78] off=0x40a70 value=0x100100000000406c
  regcmd_qword[79] off=0x40a78 value=0x1001000003834070
  regcmd_qword[80] off=0x40a80 value=0x1001000000004074
  regcmd_qword[81] off=0x40a88 value=0x1001000000014078
  regcmd_qword[82] off=0x40a90 value=0x100100000000407c
  regcmd_qword[83] off=0x40a98 value=0x1001000000004080
  regcmd_qword[84] off=0x40aa0 value=0x1001000100014084
  regcmd_qword[85] off=0x40aa8 value=0x1001000000004088
  regcmd_qword[86] off=0x40ab0 value=0x1001000000004090
  regcmd_qword[87] off=0x40ab8 value=0x1001000000004094
  regcmd_qword[88] off=0x40ac0 value=0x1001000000004098
  regcmd_qword[89] off=0x40ac8 value=0x100100000000409c
  regcmd_qword[90] off=0x40ad0 value=0x10010000000040a0
  regcmd_qword[91] off=0x40ad8 value=0x10010000000040a4
  regcmd_qword[92] off=0x40ae0 value=0x10010000000040a8
  regcmd_qword[93] off=0x40ae8 value=0x10010000000040ac
  regcmd_qword[94] off=0x40af0 value=0x10010000188040c0
  regcmd_qword[95] off=0x40af8 value=0x10010000000040c4
  regcmd_qword[96] off=0x40b00 value=0x1001000000004100
  regcmd_qword[97] off=0x40b08 value=0x1001000000004104
  regcmd_qword[98] off=0x40b10 value=0x1001000000004108
  regcmd_qword[99] off=0x40b18 value=0x100100000000410c
  regcmd_qword[100] off=0x40b20 value=0x1001000000004110
  regcmd_qword[101] off=0x40b28 value=0x1001000000004114
  regcmd_qword[102] off=0x40b30 value=0x1001000000004118
  regcmd_qword[103] off=0x40b38 value=0x100100000000411c
  regcmd_qword[104] off=0x40b40 value=0x1001000000004120
  regcmd_qword[105] off=0x40b48 value=0x1001000000004124
  regcmd_qword[106] off=0x40b50 value=0x1001000000004128
  regcmd_qword[107] off=0x40b58 value=0x100100000000412c
  regcmd_qword[108] off=0x40b60 value=0x0000000000000000
  regcmd_qword[109] off=0x40b68 value=0x0101000000000014
  regcmd_qword[110] off=0x40b70 value=0x0041000000000000
  regcmd_qword[111] off=0x40b78 value=0x00810000000d0008
  regcmd_qword[112] off=0x40b80 value=0x10010000000e4004
  regcmd_qword[113] off=0x40b88 value=0x020100000120100c
  regcmd_qword[114] off=0x40b90 value=0x0201400000a01010
  regcmd_qword[115] off=0x40b98 value=0x0201000000091014
  regcmd_qword[116] off=0x40ba0 value=0x0201000e000e1020
  regcmd_qword[117] off=0x40ba8 value=0x0201003f01001024
  regcmd_qword[118] off=0x40bb0 value=0x02010000000e1028
  regcmd_qword[119] off=0x40bb8 value=0x0201000000c4102c
  regcmd_qword[120] off=0x40bc0 value=0x0201000200001030
  regcmd_qword[121] off=0x40bc8 value=0x0201000002001034
  regcmd_qword[122] off=0x40bd0 value=0x0201010101001038
  regcmd_qword[123] off=0x40bd8 value=0x0201000000841040
  regcmd_qword[124] off=0x40be0 value=0x0201000000701044
  regcmd_qword[125] off=0x40be8 value=0x02010000000b104c
  regcmd_qword[126] off=0x40bf0 value=0x0201000100001050
  regcmd_qword[127] off=0x40bf8 value=0x0201000100001054
  regcmd_qword[128] off=0x40c00 value=0x0201000100001058
  regcmd_qword[129] off=0x40c08 value=0x020100010000105c
  regcmd_qword[130] off=0x40c10 value=0x0201000000001060
  regcmd_qword[131] off=0x40c18 value=0x0201000000001064
  regcmd_qword[132] off=0x40c20 value=0x0201000000001068
  regcmd_qword[133] off=0x40c28 value=0x0201ffef90001070
  regcmd_qword[134] off=0x40c30 value=0x0201000000001074
  regcmd_qword[135] off=0x40c38 value=0x0201000f000f1078
  regcmd_qword[136] off=0x40c40 value=0x020100000038107c
  regcmd_qword[137] off=0x40c48 value=0x02010000008c1080
  regcmd_qword[138] off=0x40c50 value=0x0201000e000e1084
  regcmd_qword[139] off=0x40c58 value=0x0201000001001088
  regcmd_qword[140] off=0x40c60 value=0x0201000000001100
  regcmd_qword[141] off=0x40c68 value=0x0201000000001104
  regcmd_qword[142] off=0x40c70 value=0x0201fff5c0001110
  regcmd_qword[143] off=0x40c78 value=0x0201000000001140
  regcmd_qword[144] off=0x40c80 value=0x0201000000001144
  regcmd_qword[145] off=0x40c88 value=0x0201000000001148
  regcmd_qword[146] off=0x40c90 value=0x020100000000114c
  regcmd_qword[147] off=0x40c98 value=0x0201000000001150
  regcmd_qword[148] off=0x40ca0 value=0x0201000000001154
  regcmd_qword[149] off=0x40ca8 value=0x0201000000001158
  regcmd_qword[150] off=0x40cb0 value=0x020100000000115c
  regcmd_qword[151] off=0x40cb8 value=0x0201000000001160
  regcmd_qword[152] off=0x40cc0 value=0x0201000000001164
  regcmd_qword[153] off=0x40cc8 value=0x0201000000001168
  regcmd_qword[154] off=0x40cd0 value=0x020100000000116c
  regcmd_qword[155] off=0x40cd8 value=0x0201000000001170
  regcmd_qword[156] off=0x40ce0 value=0x0201000000001174
  regcmd_qword[157] off=0x40ce8 value=0x0201000000001178
  regcmd_qword[158] off=0x40cf0 value=0x020100000000117c
  regcmd_qword[159] off=0x40cf8 value=0x0201000000001180
  regcmd_qword[160] off=0x40d00 value=0x0201000000001184
  regcmd_qword[161] off=0x40d08 value=0x0801000002003010
  regcmd_qword[162] off=0x40d10 value=0x0801000d000d3014
  regcmd_qword[163] off=0x40d18 value=0x0801000000ff3018
  regcmd_qword[164] off=0x40d20 value=0x080100000000301c
  regcmd_qword[165] off=0x40d28 value=0x0801000000003030
  regcmd_qword[166] off=0x40d30 value=0x1001000001e4400c
  regcmd_qword[167] off=0x40d38 value=0x1001480000024010
  regcmd_qword[168] off=0x40d40 value=0x1001000000004014
  regcmd_qword[169] off=0x40d48 value=0x1001ffec80004020
  regcmd_qword[170] off=0x40d50 value=0x100100000c404024
  regcmd_qword[171] off=0x40d58 value=0x10010000000d4030
  regcmd_qword[172] off=0x40d60 value=0x10010000000d4034
  regcmd_qword[173] off=0x40d68 value=0x1001000000004038
  regcmd_qword[174] off=0x40d70 value=0x100100ff00ff403c
  regcmd_qword[175] off=0x40d78 value=0x1001000000534040
  regcmd_qword[176] off=0x40d80 value=0x1001000000004044
  regcmd_qword[177] off=0x40d88 value=0x1001000000004048
  regcmd_qword[178] off=0x40d90 value=0x100100000000404c
  regcmd_qword[179] off=0x40d98 value=0x1001000001264050
  regcmd_qword[180] off=0x40da0 value=0x1001000000004054
  regcmd_qword[181] off=0x40da8 value=0x1001000000ff4058
  regcmd_qword[182] off=0x40db0 value=0x1001000d000d405c
  regcmd_qword[183] off=0x40db8 value=0x1001000000534060
  regcmd_qword[184] off=0x40dc0 value=0x1001000000004064
  regcmd_qword[185] off=0x40dc8 value=0x1001000000004068
  regcmd_qword[186] off=0x40dd0 value=0x100100000000406c
  regcmd_qword[187] off=0x40dd8 value=0x1001000003834070
  regcmd_qword[188] off=0x40de0 value=0x1001000000004074
  regcmd_qword[189] off=0x40de8 value=0x1001000000014078
  regcmd_qword[190] off=0x40df0 value=0x100100000000407c
  regcmd_qword[191] off=0x40df8 value=0x1001000000004080
  regcmd_qword[192] off=0x40e00 value=0x1001000100014084
  regcmd_qword[193] off=0x40e08 value=0x1001000000004088
  regcmd_qword[194] off=0x40e10 value=0x1001000000004090
  regcmd_qword[195] off=0x40e18 value=0x1001000000004094
  regcmd_qword[196] off=0x40e20 value=0x1001000000004098
  regcmd_qword[197] off=0x40e28 value=0x100100000000409c
  regcmd_qword[198] off=0x40e30 value=0x10010000000040a0
  regcmd_qword[199] off=0x40e38 value=0x10010000000040a4
  regcmd_qword[200] off=0x40e40 value=0x10010000000040a8
  regcmd_qword[201] off=0x40e48 value=0x10010000000040ac
  regcmd_qword[202] off=0x40e50 value=0x10010000188040c0
  regcmd_qword[203] off=0x40e58 value=0x10010000000040c4
  regcmd_qword[204] off=0x40e60 value=0x1001000000004100
  regcmd_qword[205] off=0x40e68 value=0x1001000000004104
  regcmd_qword[206] off=0x40e70 value=0x1001000000004108
  regcmd_qword[207] off=0x40e78 value=0x100100000000410c
  regcmd_qword[208] off=0x40e80 value=0x1001000000004110
  regcmd_qword[209] off=0x40e88 value=0x1001000000004114
  regcmd_qword[210] off=0x40e90 value=0x1001000000004118
  regcmd_qword[211] off=0x40e98 value=0x100100000000411c
  regcmd_qword[212] off=0x40ea0 value=0x1001000000004120
  regcmd_qword[213] off=0x40ea8 value=0x1001000000004124
  regcmd_qword[214] off=0x40eb0 value=0x1001000000004128
  regcmd_qword[215] off=0x40eb8 value=0x100100000000412c
  regcmd_qword[216] off=0x40ec0 value=0x0101fff9cf000010
  regcmd_qword[217] off=0x40ec8 value=0x01010001000e0014
  regcmd_qword[218] off=0x40ed0 value=0x0041000000000000
  regcmd_qword[219] off=0x40ed8 value=0x00810000000d0008
  regcmd_qword[220] off=0x40ee0 value=0x0000000000000000
  regcmd_qword[221] off=0x40ee8 value=0x0000000000000000
  regcmd_qword[222] off=0x40ef0 value=0x0000000000000000
  regcmd_qword[223] off=0x40ef8 value=0x0000000000000000
  regcmd_qword[224] off=0x40f00 value=0x40010000000e6004
  regcmd_qword[225] off=0x40f08 value=0x80010000000e7004
  regcmd_qword[226] off=0x40f10 value=0x400100000000600c
  regcmd_qword[227] off=0x40f18 value=0x4001000000006010
  regcmd_qword[228] off=0x40f20 value=0x40010000001f6014
  regcmd_qword[229] off=0x40f28 value=0x4001000000006018
  regcmd_qword[230] off=0x40f30 value=0x400100000000601c
  regcmd_qword[231] off=0x40f38 value=0x40010000001f6020
  regcmd_qword[232] off=0x40f40 value=0x4001000000116024
  regcmd_qword[233] off=0x40f48 value=0x4001000000006034
  regcmd_qword[234] off=0x40f50 value=0x4001000000006038
  regcmd_qword[235] off=0x40f58 value=0x400100000000603c
  regcmd_qword[236] off=0x40f60 value=0x4001000000006040
  regcmd_qword[237] off=0x40f68 value=0x4001000000006044
  regcmd_qword[238] off=0x40f70 value=0x4001000000006048
  regcmd_qword[239] off=0x40f78 value=0x4001fff9c0006070
  regcmd_qword[240] off=0x40f80 value=0x400100000010607c
  regcmd_qword[241] off=0x40f88 value=0x4001000000106084
  regcmd_qword[242] off=0x40f90 value=0x40010000000360dc
  regcmd_qword[243] off=0x40f98 value=0x800100000000700c
  regcmd_qword[244] off=0x40fa0 value=0x8001000000007010
  regcmd_qword[245] off=0x40fa8 value=0x80010000001f7014
  regcmd_qword[246] off=0x40fb0 value=0x8001fff9c400701c
  regcmd_qword[247] off=0x40fb8 value=0x8001000000107024
  regcmd_qword[248] off=0x40fc0 value=0x8001000000107028
  regcmd_qword[249] off=0x40fc8 value=0x8001000000017030
  regcmd_qword[250] off=0x40fd0 value=0x0000000000000000
  regcmd_qword[251] off=0x40fd8 value=0x0101000000000014
  regcmd_qword[252] off=0x40fe0 value=0x0041000000000000
  regcmd_qword[253] off=0x40fe8 value=0x0081000000600008
  regcmd_qword[254] off=0x40ff0 value=0x0000000000000000
  regcmd_qword[255] off=0x40ff8 value=0x0000000000000000
  regcmd_qword[256] off=0x41000 value=0x10010000000e4004
  regcmd_qword[257] off=0x41008 value=0x020100000120100c
  regcmd_qword[258] off=0x41010 value=0x0201400000a01010
  regcmd_qword[259] off=0x41018 value=0x0201000000091014
  regcmd_qword[260] off=0x41020 value=0x0201000e000e1020
  regcmd_qword[261] off=0x41028 value=0x0201003f01001024
  regcmd_qword[262] off=0x41030 value=0x02010000000e1028
  regcmd_qword[263] off=0x41038 value=0x0201000000c4102c
  regcmd_qword[264] off=0x41040 value=0x0201000200001030
  regcmd_qword[265] off=0x41048 value=0x0201000002001034
  regcmd_qword[266] off=0x41050 value=0x0201010101001038
  regcmd_qword[267] off=0x41058 value=0x0201000000841040
  regcmd_qword[268] off=0x41060 value=0x0201000000701044
  regcmd_qword[269] off=0x41068 value=0x02010000000b104c
  regcmd_qword[270] off=0x41070 value=0x0201000100001050
  regcmd_qword[271] off=0x41078 value=0x0201000100001054
  regcmd_qword[272] off=0x41080 value=0x0201000100001058
  regcmd_qword[273] off=0x41088 value=0x020100010000105c
  regcmd_qword[274] off=0x41090 value=0x0201000000001060
  regcmd_qword[275] off=0x41098 value=0x0201000000001064
  regcmd_qword[276] off=0x410a0 value=0x0201000000001068
  regcmd_qword[277] off=0x410a8 value=0x0201ffef90001070
  regcmd_qword[278] off=0x410b0 value=0x0201000000001074
  regcmd_qword[279] off=0x410b8 value=0x0201000f000f1078
  regcmd_qword[280] off=0x410c0 value=0x020100000038107c
  regcmd_qword[281] off=0x410c8 value=0x02010000008c1080
  regcmd_qword[282] off=0x410d0 value=0x0201000e000e1084
  regcmd_qword[283] off=0x410d8 value=0x0201000001001088
  regcmd_qword[284] off=0x410e0 value=0x0201000000001100
  regcmd_qword[285] off=0x410e8 value=0x0201000000001104
  regcmd_qword[286] off=0x410f0 value=0x0201fff7c0001110
  regcmd_qword[287] off=0x410f8 value=0x0201000000001140
  regcmd_qword[288] off=0x41100 value=0x0201000000001144
  regcmd_qword[289] off=0x41108 value=0x0201000000001148
  regcmd_qword[290] off=0x41110 value=0x020100000000114c
  regcmd_qword[291] off=0x41118 value=0x0201000000001150
  regcmd_qword[292] off=0x41120 value=0x0201000000001154
  regcmd_qword[293] off=0x41128 value=0x0201000000001158
  regcmd_qword[294] off=0x41130 value=0x020100000000115c
  regcmd_qword[295] off=0x41138 value=0x0201000000001160
  regcmd_qword[296] off=0x41140 value=0x0201000000001164
  regcmd_qword[297] off=0x41148 value=0x0201000000001168
  regcmd_qword[298] off=0x41150 value=0x020100000000116c
  regcmd_qword[299] off=0x41158 value=0x0201000000001170
  regcmd_qword[300] off=0x41160 value=0x0201000000001174
  regcmd_qword[301] off=0x41168 value=0x0201000000001178
  regcmd_qword[302] off=0x41170 value=0x020100000000117c
  regcmd_qword[303] off=0x41178 value=0x0201000000001180
  regcmd_qword[304] off=0x41180 value=0x0201000000001184
  regcmd_qword[305] off=0x41188 value=0x0801000002003010
  regcmd_qword[306] off=0x41190 value=0x0801000d000d3014
  regcmd_qword[307] off=0x41198 value=0x0801000000ff3018
  regcmd_qword[308] off=0x411a0 value=0x080100000000301c
  regcmd_qword[309] off=0x411a8 value=0x0801000000003030
  regcmd_qword[310] off=0x411b0 value=0x1001000001e4400c
  regcmd_qword[311] off=0x411b8 value=0x1001480000024010
  regcmd_qword[312] off=0x411c0 value=0x1001000000004014
  regcmd_qword[313] off=0x411c8 value=0x1001ffee08004020
  regcmd_qword[314] off=0x411d0 value=0x100100000c404024
  regcmd_qword[315] off=0x411d8 value=0x10010000000d4030
  regcmd_qword[316] off=0x411e0 value=0x10010000000d4034
  regcmd_qword[317] off=0x411e8 value=0x1001000000004038
  regcmd_qword[318] off=0x411f0 value=0x100100ff00ff403c
  regcmd_qword[319] off=0x411f8 value=0x1001000000534040
  regcmd_qword[320] off=0x41200 value=0x1001000000004044
  regcmd_qword[321] off=0x41208 value=0x1001000000004048
  regcmd_qword[322] off=0x41210 value=0x100100000000404c
  regcmd_qword[323] off=0x41218 value=0x1001000001264050
  regcmd_qword[324] off=0x41220 value=0x1001000000004054
  regcmd_qword[325] off=0x41228 value=0x1001000000ff4058
  regcmd_qword[326] off=0x41230 value=0x1001000d000d405c
  regcmd_qword[327] off=0x41238 value=0x1001000000534060
  regcmd_qword[328] off=0x41240 value=0x1001000000004064
  regcmd_qword[329] off=0x41248 value=0x1001000000004068
  regcmd_qword[330] off=0x41250 value=0x100100000000406c
  regcmd_qword[331] off=0x41258 value=0x1001000003834070
  regcmd_qword[332] off=0x41260 value=0x1001000000004074
  regcmd_qword[333] off=0x41268 value=0x1001000000014078
  regcmd_qword[334] off=0x41270 value=0x100100000000407c
  regcmd_qword[335] off=0x41278 value=0x1001000000004080
  regcmd_qword[336] off=0x41280 value=0x1001000100014084
  regcmd_qword[337] off=0x41288 value=0x1001000000004088
  regcmd_qword[338] off=0x41290 value=0x1001000000004090
  regcmd_qword[339] off=0x41298 value=0x1001000000004094
  regcmd_qword[340] off=0x412a0 value=0x1001000000004098
  regcmd_qword[341] off=0x412a8 value=0x100100000000409c
  regcmd_qword[342] off=0x412b0 value=0x10010000000040a0
  regcmd_qword[343] off=0x412b8 value=0x10010000000040a4
  regcmd_qword[344] off=0x412c0 value=0x10010000000040a8
  regcmd_qword[345] off=0x412c8 value=0x10010000000040ac
  regcmd_qword[346] off=0x412d0 value=0x10010000188040c0
  regcmd_qword[347] off=0x412d8 value=0x10010000000040c4
  regcmd_qword[348] off=0x412e0 value=0x1001000000004100
  regcmd_qword[349] off=0x412e8 value=0x1001000000004104
  regcmd_qword[350] off=0x412f0 value=0x1001000000004108
  regcmd_qword[351] off=0x412f8 value=0x100100000000410c
  regcmd_qword[352] off=0x41300 value=0x1001000000004110
  regcmd_qword[353] off=0x41308 value=0x1001000000004114
  regcmd_qword[354] off=0x41310 value=0x1001000000004118
  regcmd_qword[355] off=0x41318 value=0x100100000000411c
  regcmd_qword[356] off=0x41320 value=0x1001000000004120
  regcmd_qword[357] off=0x41328 value=0x1001000000004124
  regcmd_qword[358] off=0x41330 value=0x1001000000004128
  regcmd_qword[359] off=0x41338 value=0x100100000000412c
  regcmd_qword[360] off=0x41340 value=0x0101fff9d3800010
  regcmd_qword[361] off=0x41348 value=0x01010001000e0014
  regcmd_qword[362] off=0x41350 value=0x0041000000000000
  regcmd_qword[363] off=0x41358 value=0x00810000000d0008
  regcmd_qword[364] off=0x41360 value=0x0000000000000000
  regcmd_qword[365] off=0x41368 value=0x0000000000000000
  regcmd_qword[366] off=0x41370 value=0x0000000000000000
  regcmd_qword[367] off=0x41378 value=0x0000000000000000
  regcmd_qword[368] off=0x41380 value=0x40010000000e6004
  regcmd_qword[369] off=0x41388 value=0x80010000000e7004
  regcmd_qword[370] off=0x41390 value=0x400100000000600c
  regcmd_qword[371] off=0x41398 value=0x4001000000006010
  regcmd_qword[372] off=0x413a0 value=0x40010000001f6014
  regcmd_qword[373] off=0x413a8 value=0x4001000000006018
  regcmd_qword[374] off=0x413b0 value=0x400100000000601c
  regcmd_qword[375] off=0x413b8 value=0x40010000001f6020
  regcmd_qword[376] off=0x413c0 value=0x4001000000116024
  regcmd_qword[377] off=0x413c8 value=0x4001000000006034
  regcmd_qword[378] off=0x413d0 value=0x4001000000006038
  regcmd_qword[379] off=0x413d8 value=0x400100000000603c
  regcmd_qword[380] off=0x413e0 value=0x4001000000006040
  regcmd_qword[381] off=0x413e8 value=0x4001000000006044
  regcmd_qword[382] off=0x413f0 value=0x4001000000006048
  regcmd_qword[383] off=0x413f8 value=0x4001fff9c0006070
  regcmd_qword[384] off=0x41400 value=0x400100000010607c
  regcmd_qword[385] off=0x41408 value=0x4001000000106084
  regcmd_qword[386] off=0x41410 value=0x40010000000360dc
  regcmd_qword[387] off=0x41418 value=0x800100000000700c
  regcmd_qword[388] off=0x41420 value=0x8001000000007010
  regcmd_qword[389] off=0x41428 value=0x80010000001f7014
  regcmd_qword[390] off=0x41430 value=0x8001fff9c400701c
  regcmd_qword[391] off=0x41438 value=0x8001000000107024
  regcmd_qword[392] off=0x41440 value=0x8001000000107028
  regcmd_qword[393] off=0x41448 value=0x8001000000017030
  regcmd_qword[394] off=0x41450 value=0x0000000000000000
  regcmd_qword[395] off=0x41458 value=0x0101000000000014
  regcmd_qword[396] off=0x41460 value=0x0041000000000000
  regcmd_qword[397] off=0x41468 value=0x0081000000600008
  regcmd_qword[398] off=0x41470 value=0x0000000000000000
  regcmd_qword[399] off=0x41478 value=0x0000000000000000
  regcmd_qword[400] off=0x41480 value=0x10010000000e4004
  regcmd_qword[401] off=0x41488 value=0x020100000120100c
  regcmd_qword[402] off=0x41490 value=0x0201200000601010
  regcmd_qword[403] off=0x41498 value=0x0201000000091014
  regcmd_qword[404] off=0x414a0 value=0x0201000e00051020
  regcmd_qword[405] off=0x414a8 value=0x0201003f01001024
  regcmd_qword[406] off=0x414b0 value=0x02010000000e1028
  regcmd_qword[407] off=0x414b8 value=0x020100000046102c
  regcmd_qword[408] off=0x414c0 value=0x0201000400001030
  regcmd_qword[409] off=0x414c8 value=0x0201000002001034
  regcmd_qword[410] off=0x414d0 value=0x0201010102001038
  regcmd_qword[411] off=0x414d8 value=0x0201000000841040
  regcmd_qword[412] off=0x414e0 value=0x0201000000701044
  regcmd_qword[413] off=0x414e8 value=0x02010000000b104c
  regcmd_qword[414] off=0x414f0 value=0x0201000100001050
  regcmd_qword[415] off=0x414f8 value=0x0201000100001054
  regcmd_qword[416] off=0x41500 value=0x0201000100001058
  regcmd_qword[417] off=0x41508 value=0x020100010000105c
  regcmd_qword[418] off=0x41510 value=0x0201000000001060
  regcmd_qword[419] off=0x41518 value=0x0201000000001064
  regcmd_qword[420] off=0x41520 value=0x0201000000001068
  regcmd_qword[421] off=0x41528 value=0x0201ffef90001070
  regcmd_qword[422] off=0x41530 value=0x0201000000001074
  regcmd_qword[423] off=0x41538 value=0x0201000f000f1078
  regcmd_qword[424] off=0x41540 value=0x020100000038107c
  regcmd_qword[425] off=0x41548 value=0x02010000008c1080
  regcmd_qword[426] off=0x41550 value=0x0201000e00051084
  regcmd_qword[427] off=0x41558 value=0x0201000001001088
  regcmd_qword[428] off=0x41560 value=0x0201000000001100
  regcmd_qword[429] off=0x41568 value=0x0201000000001104
  regcmd_qword[430] off=0x41570 value=0x0201fff5c0001110
  regcmd_qword[431] off=0x41578 value=0x0201000000001140
  regcmd_qword[432] off=0x41580 value=0x0201000000001144
  regcmd_qword[433] off=0x41588 value=0x0201000000001148
  regcmd_qword[434] off=0x41590 value=0x020100000000114c
  regcmd_qword[435] off=0x41598 value=0x0201000000001150
  regcmd_qword[436] off=0x415a0 value=0x0201000000001154
  regcmd_qword[437] off=0x415a8 value=0x0201000000001158
  regcmd_qword[438] off=0x415b0 value=0x020100000000115c
  regcmd_qword[439] off=0x415b8 value=0x0201000000001160
  regcmd_qword[440] off=0x415c0 value=0x0201000000001164
  regcmd_qword[441] off=0x415c8 value=0x0201000000001168
  regcmd_qword[442] off=0x415d0 value=0x020100000000116c
  regcmd_qword[443] off=0x415d8 value=0x0201000000001170
  regcmd_qword[444] off=0x415e0 value=0x0201000000001174
  regcmd_qword[445] off=0x415e8 value=0x0201000000001178
  regcmd_qword[446] off=0x415f0 value=0x020100000000117c
  regcmd_qword[447] off=0x415f8 value=0x0201000000001180
  regcmd_qword[448] off=0x41600 value=0x0201000000001184
  regcmd_qword[449] off=0x41608 value=0x0801000002003010
  regcmd_qword[450] off=0x41610 value=0x08010004000d3014
  regcmd_qword[451] off=0x41618 value=0x0801000001ff3018
  regcmd_qword[452] off=0x41620 value=0x080100000000301c
  regcmd_qword[453] off=0x41628 value=0x0801000000003030
  regcmd_qword[454] off=0x41630 value=0x1001000001e4400c
  regcmd_qword[455] off=0x41638 value=0x1001480000024010
  regcmd_qword[456] off=0x41640 value=0x1001000000004014
  regcmd_qword[457] off=0x41648 value=0x1001ffec80004020
  regcmd_qword[458] off=0x41650 value=0x100100000c404024
  regcmd_qword[459] off=0x41658 value=0x10010000000d4030
  regcmd_qword[460] off=0x41660 value=0x1001000000044034
  regcmd_qword[461] off=0x41668 value=0x1001000000004038
  regcmd_qword[462] off=0x41670 value=0x100101ff01ff403c
  regcmd_qword[463] off=0x41678 value=0x1001000000534040
  regcmd_qword[464] off=0x41680 value=0x1001000000004044
  regcmd_qword[465] off=0x41688 value=0x1001000000004048
  regcmd_qword[466] off=0x41690 value=0x100100000000404c
  regcmd_qword[467] off=0x41698 value=0x1001000001264050
  regcmd_qword[468] off=0x416a0 value=0x1001000000004054
  regcmd_qword[469] off=0x416a8 value=0x1001000001ff4058
  regcmd_qword[470] off=0x416b0 value=0x10010004000d405c
  regcmd_qword[471] off=0x416b8 value=0x1001000000534060
  regcmd_qword[472] off=0x416c0 value=0x1001000000004064
  regcmd_qword[473] off=0x416c8 value=0x1001000000004068
  regcmd_qword[474] off=0x416d0 value=0x100100000000406c
  regcmd_qword[475] off=0x416d8 value=0x1001000003834070
  regcmd_qword[476] off=0x416e0 value=0x1001000000004074
  regcmd_qword[477] off=0x416e8 value=0x1001000000014078
  regcmd_qword[478] off=0x416f0 value=0x100100000000407c
  regcmd_qword[479] off=0x416f8 value=0x1001000000004080
  regcmd_qword[480] off=0x41700 value=0x1001000100014084
  regcmd_qword[481] off=0x41708 value=0x1001000000004088
  regcmd_qword[482] off=0x41710 value=0x1001000000004090
  regcmd_qword[483] off=0x41718 value=0x1001000000004094
  regcmd_qword[484] off=0x41720 value=0x1001000000004098
  regcmd_qword[485] off=0x41728 value=0x100100000000409c
  regcmd_qword[486] off=0x41730 value=0x10010000000040a0
  regcmd_qword[487] off=0x41738 value=0x10010000000040a4
  regcmd_qword[488] off=0x41740 value=0x10010000000040a8
  regcmd_qword[489] off=0x41748 value=0x10010000000040ac
  regcmd_qword[490] off=0x41750 value=0x10010000188040c0
  regcmd_qword[491] off=0x41758 value=0x10010000000040c4
  regcmd_qword[492] off=0x41760 value=0x1001000000004100
  regcmd_qword[493] off=0x41768 value=0x1001000000004104
  regcmd_qword[494] off=0x41770 value=0x1001000000004108
  regcmd_qword[495] off=0x41778 value=0x100100000000410c
  regcmd_qword[496] off=0x41780 value=0x1001000000004110
  regcmd_qword[497] off=0x41788 value=0x1001000000004114
  regcmd_qword[498] off=0x41790 value=0x1001000000004118
  regcmd_qword[499] off=0x41798 value=0x100100000000411c
  regcmd_qword[500] off=0x417a0 value=0x1001000000004120
  regcmd_qword[501] off=0x417a8 value=0x1001000000004124
  regcmd_qword[502] off=0x417b0 value=0x1001000000004128
  regcmd_qword[503] off=0x417b8 value=0x100100000000412c
  regcmd_qword[504] off=0x417c0 value=0x0101fff9d8000010
  regcmd_qword[505] off=0x417c8 value=0x01010002000e0014
  regcmd_qword[506] off=0x417d0 value=0x0041000000000000
  regcmd_qword[507] off=0x417d8 value=0x00810000000d0008
  regcmd_qword[508] off=0x417e0 value=0x0000000000000000
  regcmd_qword[509] off=0x417e8 value=0x0000000000000000
  regcmd_qword[510] off=0x417f0 value=0x0000000000000000
  regcmd_qword[511] off=0x417f8 value=0x0000000000000000
  regcmd_qword[512] off=0x41800 value=0x40010000000e6004
  regcmd_qword[513] off=0x41808 value=0x80010000000e7004
  regcmd_qword[514] off=0x41810 value=0x400100000000600c
  regcmd_qword[515] off=0x41818 value=0x4001000000006010
  regcmd_qword[516] off=0x41820 value=0x40010000001f6014
  regcmd_qword[517] off=0x41828 value=0x4001000000006018
  regcmd_qword[518] off=0x41830 value=0x400100000000601c
  regcmd_qword[519] off=0x41838 value=0x40010000001f6020
  regcmd_qword[520] off=0x41840 value=0x4001000000116024
  regcmd_qword[521] off=0x41848 value=0x4001000000006034
  regcmd_qword[522] off=0x41850 value=0x4001000000006038
  regcmd_qword[523] off=0x41858 value=0x400100000000603c
  regcmd_qword[524] off=0x41860 value=0x4001000000006040
  regcmd_qword[525] off=0x41868 value=0x4001000000006044
  regcmd_qword[526] off=0x41870 value=0x4001000000006048
  regcmd_qword[527] off=0x41878 value=0x4001fff9c0006070
  regcmd_qword[528] off=0x41880 value=0x400100000010607c
  regcmd_qword[529] off=0x41888 value=0x4001000000106084
  regcmd_qword[530] off=0x41890 value=0x40010000000360dc
  regcmd_qword[531] off=0x41898 value=0x800100000000700c
  regcmd_qword[532] off=0x418a0 value=0x8001000000007010
  regcmd_qword[533] off=0x418a8 value=0x80010000001f7014
  regcmd_qword[534] off=0x418b0 value=0x8001fff9c400701c
  regcmd_qword[535] off=0x418b8 value=0x8001000000107024
  regcmd_qword[536] off=0x418c0 value=0x8001000000107028
  regcmd_qword[537] off=0x418c8 value=0x8001000000017030
  regcmd_qword[538] off=0x418d0 value=0x0000000000000000
  regcmd_qword[539] off=0x418d8 value=0x0101000000000014
  regcmd_qword[540] off=0x418e0 value=0x0041000000000000
  regcmd_qword[541] off=0x418e8 value=0x0081000000600008
  regcmd_qword[542] off=0x418f0 value=0x0000000000000000
  regcmd_qword[543] off=0x418f8 value=0x0000000000000000
  regcmd_qword[544] off=0x41900 value=0x10010000000e4004
  regcmd_qword[545] off=0x41908 value=0x020100000120100c
  regcmd_qword[546] off=0x41910 value=0x0201200000601010
  regcmd_qword[547] off=0x41918 value=0x0201000000091014
  regcmd_qword[548] off=0x41920 value=0x0201000e00051020
  regcmd_qword[549] off=0x41928 value=0x0201003f01001024
  regcmd_qword[550] off=0x41930 value=0x02010000000e1028
  regcmd_qword[551] off=0x41938 value=0x020100000046102c
  regcmd_qword[552] off=0x41940 value=0x0201000400001030
  regcmd_qword[553] off=0x41948 value=0x0201000002001034
  regcmd_qword[554] off=0x41950 value=0x0201010102001038
  regcmd_qword[555] off=0x41958 value=0x0201000000841040
  regcmd_qword[556] off=0x41960 value=0x0201000000701044
  regcmd_qword[557] off=0x41968 value=0x02010000000b104c
  regcmd_qword[558] off=0x41970 value=0x0201000100001050
  regcmd_qword[559] off=0x41978 value=0x0201000100001054
  regcmd_qword[560] off=0x41980 value=0x0201000100001058
  regcmd_qword[561] off=0x41988 value=0x020100010000105c
  regcmd_qword[562] off=0x41990 value=0x0201000000001060
  regcmd_qword[563] off=0x41998 value=0x0201000000001064
  regcmd_qword[564] off=0x419a0 value=0x0201000000001068
  regcmd_qword[565] off=0x419a8 value=0x0201ffef94601070
  regcmd_qword[566] off=0x419b0 value=0x0201000000001074
  regcmd_qword[567] off=0x419b8 value=0x0201000f000f1078
  regcmd_qword[568] off=0x419c0 value=0x020100000038107c
  regcmd_qword[569] off=0x419c8 value=0x02010000008c1080
  regcmd_qword[570] off=0x419d0 value=0x0201000e00051084
  regcmd_qword[571] off=0x419d8 value=0x0201000001001088
  regcmd_qword[572] off=0x419e0 value=0x0201000000001100
  regcmd_qword[573] off=0x419e8 value=0x0201000000001104
  regcmd_qword[574] off=0x419f0 value=0x0201fff5c0001110
  regcmd_qword[575] off=0x419f8 value=0x0201000000001140
  regcmd_qword[576] off=0x41a00 value=0x0201000000001144
  regcmd_qword[577] off=0x41a08 value=0x0201000000001148
  regcmd_qword[578] off=0x41a10 value=0x020100000000114c
  regcmd_qword[579] off=0x41a18 value=0x0201000000001150
  regcmd_qword[580] off=0x41a20 value=0x0201000000001154
  regcmd_qword[581] off=0x41a28 value=0x0201000000001158
  regcmd_qword[582] off=0x41a30 value=0x020100000000115c
  regcmd_qword[583] off=0x41a38 value=0x0201000000001160
  regcmd_qword[584] off=0x41a40 value=0x0201000000001164
  regcmd_qword[585] off=0x41a48 value=0x0201000000001168
  regcmd_qword[586] off=0x41a50 value=0x020100000000116c
  regcmd_qword[587] off=0x41a58 value=0x0201000000001170
  regcmd_qword[588] off=0x41a60 value=0x0201000000001174
  regcmd_qword[589] off=0x41a68 value=0x0201000000001178
  regcmd_qword[590] off=0x41a70 value=0x020100000000117c
  regcmd_qword[591] off=0x41a78 value=0x0201000000001180
  regcmd_qword[592] off=0x41a80 value=0x0201000000001184
  regcmd_qword[593] off=0x41a88 value=0x0801000002003010
  regcmd_qword[594] off=0x41a90 value=0x08010004000d3014
  regcmd_qword[595] off=0x41a98 value=0x0801000001ff3018
  regcmd_qword[596] off=0x41aa0 value=0x080100000000301c
  regcmd_qword[597] off=0x41aa8 value=0x0801000000003030
  regcmd_qword[598] off=0x41ab0 value=0x1001000001e4400c
  regcmd_qword[599] off=0x41ab8 value=0x1001480000024010
  regcmd_qword[600] off=0x41ac0 value=0x1001000000004014
  regcmd_qword[601] off=0x41ac8 value=0x1001ffec84604020
  regcmd_qword[602] off=0x41ad0 value=0x100100000c404024
  regcmd_qword[603] off=0x41ad8 value=0x10010000000d4030
  regcmd_qword[604] off=0x41ae0 value=0x1001000000044034
  regcmd_qword[605] off=0x41ae8 value=0x1001000000004038
  regcmd_qword[606] off=0x41af0 value=0x100101ff01ff403c
  regcmd_qword[607] off=0x41af8 value=0x1001000000534040
  regcmd_qword[608] off=0x41b00 value=0x1001000000004044
  regcmd_qword[609] off=0x41b08 value=0x1001000000004048
  regcmd_qword[610] off=0x41b10 value=0x100100000000404c
  regcmd_qword[611] off=0x41b18 value=0x1001000001264050
  regcmd_qword[612] off=0x41b20 value=0x1001000000004054
  regcmd_qword[613] off=0x41b28 value=0x1001000001ff4058
  regcmd_qword[614] off=0x41b30 value=0x10010004000d405c
  regcmd_qword[615] off=0x41b38 value=0x1001000000534060
  regcmd_qword[616] off=0x41b40 value=0x1001000000004064
  regcmd_qword[617] off=0x41b48 value=0x1001000000004068
  regcmd_qword[618] off=0x41b50 value=0x100100000000406c
  regcmd_qword[619] off=0x41b58 value=0x1001000003834070
  regcmd_qword[620] off=0x41b60 value=0x1001000000004074
  regcmd_qword[621] off=0x41b68 value=0x1001000000014078
  regcmd_qword[622] off=0x41b70 value=0x100100000000407c
  regcmd_qword[623] off=0x41b78 value=0x1001000000004080
  regcmd_qword[624] off=0x41b80 value=0x1001000100014084
  regcmd_qword[625] off=0x41b88 value=0x1001000000004088
  regcmd_qword[626] off=0x41b90 value=0x1001000000004090
  regcmd_qword[627] off=0x41b98 value=0x1001000000004094
  regcmd_qword[628] off=0x41ba0 value=0x1001000000004098
  regcmd_qword[629] off=0x41ba8 value=0x100100000000409c
  regcmd_qword[630] off=0x41bb0 value=0x10010000000040a0
  regcmd_qword[631] off=0x41bb8 value=0x10010000000040a4
  regcmd_qword[632] off=0x41bc0 value=0x10010000000040a8
  regcmd_qword[633] off=0x41bc8 value=0x10010000000040ac
  regcmd_qword[634] off=0x41bd0 value=0x10010000188040c0
  regcmd_qword[635] off=0x41bd8 value=0x10010000000040c4
  regcmd_qword[636] off=0x41be0 value=0x1001000000004100
  regcmd_qword[637] off=0x41be8 value=0x1001000000004104
  regcmd_qword[638] off=0x41bf0 value=0x1001000000004108
  regcmd_qword[639] off=0x41bf8 value=0x100100000000410c
  regcmd_qword[640] off=0x41c00 value=0x1001000000004110
  regcmd_qword[641] off=0x41c08 value=0x1001000000004114
  regcmd_qword[642] off=0x41c10 value=0x1001000000004118
  regcmd_qword[643] off=0x41c18 value=0x100100000000411c
  regcmd_qword[644] off=0x41c20 value=0x1001000000004120
  regcmd_qword[645] off=0x41c28 value=0x1001000000004124
  regcmd_qword[646] off=0x41c30 value=0x1001000000004128
  regcmd_qword[647] off=0x41c38 value=0x100100000000412c
  regcmd_qword[648] off=0x41c40 value=0x0101fff9dc800010
  regcmd_qword[649] off=0x41c48 value=0x01010002000e0014
  regcmd_qword[650] off=0x41c50 value=0x0041000000000000
  regcmd_qword[651] off=0x41c58 value=0x00810000000d0008
  regcmd_qword[652] off=0x41c60 value=0x0000000000000000
  regcmd_qword[653] off=0x41c68 value=0x0000000000000000
  regcmd_qword[654] off=0x41c70 value=0x0000000000000000
  regcmd_qword[655] off=0x41c78 value=0x0000000000000000
  regcmd_qword[656] off=0x41c80 value=0x40010000000e6004
  regcmd_qword[657] off=0x41c88 value=0x80010000000e7004
  regcmd_qword[658] off=0x41c90 value=0x400100000000600c
  regcmd_qword[659] off=0x41c98 value=0x4001000000006010
  regcmd_qword[660] off=0x41ca0 value=0x40010000001f6014
  regcmd_qword[661] off=0x41ca8 value=0x4001000000006018
  regcmd_qword[662] off=0x41cb0 value=0x400100000000601c
  regcmd_qword[663] off=0x41cb8 value=0x40010000001f6020
  regcmd_qword[664] off=0x41cc0 value=0x4001000000116024
  regcmd_qword[665] off=0x41cc8 value=0x4001000000006034
  regcmd_qword[666] off=0x41cd0 value=0x4001000000006038
  regcmd_qword[667] off=0x41cd8 value=0x400100000000603c
  regcmd_qword[668] off=0x41ce0 value=0x4001000000006040
  regcmd_qword[669] off=0x41ce8 value=0x4001000000006044
  regcmd_qword[670] off=0x41cf0 value=0x4001000000006048
  regcmd_qword[671] off=0x41cf8 value=0x4001fff9c0006070
  regcmd_qword[672] off=0x41d00 value=0x400100000010607c
  regcmd_qword[673] off=0x41d08 value=0x4001000000106084
  regcmd_qword[674] off=0x41d10 value=0x40010000000360dc
  regcmd_qword[675] off=0x41d18 value=0x800100000000700c
  regcmd_qword[676] off=0x41d20 value=0x8001000000007010
  regcmd_qword[677] off=0x41d28 value=0x80010000001f7014
  regcmd_qword[678] off=0x41d30 value=0x8001fff9c400701c
  regcmd_qword[679] off=0x41d38 value=0x8001000000107024
  regcmd_qword[680] off=0x41d40 value=0x8001000000107028
  regcmd_qword[681] off=0x41d48 value=0x8001000000017030
  regcmd_qword[682] off=0x41d50 value=0x0000000000000000
  regcmd_qword[683] off=0x41d58 value=0x0101000000000014
  regcmd_qword[684] off=0x41d60 value=0x0041000000000000
  regcmd_qword[685] off=0x41d68 value=0x0081000000600008
  regcmd_qword[686] off=0x41d70 value=0x0000000000000000
  regcmd_qword[687] off=0x41d78 value=0x0000000000000000
  regcmd_qword[688] off=0x41d80 value=0x10010000000e4004
  regcmd_qword[689] off=0x41d88 value=0x020100000120100c
  regcmd_qword[690] off=0x41d90 value=0x0201200000501010
  regcmd_qword[691] off=0x41d98 value=0x0201000000091014
  regcmd_qword[692] off=0x41da0 value=0x0201000e00041020
  regcmd_qword[693] off=0x41da8 value=0x0201003f01001024
  regcmd_qword[694] off=0x41db0 value=0x02010000000e1028
  regcmd_qword[695] off=0x41db8 value=0x020100000038102c
  regcmd_qword[696] off=0x41dc0 value=0x0201000400001030
  regcmd_qword[697] off=0x41dc8 value=0x0201000002001034
  regcmd_qword[698] off=0x41dd0 value=0x0201010102001038
  regcmd_qword[699] off=0x41dd8 value=0x0201000000841040
  regcmd_qword[700] off=0x41de0 value=0x0201000000701044
  regcmd_qword[701] off=0x41de8 value=0x02010000000b104c
  regcmd_qword[702] off=0x41df0 value=0x0201000100001050
  regcmd_qword[703] off=0x41df8 value=0x0201000100001054
  regcmd_qword[704] off=0x41e00 value=0x0201000100001058
  regcmd_qword[705] off=0x41e08 value=0x020100010000105c
  regcmd_qword[706] off=0x41e10 value=0x0201000000001060
  regcmd_qword[707] off=0x41e18 value=0x0201000000001064
  regcmd_qword[708] off=0x41e20 value=0x0201000000001068
  regcmd_qword[709] off=0x41e28 value=0x0201ffef98c01070
  regcmd_qword[710] off=0x41e30 value=0x0201000000001074
  regcmd_qword[711] off=0x41e38 value=0x0201000f000f1078
  regcmd_qword[712] off=0x41e40 value=0x020100000038107c
  regcmd_qword[713] off=0x41e48 value=0x02010000008c1080
  regcmd_qword[714] off=0x41e50 value=0x0201000e00041084
  regcmd_qword[715] off=0x41e58 value=0x0201000001001088
  regcmd_qword[716] off=0x41e60 value=0x0201000000001100
  regcmd_qword[717] off=0x41e68 value=0x0201000000001104
  regcmd_qword[718] off=0x41e70 value=0x0201fff5c0001110
  regcmd_qword[719] off=0x41e78 value=0x0201000000001140
  regcmd_qword[720] off=0x41e80 value=0x0201000000001144
  regcmd_qword[721] off=0x41e88 value=0x0201000000001148
  regcmd_qword[722] off=0x41e90 value=0x020100000000114c
  regcmd_qword[723] off=0x41e98 value=0x0201000000001150
  regcmd_qword[724] off=0x41ea0 value=0x0201000000001154
  regcmd_qword[725] off=0x41ea8 value=0x0201000000001158
  regcmd_qword[726] off=0x41eb0 value=0x020100000000115c
  regcmd_qword[727] off=0x41eb8 value=0x0201000000001160
  regcmd_qword[728] off=0x41ec0 value=0x0201000000001164
  regcmd_qword[729] off=0x41ec8 value=0x0201000000001168
  regcmd_qword[730] off=0x41ed0 value=0x020100000000116c
  regcmd_qword[731] off=0x41ed8 value=0x0201000000001170
  regcmd_qword[732] off=0x41ee0 value=0x0201000000001174
  regcmd_qword[733] off=0x41ee8 value=0x0201000000001178
  regcmd_qword[734] off=0x41ef0 value=0x020100000000117c
  regcmd_qword[735] off=0x41ef8 value=0x0201000000001180
  regcmd_qword[736] off=0x41f00 value=0x0201000000001184
  regcmd_qword[737] off=0x41f08 value=0x0801000002003010
  regcmd_qword[738] off=0x41f10 value=0x08010003000d3014
  regcmd_qword[739] off=0x41f18 value=0x0801000001ff3018
  regcmd_qword[740] off=0x41f20 value=0x080100000000301c
  regcmd_qword[741] off=0x41f28 value=0x0801000000003030
  regcmd_qword[742] off=0x41f30 value=0x1001000001e4400c
  regcmd_qword[743] off=0x41f38 value=0x1001480000024010
  regcmd_qword[744] off=0x41f40 value=0x1001000000004014
  regcmd_qword[745] off=0x41f48 value=0x1001ffec88c04020
  regcmd_qword[746] off=0x41f50 value=0x100100000c404024
  regcmd_qword[747] off=0x41f58 value=0x10010000000d4030
  regcmd_qword[748] off=0x41f60 value=0x1001000000034034
  regcmd_qword[749] off=0x41f68 value=0x1001000000004038
  regcmd_qword[750] off=0x41f70 value=0x100101ff01ff403c
  regcmd_qword[751] off=0x41f78 value=0x1001000000534040
  regcmd_qword[752] off=0x41f80 value=0x1001000000004044
  regcmd_qword[753] off=0x41f88 value=0x1001000000004048
  regcmd_qword[754] off=0x41f90 value=0x100100000000404c
  regcmd_qword[755] off=0x41f98 value=0x1001000001264050
  regcmd_qword[756] off=0x41fa0 value=0x1001000000004054
  regcmd_qword[757] off=0x41fa8 value=0x1001000001ff4058
  regcmd_qword[758] off=0x41fb0 value=0x10010003000d405c
  regcmd_qword[759] off=0x41fb8 value=0x1001000000534060
  regcmd_qword[760] off=0x41fc0 value=0x1001000000004064
  regcmd_qword[761] off=0x41fc8 value=0x1001000000004068
  regcmd_qword[762] off=0x41fd0 value=0x100100000000406c
  regcmd_qword[763] off=0x41fd8 value=0x1001000003834070
  regcmd_qword[764] off=0x41fe0 value=0x1001000000004074
  regcmd_qword[765] off=0x41fe8 value=0x1001000000014078
  regcmd_qword[766] off=0x41ff0 value=0x100100000000407c
  regcmd_qword[767] off=0x41ff8 value=0x1001000000004080
  regcmd_qword[768] off=0x42000 value=0x1001000100014084
  regcmd_qword[769] off=0x42008 value=0x1001000000004088
  regcmd_qword[770] off=0x42010 value=0x1001000000004090
  regcmd_qword[771] off=0x42018 value=0x1001000000004094
  regcmd_qword[772] off=0x42020 value=0x1001000000004098
  regcmd_qword[773] off=0x42028 value=0x100100000000409c
  regcmd_qword[774] off=0x42030 value=0x10010000000040a0
  regcmd_qword[775] off=0x42038 value=0x10010000000040a4
  regcmd_qword[776] off=0x42040 value=0x10010000000040a8
  regcmd_qword[777] off=0x42048 value=0x10010000000040ac
  regcmd_qword[778] off=0x42050 value=0x10010000188040c0
  regcmd_qword[779] off=0x42058 value=0x10010000000040c4
  regcmd_qword[780] off=0x42060 value=0x1001000000004100
  regcmd_qword[781] off=0x42068 value=0x1001000000004104
  regcmd_qword[782] off=0x42070 value=0x1001000000004108
  regcmd_qword[783] off=0x42078 value=0x100100000000410c
  regcmd_qword[784] off=0x42080 value=0x1001000000004110
  regcmd_qword[785] off=0x42088 value=0x1001000000004114
  regcmd_qword[786] off=0x42090 value=0x1001000000004118
  regcmd_qword[787] off=0x42098 value=0x100100000000411c
  regcmd_qword[788] off=0x420a0 value=0x1001000000004120
  regcmd_qword[789] off=0x420a8 value=0x1001000000004124
  regcmd_qword[790] off=0x420b0 value=0x1001000000004128
  regcmd_qword[791] off=0x420b8 value=0x100100000000412c
  regcmd_qword[792] off=0x420c0 value=0x0101fff9e1000010
  regcmd_qword[793] off=0x420c8 value=0x01010002000e0014
  regcmd_qword[794] off=0x420d0 value=0x0041000000000000
  regcmd_qword[795] off=0x420d8 value=0x00810000000d0008
  regcmd_qword[796] off=0x420e0 value=0x0000000000000000
  regcmd_qword[797] off=0x420e8 value=0x0000000000000000
  regcmd_qword[798] off=0x420f0 value=0x0000000000000000
  regcmd_qword[799] off=0x420f8 value=0x0000000000000000
  regcmd_qword[800] off=0x42100 value=0x40010000000e6004
  regcmd_qword[801] off=0x42108 value=0x80010000000e7004
  regcmd_qword[802] off=0x42110 value=0x400100000000600c
  regcmd_qword[803] off=0x42118 value=0x4001000000006010
  regcmd_qword[804] off=0x42120 value=0x40010000001f6014
  regcmd_qword[805] off=0x42128 value=0x4001000000006018
  regcmd_qword[806] off=0x42130 value=0x400100000000601c
  regcmd_qword[807] off=0x42138 value=0x40010000001f6020
  regcmd_qword[808] off=0x42140 value=0x4001000000116024
  regcmd_qword[809] off=0x42148 value=0x4001000000006034
  regcmd_qword[810] off=0x42150 value=0x4001000000006038
  regcmd_qword[811] off=0x42158 value=0x400100000000603c
  regcmd_qword[812] off=0x42160 value=0x4001000000006040
  regcmd_qword[813] off=0x42168 value=0x4001000000006044
  regcmd_qword[814] off=0x42170 value=0x4001000000006048
  regcmd_qword[815] off=0x42178 value=0x4001fff9c0006070
  regcmd_qword[816] off=0x42180 value=0x400100000010607c
  regcmd_qword[817] off=0x42188 value=0x4001000000106084
  regcmd_qword[818] off=0x42190 value=0x40010000000360dc
  regcmd_qword[819] off=0x42198 value=0x800100000000700c
  regcmd_qword[820] off=0x421a0 value=0x8001000000007010
  regcmd_qword[821] off=0x421a8 value=0x80010000001f7014
  regcmd_qword[822] off=0x421b0 value=0x8001fff9c400701c
  regcmd_qword[823] off=0x421b8 value=0x8001000000107024
  regcmd_qword[824] off=0x421c0 value=0x8001000000107028
  regcmd_qword[825] off=0x421c8 value=0x8001000000017030
  regcmd_qword[826] off=0x421d0 value=0x0000000000000000
  regcmd_qword[827] off=0x421d8 value=0x0101000000000014
  regcmd_qword[828] off=0x421e0 value=0x0041000000000000
  regcmd_qword[829] off=0x421e8 value=0x0081000000600008
  regcmd_qword[830] off=0x421f0 value=0x0000000000000000
  regcmd_qword[831] off=0x421f8 value=0x0000000000000000
GEM 3: handle=3 size=303104 map_offset=0x100044000
  task_like_entries=0
GEM 4: handle=4 size=102400 map_offset=0x10008e000
  task_like_entries=0
GEM 5: handle=5 size=200704 map_offset=0x1000a7000
  task_like_entries=0
GEM 6: unavailable: [Errno 2] No such file or directory
submit #1: task_number=3 task_obj_addr=0xffffff81836ebc00
D RKNN: [13:18:04.665] allocated memory, name: input, virt addr: 0x7ff72b2000, dma addr: 0xffef9000, obj addr: 0xffffff81836ec400, size: 100352, aligned size: 102400, fd: 7, handle: 4, flags: 0x403, gem name: 4, iommu domain id: 0
D RKNN: [13:18:04.667] allocated memory, name: output, virt addr: 0x7ff7281000, dma addr: 0xffec8000, obj addr: 0xffffff81836efc00, size: 200704, aligned size: 200704, fd: 8, handle: 5, flags: 0x403, gem name: 5, iommu domain id: 0
D RKNN: [13:18:04.667] normalize target: CPU
W RKNN: [13:18:04.670] Failed to get NPU freq, take 1000MHz as default NPU freq
D RKNN: [13:18:04.670] Get DDR frequency: 528MHz
D RKNN: [13:18:04.671] dump npy tensor to: dumps/000_InputOperator_input_shape_1_256_14_14_float.npy
D RKNN: [13:18:04.766] dump npy tensor to: dumps/001_Conv_output_shape_1_512_14_14_float.npy
D RKNN: [13:18:04.780] dump npy tensor to: dumps/002_OutputOperator_output_shape_1_512_14_14_float.npy
D RKNN: [13:18:04.795] ------------------------------------------------------------------------------------------------------------------------------------------------------------------------------------------------------------------------------
D RKNN: [13:18:04.795]                                                                           Network Layer Information Table                                                                                
D RKNN: [13:18:04.795] ------------------------------------------------------------------------------------------------------------------------------------------------------------------------------------------------------------------------------
D RKNN: [13:18:04.795] ID   OpType             DataType Target InputShape                               OutputShape            Cycles(DDR/NPU/Total)    Time(us)     MacUsage(%)          WorkLoad(0/1/2)      RW(KB)       FullName        
D RKNN: [13:18:04.795] ------------------------------------------------------------------------------------------------------------------------------------------------------------------------------------------------------------------------------
D RKNN: [13:18:04.795] 1    InputOperator      FLOAT16  CPU    \                                        (1,256,14,14)          0/0/0                    15                                0.0%/0.0%/0.0%       0            InputOperator:input
D RKNN: [13:18:04.795] 2    Conv               FLOAT16  NPU    (1,256,14,14),(512,256,1,1)              (1,512,14,14)          95232/53248/95232        81693        0.06/0.00/0.00       100.0%/0.0%/0.0%     354          Conv:/conv/Conv 
D RKNN: [13:18:04.795] 3    OutputOperator     FLOAT16  CPU    (1,512,14,14)                            \                      0/0/0                    1390                              0.0%/0.0%/0.0%       196          OutputOperator:output
D RKNN: [13:18:04.795] ------------------------------------------------------------------------------------------------------------------------------------------------------------------------------------------------------------------------------
D RKNN: [13:18:04.795] Total Operator Elapsed Per Frame Time(us): 83098
D RKNN: [13:18:04.795] Total Memory Read/Write Per Frame Size(KB): 550.00
D RKNN: [13:18:04.795] ------------------------------------------------------------------------------------------------------------------------------------------------------------------------------------------------------------------------------
D RKNN: [13:18:04.795] ---------------------------------------------------------------------------------------------------
D RKNN: [13:18:04.795]                                  Operator Time Consuming Ranking Table            
D RKNN: [13:18:04.795] ---------------------------------------------------------------------------------------------------
D RKNN: [13:18:04.795] OpType             CallNumber   CPUTime(us)  GPUTime(us)  NPUTime(us)  TotalTime(us)  TimeRatio(%)  
D RKNN: [13:18:04.795] ---------------------------------------------------------------------------------------------------
D RKNN: [13:18:04.795] Conv               1            0            0            81693        81693          98.31%        
D RKNN: [13:18:04.795] OutputOperator     1            1390         0            0            1390           1.67%         
D RKNN: [13:18:04.795] InputOperator      1            15           0            0            15             0.02%         
D RKNN: [13:18:04.795] ---------------------------------------------------------------------------------------------------
D RKNN: [13:18:04.795] Total                           1405         0            81693        83098         
D RKNN: [13:18:04.795] ---------------------------------------------------------------------------------------------------
D RKNN: [13:18:04.797] Output(output): size_with_stride larger than model origin size, if need run OutputOperator in NPU, please call rknn_create_memory using size_with_stride.
  Output shape: 1x512x14x14
D RKNN: [13:18:04.942] free memory, name: internal, virt addr: 0x7ff72fd000, dma addr: 0xfff12000, obj addr: 0xffffff81836ea800, size: 301056, aligned size: 303104, fd: 6, handle: 3, flags: 0x403, gem name: 3, iommu domain id: 0
D RKNN: [13:18:04.942] free memory, name: weight, virt addr: 0x7ff7347000, dma addr: 0xfff5c000, obj addr: 0xffffff81836ef800, size: 271296, aligned size: 274432, fd: 5, handle: 2, flags: 0x403, gem name: 2, iommu domain id: 0
D RKNN: [13:18:04.943] free memory, name: task, virt addr: 0x7ff7ff6000, dma addr: 0xfff9f000, obj addr: 0xffffff81836ebc00, size: 440, aligned size: 4096, fd: 4, handle: 1, flags: 0x40b, gem name: 1, iommu domain id: 0
D RKNN: [13:18:04.943] free memory, name: input, virt addr: 0x7ff72b2000, dma addr: 0xffef9000, obj addr: 0xffffff81836ec400, size: 100352, aligned size: 102400, fd: 7, handle: 4, flags: 0x403, gem name: 4, iommu domain id: 0
D RKNN: [13:18:04.943] free memory, name: output, virt addr: 0x7ff7281000, dma addr: 0xffec8000, obj addr: 0xffffff81836efc00, size: 200704, aligned size: 200704, fd: 8, handle: 5, flags: 0x403, gem name: 5, iommu domain id: 0

  ✓ PASSED (max error: 0.0377502)

################################################################################
TEST SUMMARY
################################################################################
Total tests: 1
Passed: 1
Failed: 0
################################################################################
[Inferior 1 (process 14706) exited normally]
