Breakpoint 1 (ioctl) pending.
[Thread debugging using libthread_db enabled]
Using host libthread_db library "/lib/aarch64-linux-gnu/libthread_db.so.1".

################################################################################
Conv2D Multi-Test Suite
Testing 1 different convolution shapes
################################################################################

================================================================================
TEST: conv2d_channeltile_160x320_3x3
  Weight shape: (320,160,3,3)
================================================================================
I RKNN: [12:31:03.349] RKNN Runtime Information, librknnrt version: 2.3.0 (c949ad889d@2024-11-07T11:35:33)
I RKNN: [12:31:03.349] RKNN Driver Information, version: 0.9.8
I RKNN: [12:31:03.350] RKNN Model Information, version: 6, toolkit version: 2.3.2(compiler version: 2.3.2 (@2025-04-03T08:26:16)), target: RKNPU v2, target platform: rk3588, framework name: ONNX, framework layout: NCHW, model inference type: static_shape
D RKNN: [12:31:03.351] allocated memory, name: task, virt addr: 0x7ff7ff6000, dma addr: 0xfffad000, obj addr: 0xffffff8137a07000, size: 440, aligned size: 4096, fd: 4, handle: 1, flags: 0x40b, gem name: 1, iommu domain id: 0
D RKNN: [12:31:03.354] allocated memory, name: weight, virt addr: 0x7ff7206000, dma addr: 0xffec9000, obj addr: 0xffffff8137a02c00, size: 930752, aligned size: 933888, fd: 5, handle: 2, flags: 0x403, gem name: 2, iommu domain id: 0
D RKNN: [12:31:03.355] subgraph0 regcmdbuffer size: 6656, taskbuffer size: 440
D RKNN: [12:31:03.356] allocated memory, name: internal, virt addr: 0x7ff7685000, dma addr: 0xffebe000, obj addr: 0xffffff8137a05400, size: 43520, aligned size: 45056, fd: 6, handle: 3, flags: 0x403, gem name: 3, iommu domain id: 0
D RKNN: [12:31:03.357] ---------------------------------------------------------------------------------------------------------------
D RKNN: [12:31:03.357]                                      Feature Tensor Information Table                       
D RKNN: [12:31:03.357] -----------------------------------------------------------------------------+---------------------------------
D RKNN: [12:31:03.357] ID  User           Tensor   DataType  DataFormat   OrigShape    NativeShape  |     [Start       End)       Size
D RKNN: [12:31:03.357] -----------------------------------------------------------------------------+---------------------------------
D RKNN: [12:31:03.357] 1   Conv           input    FLOAT16   NC1HWC2      (1,160,8,8)  (1,80,8,8,8) | 0xffebe000 0xffec3000 0x00005000
D RKNN: [12:31:03.357] 2   OutputOperator output   FLOAT16   NC1HWC2      (1,320,6,6)  (1,160,6,6,8) | 0xffec3000*0xffec8a00 0x00005a00
D RKNN: [12:31:03.357] -----------------------------------------------------------------------------+---------------------------------
D RKNN: [12:31:03.357] -------------------------------------------------------------------------------
D RKNN: [12:31:03.357]                           Const Tensor Information Table         
D RKNN: [12:31:03.357] ---------------------------------------------+---------------------------------
D RKNN: [12:31:03.357] ID  User Tensor      DataType  OrigShape     |     [Start       End)       Size
D RKNN: [12:31:03.357] ---------------------------------------------+---------------------------------
D RKNN: [12:31:03.357] 1   Conv conv.weight FLOAT16   (320,160,3,3) | 0xffec9000 0xfffaa000 0x000e1000
D RKNN: [12:31:03.357] ---------------------------------------------+---------------------------------
D RKNN: [12:31:03.357] ----------------------------------------
D RKNN: [12:31:03.357] Total Internal Memory Size: 42.5KB
D RKNN: [12:31:03.357] Total Weight Memory Size: 902KB
D RKNN: [12:31:03.357] ----------------------------------------
D RKNN: [12:31:03.357] The RKNN_FLAG_EXECUTE_FALLBACK_PRIOR_DEVICE_GPU is not set and without GPU op in Graphs, OpenCL will not be initialized
  Native input type: FP16, format: NC1HWC2
  Native input dims: 1 20 8 8 8
  Native input size: 20480, size_with_stride: 20480, w_stride: 8
  Native output type: FP16, format: NC1HWC2
  Native output dims: 1 40 6 6 8
  Native output size: 23040, size_with_stride: 23040, w_stride: 0
GEM 1: handle=1 size=4096 map_offset=0x100000000
  task_like_entries=11
  task_like[0] off=0x0000 flags=0x00000000 op_idx=1 enable_mask=0x0000000d int_mask=0x00000300 int_clear=0x0001ffff int_status=0x00000000 regcfg_amount=108 regcfg_offset=0 regcmd_addr=0x00000000fffaa800
  task_like[1] off=0x0028 flags=0x00000000 op_idx=1 enable_mask=0x0000000d int_mask=0x00000300 int_clear=0x0001ffff int_status=0x00000000 regcfg_amount=104 regcfg_offset=0 regcmd_addr=0x00000000fffaab80
  task_like[2] off=0x0050 flags=0x00000000 op_idx=1 enable_mask=0x00000060 int_mask=0x00000c00 int_clear=0x0001ffff int_status=0x00000000 regcfg_amount=26 regcfg_offset=0 regcmd_addr=0x00000000fffaaf00
  task_like[3] off=0x0078 flags=0x00000000 op_idx=1 enable_mask=0x0000000d int_mask=0x00000300 int_clear=0x0001ffff int_status=0x00000000 regcfg_amount=104 regcfg_offset=0 regcmd_addr=0x00000000fffab000
  task_like[4] off=0x00a0 flags=0x00000000 op_idx=1 enable_mask=0x00000060 int_mask=0x00000c00 int_clear=0x0001ffff int_status=0x00000000 regcfg_amount=26 regcfg_offset=0 regcmd_addr=0x00000000fffab380
  task_like[5] off=0x00c8 flags=0x00000000 op_idx=1 enable_mask=0x0000000d int_mask=0x00000300 int_clear=0x0001ffff int_status=0x00000000 regcfg_amount=104 regcfg_offset=0 regcmd_addr=0x00000000fffab480
  task_like[6] off=0x00f0 flags=0x00000000 op_idx=1 enable_mask=0x00000060 int_mask=0x00000c00 int_clear=0x0001ffff int_status=0x00000000 regcfg_amount=26 regcfg_offset=0 regcmd_addr=0x00000000fffab800
  task_like[7] off=0x0118 flags=0x00000000 op_idx=1 enable_mask=0x0000000d int_mask=0x00000300 int_clear=0x0001ffff int_status=0x00000000 regcfg_amount=104 regcfg_offset=0 regcmd_addr=0x00000000fffab900
  task_like[8] off=0x0140 flags=0x00000000 op_idx=1 enable_mask=0x00000060 int_mask=0x00000c00 int_clear=0x0001ffff int_status=0x00000000 regcfg_amount=26 regcfg_offset=0 regcmd_addr=0x00000000fffabc80
  task_like[9] off=0x0168 flags=0x00000000 op_idx=1 enable_mask=0x0000000d int_mask=0x00000300 int_clear=0x0001ffff int_status=0x00000000 regcfg_amount=104 regcfg_offset=0 regcmd_addr=0x00000000fffabd80
  task_like[10] off=0x0190 flags=0x00000000 op_idx=1 enable_mask=0x00000060 int_mask=0x00000c00 int_clear=0x0001ffff int_status=0x00000000 regcfg_amount=26 regcfg_offset=0 regcmd_addr=0x00000000fffac100
GEM 2: handle=2 size=933888 map_offset=0x100001000
  task_like_entries=39
  task_like[0] off=0xe11e0 flags=0x746e6175 op_idx=1852403039 enable_mask=0xbf006500 int_mask=0xbd4a3aa8 int_clear=0x3f3d719b int_status=0x3e3cfc9c regcfg_amount=33 regcfg_offset=0 regcmd_addr=0x00000055beff49a0
  task_like[1] off=0xe1258 flags=0x00000021 op_idx=0 enable_mask=0xbf00e580 int_mask=0x00000055 int_clear=0xbefee6e0 int_status=0x00000055 regcfg_amount=1728 regcfg_offset=0 regcmd_addr=0x0000000000000040
  task_like[2] off=0xe12d0 flags=0x00000000 op_idx=0 enable_mask=0x00000000 int_mask=0x00000000 int_clear=0xbf009cf8 int_status=0x00000055 regcfg_amount=1 regcfg_offset=3205495752 regcmd_addr=0x00000055bf009930
  task_like[3] off=0xe1708 flags=0x00000000 op_idx=1 enable_mask=0x0000000b int_mask=0x00000000 int_clear=0x00000002 int_status=0x00000003 regcfg_amount=6 regcfg_offset=0 regcmd_addr=0x0000000000000000
  task_like[4] off=0xe1938 flags=0x00001150 op_idx=33619968 enable_mask=0x00001154 int_mask=0x02010000 int_clear=0x00001158 int_status=0x02010000 regcfg_amount=4444 regcfg_offset=33619968 regcmd_addr=0x0201000000001160
  task_like[5] off=0xe1988 flags=0x00001178 op_idx=33619968 enable_mask=0x0000117c int_mask=0x02010000 int_clear=0x00001180 int_status=0x02010000 regcfg_amount=4484 regcfg_offset=33619968 regcmd_addr=0x0801000002003010
  task_like[6] off=0xe1a78 flags=0x03834070 op_idx=268500992 enable_mask=0x00004074 int_mask=0x10010000 int_clear=0x00014078 int_status=0x10010000 regcfg_amount=16508 regcfg_offset=268500992 regcmd_addr=0x1001000000004080
  task_like[7] off=0xe1b40 flags=0x00004120 op_idx=268500992 enable_mask=0x00004124 int_mask=0x10010000 int_clear=0x00004128 int_status=0x10010000 regcfg_amount=16684 regcfg_offset=268500992 regcmd_addr=0x0000000000000000
  task_like[8] off=0xe1c08 flags=0x0000105c op_idx=33619969 enable_mask=0x00001060 int_mask=0x02010000 int_clear=0x00001064 int_status=0x02010000 regcfg_amount=4200 regcfg_offset=33619968 regcmd_addr=0x0201ffeb90001070
  task_like[9] off=0xe1e10 flags=0x00004090 op_idx=268500992 enable_mask=0x00004094 int_mask=0x10010000 int_clear=0x00004098 int_status=0x10010000 regcfg_amount=16540 regcfg_offset=268500992 regcmd_addr=0x10010000000040a0
  task_like[10] off=0xe1e60 flags=0x00004100 op_idx=268500992 enable_mask=0x00004104 int_mask=0x10010000 int_clear=0x00004108 int_status=0x10010000 regcfg_amount=16652 regcfg_offset=268500992 regcmd_addr=0x1001000000004110
  task_like[11] off=0xe2158 flags=0x00001170 op_idx=33619968 enable_mask=0x00001174 int_mask=0x02010000 int_clear=0x00001178 int_status=0x02010000 regcfg_amount=4476 regcfg_offset=33619968 regcmd_addr=0x0201000000001180
  task_like[12] off=0xe21a8 flags=0x00003030 op_idx=134283264 enable_mask=0x01e4400c int_mask=0x10010000 int_clear=0x00024010 int_status=0x10014800 regcfg_amount=16404 regcfg_offset=268500992 regcmd_addr=0x1001ffeb5d004020
  task_like[13] off=0xe21f8 flags=0x00534040 op_idx=268500992 enable_mask=0x00004044 int_mask=0x10010000 int_clear=0x00004048 int_status=0x10010000 regcfg_amount=16460 regcfg_offset=268500992 regcmd_addr=0x1001000001264050
  task_like[14] off=0xe2270 flags=0x0000407c op_idx=268500992 enable_mask=0x00004080 int_mask=0x10010000 int_clear=0x00014084 int_status=0x10010001 regcfg_amount=16520 regcfg_offset=268500992 regcmd_addr=0x1001000000004090
  task_like[15] off=0xe22c0 flags=0x000040a8 op_idx=268500992 enable_mask=0x000040ac int_mask=0x10010000 int_clear=0x048040c0 int_status=0x10010000 regcfg_amount=16580 regcfg_offset=268500992 regcmd_addr=0x1001000000004100
  task_like[16] off=0xe23d8 flags=0x0000603c op_idx=1073807360 enable_mask=0x00006040 int_mask=0x40010000 int_clear=0x00006044 int_status=0x40010000 regcfg_amount=24648 regcfg_offset=1073807360 regcmd_addr=0x4001fffaa0006070
  task_like[17] off=0xe2400 flags=0x0010607c op_idx=1073807360 enable_mask=0x00106084 int_mask=0x40010000 int_clear=0x000360dc int_status=0x40010000 regcfg_amount=28684 regcfg_offset=2147549184 regcmd_addr=0x8001000000007010
  task_like[18] off=0xe24f0 flags=0x00001050 op_idx=33619969 enable_mask=0x00001054 int_mask=0x02010001 int_clear=0x00001058 int_status=0x02010001 regcfg_amount=4188 regcfg_offset=33619969 regcmd_addr=0x0201000000001060
  task_like[19] off=0xe25b8 flags=0x00001160 op_idx=33619968 enable_mask=0x00001164 int_mask=0x02010000 int_clear=0x00001168 int_status=0x02010000 regcfg_amount=4460 regcfg_offset=33619968 regcmd_addr=0x0201000000001170
  task_like[20] off=0xe2608 flags=0x02003010 op_idx=134283264 enable_mask=0x00053014 int_mask=0x08010005 int_clear=0x006f3018 int_status=0x08010000 regcfg_amount=12316 regcfg_offset=134283264 regcmd_addr=0x0801000000003030
  task_like[21] off=0xe2a18 flags=0x00001150 op_idx=33619968 enable_mask=0x00001154 int_mask=0x02010000 int_clear=0x00001158 int_status=0x02010000 regcfg_amount=4444 regcfg_offset=33619968 regcmd_addr=0x0201000000001160
  task_like[22] off=0xe2a68 flags=0x00001178 op_idx=33619968 enable_mask=0x0000117c int_mask=0x02010000 int_clear=0x00001180 int_status=0x02010000 regcfg_amount=4484 regcfg_offset=33619968 regcmd_addr=0x0801000002003010
  task_like[23] off=0xe2b58 flags=0x03834070 op_idx=268500992 enable_mask=0x00004074 int_mask=0x10010000 int_clear=0x00014078 int_status=0x10010000 regcfg_amount=16508 regcfg_offset=268500992 regcmd_addr=0x1001000000004080
  task_like[24] off=0xe2c20 flags=0x00004120 op_idx=268500992 enable_mask=0x00004124 int_mask=0x10010000 int_clear=0x00004128 int_status=0x10010000 regcfg_amount=16684 regcfg_offset=268500992 regcmd_addr=0x0101fffabc800010
  task_like[25] off=0xe2c98 flags=0x00006010 op_idx=1073807360 enable_mask=0x001f6014 int_mask=0x40010000 int_clear=0x00006018 int_status=0x40010000 regcfg_amount=24604 regcfg_offset=1073807360 regcmd_addr=0x40010000001f6020
  task_like[26] off=0xe2cc0 flags=0x00116024 op_idx=1073807360 enable_mask=0x00006034 int_mask=0x40010000 int_clear=0x00006038 int_status=0x40010000 regcfg_amount=24636 regcfg_offset=1073807360 regcmd_addr=0x4001000000006040
  task_like[27] off=0xe2e50 flags=0x00081084 op_idx=33619976 enable_mask=0x00a01088 int_mask=0x02010000 int_clear=0x00001100 int_status=0x02010000 regcfg_amount=4356 regcfg_offset=33619968 regcmd_addr=0x0201fff668001110
  task_like[28] off=0xe2e78 flags=0x00001140 op_idx=33619968 enable_mask=0x00001144 int_mask=0x02010000 int_clear=0x00001148 int_status=0x02010000 regcfg_amount=4428 regcfg_offset=33619968 regcmd_addr=0x0201000000001150
  task_like[29] off=0xe2fb8 flags=0x00534060 op_idx=268500992 enable_mask=0x00004064 int_mask=0x10010000 int_clear=0x00004068 int_status=0x10010000 regcfg_amount=16492 regcfg_offset=268500992 regcmd_addr=0x1001000003834070
  task_like[30] off=0xe3030 flags=0x000040a0 op_idx=268500992 enable_mask=0x000040a4 int_mask=0x10010000 int_clear=0x000040a8 int_status=0x10010000 regcfg_amount=16556 regcfg_offset=268500992 regcmd_addr=0x10010000048040c0
  task_like[31] off=0xe3080 flags=0x00004110 op_idx=268500992 enable_mask=0x00004114 int_mask=0x10010000 int_clear=0x00004118 int_status=0x10010000 regcfg_amount=16668 regcfg_offset=268500992 regcmd_addr=0x1001000000004120
  task_like[32] off=0xe30f8 flags=0x00000000 op_idx=0 enable_mask=0x000e6004 int_mask=0x40010000 int_clear=0x000e7004 int_status=0x80010000 regcfg_amount=24588 regcfg_offset=1073807360 regcmd_addr=0x4001000000006010
  task_like[33] off=0xe31c0 flags=0x00107028 op_idx=2147549184 enable_mask=0x00017030 int_mask=0x80010000 int_clear=0x00000000 int_status=0x00000000 regcfg_amount=20 regcfg_offset=16842752 regcmd_addr=0x0041000000000000
  task_like[34] off=0xe3238 flags=0x0001ffff op_idx=0 enable_mask=0x00000068 int_mask=0x00000000 int_clear=0x00000380 int_status=0x00000000 regcfg_amount=0 regcfg_offset=1 regcmd_addr=0x00000c0000000060
  task_like[35] off=0xe3288 flags=0x0001ffff op_idx=0 enable_mask=0x00000068 int_mask=0x00000000 int_clear=0x00000800 int_status=0x00000000 regcfg_amount=0 regcfg_offset=1 regcmd_addr=0x00000c0000000060
  task_like[36] off=0xe32d8 flags=0x0001ffff op_idx=0 enable_mask=0x00000068 int_mask=0x00000000 int_clear=0x00000c80 int_status=0x00000000 regcfg_amount=0 regcfg_offset=1 regcmd_addr=0x00000c0000000060
  task_like[37] off=0xe3328 flags=0x0001ffff op_idx=0 enable_mask=0x00000068 int_mask=0x00000000 int_clear=0x00001100 int_status=0x00000000 regcfg_amount=0 regcfg_offset=1 regcmd_addr=0x00000c0000000060
  task_like[38] off=0xe3378 flags=0x0001ffff op_idx=0 enable_mask=0x00000068 int_mask=0x00000000 int_clear=0x00001580 int_status=0x00000000 regcfg_amount=0 regcfg_offset=1 regcmd_addr=0x00000c0000000060
  QWORD_WINDOW off=0xe1800 count=832
  regcmd_qword[0] off=0xe1800 value=0x0201000000b11040
  regcmd_qword[1] off=0xe1808 value=0x0201000000001104
  regcmd_qword[2] off=0xe1810 value=0x0201000000001100
  regcmd_qword[3] off=0xe1818 value=0x020100000120100c
  regcmd_qword[4] off=0xe1820 value=0x10010000000e4004
  regcmd_qword[5] off=0xe1828 value=0x020100000120100c
  regcmd_qword[6] off=0xe1830 value=0x0201000000b01010
  regcmd_qword[7] off=0xe1838 value=0x0201000000091014
  regcmd_qword[8] off=0xe1840 value=0x0201000800081020
  regcmd_qword[9] off=0xe1848 value=0x0201001f00a01024
  regcmd_qword[10] off=0xe1850 value=0x0201000000061028
  regcmd_qword[11] off=0xe1858 value=0x020100000024102c
  regcmd_qword[12] off=0xe1860 value=0x0201000e10001030
  regcmd_qword[13] off=0xe1868 value=0x020100000b401034
  regcmd_qword[14] off=0xe1870 value=0x0201030301401038
  regcmd_qword[15] off=0xe1878 value=0x0201000000b11040
  regcmd_qword[16] off=0xe1880 value=0x0201000000281044
  regcmd_qword[17] off=0xe1888 value=0x02010000000b104c
  regcmd_qword[18] off=0xe1890 value=0x0201000100001050
  regcmd_qword[19] off=0xe1898 value=0x0201000100001054
  regcmd_qword[20] off=0xe18a0 value=0x0201000100001058
  regcmd_qword[21] off=0xe18a8 value=0x020100010000105c
  regcmd_qword[22] off=0xe18b0 value=0x0201000000001060
  regcmd_qword[23] off=0xe18b8 value=0x0201000000001064
  regcmd_qword[24] off=0xe18c0 value=0x0201000000001068
  regcmd_qword[25] off=0xe18c8 value=0x0201ffeb90001070
  regcmd_qword[26] off=0xe18d0 value=0x0201000000001074
  regcmd_qword[27] off=0xe18d8 value=0x0201000f000f1078
  regcmd_qword[28] off=0xe18e0 value=0x020100000020107c
  regcmd_qword[29] off=0xe18e8 value=0x0201000000201080
  regcmd_qword[30] off=0xe18f0 value=0x0201000800081084
  regcmd_qword[31] off=0xe18f8 value=0x0201000000a01088
  regcmd_qword[32] off=0xe1900 value=0x0201000000001100
  regcmd_qword[33] off=0xe1908 value=0x0201000000001104
  regcmd_qword[34] off=0xe1910 value=0x0201ffec90001110
  regcmd_qword[35] off=0xe1918 value=0x0201000000001140
  regcmd_qword[36] off=0xe1920 value=0x0201000000001144
  regcmd_qword[37] off=0xe1928 value=0x0201000000001148
  regcmd_qword[38] off=0xe1930 value=0x020100000000114c
  regcmd_qword[39] off=0xe1938 value=0x0201000000001150
  regcmd_qword[40] off=0xe1940 value=0x0201000000001154
  regcmd_qword[41] off=0xe1948 value=0x0201000000001158
  regcmd_qword[42] off=0xe1950 value=0x020100000000115c
  regcmd_qword[43] off=0xe1958 value=0x0201000000001160
  regcmd_qword[44] off=0xe1960 value=0x0201000000001164
  regcmd_qword[45] off=0xe1968 value=0x0201000000001168
  regcmd_qword[46] off=0xe1970 value=0x020100000000116c
  regcmd_qword[47] off=0xe1978 value=0x0201000000001170
  regcmd_qword[48] off=0xe1980 value=0x0201000000001174
  regcmd_qword[49] off=0xe1988 value=0x0201000000001178
  regcmd_qword[50] off=0xe1990 value=0x020100000000117c
  regcmd_qword[51] off=0xe1998 value=0x0201000000001180
  regcmd_qword[52] off=0xe19a0 value=0x0201000000001184
  regcmd_qword[53] off=0xe19a8 value=0x0801000002003010
  regcmd_qword[54] off=0xe19b0 value=0x0801000500053014
  regcmd_qword[55] off=0xe19b8 value=0x08010000013f3018
  regcmd_qword[56] off=0xe19c0 value=0x080100000000301c
  regcmd_qword[57] off=0xe19c8 value=0x0801000000003030
  regcmd_qword[58] off=0xe19d0 value=0x1001000001e4400c
  regcmd_qword[59] off=0xe19d8 value=0x1001480000024010
  regcmd_qword[60] off=0xe19e0 value=0x1001000000004014
  regcmd_qword[61] off=0xe19e8 value=0x1001ffeb30004020
  regcmd_qword[62] off=0xe19f0 value=0x1001000002404024
  regcmd_qword[63] off=0xe19f8 value=0x1001000000054030
  regcmd_qword[64] off=0xe1a00 value=0x1001000000054034
  regcmd_qword[65] off=0xe1a08 value=0x1001000000004038
  regcmd_qword[66] off=0xe1a10 value=0x1001013f013f403c
  regcmd_qword[67] off=0xe1a18 value=0x1001000000534040
  regcmd_qword[68] off=0xe1a20 value=0x1001000000004044
  regcmd_qword[69] off=0xe1a28 value=0x1001000000004048
  regcmd_qword[70] off=0xe1a30 value=0x100100000000404c
  regcmd_qword[71] off=0xe1a38 value=0x1001000001264050
  regcmd_qword[72] off=0xe1a40 value=0x1001000000004054
  regcmd_qword[73] off=0xe1a48 value=0x10010000013f4058
  regcmd_qword[74] off=0xe1a50 value=0x100100050005405c
  regcmd_qword[75] off=0xe1a58 value=0x1001000000534060
  regcmd_qword[76] off=0xe1a60 value=0x1001000000004064
  regcmd_qword[77] off=0xe1a68 value=0x1001000000004068
  regcmd_qword[78] off=0xe1a70 value=0x100100000000406c
  regcmd_qword[79] off=0xe1a78 value=0x1001000003834070
  regcmd_qword[80] off=0xe1a80 value=0x1001000000004074
  regcmd_qword[81] off=0xe1a88 value=0x1001000000014078
  regcmd_qword[82] off=0xe1a90 value=0x100100000000407c
  regcmd_qword[83] off=0xe1a98 value=0x1001000000004080
  regcmd_qword[84] off=0xe1aa0 value=0x1001000100014084
  regcmd_qword[85] off=0xe1aa8 value=0x1001000000004088
  regcmd_qword[86] off=0xe1ab0 value=0x1001000000004090
  regcmd_qword[87] off=0xe1ab8 value=0x1001000000004094
  regcmd_qword[88] off=0xe1ac0 value=0x1001000000004098
  regcmd_qword[89] off=0xe1ac8 value=0x100100000000409c
  regcmd_qword[90] off=0xe1ad0 value=0x10010000000040a0
  regcmd_qword[91] off=0xe1ad8 value=0x10010000000040a4
  regcmd_qword[92] off=0xe1ae0 value=0x10010000000040a8
  regcmd_qword[93] off=0xe1ae8 value=0x10010000000040ac
  regcmd_qword[94] off=0xe1af0 value=0x10010000048040c0
  regcmd_qword[95] off=0xe1af8 value=0x10010000000040c4
  regcmd_qword[96] off=0xe1b00 value=0x1001000000004100
  regcmd_qword[97] off=0xe1b08 value=0x1001000000004104
  regcmd_qword[98] off=0xe1b10 value=0x1001000000004108
  regcmd_qword[99] off=0xe1b18 value=0x100100000000410c
  regcmd_qword[100] off=0xe1b20 value=0x1001000000004110
  regcmd_qword[101] off=0xe1b28 value=0x1001000000004114
  regcmd_qword[102] off=0xe1b30 value=0x1001000000004118
  regcmd_qword[103] off=0xe1b38 value=0x100100000000411c
  regcmd_qword[104] off=0xe1b40 value=0x1001000000004120
  regcmd_qword[105] off=0xe1b48 value=0x1001000000004124
  regcmd_qword[106] off=0xe1b50 value=0x1001000000004128
  regcmd_qword[107] off=0xe1b58 value=0x100100000000412c
  regcmd_qword[108] off=0xe1b60 value=0x0000000000000000
  regcmd_qword[109] off=0xe1b68 value=0x0101000000000014
  regcmd_qword[110] off=0xe1b70 value=0x0041000000000000
  regcmd_qword[111] off=0xe1b78 value=0x00810000000d0008
  regcmd_qword[112] off=0xe1b80 value=0x10010000000e4004
  regcmd_qword[113] off=0xe1b88 value=0x020100000120100c
  regcmd_qword[114] off=0xe1b90 value=0x0201400000b01010
  regcmd_qword[115] off=0xe1b98 value=0x0201000000091014
  regcmd_qword[116] off=0xe1ba0 value=0x0201000800081020
  regcmd_qword[117] off=0xe1ba8 value=0x0201001f00a01024
  regcmd_qword[118] off=0xe1bb0 value=0x0201000000061028
  regcmd_qword[119] off=0xe1bb8 value=0x020100000024102c
  regcmd_qword[120] off=0xe1bc0 value=0x0201000708001030
  regcmd_qword[121] off=0xe1bc8 value=0x020100000b401034
  regcmd_qword[122] off=0xe1bd0 value=0x0201030300a01038
  regcmd_qword[123] off=0xe1bd8 value=0x0201000000b11040
  regcmd_qword[124] off=0xe1be0 value=0x0201000000281044
  regcmd_qword[125] off=0xe1be8 value=0x02010000000b104c
  regcmd_qword[126] off=0xe1bf0 value=0x0201000100001050
  regcmd_qword[127] off=0xe1bf8 value=0x0201000100001054
  regcmd_qword[128] off=0xe1c00 value=0x0201000100001058
  regcmd_qword[129] off=0xe1c08 value=0x020100010000105c
  regcmd_qword[130] off=0xe1c10 value=0x0201000000001060
  regcmd_qword[131] off=0xe1c18 value=0x0201000000001064
  regcmd_qword[132] off=0xe1c20 value=0x0201000000001068
  regcmd_qword[133] off=0xe1c28 value=0x0201ffeb90001070
  regcmd_qword[134] off=0xe1c30 value=0x0201000000001074
  regcmd_qword[135] off=0xe1c38 value=0x0201000f000f1078
  regcmd_qword[136] off=0xe1c40 value=0x020100000020107c
  regcmd_qword[137] off=0xe1c48 value=0x0201000000201080
  regcmd_qword[138] off=0xe1c50 value=0x0201000800081084
  regcmd_qword[139] off=0xe1c58 value=0x0201000000a01088
  regcmd_qword[140] off=0xe1c60 value=0x0201000000001100
  regcmd_qword[141] off=0xe1c68 value=0x0201000000001104
  regcmd_qword[142] off=0xe1c70 value=0x0201ffec90001110
  regcmd_qword[143] off=0xe1c78 value=0x0201000000001140
  regcmd_qword[144] off=0xe1c80 value=0x0201000000001144
  regcmd_qword[145] off=0xe1c88 value=0x0201000000001148
  regcmd_qword[146] off=0xe1c90 value=0x020100000000114c
  regcmd_qword[147] off=0xe1c98 value=0x0201000000001150
  regcmd_qword[148] off=0xe1ca0 value=0x0201000000001154
  regcmd_qword[149] off=0xe1ca8 value=0x0201000000001158
  regcmd_qword[150] off=0xe1cb0 value=0x020100000000115c
  regcmd_qword[151] off=0xe1cb8 value=0x0201000000001160
  regcmd_qword[152] off=0xe1cc0 value=0x0201000000001164
  regcmd_qword[153] off=0xe1cc8 value=0x0201000000001168
  regcmd_qword[154] off=0xe1cd0 value=0x020100000000116c
  regcmd_qword[155] off=0xe1cd8 value=0x0201000000001170
  regcmd_qword[156] off=0xe1ce0 value=0x0201000000001174
  regcmd_qword[157] off=0xe1ce8 value=0x0201000000001178
  regcmd_qword[158] off=0xe1cf0 value=0x020100000000117c
  regcmd_qword[159] off=0xe1cf8 value=0x0201000000001180
  regcmd_qword[160] off=0xe1d00 value=0x0201000000001184
  regcmd_qword[161] off=0xe1d08 value=0x0801000002003010
  regcmd_qword[162] off=0xe1d10 value=0x0801000500053014
  regcmd_qword[163] off=0xe1d18 value=0x08010000009f3018
  regcmd_qword[164] off=0xe1d20 value=0x080100000000301c
  regcmd_qword[165] off=0xe1d28 value=0x0801000000003030
  regcmd_qword[166] off=0xe1d30 value=0x1001000001e4400c
  regcmd_qword[167] off=0xe1d38 value=0x1001480000024010
  regcmd_qword[168] off=0xe1d40 value=0x1001000000004014
  regcmd_qword[169] off=0xe1d48 value=0x1001ffeb30004020
  regcmd_qword[170] off=0xe1d50 value=0x1001000002404024
  regcmd_qword[171] off=0xe1d58 value=0x1001000000054030
  regcmd_qword[172] off=0xe1d60 value=0x1001000000054034
  regcmd_qword[173] off=0xe1d68 value=0x1001000000004038
  regcmd_qword[174] off=0xe1d70 value=0x1001009f009f403c
  regcmd_qword[175] off=0xe1d78 value=0x1001000000534040
  regcmd_qword[176] off=0xe1d80 value=0x1001000000004044
  regcmd_qword[177] off=0xe1d88 value=0x1001000000004048
  regcmd_qword[178] off=0xe1d90 value=0x100100000000404c
  regcmd_qword[179] off=0xe1d98 value=0x1001000001264050
  regcmd_qword[180] off=0xe1da0 value=0x1001000000004054
  regcmd_qword[181] off=0xe1da8 value=0x10010000009f4058
  regcmd_qword[182] off=0xe1db0 value=0x100100050005405c
  regcmd_qword[183] off=0xe1db8 value=0x1001000000534060
  regcmd_qword[184] off=0xe1dc0 value=0x1001000000004064
  regcmd_qword[185] off=0xe1dc8 value=0x1001000000004068
  regcmd_qword[186] off=0xe1dd0 value=0x100100000000406c
  regcmd_qword[187] off=0xe1dd8 value=0x1001000003834070
  regcmd_qword[188] off=0xe1de0 value=0x1001000000004074
  regcmd_qword[189] off=0xe1de8 value=0x1001000000014078
  regcmd_qword[190] off=0xe1df0 value=0x100100000000407c
  regcmd_qword[191] off=0xe1df8 value=0x1001000000004080
  regcmd_qword[192] off=0xe1e00 value=0x1001000100014084
  regcmd_qword[193] off=0xe1e08 value=0x1001000000004088
  regcmd_qword[194] off=0xe1e10 value=0x1001000000004090
  regcmd_qword[195] off=0xe1e18 value=0x1001000000004094
  regcmd_qword[196] off=0xe1e20 value=0x1001000000004098
  regcmd_qword[197] off=0xe1e28 value=0x100100000000409c
  regcmd_qword[198] off=0xe1e30 value=0x10010000000040a0
  regcmd_qword[199] off=0xe1e38 value=0x10010000000040a4
  regcmd_qword[200] off=0xe1e40 value=0x10010000000040a8
  regcmd_qword[201] off=0xe1e48 value=0x10010000000040ac
  regcmd_qword[202] off=0xe1e50 value=0x10010000048040c0
  regcmd_qword[203] off=0xe1e58 value=0x10010000000040c4
  regcmd_qword[204] off=0xe1e60 value=0x1001000000004100
  regcmd_qword[205] off=0xe1e68 value=0x1001000000004104
  regcmd_qword[206] off=0xe1e70 value=0x1001000000004108
  regcmd_qword[207] off=0xe1e78 value=0x100100000000410c
  regcmd_qword[208] off=0xe1e80 value=0x1001000000004110
  regcmd_qword[209] off=0xe1e88 value=0x1001000000004114
  regcmd_qword[210] off=0xe1e90 value=0x1001000000004118
  regcmd_qword[211] off=0xe1e98 value=0x100100000000411c
  regcmd_qword[212] off=0xe1ea0 value=0x1001000000004120
  regcmd_qword[213] off=0xe1ea8 value=0x1001000000004124
  regcmd_qword[214] off=0xe1eb0 value=0x1001000000004128
  regcmd_qword[215] off=0xe1eb8 value=0x100100000000412c
  regcmd_qword[216] off=0xe1ec0 value=0x0101fffaaf000010
  regcmd_qword[217] off=0xe1ec8 value=0x01010001000e0014
  regcmd_qword[218] off=0xe1ed0 value=0x0041000000000000
  regcmd_qword[219] off=0xe1ed8 value=0x00810000000d0008
  regcmd_qword[220] off=0xe1ee0 value=0x0000000000000000
  regcmd_qword[221] off=0xe1ee8 value=0x0000000000000000
  regcmd_qword[222] off=0xe1ef0 value=0x0000000000000000
  regcmd_qword[223] off=0xe1ef8 value=0x0000000000000000
  regcmd_qword[224] off=0xe1f00 value=0x40010000000e6004
  regcmd_qword[225] off=0xe1f08 value=0x80010000000e7004
  regcmd_qword[226] off=0xe1f10 value=0x400100000000600c
  regcmd_qword[227] off=0xe1f18 value=0x4001000000006010
  regcmd_qword[228] off=0xe1f20 value=0x40010000001f6014
  regcmd_qword[229] off=0xe1f28 value=0x4001000000006018
  regcmd_qword[230] off=0xe1f30 value=0x400100000000601c
  regcmd_qword[231] off=0xe1f38 value=0x40010000001f6020
  regcmd_qword[232] off=0xe1f40 value=0x4001000000116024
  regcmd_qword[233] off=0xe1f48 value=0x4001000000006034
  regcmd_qword[234] off=0xe1f50 value=0x4001000000006038
  regcmd_qword[235] off=0xe1f58 value=0x400100000000603c
  regcmd_qword[236] off=0xe1f60 value=0x4001000000006040
  regcmd_qword[237] off=0xe1f68 value=0x4001000000006044
  regcmd_qword[238] off=0xe1f70 value=0x4001000000006048
  regcmd_qword[239] off=0xe1f78 value=0x4001fffaa0006070
  regcmd_qword[240] off=0xe1f80 value=0x400100000010607c
  regcmd_qword[241] off=0xe1f88 value=0x4001000000106084
  regcmd_qword[242] off=0xe1f90 value=0x40010000000360dc
  regcmd_qword[243] off=0xe1f98 value=0x800100000000700c
  regcmd_qword[244] off=0xe1fa0 value=0x8001000000007010
  regcmd_qword[245] off=0xe1fa8 value=0x80010000001f7014
  regcmd_qword[246] off=0xe1fb0 value=0x8001fffaa400701c
  regcmd_qword[247] off=0xe1fb8 value=0x8001000000107024
  regcmd_qword[248] off=0xe1fc0 value=0x8001000000107028
  regcmd_qword[249] off=0xe1fc8 value=0x8001000000017030
  regcmd_qword[250] off=0xe1fd0 value=0x0000000000000000
  regcmd_qword[251] off=0xe1fd8 value=0x0101000000000014
  regcmd_qword[252] off=0xe1fe0 value=0x0041000000000000
  regcmd_qword[253] off=0xe1fe8 value=0x0081000000600008
  regcmd_qword[254] off=0xe1ff0 value=0x0000000000000000
  regcmd_qword[255] off=0xe1ff8 value=0x0000000000000000
  regcmd_qword[256] off=0xe2000 value=0x10010000000e4004
  regcmd_qword[257] off=0xe2008 value=0x020100000120100c
  regcmd_qword[258] off=0xe2010 value=0x0201400000b01010
  regcmd_qword[259] off=0xe2018 value=0x0201000000091014
  regcmd_qword[260] off=0xe2020 value=0x0201000800081020
  regcmd_qword[261] off=0xe2028 value=0x0201001f00a01024
  regcmd_qword[262] off=0xe2030 value=0x0201000000061028
  regcmd_qword[263] off=0xe2038 value=0x020100000024102c
  regcmd_qword[264] off=0xe2040 value=0x0201000708001030
  regcmd_qword[265] off=0xe2048 value=0x020100000b401034
  regcmd_qword[266] off=0xe2050 value=0x0201030300a01038
  regcmd_qword[267] off=0xe2058 value=0x0201000000b11040
  regcmd_qword[268] off=0xe2060 value=0x0201000000281044
  regcmd_qword[269] off=0xe2068 value=0x02010000000b104c
  regcmd_qword[270] off=0xe2070 value=0x0201000100001050
  regcmd_qword[271] off=0xe2078 value=0x0201000100001054
  regcmd_qword[272] off=0xe2080 value=0x0201000100001058
  regcmd_qword[273] off=0xe2088 value=0x020100010000105c
  regcmd_qword[274] off=0xe2090 value=0x0201000000001060
  regcmd_qword[275] off=0xe2098 value=0x0201000000001064
  regcmd_qword[276] off=0xe20a0 value=0x0201000000001068
  regcmd_qword[277] off=0xe20a8 value=0x0201ffeb90001070
  regcmd_qword[278] off=0xe20b0 value=0x0201000000001074
  regcmd_qword[279] off=0xe20b8 value=0x0201000f000f1078
  regcmd_qword[280] off=0xe20c0 value=0x020100000020107c
  regcmd_qword[281] off=0xe20c8 value=0x0201000000201080
  regcmd_qword[282] off=0xe20d0 value=0x0201000800081084
  regcmd_qword[283] off=0xe20d8 value=0x0201000000a01088
  regcmd_qword[284] off=0xe20e0 value=0x0201000000001100
  regcmd_qword[285] off=0xe20e8 value=0x0201000000001104
  regcmd_qword[286] off=0xe20f0 value=0x0201fff398001110
  regcmd_qword[287] off=0xe20f8 value=0x0201000000001140
  regcmd_qword[288] off=0xe2100 value=0x0201000000001144
  regcmd_qword[289] off=0xe2108 value=0x0201000000001148
  regcmd_qword[290] off=0xe2110 value=0x020100000000114c
  regcmd_qword[291] off=0xe2118 value=0x0201000000001150
  regcmd_qword[292] off=0xe2120 value=0x0201000000001154
  regcmd_qword[293] off=0xe2128 value=0x0201000000001158
  regcmd_qword[294] off=0xe2130 value=0x020100000000115c
  regcmd_qword[295] off=0xe2138 value=0x0201000000001160
  regcmd_qword[296] off=0xe2140 value=0x0201000000001164
  regcmd_qword[297] off=0xe2148 value=0x0201000000001168
  regcmd_qword[298] off=0xe2150 value=0x020100000000116c
  regcmd_qword[299] off=0xe2158 value=0x0201000000001170
  regcmd_qword[300] off=0xe2160 value=0x0201000000001174
  regcmd_qword[301] off=0xe2168 value=0x0201000000001178
  regcmd_qword[302] off=0xe2170 value=0x020100000000117c
  regcmd_qword[303] off=0xe2178 value=0x0201000000001180
  regcmd_qword[304] off=0xe2180 value=0x0201000000001184
  regcmd_qword[305] off=0xe2188 value=0x0801000002003010
  regcmd_qword[306] off=0xe2190 value=0x0801000500053014
  regcmd_qword[307] off=0xe2198 value=0x08010000009f3018
  regcmd_qword[308] off=0xe21a0 value=0x080100000000301c
  regcmd_qword[309] off=0xe21a8 value=0x0801000000003030
  regcmd_qword[310] off=0xe21b0 value=0x1001000001e4400c
  regcmd_qword[311] off=0xe21b8 value=0x1001480000024010
  regcmd_qword[312] off=0xe21c0 value=0x1001000000004014
  regcmd_qword[313] off=0xe21c8 value=0x1001ffeb5d004020
  regcmd_qword[314] off=0xe21d0 value=0x1001000002404024
  regcmd_qword[315] off=0xe21d8 value=0x1001000000054030
  regcmd_qword[316] off=0xe21e0 value=0x1001000000054034
  regcmd_qword[317] off=0xe21e8 value=0x1001000000004038
  regcmd_qword[318] off=0xe21f0 value=0x1001009f009f403c
  regcmd_qword[319] off=0xe21f8 value=0x1001000000534040
  regcmd_qword[320] off=0xe2200 value=0x1001000000004044
  regcmd_qword[321] off=0xe2208 value=0x1001000000004048
  regcmd_qword[322] off=0xe2210 value=0x100100000000404c
  regcmd_qword[323] off=0xe2218 value=0x1001000001264050
  regcmd_qword[324] off=0xe2220 value=0x1001000000004054
  regcmd_qword[325] off=0xe2228 value=0x10010000009f4058
  regcmd_qword[326] off=0xe2230 value=0x100100050005405c
  regcmd_qword[327] off=0xe2238 value=0x1001000000534060
  regcmd_qword[328] off=0xe2240 value=0x1001000000004064
  regcmd_qword[329] off=0xe2248 value=0x1001000000004068
  regcmd_qword[330] off=0xe2250 value=0x100100000000406c
  regcmd_qword[331] off=0xe2258 value=0x1001000003834070
  regcmd_qword[332] off=0xe2260 value=0x1001000000004074
  regcmd_qword[333] off=0xe2268 value=0x1001000000014078
  regcmd_qword[334] off=0xe2270 value=0x100100000000407c
  regcmd_qword[335] off=0xe2278 value=0x1001000000004080
  regcmd_qword[336] off=0xe2280 value=0x1001000100014084
  regcmd_qword[337] off=0xe2288 value=0x1001000000004088
  regcmd_qword[338] off=0xe2290 value=0x1001000000004090
  regcmd_qword[339] off=0xe2298 value=0x1001000000004094
  regcmd_qword[340] off=0xe22a0 value=0x1001000000004098
  regcmd_qword[341] off=0xe22a8 value=0x100100000000409c
  regcmd_qword[342] off=0xe22b0 value=0x10010000000040a0
  regcmd_qword[343] off=0xe22b8 value=0x10010000000040a4
  regcmd_qword[344] off=0xe22c0 value=0x10010000000040a8
  regcmd_qword[345] off=0xe22c8 value=0x10010000000040ac
  regcmd_qword[346] off=0xe22d0 value=0x10010000048040c0
  regcmd_qword[347] off=0xe22d8 value=0x10010000000040c4
  regcmd_qword[348] off=0xe22e0 value=0x1001000000004100
  regcmd_qword[349] off=0xe22e8 value=0x1001000000004104
  regcmd_qword[350] off=0xe22f0 value=0x1001000000004108
  regcmd_qword[351] off=0xe22f8 value=0x100100000000410c
  regcmd_qword[352] off=0xe2300 value=0x1001000000004110
  regcmd_qword[353] off=0xe2308 value=0x1001000000004114
  regcmd_qword[354] off=0xe2310 value=0x1001000000004118
  regcmd_qword[355] off=0xe2318 value=0x100100000000411c
  regcmd_qword[356] off=0xe2320 value=0x1001000000004120
  regcmd_qword[357] off=0xe2328 value=0x1001000000004124
  regcmd_qword[358] off=0xe2330 value=0x1001000000004128
  regcmd_qword[359] off=0xe2338 value=0x100100000000412c
  regcmd_qword[360] off=0xe2340 value=0x0101fffab3800010
  regcmd_qword[361] off=0xe2348 value=0x01010001000e0014
  regcmd_qword[362] off=0xe2350 value=0x0041000000000000
  regcmd_qword[363] off=0xe2358 value=0x00810000000d0008
  regcmd_qword[364] off=0xe2360 value=0x0000000000000000
  regcmd_qword[365] off=0xe2368 value=0x0000000000000000
  regcmd_qword[366] off=0xe2370 value=0x0000000000000000
  regcmd_qword[367] off=0xe2378 value=0x0000000000000000
  regcmd_qword[368] off=0xe2380 value=0x40010000000e6004
  regcmd_qword[369] off=0xe2388 value=0x80010000000e7004
  regcmd_qword[370] off=0xe2390 value=0x400100000000600c
  regcmd_qword[371] off=0xe2398 value=0x4001000000006010
  regcmd_qword[372] off=0xe23a0 value=0x40010000001f6014
  regcmd_qword[373] off=0xe23a8 value=0x4001000000006018
  regcmd_qword[374] off=0xe23b0 value=0x400100000000601c
  regcmd_qword[375] off=0xe23b8 value=0x40010000001f6020
  regcmd_qword[376] off=0xe23c0 value=0x4001000000116024
  regcmd_qword[377] off=0xe23c8 value=0x4001000000006034
  regcmd_qword[378] off=0xe23d0 value=0x4001000000006038
  regcmd_qword[379] off=0xe23d8 value=0x400100000000603c
  regcmd_qword[380] off=0xe23e0 value=0x4001000000006040
  regcmd_qword[381] off=0xe23e8 value=0x4001000000006044
  regcmd_qword[382] off=0xe23f0 value=0x4001000000006048
  regcmd_qword[383] off=0xe23f8 value=0x4001fffaa0006070
  regcmd_qword[384] off=0xe2400 value=0x400100000010607c
  regcmd_qword[385] off=0xe2408 value=0x4001000000106084
  regcmd_qword[386] off=0xe2410 value=0x40010000000360dc
  regcmd_qword[387] off=0xe2418 value=0x800100000000700c
  regcmd_qword[388] off=0xe2420 value=0x8001000000007010
  regcmd_qword[389] off=0xe2428 value=0x80010000001f7014
  regcmd_qword[390] off=0xe2430 value=0x8001fffaa400701c
  regcmd_qword[391] off=0xe2438 value=0x8001000000107024
  regcmd_qword[392] off=0xe2440 value=0x8001000000107028
  regcmd_qword[393] off=0xe2448 value=0x8001000000017030
  regcmd_qword[394] off=0xe2450 value=0x0000000000000000
  regcmd_qword[395] off=0xe2458 value=0x0101000000000014
  regcmd_qword[396] off=0xe2460 value=0x0041000000000000
  regcmd_qword[397] off=0xe2468 value=0x0081000000600008
  regcmd_qword[398] off=0xe2470 value=0x0000000000000000
  regcmd_qword[399] off=0xe2478 value=0x0000000000000000
  regcmd_qword[400] off=0xe2480 value=0x10010000000e4004
  regcmd_qword[401] off=0xe2488 value=0x020100000120100c
  regcmd_qword[402] off=0xe2490 value=0x0201500000b01010
  regcmd_qword[403] off=0xe2498 value=0x0201000000091014
  regcmd_qword[404] off=0xe24a0 value=0x0201000800081020
  regcmd_qword[405] off=0xe24a8 value=0x0201001f00a01024
  regcmd_qword[406] off=0xe24b0 value=0x0201000000061028
  regcmd_qword[407] off=0xe24b8 value=0x020100000024102c
  regcmd_qword[408] off=0xe24c0 value=0x02010004ec001030
  regcmd_qword[409] off=0xe24c8 value=0x020100000b401034
  regcmd_qword[410] off=0xe24d0 value=0x0201030300701038
  regcmd_qword[411] off=0xe24d8 value=0x0201000000b11040
  regcmd_qword[412] off=0xe24e0 value=0x0201000000281044
  regcmd_qword[413] off=0xe24e8 value=0x02010000000b104c
  regcmd_qword[414] off=0xe24f0 value=0x0201000100001050
  regcmd_qword[415] off=0xe24f8 value=0x0201000100001054
  regcmd_qword[416] off=0xe2500 value=0x0201000100001058
  regcmd_qword[417] off=0xe2508 value=0x020100010000105c
  regcmd_qword[418] off=0xe2510 value=0x0201000000001060
  regcmd_qword[419] off=0xe2518 value=0x0201000000001064
  regcmd_qword[420] off=0xe2520 value=0x0201000000001068
  regcmd_qword[421] off=0xe2528 value=0x0201ffeb90001070
  regcmd_qword[422] off=0xe2530 value=0x0201000000001074
  regcmd_qword[423] off=0xe2538 value=0x0201000f000f1078
  regcmd_qword[424] off=0xe2540 value=0x020100000020107c
  regcmd_qword[425] off=0xe2548 value=0x0201000000201080
  regcmd_qword[426] off=0xe2550 value=0x0201000800081084
  regcmd_qword[427] off=0xe2558 value=0x0201000000a01088
  regcmd_qword[428] off=0xe2560 value=0x0201000000001100
  regcmd_qword[429] off=0xe2568 value=0x0201000000001104
  regcmd_qword[430] off=0xe2570 value=0x0201ffec90001110
  regcmd_qword[431] off=0xe2578 value=0x0201000000001140
  regcmd_qword[432] off=0xe2580 value=0x0201000000001144
  regcmd_qword[433] off=0xe2588 value=0x0201000000001148
  regcmd_qword[434] off=0xe2590 value=0x020100000000114c
  regcmd_qword[435] off=0xe2598 value=0x0201000000001150
  regcmd_qword[436] off=0xe25a0 value=0x0201000000001154
  regcmd_qword[437] off=0xe25a8 value=0x0201000000001158
  regcmd_qword[438] off=0xe25b0 value=0x020100000000115c
  regcmd_qword[439] off=0xe25b8 value=0x0201000000001160
  regcmd_qword[440] off=0xe25c0 value=0x0201000000001164
  regcmd_qword[441] off=0xe25c8 value=0x0201000000001168
  regcmd_qword[442] off=0xe25d0 value=0x020100000000116c
  regcmd_qword[443] off=0xe25d8 value=0x0201000000001170
  regcmd_qword[444] off=0xe25e0 value=0x0201000000001174
  regcmd_qword[445] off=0xe25e8 value=0x0201000000001178
  regcmd_qword[446] off=0xe25f0 value=0x020100000000117c
  regcmd_qword[447] off=0xe25f8 value=0x0201000000001180
  regcmd_qword[448] off=0xe2600 value=0x0201000000001184
  regcmd_qword[449] off=0xe2608 value=0x0801000002003010
  regcmd_qword[450] off=0xe2610 value=0x0801000500053014
  regcmd_qword[451] off=0xe2618 value=0x08010000006f3018
  regcmd_qword[452] off=0xe2620 value=0x080100000000301c
  regcmd_qword[453] off=0xe2628 value=0x0801000000003030
  regcmd_qword[454] off=0xe2630 value=0x1001000001e4400c
  regcmd_qword[455] off=0xe2638 value=0x1001480000024010
  regcmd_qword[456] off=0xe2640 value=0x1001000000004014
  regcmd_qword[457] off=0xe2648 value=0x1001ffeb30004020
  regcmd_qword[458] off=0xe2650 value=0x1001000002404024
  regcmd_qword[459] off=0xe2658 value=0x1001000000054030
  regcmd_qword[460] off=0xe2660 value=0x1001000000054034
  regcmd_qword[461] off=0xe2668 value=0x1001000000004038
  regcmd_qword[462] off=0xe2670 value=0x1001006f006f403c
  regcmd_qword[463] off=0xe2678 value=0x1001000000534040
  regcmd_qword[464] off=0xe2680 value=0x1001000000004044
  regcmd_qword[465] off=0xe2688 value=0x1001000000004048
  regcmd_qword[466] off=0xe2690 value=0x100100000000404c
  regcmd_qword[467] off=0xe2698 value=0x1001000001264050
  regcmd_qword[468] off=0xe26a0 value=0x1001000000004054
  regcmd_qword[469] off=0xe26a8 value=0x10010000006f4058
  regcmd_qword[470] off=0xe26b0 value=0x100100050005405c
  regcmd_qword[471] off=0xe26b8 value=0x1001000000534060
  regcmd_qword[472] off=0xe26c0 value=0x1001000000004064
  regcmd_qword[473] off=0xe26c8 value=0x1001000000004068
  regcmd_qword[474] off=0xe26d0 value=0x100100000000406c
  regcmd_qword[475] off=0xe26d8 value=0x1001000003834070
  regcmd_qword[476] off=0xe26e0 value=0x1001000000004074
  regcmd_qword[477] off=0xe26e8 value=0x1001000000014078
  regcmd_qword[478] off=0xe26f0 value=0x100100000000407c
  regcmd_qword[479] off=0xe26f8 value=0x1001000000004080
  regcmd_qword[480] off=0xe2700 value=0x1001000100014084
  regcmd_qword[481] off=0xe2708 value=0x1001000000004088
  regcmd_qword[482] off=0xe2710 value=0x1001000000004090
  regcmd_qword[483] off=0xe2718 value=0x1001000000004094
  regcmd_qword[484] off=0xe2720 value=0x1001000000004098
  regcmd_qword[485] off=0xe2728 value=0x100100000000409c
  regcmd_qword[486] off=0xe2730 value=0x10010000000040a0
  regcmd_qword[487] off=0xe2738 value=0x10010000000040a4
  regcmd_qword[488] off=0xe2740 value=0x10010000000040a8
  regcmd_qword[489] off=0xe2748 value=0x10010000000040ac
  regcmd_qword[490] off=0xe2750 value=0x10010000048040c0
  regcmd_qword[491] off=0xe2758 value=0x10010000000040c4
  regcmd_qword[492] off=0xe2760 value=0x1001000000004100
  regcmd_qword[493] off=0xe2768 value=0x1001000000004104
  regcmd_qword[494] off=0xe2770 value=0x1001000000004108
  regcmd_qword[495] off=0xe2778 value=0x100100000000410c
  regcmd_qword[496] off=0xe2780 value=0x1001000000004110
  regcmd_qword[497] off=0xe2788 value=0x1001000000004114
  regcmd_qword[498] off=0xe2790 value=0x1001000000004118
  regcmd_qword[499] off=0xe2798 value=0x100100000000411c
  regcmd_qword[500] off=0xe27a0 value=0x1001000000004120
  regcmd_qword[501] off=0xe27a8 value=0x1001000000004124
  regcmd_qword[502] off=0xe27b0 value=0x1001000000004128
  regcmd_qword[503] off=0xe27b8 value=0x100100000000412c
  regcmd_qword[504] off=0xe27c0 value=0x0101fffab8000010
  regcmd_qword[505] off=0xe27c8 value=0x01010002000e0014
  regcmd_qword[506] off=0xe27d0 value=0x0041000000000000
  regcmd_qword[507] off=0xe27d8 value=0x00810000000d0008
  regcmd_qword[508] off=0xe27e0 value=0x0000000000000000
  regcmd_qword[509] off=0xe27e8 value=0x0000000000000000
  regcmd_qword[510] off=0xe27f0 value=0x0000000000000000
  regcmd_qword[511] off=0xe27f8 value=0x0000000000000000
  regcmd_qword[512] off=0xe2800 value=0x40010000000e6004
  regcmd_qword[513] off=0xe2808 value=0x80010000000e7004
  regcmd_qword[514] off=0xe2810 value=0x400100000000600c
  regcmd_qword[515] off=0xe2818 value=0x4001000000006010
  regcmd_qword[516] off=0xe2820 value=0x40010000001f6014
  regcmd_qword[517] off=0xe2828 value=0x4001000000006018
  regcmd_qword[518] off=0xe2830 value=0x400100000000601c
  regcmd_qword[519] off=0xe2838 value=0x40010000001f6020
  regcmd_qword[520] off=0xe2840 value=0x4001000000116024
  regcmd_qword[521] off=0xe2848 value=0x4001000000006034
  regcmd_qword[522] off=0xe2850 value=0x4001000000006038
  regcmd_qword[523] off=0xe2858 value=0x400100000000603c
  regcmd_qword[524] off=0xe2860 value=0x4001000000006040
  regcmd_qword[525] off=0xe2868 value=0x4001000000006044
  regcmd_qword[526] off=0xe2870 value=0x4001000000006048
  regcmd_qword[527] off=0xe2878 value=0x4001fffaa0006070
  regcmd_qword[528] off=0xe2880 value=0x400100000010607c
  regcmd_qword[529] off=0xe2888 value=0x4001000000106084
  regcmd_qword[530] off=0xe2890 value=0x40010000000360dc
  regcmd_qword[531] off=0xe2898 value=0x800100000000700c
  regcmd_qword[532] off=0xe28a0 value=0x8001000000007010
  regcmd_qword[533] off=0xe28a8 value=0x80010000001f7014
  regcmd_qword[534] off=0xe28b0 value=0x8001fffaa400701c
  regcmd_qword[535] off=0xe28b8 value=0x8001000000107024
  regcmd_qword[536] off=0xe28c0 value=0x8001000000107028
  regcmd_qword[537] off=0xe28c8 value=0x8001000000017030
  regcmd_qword[538] off=0xe28d0 value=0x0000000000000000
  regcmd_qword[539] off=0xe28d8 value=0x0101000000000014
  regcmd_qword[540] off=0xe28e0 value=0x0041000000000000
  regcmd_qword[541] off=0xe28e8 value=0x0081000000600008
  regcmd_qword[542] off=0xe28f0 value=0x0000000000000000
  regcmd_qword[543] off=0xe28f8 value=0x0000000000000000
  regcmd_qword[544] off=0xe2900 value=0x10010000000e4004
  regcmd_qword[545] off=0xe2908 value=0x020100000120100c
  regcmd_qword[546] off=0xe2910 value=0x0201500000b01010
  regcmd_qword[547] off=0xe2918 value=0x0201000000091014
  regcmd_qword[548] off=0xe2920 value=0x0201000800081020
  regcmd_qword[549] off=0xe2928 value=0x0201001f00a01024
  regcmd_qword[550] off=0xe2930 value=0x0201000000061028
  regcmd_qword[551] off=0xe2938 value=0x020100000024102c
  regcmd_qword[552] off=0xe2940 value=0x02010004ec001030
  regcmd_qword[553] off=0xe2948 value=0x020100000b401034
  regcmd_qword[554] off=0xe2950 value=0x0201030300701038
  regcmd_qword[555] off=0xe2958 value=0x0201000000b11040
  regcmd_qword[556] off=0xe2960 value=0x0201000000281044
  regcmd_qword[557] off=0xe2968 value=0x02010000000b104c
  regcmd_qword[558] off=0xe2970 value=0x0201000100001050
  regcmd_qword[559] off=0xe2978 value=0x0201000100001054
  regcmd_qword[560] off=0xe2980 value=0x0201000100001058
  regcmd_qword[561] off=0xe2988 value=0x020100010000105c
  regcmd_qword[562] off=0xe2990 value=0x0201000000001060
  regcmd_qword[563] off=0xe2998 value=0x0201000000001064
  regcmd_qword[564] off=0xe29a0 value=0x0201000000001068
  regcmd_qword[565] off=0xe29a8 value=0x0201ffeb90001070
  regcmd_qword[566] off=0xe29b0 value=0x0201000000001074
  regcmd_qword[567] off=0xe29b8 value=0x0201000f000f1078
  regcmd_qword[568] off=0xe29c0 value=0x020100000020107c
  regcmd_qword[569] off=0xe29c8 value=0x0201000000201080
  regcmd_qword[570] off=0xe29d0 value=0x0201000800081084
  regcmd_qword[571] off=0xe29d8 value=0x0201000000a01088
  regcmd_qword[572] off=0xe29e0 value=0x0201000000001100
  regcmd_qword[573] off=0xe29e8 value=0x0201000000001104
  regcmd_qword[574] off=0xe29f0 value=0x0201fff17c001110
  regcmd_qword[575] off=0xe29f8 value=0x0201000000001140
  regcmd_qword[576] off=0xe2a00 value=0x0201000000001144
  regcmd_qword[577] off=0xe2a08 value=0x0201000000001148
  regcmd_qword[578] off=0xe2a10 value=0x020100000000114c
  regcmd_qword[579] off=0xe2a18 value=0x0201000000001150
  regcmd_qword[580] off=0xe2a20 value=0x0201000000001154
  regcmd_qword[581] off=0xe2a28 value=0x0201000000001158
  regcmd_qword[582] off=0xe2a30 value=0x020100000000115c
  regcmd_qword[583] off=0xe2a38 value=0x0201000000001160
  regcmd_qword[584] off=0xe2a40 value=0x0201000000001164
  regcmd_qword[585] off=0xe2a48 value=0x0201000000001168
  regcmd_qword[586] off=0xe2a50 value=0x020100000000116c
  regcmd_qword[587] off=0xe2a58 value=0x0201000000001170
  regcmd_qword[588] off=0xe2a60 value=0x0201000000001174
  regcmd_qword[589] off=0xe2a68 value=0x0201000000001178
  regcmd_qword[590] off=0xe2a70 value=0x020100000000117c
  regcmd_qword[591] off=0xe2a78 value=0x0201000000001180
  regcmd_qword[592] off=0xe2a80 value=0x0201000000001184
  regcmd_qword[593] off=0xe2a88 value=0x0801000002003010
  regcmd_qword[594] off=0xe2a90 value=0x0801000500053014
  regcmd_qword[595] off=0xe2a98 value=0x08010000006f3018
  regcmd_qword[596] off=0xe2aa0 value=0x080100000000301c
  regcmd_qword[597] off=0xe2aa8 value=0x0801000000003030
  regcmd_qword[598] off=0xe2ab0 value=0x1001000001e4400c
  regcmd_qword[599] off=0xe2ab8 value=0x1001480000024010
  regcmd_qword[600] off=0xe2ac0 value=0x1001000000004014
  regcmd_qword[601] off=0xe2ac8 value=0x1001ffeb4f804020
  regcmd_qword[602] off=0xe2ad0 value=0x1001000002404024
  regcmd_qword[603] off=0xe2ad8 value=0x1001000000054030
  regcmd_qword[604] off=0xe2ae0 value=0x1001000000054034
  regcmd_qword[605] off=0xe2ae8 value=0x1001000000004038
  regcmd_qword[606] off=0xe2af0 value=0x1001006f006f403c
  regcmd_qword[607] off=0xe2af8 value=0x1001000000534040
  regcmd_qword[608] off=0xe2b00 value=0x1001000000004044
  regcmd_qword[609] off=0xe2b08 value=0x1001000000004048
  regcmd_qword[610] off=0xe2b10 value=0x100100000000404c
  regcmd_qword[611] off=0xe2b18 value=0x1001000001264050
  regcmd_qword[612] off=0xe2b20 value=0x1001000000004054
  regcmd_qword[613] off=0xe2b28 value=0x10010000006f4058
  regcmd_qword[614] off=0xe2b30 value=0x100100050005405c
  regcmd_qword[615] off=0xe2b38 value=0x1001000000534060
  regcmd_qword[616] off=0xe2b40 value=0x1001000000004064
  regcmd_qword[617] off=0xe2b48 value=0x1001000000004068
  regcmd_qword[618] off=0xe2b50 value=0x100100000000406c
  regcmd_qword[619] off=0xe2b58 value=0x1001000003834070
  regcmd_qword[620] off=0xe2b60 value=0x1001000000004074
  regcmd_qword[621] off=0xe2b68 value=0x1001000000014078
  regcmd_qword[622] off=0xe2b70 value=0x100100000000407c
  regcmd_qword[623] off=0xe2b78 value=0x1001000000004080
  regcmd_qword[624] off=0xe2b80 value=0x1001000100014084
  regcmd_qword[625] off=0xe2b88 value=0x1001000000004088
  regcmd_qword[626] off=0xe2b90 value=0x1001000000004090
  regcmd_qword[627] off=0xe2b98 value=0x1001000000004094
  regcmd_qword[628] off=0xe2ba0 value=0x1001000000004098
  regcmd_qword[629] off=0xe2ba8 value=0x100100000000409c
  regcmd_qword[630] off=0xe2bb0 value=0x10010000000040a0
  regcmd_qword[631] off=0xe2bb8 value=0x10010000000040a4
  regcmd_qword[632] off=0xe2bc0 value=0x10010000000040a8
  regcmd_qword[633] off=0xe2bc8 value=0x10010000000040ac
  regcmd_qword[634] off=0xe2bd0 value=0x10010000048040c0
  regcmd_qword[635] off=0xe2bd8 value=0x10010000000040c4
  regcmd_qword[636] off=0xe2be0 value=0x1001000000004100
  regcmd_qword[637] off=0xe2be8 value=0x1001000000004104
  regcmd_qword[638] off=0xe2bf0 value=0x1001000000004108
  regcmd_qword[639] off=0xe2bf8 value=0x100100000000410c
  regcmd_qword[640] off=0xe2c00 value=0x1001000000004110
  regcmd_qword[641] off=0xe2c08 value=0x1001000000004114
  regcmd_qword[642] off=0xe2c10 value=0x1001000000004118
  regcmd_qword[643] off=0xe2c18 value=0x100100000000411c
  regcmd_qword[644] off=0xe2c20 value=0x1001000000004120
  regcmd_qword[645] off=0xe2c28 value=0x1001000000004124
  regcmd_qword[646] off=0xe2c30 value=0x1001000000004128
  regcmd_qword[647] off=0xe2c38 value=0x100100000000412c
  regcmd_qword[648] off=0xe2c40 value=0x0101fffabc800010
  regcmd_qword[649] off=0xe2c48 value=0x01010002000e0014
  regcmd_qword[650] off=0xe2c50 value=0x0041000000000000
  regcmd_qword[651] off=0xe2c58 value=0x00810000000d0008
  regcmd_qword[652] off=0xe2c60 value=0x0000000000000000
  regcmd_qword[653] off=0xe2c68 value=0x0000000000000000
  regcmd_qword[654] off=0xe2c70 value=0x0000000000000000
  regcmd_qword[655] off=0xe2c78 value=0x0000000000000000
  regcmd_qword[656] off=0xe2c80 value=0x40010000000e6004
  regcmd_qword[657] off=0xe2c88 value=0x80010000000e7004
  regcmd_qword[658] off=0xe2c90 value=0x400100000000600c
  regcmd_qword[659] off=0xe2c98 value=0x4001000000006010
  regcmd_qword[660] off=0xe2ca0 value=0x40010000001f6014
  regcmd_qword[661] off=0xe2ca8 value=0x4001000000006018
  regcmd_qword[662] off=0xe2cb0 value=0x400100000000601c
  regcmd_qword[663] off=0xe2cb8 value=0x40010000001f6020
  regcmd_qword[664] off=0xe2cc0 value=0x4001000000116024
  regcmd_qword[665] off=0xe2cc8 value=0x4001000000006034
  regcmd_qword[666] off=0xe2cd0 value=0x4001000000006038
  regcmd_qword[667] off=0xe2cd8 value=0x400100000000603c
  regcmd_qword[668] off=0xe2ce0 value=0x4001000000006040
  regcmd_qword[669] off=0xe2ce8 value=0x4001000000006044
  regcmd_qword[670] off=0xe2cf0 value=0x4001000000006048
  regcmd_qword[671] off=0xe2cf8 value=0x4001fffaa0006070
  regcmd_qword[672] off=0xe2d00 value=0x400100000010607c
  regcmd_qword[673] off=0xe2d08 value=0x4001000000106084
  regcmd_qword[674] off=0xe2d10 value=0x40010000000360dc
  regcmd_qword[675] off=0xe2d18 value=0x800100000000700c
  regcmd_qword[676] off=0xe2d20 value=0x8001000000007010
  regcmd_qword[677] off=0xe2d28 value=0x80010000001f7014
  regcmd_qword[678] off=0xe2d30 value=0x8001fffaa400701c
  regcmd_qword[679] off=0xe2d38 value=0x8001000000107024
  regcmd_qword[680] off=0xe2d40 value=0x8001000000107028
  regcmd_qword[681] off=0xe2d48 value=0x8001000000017030
  regcmd_qword[682] off=0xe2d50 value=0x0000000000000000
  regcmd_qword[683] off=0xe2d58 value=0x0101000000000014
  regcmd_qword[684] off=0xe2d60 value=0x0041000000000000
  regcmd_qword[685] off=0xe2d68 value=0x0081000000600008
  regcmd_qword[686] off=0xe2d70 value=0x0000000000000000
  regcmd_qword[687] off=0xe2d78 value=0x0000000000000000
  regcmd_qword[688] off=0xe2d80 value=0x10010000000e4004
  regcmd_qword[689] off=0xe2d88 value=0x020100000120100c
  regcmd_qword[690] off=0xe2d90 value=0x0201500000b01010
  regcmd_qword[691] off=0xe2d98 value=0x0201000000091014
  regcmd_qword[692] off=0xe2da0 value=0x0201000800081020
  regcmd_qword[693] off=0xe2da8 value=0x0201001f00a01024
  regcmd_qword[694] off=0xe2db0 value=0x0201000000061028
  regcmd_qword[695] off=0xe2db8 value=0x020100000024102c
  regcmd_qword[696] off=0xe2dc0 value=0x0201000438001030
  regcmd_qword[697] off=0xe2dc8 value=0x020100000b401034
  regcmd_qword[698] off=0xe2dd0 value=0x0201030300601038
  regcmd_qword[699] off=0xe2dd8 value=0x0201000000b11040
  regcmd_qword[700] off=0xe2de0 value=0x0201000000281044
  regcmd_qword[701] off=0xe2de8 value=0x02010000000b104c
  regcmd_qword[702] off=0xe2df0 value=0x0201000100001050
  regcmd_qword[703] off=0xe2df8 value=0x0201000100001054
  regcmd_qword[704] off=0xe2e00 value=0x0201000100001058
  regcmd_qword[705] off=0xe2e08 value=0x020100010000105c
  regcmd_qword[706] off=0xe2e10 value=0x0201000000001060
  regcmd_qword[707] off=0xe2e18 value=0x0201000000001064
  regcmd_qword[708] off=0xe2e20 value=0x0201000000001068
  regcmd_qword[709] off=0xe2e28 value=0x0201ffeb90001070
  regcmd_qword[710] off=0xe2e30 value=0x0201000000001074
  regcmd_qword[711] off=0xe2e38 value=0x0201000f000f1078
  regcmd_qword[712] off=0xe2e40 value=0x020100000020107c
  regcmd_qword[713] off=0xe2e48 value=0x0201000000201080
  regcmd_qword[714] off=0xe2e50 value=0x0201000800081084
  regcmd_qword[715] off=0xe2e58 value=0x0201000000a01088
  regcmd_qword[716] off=0xe2e60 value=0x0201000000001100
  regcmd_qword[717] off=0xe2e68 value=0x0201000000001104
  regcmd_qword[718] off=0xe2e70 value=0x0201fff668001110
  regcmd_qword[719] off=0xe2e78 value=0x0201000000001140
  regcmd_qword[720] off=0xe2e80 value=0x0201000000001144
  regcmd_qword[721] off=0xe2e88 value=0x0201000000001148
  regcmd_qword[722] off=0xe2e90 value=0x020100000000114c
  regcmd_qword[723] off=0xe2e98 value=0x0201000000001150
  regcmd_qword[724] off=0xe2ea0 value=0x0201000000001154
  regcmd_qword[725] off=0xe2ea8 value=0x0201000000001158
  regcmd_qword[726] off=0xe2eb0 value=0x020100000000115c
  regcmd_qword[727] off=0xe2eb8 value=0x0201000000001160
  regcmd_qword[728] off=0xe2ec0 value=0x0201000000001164
  regcmd_qword[729] off=0xe2ec8 value=0x0201000000001168
  regcmd_qword[730] off=0xe2ed0 value=0x020100000000116c
  regcmd_qword[731] off=0xe2ed8 value=0x0201000000001170
  regcmd_qword[732] off=0xe2ee0 value=0x0201000000001174
  regcmd_qword[733] off=0xe2ee8 value=0x0201000000001178
  regcmd_qword[734] off=0xe2ef0 value=0x020100000000117c
  regcmd_qword[735] off=0xe2ef8 value=0x0201000000001180
  regcmd_qword[736] off=0xe2f00 value=0x0201000000001184
  regcmd_qword[737] off=0xe2f08 value=0x0801000002003010
  regcmd_qword[738] off=0xe2f10 value=0x0801000500053014
  regcmd_qword[739] off=0xe2f18 value=0x08010000005f3018
  regcmd_qword[740] off=0xe2f20 value=0x080100000000301c
  regcmd_qword[741] off=0xe2f28 value=0x0801000000003030
  regcmd_qword[742] off=0xe2f30 value=0x1001000001e4400c
  regcmd_qword[743] off=0xe2f38 value=0x1001480000024010
  regcmd_qword[744] off=0xe2f40 value=0x1001000000004014
  regcmd_qword[745] off=0xe2f48 value=0x1001ffeb6f004020
  regcmd_qword[746] off=0xe2f50 value=0x1001000002404024
  regcmd_qword[747] off=0xe2f58 value=0x1001000000054030
  regcmd_qword[748] off=0xe2f60 value=0x1001000000054034
  regcmd_qword[749] off=0xe2f68 value=0x1001000000004038
  regcmd_qword[750] off=0xe2f70 value=0x1001005f005f403c
  regcmd_qword[751] off=0xe2f78 value=0x1001000000534040
  regcmd_qword[752] off=0xe2f80 value=0x1001000000004044
  regcmd_qword[753] off=0xe2f88 value=0x1001000000004048
  regcmd_qword[754] off=0xe2f90 value=0x100100000000404c
  regcmd_qword[755] off=0xe2f98 value=0x1001000001264050
  regcmd_qword[756] off=0xe2fa0 value=0x1001000000004054
  regcmd_qword[757] off=0xe2fa8 value=0x10010000005f4058
  regcmd_qword[758] off=0xe2fb0 value=0x100100050005405c
  regcmd_qword[759] off=0xe2fb8 value=0x1001000000534060
  regcmd_qword[760] off=0xe2fc0 value=0x1001000000004064
  regcmd_qword[761] off=0xe2fc8 value=0x1001000000004068
  regcmd_qword[762] off=0xe2fd0 value=0x100100000000406c
  regcmd_qword[763] off=0xe2fd8 value=0x1001000003834070
  regcmd_qword[764] off=0xe2fe0 value=0x1001000000004074
  regcmd_qword[765] off=0xe2fe8 value=0x1001000000014078
  regcmd_qword[766] off=0xe2ff0 value=0x100100000000407c
  regcmd_qword[767] off=0xe2ff8 value=0x1001000000004080
  regcmd_qword[768] off=0xe3000 value=0x1001000100014084
  regcmd_qword[769] off=0xe3008 value=0x1001000000004088
  regcmd_qword[770] off=0xe3010 value=0x1001000000004090
  regcmd_qword[771] off=0xe3018 value=0x1001000000004094
  regcmd_qword[772] off=0xe3020 value=0x1001000000004098
  regcmd_qword[773] off=0xe3028 value=0x100100000000409c
  regcmd_qword[774] off=0xe3030 value=0x10010000000040a0
  regcmd_qword[775] off=0xe3038 value=0x10010000000040a4
  regcmd_qword[776] off=0xe3040 value=0x10010000000040a8
  regcmd_qword[777] off=0xe3048 value=0x10010000000040ac
  regcmd_qword[778] off=0xe3050 value=0x10010000048040c0
  regcmd_qword[779] off=0xe3058 value=0x10010000000040c4
  regcmd_qword[780] off=0xe3060 value=0x1001000000004100
  regcmd_qword[781] off=0xe3068 value=0x1001000000004104
  regcmd_qword[782] off=0xe3070 value=0x1001000000004108
  regcmd_qword[783] off=0xe3078 value=0x100100000000410c
  regcmd_qword[784] off=0xe3080 value=0x1001000000004110
  regcmd_qword[785] off=0xe3088 value=0x1001000000004114
  regcmd_qword[786] off=0xe3090 value=0x1001000000004118
  regcmd_qword[787] off=0xe3098 value=0x100100000000411c
  regcmd_qword[788] off=0xe30a0 value=0x1001000000004120
  regcmd_qword[789] off=0xe30a8 value=0x1001000000004124
  regcmd_qword[790] off=0xe30b0 value=0x1001000000004128
  regcmd_qword[791] off=0xe30b8 value=0x100100000000412c
  regcmd_qword[792] off=0xe30c0 value=0x0101fffac1000010
  regcmd_qword[793] off=0xe30c8 value=0x01010002000e0014
  regcmd_qword[794] off=0xe30d0 value=0x0041000000000000
  regcmd_qword[795] off=0xe30d8 value=0x00810000000d0008
  regcmd_qword[796] off=0xe30e0 value=0x0000000000000000
  regcmd_qword[797] off=0xe30e8 value=0x0000000000000000
  regcmd_qword[798] off=0xe30f0 value=0x0000000000000000
  regcmd_qword[799] off=0xe30f8 value=0x0000000000000000
  regcmd_qword[800] off=0xe3100 value=0x40010000000e6004
  regcmd_qword[801] off=0xe3108 value=0x80010000000e7004
  regcmd_qword[802] off=0xe3110 value=0x400100000000600c
  regcmd_qword[803] off=0xe3118 value=0x4001000000006010
  regcmd_qword[804] off=0xe3120 value=0x40010000001f6014
  regcmd_qword[805] off=0xe3128 value=0x4001000000006018
  regcmd_qword[806] off=0xe3130 value=0x400100000000601c
  regcmd_qword[807] off=0xe3138 value=0x40010000001f6020
  regcmd_qword[808] off=0xe3140 value=0x4001000000116024
  regcmd_qword[809] off=0xe3148 value=0x4001000000006034
  regcmd_qword[810] off=0xe3150 value=0x4001000000006038
  regcmd_qword[811] off=0xe3158 value=0x400100000000603c
  regcmd_qword[812] off=0xe3160 value=0x4001000000006040
  regcmd_qword[813] off=0xe3168 value=0x4001000000006044
  regcmd_qword[814] off=0xe3170 value=0x4001000000006048
  regcmd_qword[815] off=0xe3178 value=0x4001fffaa0006070
  regcmd_qword[816] off=0xe3180 value=0x400100000010607c
  regcmd_qword[817] off=0xe3188 value=0x4001000000106084
  regcmd_qword[818] off=0xe3190 value=0x40010000000360dc
  regcmd_qword[819] off=0xe3198 value=0x800100000000700c
  regcmd_qword[820] off=0xe31a0 value=0x8001000000007010
  regcmd_qword[821] off=0xe31a8 value=0x80010000001f7014
  regcmd_qword[822] off=0xe31b0 value=0x8001fffaa400701c
  regcmd_qword[823] off=0xe31b8 value=0x8001000000107024
  regcmd_qword[824] off=0xe31c0 value=0x8001000000107028
  regcmd_qword[825] off=0xe31c8 value=0x8001000000017030
  regcmd_qword[826] off=0xe31d0 value=0x0000000000000000
  regcmd_qword[827] off=0xe31d8 value=0x0101000000000014
  regcmd_qword[828] off=0xe31e0 value=0x0041000000000000
  regcmd_qword[829] off=0xe31e8 value=0x0081000000600008
  regcmd_qword[830] off=0xe31f0 value=0x0000000000000000
  regcmd_qword[831] off=0xe31f8 value=0x0000000000000000
GEM 3: handle=3 size=45056 map_offset=0x1000e5000
  task_like_entries=0
GEM 4: handle=4 size=20480 map_offset=0x1000f0000
  task_like_entries=0
GEM 5: handle=5 size=24576 map_offset=0x1000f5000
  task_like_entries=0
GEM 6: unavailable: [Errno 2] No such file or directory
submit #1: task_number=3 task_obj_addr=0xffffff8137a07000
D RKNN: [12:31:03.359] allocated memory, name: input, virt addr: 0x7ff7ff1000, dma addr: 0xffeb9000, obj addr: 0xffffff8137a03c00, size: 20480, aligned size: 20480, fd: 7, handle: 4, flags: 0x403, gem name: 4, iommu domain id: 0
D RKNN: [12:31:03.360] allocated memory, name: output, virt addr: 0x7ff74aa000, dma addr: 0xffeb3000, obj addr: 0xffffff8137a00000, size: 23040, aligned size: 24576, fd: 8, handle: 5, flags: 0x403, gem name: 5, iommu domain id: 0
D RKNN: [12:31:03.361] normalize target: CPU
D RKNN: [12:31:03.479] Output(output): size_with_stride larger than model origin size, if need run OutputOperator in NPU, please call rknn_create_memory using size_with_stride.
  Output shape: 1x320x6x6
D RKNN: [12:31:03.516] free memory, name: internal, virt addr: 0x7ff7685000, dma addr: 0xffebe000, obj addr: 0xffffff8137a05400, size: 43520, aligned size: 45056, fd: 6, handle: 3, flags: 0x403, gem name: 3, iommu domain id: 0
D RKNN: [12:31:03.516] free memory, name: weight, virt addr: 0x7ff7206000, dma addr: 0xffec9000, obj addr: 0xffffff8137a02c00, size: 930752, aligned size: 933888, fd: 5, handle: 2, flags: 0x403, gem name: 2, iommu domain id: 0
D RKNN: [12:31:03.517] free memory, name: task, virt addr: 0x7ff7ff6000, dma addr: 0xfffad000, obj addr: 0xffffff8137a07000, size: 440, aligned size: 4096, fd: 4, handle: 1, flags: 0x40b, gem name: 1, iommu domain id: 0
D RKNN: [12:31:03.517] free memory, name: input, virt addr: 0x7ff7ff1000, dma addr: 0xffeb9000, obj addr: 0xffffff8137a03c00, size: 20480, aligned size: 20480, fd: 7, handle: 4, flags: 0x403, gem name: 4, iommu domain id: 0
D RKNN: [12:31:03.518] free memory, name: output, virt addr: 0x7ff74aa000, dma addr: 0xffeb3000, obj addr: 0xffffff8137a00000, size: 23040, aligned size: 24576, fd: 8, handle: 5, flags: 0x403, gem name: 5, iommu domain id: 0

  ✓ PASSED (max error: 0.0798492)

################################################################################
TEST SUMMARY
################################################################################
Total tests: 1
Passed: 1
Failed: 0
################################################################################
[Inferior 1 (process 11839) exited normally]
